Test run for /home/grant/adam-6000-counter/src/Industrial.Adam.Logger.IntegrationTests/bin/Debug/net9.0/Industrial.Adam.Logger.IntegrationTests.dll (.NETCoreApp,Version=v9.0)
VSTest version 17.14.1 (x64)

Starting test execution, please wait...
A total of 1 test files matched the specified pattern.
Test run for /home/grant/adam-6000-counter/src/Industrial.Adam.Logger.Core.Tests/bin/Debug/net9.0/Industrial.Adam.Logger.Core.Tests.dll (.NETCoreApp,Version=v9.0)
VSTest version 17.14.1 (x64)

Test run for /home/grant/adam-6000-counter/src/Industrial.Adam.Oee/Tests/bin/Debug/net9.0/Industrial.Adam.Oee.Tests.dll (.NETCoreApp,Version=v9.0)
VSTest version 17.14.1 (x64)

Starting test execution, please wait...
Test run for /home/grant/adam-6000-counter/src/Industrial.Adam.EquipmentScheduling/Tests/bin/Debug/net9.0/Industrial.Adam.EquipmentScheduling.Tests.dll (.NETCoreApp,Version=v9.0)
Starting test execution, please wait...
A total of 1 test files matched the specified pattern.
VSTest version 17.14.1 (x64)

A total of 1 test files matched the specified pattern.
Starting test execution, please wait...
A total of 1 test files matched the specified pattern.
Results File: /home/grant/adam-6000-counter/TestResults/_LTPTL045_2025-08-19_09_12_21.trx

Passed!  - Failed:     0, Passed:     3, Skipped:     0, Total:     3, Duration: 151 ms - Industrial.Adam.Logger.IntegrationTests.dll (net9.0)
[xUnit.net 00:00:01.85]     Industrial.Adam.Oee.Tests.Integration.Infrastructure.DatabaseHealthCheckTests.CheckHealthAsync_WithWorkingDatabase_ReturnsHealthy [FAIL]
  Failed Industrial.Adam.Oee.Tests.Integration.Infrastructure.DatabaseHealthCheckTests.CheckHealthAsync_WithWorkingDatabase_ReturnsHealthy [291 ms]
  Error Message:
   Assert.Equal() Failure: Values differ
Expected: Healthy
Actual:   Unhealthy
  Stack Trace:
     at Industrial.Adam.Oee.Tests.Integration.Infrastructure.DatabaseHealthCheckTests.CheckHealthAsync_WithWorkingDatabase_ReturnsHealthy() in /home/grant/adam-6000-counter/src/Industrial.Adam.Oee/Tests/Integration/Infrastructure/DatabaseHealthCheckTests.cs:line 58
--- End of stack trace from previous location ---
[xUnit.net 00:00:01.88]     Industrial.Adam.Oee.Tests.Domain.Services.AvailabilityCalculationServiceTests.CalculateAsync_WithValidParameters_ReturnsAvailability [FAIL]
[xUnit.net 00:00:01.88]     Industrial.Adam.Oee.Tests.Integration.Infrastructure.DatabaseHealthCheckTests.CheckHealthAsync_IncludesPerformanceMetrics [FAIL]
[xUnit.net 00:00:01.89]     Industrial.Adam.Oee.Tests.Integration.Infrastructure.DatabaseHealthCheckTests.CheckHealthAsync_WithSchemaIssues_ReturnsDegraded [FAIL]
  Failed Industrial.Adam.Oee.Tests.Domain.Services.AvailabilityCalculationServiceTests.CalculateAsync_WithValidParameters_ReturnsAvailability [21 ms]
  Error Message:
   Assert.Equal() Failure: Values differ
Expected: 60
Actual:   60.0000000133333
  Stack Trace:
     at Industrial.Adam.Oee.Tests.Domain.Services.AvailabilityCalculationServiceTests.CalculateAsync_WithValidParameters_ReturnsAvailability() in /home/grant/adam-6000-counter/src/Industrial.Adam.Oee/Tests/Domain/Services/AvailabilityCalculationServiceTests.cs:line 48
--- End of stack trace from previous location ---
  Failed Industrial.Adam.Oee.Tests.Integration.Infrastructure.DatabaseHealthCheckTests.CheckHealthAsync_IncludesPerformanceMetrics [7 ms]
  Error Message:
   Assert.True() Failure
Expected: True
Actual:   False
  Stack Trace:
     at Industrial.Adam.Oee.Tests.Integration.Infrastructure.DatabaseHealthCheckTests.CheckHealthAsync_IncludesPerformanceMetrics() in /home/grant/adam-6000-counter/src/Industrial.Adam.Oee/Tests/Integration/Infrastructure/DatabaseHealthCheckTests.cs:line 200
--- End of stack trace from previous location ---
  Failed Industrial.Adam.Oee.Tests.Integration.Infrastructure.DatabaseHealthCheckTests.CheckHealthAsync_WithSchemaIssues_ReturnsDegraded [7 ms]
  Error Message:
   Assert.Equal() Failure: Values differ
Expected: Degraded
Actual:   Unhealthy
  Stack Trace:
     at Industrial.Adam.Oee.Tests.Integration.Infrastructure.DatabaseHealthCheckTests.CheckHealthAsync_WithSchemaIssues_ReturnsDegraded() in /home/grant/adam-6000-counter/src/Industrial.Adam.Oee/Tests/Integration/Infrastructure/DatabaseHealthCheckTests.cs:line 149
--- End of stack trace from previous location ---
[xUnit.net 00:00:02.10]     Industrial.Adam.Oee.Tests.Integration.JobsControllerIntegrationTests.GetWorkOrder_WithInvalidId_ReturnsNotFoundOrBadRequest(workOrderId: " ") [FAIL]
  Failed Industrial.Adam.Oee.Tests.Integration.JobsControllerIntegrationTests.GetWorkOrder_WithInvalidId_ReturnsNotFoundOrBadRequest(workOrderId: " ") [1 ms]
  Error Message:
   System.AggregateException : Some services are not able to be constructed (Error while validating the service descriptor 'ServiceType: Industrial.Adam.Oee.Domain.Interfaces.IJobSequencingService Lifetime: Scoped ImplementationType: Industrial.Adam.Oee.Domain.Services.JobSequencingService': Unable to resolve service for type 'Industrial.Adam.Oee.Domain.Interfaces.IEquipmentLineRepository' while attempting to activate 'Industrial.Adam.Oee.Domain.Services.JobSequencingService'.) (Error while validating the service descriptor 'ServiceType: Industrial.Adam.Oee.Domain.Interfaces.IEquipmentLineService Lifetime: Scoped ImplementationType: Industrial.Adam.Oee.Domain.Services.EquipmentLineService': Unable to resolve service for type 'Industrial.Adam.Oee.Domain.Interfaces.IEquipmentLineRepository' while attempting to activate 'Industrial.Adam.Oee.Domain.Services.EquipmentLineService'.) (Error while validating the service descriptor 'ServiceType: Industrial.Adam.Oee.Domain.Interfaces.IStoppageDetectionService Lifetime: Scoped ImplementationType: Industrial.Adam.Oee.Domain.Services.StoppageDetectionService': Unable to resolve service for type 'Industrial.Adam.Oee.Domain.Interfaces.IEquipmentLineRepository' while attempting to activate 'Industrial.Adam.Oee.Domain.Services.StoppageDetectionService'.) (Error while validating the service descriptor 'ServiceType: MediatR.IRequestHandler`2[Industrial.Adam.Oee.Application.Commands.StartWorkOrderCommand,System.String] Lifetime: Transient ImplementationType: Industrial.Adam.Oee.Application.Commands.Handlers.StartWorkOrderCommandHandler': Unable to resolve service for type 'Industrial.Adam.Oee.Domain.Interfaces.IEquipmentLineRepository' while attempting to activate 'Industrial.Adam.Oee.Domain.Services.JobSequencingService'.) (Error while validating the service descriptor 'ServiceType: Industrial.Adam.Oee.Domain.Interfaces.ISimpleJobQueueService Lifetime: Scoped ImplementationType: Industrial.Adam.Oee.Domain.Services.SimpleJobQueueService': Unable to resolve service for type 'Industrial.Adam.Oee.Domain.Interfaces.ISimpleJobQueueRepository' while attempting to activate 'Industrial.Adam.Oee.Domain.Services.SimpleJobQueueService'.)
---- System.InvalidOperationException : Error while validating the service descriptor 'ServiceType: Industrial.Adam.Oee.Domain.Interfaces.IJobSequencingService Lifetime: Scoped ImplementationType: Industrial.Adam.Oee.Domain.Services.JobSequencingService': Unable to resolve service for type 'Industrial.Adam.Oee.Domain.Interfaces.IEquipmentLineRepository' while attempting to activate 'Industrial.Adam.Oee.Domain.Services.JobSequencingService'.
-------- System.InvalidOperationException : Unable to resolve service for type 'Industrial.Adam.Oee.Domain.Interfaces.IEquipmentLineRepository' while attempting to activate 'Industrial.Adam.Oee.Domain.Services.JobSequencingService'.
---- System.InvalidOperationException : Error while validating the service descriptor 'ServiceType: Industrial.Adam.Oee.Domain.Interfaces.IEquipmentLineService Lifetime: Scoped ImplementationType: Industrial.Adam.Oee.Domain.Services.EquipmentLineService': Unable to resolve service for type 'Industrial.Adam.Oee.Domain.Interfaces.IEquipmentLineRepository' while attempting to activate 'Industrial.Adam.Oee.Domain.Services.EquipmentLineService'.
-------- System.InvalidOperationException : Unable to resolve service for type 'Industrial.Adam.Oee.Domain.Interfaces.IEquipmentLineRepository' while attempting to activate 'Industrial.Adam.Oee.Domain.Services.EquipmentLineService'.
---- System.InvalidOperationException : Error while validating the service descriptor 'ServiceType: Industrial.Adam.Oee.Domain.Interfaces.IStoppageDetectionService Lifetime: Scoped ImplementationType: Industrial.Adam.Oee.Domain.Services.StoppageDetectionService': Unable to resolve service for type 'Industrial.Adam.Oee.Domain.Interfaces.IEquipmentLineRepository' while attempting to activate 'Industrial.Adam.Oee.Domain.Services.StoppageDetectionService'.
-------- System.InvalidOperationException : Unable to resolve service for type 'Industrial.Adam.Oee.Domain.Interfaces.IEquipmentLineRepository' while attempting to activate 'Industrial.Adam.Oee.Domain.Services.StoppageDetectionService'.
---- System.InvalidOperationException : Error while validating the service descriptor 'ServiceType: MediatR.IRequestHandler`2[Industrial.Adam.Oee.Application.Commands.StartWorkOrderCommand,System.String] Lifetime: Transient ImplementationType: Industrial.Adam.Oee.Application.Commands.Handlers.StartWorkOrderCommandHandler': Unable to resolve service for type 'Industrial.Adam.Oee.Domain.Interfaces.IEquipmentLineRepository' while attempting to activate 'Industrial.Adam.Oee.Domain.Services.JobSequencingService'.
-------- System.InvalidOperationException : Unable to resolve service for type 'Industrial.Adam.Oee.Domain.Interfaces.IEquipmentLineRepository' while attempting to activate 'Industrial.Adam.Oee.Domain.Services.JobSequencingService'.
---- System.InvalidOperationException : Error while validating the service descriptor 'ServiceType: Industrial.Adam.Oee.Domain.Interfaces.ISimpleJobQueueService Lifetime: Scoped ImplementationType: Industrial.Adam.Oee.Domain.Services.SimpleJobQueueService': Unable to resolve service for type 'Industrial.Adam.Oee.Domain.Interfaces.ISimpleJobQueueRepository' while attempting to activate 'Industrial.Adam.Oee.Domain.Services.SimpleJobQueueService'.
-------- System.InvalidOperationException : Unable to resolve service for type 'Industrial.Adam.Oee.Domain.Interfaces.ISimpleJobQueueRepository' while attempting to activate 'Industrial.Adam.Oee.Domain.Services.SimpleJobQueueService'.
  Stack Trace:
     at Microsoft.Extensions.DependencyInjection.ServiceProvider..ctor(ICollection`1 serviceDescriptors, ServiceProviderOptions options)
   at Microsoft.Extensions.DependencyInjection.ServiceCollectionContainerBuilderExtensions.BuildServiceProvider(IServiceCollection services, ServiceProviderOptions options)
   at Microsoft.Extensions.Hosting.HostApplicationBuilder.Build()
   at Microsoft.AspNetCore.Builder.WebApplicationBuilder.Build()
   at Program.<Main>$(String[] args) in /home/grant/adam-6000-counter/src/Industrial.Adam.Oee/WebApi/Program.cs:line 89
   at InvokeStub_Program.<Main>$(Object, Span`1)
   at System.Reflection.MethodBaseInvoker.InvokeWithOneArg(Object obj, BindingFlags invokeAttr, Binder binder, Object[] parameters, CultureInfo culture)
--- End of stack trace from previous location ---
   at Microsoft.Extensions.Hosting.HostFactoryResolver.HostingListener.CreateHost()
   at Microsoft.Extensions.Hosting.HostFactoryResolver.<>c__DisplayClass10_0.<ResolveHostFactory>b__0(String[] args)
   at Microsoft.AspNetCore.Mvc.Testing.DeferredHostBuilder.Build()
   at Microsoft.AspNetCore.Mvc.Testing.WebApplicationFactory`1.CreateHost(IHostBuilder builder)
   at Microsoft.AspNetCore.Mvc.Testing.WebApplicationFactory`1.ConfigureHostBuilder(IHostBuilder hostBuilder)
   at Microsoft.AspNetCore.Mvc.Testing.WebApplicationFactory`1.EnsureServer()
   at Microsoft.AspNetCore.Mvc.Testing.WebApplicationFactory`1.CreateDefaultClient(DelegatingHandler[] handlers)
   at Microsoft.AspNetCore.Mvc.Testing.WebApplicationFactory`1.CreateDefaultClient(Uri baseAddress, DelegatingHandler[] handlers)
   at Microsoft.AspNetCore.Mvc.Testing.WebApplicationFactory`1.CreateClient(WebApplicationFactoryClientOptions options)
   at Microsoft.AspNetCore.Mvc.Testing.WebApplicationFactory`1.CreateClient()
   at Industrial.Adam.Oee.Tests.Integration.JobsControllerIntegrationTests..ctor(WebApplicationFactory`1 factory) in /home/grant/adam-6000-counter/src/Industrial.Adam.Oee/Tests/Integration/JobsControllerIntegrationTests.cs:line 24
   at System.RuntimeMethodHandle.InvokeMethod(Object target, Void** arguments, Signature sig, Boolean isConstructor)
   at System.Reflection.MethodBaseInvoker.InvokeDirectByRefWithFewArgs(Object obj, Span`1 copyOfArgs, BindingFlags invokeAttr)
----- Inner Stack Trace #1 (System.InvalidOperationException) -----
   at Microsoft.Extensions.DependencyInjection.ServiceProvider.ValidateService(ServiceDescriptor descriptor)
   at Microsoft.Extensions.DependencyInjection.ServiceProvider..ctor(ICollection`1 serviceDescriptors, ServiceProviderOptions options)
----- Inner Stack Trace -----
   at Microsoft.Extensions.DependencyInjection.ServiceLookup.CallSiteFactory.CreateArgumentCallSites(ServiceIdentifier serviceIdentifier, Type implementationType, CallSiteChain callSiteChain, ParameterInfo[] parameters, Boolean throwIfCallSiteNotFound)
   at Microsoft.Extensions.DependencyInjection.ServiceLookup.CallSiteFactory.CreateConstructorCallSite(ResultCache lifetime, ServiceIdentifier serviceIdentifier, Type implementationType, CallSiteChain callSiteChain)
   at Microsoft.Extensions.DependencyInjection.ServiceLookup.CallSiteFactory.TryCreateExact(ServiceDescriptor descriptor, ServiceIdentifier serviceIdentifier, CallSiteChain callSiteChain, Int32 slot)
   at Microsoft.Extensions.DependencyInjection.ServiceLookup.CallSiteFactory.GetCallSite(ServiceDescriptor serviceDescriptor, CallSiteChain callSiteChain)
   at Microsoft.Extensions.DependencyInjection.ServiceProvider.ValidateService(ServiceDescriptor descriptor)
----- Inner Stack Trace #2 (System.InvalidOperationException) -----
   at Microsoft.Extensions.DependencyInjection.ServiceProvider.ValidateService(ServiceDescriptor descriptor)
   at Microsoft.Extensions.DependencyInjection.ServiceProvider..ctor(ICollection`1 serviceDescriptors, ServiceProviderOptions options)
----- Inner Stack Trace -----
   at Microsoft.Extensions.DependencyInjection.ServiceLookup.CallSiteFactory.CreateArgumentCallSites(ServiceIdentifier serviceIdentifier, Type implementationType, CallSiteChain callSiteChain, ParameterInfo[] parameters, Boolean throwIfCallSiteNotFound)
   at Microsoft.Extensions.DependencyInjection.ServiceLookup.CallSiteFactory.CreateConstructorCallSite(ResultCache lifetime, ServiceIdentifier serviceIdentifier, Type implementationType, CallSiteChain callSiteChain)
   at Microsoft.Extensions.DependencyInjection.ServiceLookup.CallSiteFactory.TryCreateExact(ServiceDescriptor descriptor, ServiceIdentifier serviceIdentifier, CallSiteChain callSiteChain, Int32 slot)
   at Microsoft.Extensions.DependencyInjection.ServiceLookup.CallSiteFactory.GetCallSite(ServiceDescriptor serviceDescriptor, CallSiteChain callSiteChain)
   at Microsoft.Extensions.DependencyInjection.ServiceProvider.ValidateService(ServiceDescriptor descriptor)
----- Inner Stack Trace #3 (System.InvalidOperationException) -----
   at Microsoft.Extensions.DependencyInjection.ServiceProvider.ValidateService(ServiceDescriptor descriptor)
   at Microsoft.Extensions.DependencyInjection.ServiceProvider..ctor(ICollection`1 serviceDescriptors, ServiceProviderOptions options)
----- Inner Stack Trace -----
   at Microsoft.Extensions.DependencyInjection.ServiceLookup.CallSiteFactory.CreateArgumentCallSites(ServiceIdentifier serviceIdentifier, Type implementationType, CallSiteChain callSiteChain, ParameterInfo[] parameters, Boolean throwIfCallSiteNotFound)
   at Microsoft.Extensions.DependencyInjection.ServiceLookup.CallSiteFactory.CreateConstructorCallSite(ResultCache lifetime, ServiceIdentifier serviceIdentifier, Type implementationType, CallSiteChain callSiteChain)
   at Microsoft.Extensions.DependencyInjection.ServiceLookup.CallSiteFactory.TryCreateExact(ServiceDescriptor descriptor, ServiceIdentifier serviceIdentifier, CallSiteChain callSiteChain, Int32 slot)
   at Microsoft.Extensions.DependencyInjection.ServiceLookup.CallSiteFactory.GetCallSite(ServiceDescriptor serviceDescriptor, CallSiteChain callSiteChain)
   at Microsoft.Extensions.DependencyInjection.ServiceProvider.ValidateService(ServiceDescriptor descriptor)
----- Inner Stack Trace #4 (System.InvalidOperationException) -----
   at Microsoft.Extensions.DependencyInjection.ServiceProvider.ValidateService(ServiceDescriptor descriptor)
   at Microsoft.Extensions.DependencyInjection.ServiceProvider..ctor(ICollection`1 serviceDescriptors, ServiceProviderOptions options)
----- Inner Stack Trace -----
   at Microsoft.Extensions.DependencyInjection.ServiceLookup.CallSiteFactory.CreateArgumentCallSites(ServiceIdentifier serviceIdentifier, Type implementationType, CallSiteChain callSiteChain, ParameterInfo[] parameters, Boolean throwIfCallSiteNotFound)
   at Microsoft.Extensions.DependencyInjection.ServiceLookup.CallSiteFactory.CreateConstructorCallSite(ResultCache lifetime, ServiceIdentifier serviceIdentifier, Type implementationType, CallSiteChain callSiteChain)
   at Microsoft.Extensions.DependencyInjection.ServiceLookup.CallSiteFactory.TryCreateExact(ServiceDescriptor descriptor, ServiceIdentifier serviceIdentifier, CallSiteChain callSiteChain, Int32 slot)
   at Microsoft.Extensions.DependencyInjection.ServiceLookup.CallSiteFactory.TryCreateExact(ServiceIdentifier serviceIdentifier, CallSiteChain callSiteChain)
   at Microsoft.Extensions.DependencyInjection.ServiceLookup.CallSiteFactory.CreateCallSite(ServiceIdentifier serviceIdentifier, CallSiteChain callSiteChain)
   at Microsoft.Extensions.DependencyInjection.ServiceLookup.CallSiteFactory.CreateArgumentCallSites(ServiceIdentifier serviceIdentifier, Type implementationType, CallSiteChain callSiteChain, ParameterInfo[] parameters, Boolean throwIfCallSiteNotFound)
   at Microsoft.Extensions.DependencyInjection.ServiceLookup.CallSiteFactory.CreateConstructorCallSite(ResultCache lifetime, ServiceIdentifier serviceIdentifier, Type implementationType, CallSiteChain callSiteChain)
   at Microsoft.Extensions.DependencyInjection.ServiceLookup.CallSiteFactory.TryCreateExact(ServiceDescriptor descriptor, ServiceIdentifier serviceIdentifier, CallSiteChain callSiteChain, Int32 slot)
   at Microsoft.Extensions.DependencyInjection.ServiceLookup.CallSiteFactory.GetCallSite(ServiceDescriptor serviceDescriptor, CallSiteChain callSiteChain)
   at Microsoft.Extensions.DependencyInjection.ServiceProvider.ValidateService(ServiceDescriptor descriptor)
----- Inner Stack Trace #5 (System.InvalidOperationException) -----
   at Microsoft.Extensions.DependencyInjection.ServiceProvider.ValidateService(ServiceDescriptor descriptor)
   at Microsoft.Extensions.DependencyInjection.ServiceProvider..ctor(ICollection`1 serviceDescriptors, ServiceProviderOptions options)
----- Inner Stack Trace -----
   at Microsoft.Extensions.DependencyInjection.ServiceLookup.CallSiteFactory.CreateArgumentCallSites(ServiceIdentifier serviceIdentifier, Type implementationType, CallSiteChain callSiteChain, ParameterInfo[] parameters, Boolean throwIfCallSiteNotFound)
   at Microsoft.Extensions.DependencyInjection.ServiceLookup.CallSiteFactory.CreateConstructorCallSite(ResultCache lifetime, ServiceIdentifier serviceIdentifier, Type implementationType, CallSiteChain callSiteChain)
   at Microsoft.Extensions.DependencyInjection.ServiceLookup.CallSiteFactory.TryCreateExact(ServiceDescriptor descriptor, ServiceIdentifier serviceIdentifier, CallSiteChain callSiteChain, Int32 slot)
   at Microsoft.Extensions.DependencyInjection.ServiceLookup.CallSiteFactory.GetCallSite(ServiceDescriptor serviceDescriptor, CallSiteChain callSiteChain)
   at Microsoft.Extensions.DependencyInjection.ServiceProvider.ValidateService(ServiceDescriptor descriptor)
[xUnit.net 00:00:02.15]     Industrial.Adam.Oee.Tests.Integration.OeeControllerIntegrationTests.GetOeeHistory_WithValidDeviceId_ReturnsHistoricalData [FAIL]
[xUnit.net 00:00:02.21]     Industrial.Adam.Oee.Tests.Integration.StoppagesControllerIntegrationTests.GetStoppageHistory_WithValidDeviceId_ReturnsHistoricalStoppages [FAIL]
[xUnit.net 00:00:02.25]     Industrial.Adam.Oee.Tests.Integration.SignalR.StoppageNotificationHubTests.Hub_CanSubscribeAsOperator_Successfully [FAIL]
  Failed Industrial.Adam.Oee.Tests.Integration.OeeControllerIntegrationTests.GetOeeHistory_WithValidDeviceId_ReturnsHistoricalData [1 ms]
  Error Message:
   System.AggregateException : Some services are not able to be constructed (Error while validating the service descriptor 'ServiceType: Industrial.Adam.Oee.Domain.Interfaces.IJobSequencingService Lifetime: Scoped ImplementationType: Industrial.Adam.Oee.Domain.Services.JobSequencingService': Unable to resolve service for type 'Industrial.Adam.Oee.Domain.Interfaces.IEquipmentLineRepository' while attempting to activate 'Industrial.Adam.Oee.Domain.Services.JobSequencingService'.) (Error while validating the service descriptor 'ServiceType: Industrial.Adam.Oee.Domain.Interfaces.IEquipmentLineService Lifetime: Scoped ImplementationType: Industrial.Adam.Oee.Domain.Services.EquipmentLineService': Unable to resolve service for type 'Industrial.Adam.Oee.Domain.Interfaces.IEquipmentLineRepository' while attempting to activate 'Industrial.Adam.Oee.Domain.Services.EquipmentLineService'.) (Error while validating the service descriptor 'ServiceType: Industrial.Adam.Oee.Domain.Interfaces.IStoppageDetectionService Lifetime: Scoped ImplementationType: Industrial.Adam.Oee.Domain.Services.StoppageDetectionService': Unable to resolve service for type 'Industrial.Adam.Oee.Domain.Interfaces.IEquipmentLineRepository' while attempting to activate 'Industrial.Adam.Oee.Domain.Services.StoppageDetectionService'.) (Error while validating the service descriptor 'ServiceType: MediatR.IRequestHandler`2[Industrial.Adam.Oee.Application.Commands.StartWorkOrderCommand,System.String] Lifetime: Transient ImplementationType: Industrial.Adam.Oee.Application.Commands.Handlers.StartWorkOrderCommandHandler': Unable to resolve service for type 'Industrial.Adam.Oee.Domain.Interfaces.IEquipmentLineRepository' while attempting to activate 'Industrial.Adam.Oee.Domain.Services.JobSequencingService'.) (Error while validating the service descriptor 'ServiceType: Industrial.Adam.Oee.Domain.Interfaces.ISimpleJobQueueService Lifetime: Scoped ImplementationType: Industrial.Adam.Oee.Domain.Services.SimpleJobQueueService': Unable to resolve service for type 'Industrial.Adam.Oee.Domain.Interfaces.ISimpleJobQueueRepository' while attempting to activate 'Industrial.Adam.Oee.Domain.Services.SimpleJobQueueService'.)
---- System.InvalidOperationException : Error while validating the service descriptor 'ServiceType: Industrial.Adam.Oee.Domain.Interfaces.IJobSequencingService Lifetime: Scoped ImplementationType: Industrial.Adam.Oee.Domain.Services.JobSequencingService': Unable to resolve service for type 'Industrial.Adam.Oee.Domain.Interfaces.IEquipmentLineRepository' while attempting to activate 'Industrial.Adam.Oee.Domain.Services.JobSequencingService'.
-------- System.InvalidOperationException : Unable to resolve service for type 'Industrial.Adam.Oee.Domain.Interfaces.IEquipmentLineRepository' while attempting to activate 'Industrial.Adam.Oee.Domain.Services.JobSequencingService'.
---- System.InvalidOperationException : Error while validating the service descriptor 'ServiceType: Industrial.Adam.Oee.Domain.Interfaces.IEquipmentLineService Lifetime: Scoped ImplementationType: Industrial.Adam.Oee.Domain.Services.EquipmentLineService': Unable to resolve service for type 'Industrial.Adam.Oee.Domain.Interfaces.IEquipmentLineRepository' while attempting to activate 'Industrial.Adam.Oee.Domain.Services.EquipmentLineService'.
-------- System.InvalidOperationException : Unable to resolve service for type 'Industrial.Adam.Oee.Domain.Interfaces.IEquipmentLineRepository' while attempting to activate 'Industrial.Adam.Oee.Domain.Services.EquipmentLineService'.
---- System.InvalidOperationException : Error while validating the service descriptor 'ServiceType: Industrial.Adam.Oee.Domain.Interfaces.IStoppageDetectionService Lifetime: Scoped ImplementationType: Industrial.Adam.Oee.Domain.Services.StoppageDetectionService': Unable to resolve service for type 'Industrial.Adam.Oee.Domain.Interfaces.IEquipmentLineRepository' while attempting to activate 'Industrial.Adam.Oee.Domain.Services.StoppageDetectionService'.
-------- System.InvalidOperationException : Unable to resolve service for type 'Industrial.Adam.Oee.Domain.Interfaces.IEquipmentLineRepository' while attempting to activate 'Industrial.Adam.Oee.Domain.Services.StoppageDetectionService'.
---- System.InvalidOperationException : Error while validating the service descriptor 'ServiceType: MediatR.IRequestHandler`2[Industrial.Adam.Oee.Application.Commands.StartWorkOrderCommand,System.String] Lifetime: Transient ImplementationType: Industrial.Adam.Oee.Application.Commands.Handlers.StartWorkOrderCommandHandler': Unable to resolve service for type 'Industrial.Adam.Oee.Domain.Interfaces.IEquipmentLineRepository' while attempting to activate 'Industrial.Adam.Oee.Domain.Services.JobSequencingService'.
-------- System.InvalidOperationException : Unable to resolve service for type 'Industrial.Adam.Oee.Domain.Interfaces.IEquipmentLineRepository' while attempting to activate 'Industrial.Adam.Oee.Domain.Services.JobSequencingService'.
---- System.InvalidOperationException : Error while validating the service descriptor 'ServiceType: Industrial.Adam.Oee.Domain.Interfaces.ISimpleJobQueueService Lifetime: Scoped ImplementationType: Industrial.Adam.Oee.Domain.Services.SimpleJobQueueService': Unable to resolve service for type 'Industrial.Adam.Oee.Domain.Interfaces.ISimpleJobQueueRepository' while attempting to activate 'Industrial.Adam.Oee.Domain.Services.SimpleJobQueueService'.
-------- System.InvalidOperationException : Unable to resolve service for type 'Industrial.Adam.Oee.Domain.Interfaces.ISimpleJobQueueRepository' while attempting to activate 'Industrial.Adam.Oee.Domain.Services.SimpleJobQueueService'.
  Stack Trace:
     at Microsoft.Extensions.DependencyInjection.ServiceProvider..ctor(ICollection`1 serviceDescriptors, ServiceProviderOptions options)
   at Microsoft.Extensions.DependencyInjection.ServiceCollectionContainerBuilderExtensions.BuildServiceProvider(IServiceCollection services, ServiceProviderOptions options)
   at Microsoft.Extensions.Hosting.HostApplicationBuilder.Build()
   at Microsoft.AspNetCore.Builder.WebApplicationBuilder.Build()
   at Program.<Main>$(String[] args) in /home/grant/adam-6000-counter/src/Industrial.Adam.Oee/WebApi/Program.cs:line 89
   at InvokeStub_Program.<Main>$(Object, Span`1)
   at System.Reflection.MethodBaseInvoker.InvokeWithOneArg(Object obj, BindingFlags invokeAttr, Binder binder, Object[] parameters, CultureInfo culture)
--- End of stack trace from previous location ---
   at Microsoft.Extensions.Hosting.HostFactoryResolver.HostingListener.CreateHost()
   at Microsoft.Extensions.Hosting.HostFactoryResolver.<>c__DisplayClass10_0.<ResolveHostFactory>b__0(String[] args)
   at Microsoft.AspNetCore.Mvc.Testing.DeferredHostBuilder.Build()
   at Microsoft.AspNetCore.Mvc.Testing.WebApplicationFactory`1.CreateHost(IHostBuilder builder)
   at Microsoft.AspNetCore.Mvc.Testing.WebApplicationFactory`1.ConfigureHostBuilder(IHostBuilder hostBuilder)
   at Microsoft.AspNetCore.Mvc.Testing.WebApplicationFactory`1.EnsureServer()
   at Microsoft.AspNetCore.Mvc.Testing.WebApplicationFactory`1.CreateDefaultClient(DelegatingHandler[] handlers)
   at Microsoft.AspNetCore.Mvc.Testing.WebApplicationFactory`1.CreateDefaultClient(Uri baseAddress, DelegatingHandler[] handlers)
   at Microsoft.AspNetCore.Mvc.Testing.WebApplicationFactory`1.CreateClient(WebApplicationFactoryClientOptions options)
   at Microsoft.AspNetCore.Mvc.Testing.WebApplicationFactory`1.CreateClient()
   at Industrial.Adam.Oee.Tests.Integration.OeeControllerIntegrationTests..ctor(WebApplicationFactory`1 factory) in /home/grant/adam-6000-counter/src/Industrial.Adam.Oee/Tests/Integration/OeeControllerIntegrationTests.cs:line 21
   at System.RuntimeMethodHandle.InvokeMethod(Object target, Void** arguments, Signature sig, Boolean isConstructor)
   at System.Reflection.MethodBaseInvoker.InvokeDirectByRefWithFewArgs(Object obj, Span`1 copyOfArgs, BindingFlags invokeAttr)
----- Inner Stack Trace #1 (System.InvalidOperationException) -----
   at Microsoft.Extensions.DependencyInjection.ServiceProvider.ValidateService(ServiceDescriptor descriptor)
   at Microsoft.Extensions.DependencyInjection.ServiceProvider..ctor(ICollection`1 serviceDescriptors, ServiceProviderOptions options)
----- Inner Stack Trace -----
   at Microsoft.Extensions.DependencyInjection.ServiceLookup.CallSiteFactory.CreateArgumentCallSites(ServiceIdentifier serviceIdentifier, Type implementationType, CallSiteChain callSiteChain, ParameterInfo[] parameters, Boolean throwIfCallSiteNotFound)
   at Microsoft.Extensions.DependencyInjection.ServiceLookup.CallSiteFactory.CreateConstructorCallSite(ResultCache lifetime, ServiceIdentifier serviceIdentifier, Type implementationType, CallSiteChain callSiteChain)
   at Microsoft.Extensions.DependencyInjection.ServiceLookup.CallSiteFactory.TryCreateExact(ServiceDescriptor descriptor, ServiceIdentifier serviceIdentifier, CallSiteChain callSiteChain, Int32 slot)
   at Microsoft.Extensions.DependencyInjection.ServiceLookup.CallSiteFactory.GetCallSite(ServiceDescriptor serviceDescriptor, CallSiteChain callSiteChain)
   at Microsoft.Extensions.DependencyInjection.ServiceProvider.ValidateService(ServiceDescriptor descriptor)
----- Inner Stack Trace #2 (System.InvalidOperationException) -----
   at Microsoft.Extensions.DependencyInjection.ServiceProvider.ValidateService(ServiceDescriptor descriptor)
   at Microsoft.Extensions.DependencyInjection.ServiceProvider..ctor(ICollection`1 serviceDescriptors, ServiceProviderOptions options)
----- Inner Stack Trace -----
   at Microsoft.Extensions.DependencyInjection.ServiceLookup.CallSiteFactory.CreateArgumentCallSites(ServiceIdentifier serviceIdentifier, Type implementationType, CallSiteChain callSiteChain, ParameterInfo[] parameters, Boolean throwIfCallSiteNotFound)
   at Microsoft.Extensions.DependencyInjection.ServiceLookup.CallSiteFactory.CreateConstructorCallSite(ResultCache lifetime, ServiceIdentifier serviceIdentifier, Type implementationType, CallSiteChain callSiteChain)
   at Microsoft.Extensions.DependencyInjection.ServiceLookup.CallSiteFactory.TryCreateExact(ServiceDescriptor descriptor, ServiceIdentifier serviceIdentifier, CallSiteChain callSiteChain, Int32 slot)
   at Microsoft.Extensions.DependencyInjection.ServiceLookup.CallSiteFactory.GetCallSite(ServiceDescriptor serviceDescriptor, CallSiteChain callSiteChain)
   at Microsoft.Extensions.DependencyInjection.ServiceProvider.ValidateService(ServiceDescriptor descriptor)
----- Inner Stack Trace #3 (System.InvalidOperationException) -----
   at Microsoft.Extensions.DependencyInjection.ServiceProvider.ValidateService(ServiceDescriptor descriptor)
   at Microsoft.Extensions.DependencyInjection.ServiceProvider..ctor(ICollection`1 serviceDescriptors, ServiceProviderOptions options)
----- Inner Stack Trace -----
   at Microsoft.Extensions.DependencyInjection.ServiceLookup.CallSiteFactory.CreateArgumentCallSites(ServiceIdentifier serviceIdentifier, Type implementationType, CallSiteChain callSiteChain, ParameterInfo[] parameters, Boolean throwIfCallSiteNotFound)
   at Microsoft.Extensions.DependencyInjection.ServiceLookup.CallSiteFactory.CreateConstructorCallSite(ResultCache lifetime, ServiceIdentifier serviceIdentifier, Type implementationType, CallSiteChain callSiteChain)
   at Microsoft.Extensions.DependencyInjection.ServiceLookup.CallSiteFactory.TryCreateExact(ServiceDescriptor descriptor, ServiceIdentifier serviceIdentifier, CallSiteChain callSiteChain, Int32 slot)
   at Microsoft.Extensions.DependencyInjection.ServiceLookup.CallSiteFactory.GetCallSite(ServiceDescriptor serviceDescriptor, CallSiteChain callSiteChain)
   at Microsoft.Extensions.DependencyInjection.ServiceProvider.ValidateService(ServiceDescriptor descriptor)
----- Inner Stack Trace #4 (System.InvalidOperationException) -----
   at Microsoft.Extensions.DependencyInjection.ServiceProvider.ValidateService(ServiceDescriptor descriptor)
   at Microsoft.Extensions.DependencyInjection.ServiceProvider..ctor(ICollection`1 serviceDescriptors, ServiceProviderOptions options)
----- Inner Stack Trace -----
   at Microsoft.Extensions.DependencyInjection.ServiceLookup.CallSiteFactory.CreateArgumentCallSites(ServiceIdentifier serviceIdentifier, Type implementationType, CallSiteChain callSiteChain, ParameterInfo[] parameters, Boolean throwIfCallSiteNotFound)
   at Microsoft.Extensions.DependencyInjection.ServiceLookup.CallSiteFactory.CreateConstructorCallSite(ResultCache lifetime, ServiceIdentifier serviceIdentifier, Type implementationType, CallSiteChain callSiteChain)
   at Microsoft.Extensions.DependencyInjection.ServiceLookup.CallSiteFactory.TryCreateExact(ServiceDescriptor descriptor, ServiceIdentifier serviceIdentifier, CallSiteChain callSiteChain, Int32 slot)
   at Microsoft.Extensions.DependencyInjection.ServiceLookup.CallSiteFactory.TryCreateExact(ServiceIdentifier serviceIdentifier, CallSiteChain callSiteChain)
   at Microsoft.Extensions.DependencyInjection.ServiceLookup.CallSiteFactory.CreateCallSite(ServiceIdentifier serviceIdentifier, CallSiteChain callSiteChain)
   at Microsoft.Extensions.DependencyInjection.ServiceLookup.CallSiteFactory.CreateArgumentCallSites(ServiceIdentifier serviceIdentifier, Type implementationType, CallSiteChain callSiteChain, ParameterInfo[] parameters, Boolean throwIfCallSiteNotFound)
   at Microsoft.Extensions.DependencyInjection.ServiceLookup.CallSiteFactory.CreateConstructorCallSite(ResultCache lifetime, ServiceIdentifier serviceIdentifier, Type implementationType, CallSiteChain callSiteChain)
   at Microsoft.Extensions.DependencyInjection.ServiceLookup.CallSiteFactory.TryCreateExact(ServiceDescriptor descriptor, ServiceIdentifier serviceIdentifier, CallSiteChain callSiteChain, Int32 slot)
   at Microsoft.Extensions.DependencyInjection.ServiceLookup.CallSiteFactory.GetCallSite(ServiceDescriptor serviceDescriptor, CallSiteChain callSiteChain)
   at Microsoft.Extensions.DependencyInjection.ServiceProvider.ValidateService(ServiceDescriptor descriptor)
----- Inner Stack Trace #5 (System.InvalidOperationException) -----
   at Microsoft.Extensions.DependencyInjection.ServiceProvider.ValidateService(ServiceDescriptor descriptor)
   at Microsoft.Extensions.DependencyInjection.ServiceProvider..ctor(ICollection`1 serviceDescriptors, ServiceProviderOptions options)
----- Inner Stack Trace -----
   at Microsoft.Extensions.DependencyInjection.ServiceLookup.CallSiteFactory.CreateArgumentCallSites(ServiceIdentifier serviceIdentifier, Type implementationType, CallSiteChain callSiteChain, ParameterInfo[] parameters, Boolean throwIfCallSiteNotFound)
   at Microsoft.Extensions.DependencyInjection.ServiceLookup.CallSiteFactory.CreateConstructorCallSite(ResultCache lifetime, ServiceIdentifier serviceIdentifier, Type implementationType, CallSiteChain callSiteChain)
   at Microsoft.Extensions.DependencyInjection.ServiceLookup.CallSiteFactory.TryCreateExact(ServiceDescriptor descriptor, ServiceIdentifier serviceIdentifier, CallSiteChain callSiteChain, Int32 slot)
   at Microsoft.Extensions.DependencyInjection.ServiceLookup.CallSiteFactory.GetCallSite(ServiceDescriptor serviceDescriptor, CallSiteChain callSiteChain)
   at Microsoft.Extensions.DependencyInjection.ServiceProvider.ValidateService(ServiceDescriptor descriptor)
  Failed Industrial.Adam.Oee.Tests.Integration.StoppagesControllerIntegrationTests.GetStoppageHistory_WithValidDeviceId_ReturnsHistoricalStoppages [1 ms]
  Error Message:
   System.AggregateException : Some services are not able to be constructed (Error while validating the service descriptor 'ServiceType: Industrial.Adam.Oee.Domain.Interfaces.IJobSequencingService Lifetime: Scoped ImplementationType: Industrial.Adam.Oee.Domain.Services.JobSequencingService': Unable to resolve service for type 'Industrial.Adam.Oee.Domain.Interfaces.IEquipmentLineRepository' while attempting to activate 'Industrial.Adam.Oee.Domain.Services.JobSequencingService'.) (Error while validating the service descriptor 'ServiceType: Industrial.Adam.Oee.Domain.Interfaces.IEquipmentLineService Lifetime: Scoped ImplementationType: Industrial.Adam.Oee.Domain.Services.EquipmentLineService': Unable to resolve service for type 'Industrial.Adam.Oee.Domain.Interfaces.IEquipmentLineRepository' while attempting to activate 'Industrial.Adam.Oee.Domain.Services.EquipmentLineService'.) (Error while validating the service descriptor 'ServiceType: Industrial.Adam.Oee.Domain.Interfaces.IStoppageDetectionService Lifetime: Scoped ImplementationType: Industrial.Adam.Oee.Domain.Services.StoppageDetectionService': Unable to resolve service for type 'Industrial.Adam.Oee.Domain.Interfaces.IEquipmentLineRepository' while attempting to activate 'Industrial.Adam.Oee.Domain.Services.StoppageDetectionService'.) (Error while validating the service descriptor 'ServiceType: MediatR.IRequestHandler`2[Industrial.Adam.Oee.Application.Commands.StartWorkOrderCommand,System.String] Lifetime: Transient ImplementationType: Industrial.Adam.Oee.Application.Commands.Handlers.StartWorkOrderCommandHandler': Unable to resolve service for type 'Industrial.Adam.Oee.Domain.Interfaces.IEquipmentLineRepository' while attempting to activate 'Industrial.Adam.Oee.Domain.Services.JobSequencingService'.) (Error while validating the service descriptor 'ServiceType: Industrial.Adam.Oee.Domain.Interfaces.ISimpleJobQueueService Lifetime: Scoped ImplementationType: Industrial.Adam.Oee.Domain.Services.SimpleJobQueueService': Unable to resolve service for type 'Industrial.Adam.Oee.Domain.Interfaces.ISimpleJobQueueRepository' while attempting to activate 'Industrial.Adam.Oee.Domain.Services.SimpleJobQueueService'.)
---- System.InvalidOperationException : Error while validating the service descriptor 'ServiceType: Industrial.Adam.Oee.Domain.Interfaces.IJobSequencingService Lifetime: Scoped ImplementationType: Industrial.Adam.Oee.Domain.Services.JobSequencingService': Unable to resolve service for type 'Industrial.Adam.Oee.Domain.Interfaces.IEquipmentLineRepository' while attempting to activate 'Industrial.Adam.Oee.Domain.Services.JobSequencingService'.
-------- System.InvalidOperationException : Unable to resolve service for type 'Industrial.Adam.Oee.Domain.Interfaces.IEquipmentLineRepository' while attempting to activate 'Industrial.Adam.Oee.Domain.Services.JobSequencingService'.
---- System.InvalidOperationException : Error while validating the service descriptor 'ServiceType: Industrial.Adam.Oee.Domain.Interfaces.IEquipmentLineService Lifetime: Scoped ImplementationType: Industrial.Adam.Oee.Domain.Services.EquipmentLineService': Unable to resolve service for type 'Industrial.Adam.Oee.Domain.Interfaces.IEquipmentLineRepository' while attempting to activate 'Industrial.Adam.Oee.Domain.Services.EquipmentLineService'.
-------- System.InvalidOperationException : Unable to resolve service for type 'Industrial.Adam.Oee.Domain.Interfaces.IEquipmentLineRepository' while attempting to activate 'Industrial.Adam.Oee.Domain.Services.EquipmentLineService'.
---- System.InvalidOperationException : Error while validating the service descriptor 'ServiceType: Industrial.Adam.Oee.Domain.Interfaces.IStoppageDetectionService Lifetime: Scoped ImplementationType: Industrial.Adam.Oee.Domain.Services.StoppageDetectionService': Unable to resolve service for type 'Industrial.Adam.Oee.Domain.Interfaces.IEquipmentLineRepository' while attempting to activate 'Industrial.Adam.Oee.Domain.Services.StoppageDetectionService'.
-------- System.InvalidOperationException : Unable to resolve service for type 'Industrial.Adam.Oee.Domain.Interfaces.IEquipmentLineRepository' while attempting to activate 'Industrial.Adam.Oee.Domain.Services.StoppageDetectionService'.
---- System.InvalidOperationException : Error while validating the service descriptor 'ServiceType: MediatR.IRequestHandler`2[Industrial.Adam.Oee.Application.Commands.StartWorkOrderCommand,System.String] Lifetime: Transient ImplementationType: Industrial.Adam.Oee.Application.Commands.Handlers.StartWorkOrderCommandHandler': Unable to resolve service for type 'Industrial.Adam.Oee.Domain.Interfaces.IEquipmentLineRepository' while attempting to activate 'Industrial.Adam.Oee.Domain.Services.JobSequencingService'.
-------- System.InvalidOperationException : Unable to resolve service for type 'Industrial.Adam.Oee.Domain.Interfaces.IEquipmentLineRepository' while attempting to activate 'Industrial.Adam.Oee.Domain.Services.JobSequencingService'.
---- System.InvalidOperationException : Error while validating the service descriptor 'ServiceType: Industrial.Adam.Oee.Domain.Interfaces.ISimpleJobQueueService Lifetime: Scoped ImplementationType: Industrial.Adam.Oee.Domain.Services.SimpleJobQueueService': Unable to resolve service for type 'Industrial.Adam.Oee.Domain.Interfaces.ISimpleJobQueueRepository' while attempting to activate 'Industrial.Adam.Oee.Domain.Services.SimpleJobQueueService'.
-------- System.InvalidOperationException : Unable to resolve service for type 'Industrial.Adam.Oee.Domain.Interfaces.ISimpleJobQueueRepository' while attempting to activate 'Industrial.Adam.Oee.Domain.Services.SimpleJobQueueService'.
  Stack Trace:
     at Microsoft.Extensions.DependencyInjection.ServiceProvider..ctor(ICollection`1 serviceDescriptors, ServiceProviderOptions options)
   at Microsoft.Extensions.DependencyInjection.ServiceCollectionContainerBuilderExtensions.BuildServiceProvider(IServiceCollection services, ServiceProviderOptions options)
   at Microsoft.Extensions.Hosting.HostApplicationBuilder.Build()
   at Microsoft.AspNetCore.Builder.WebApplicationBuilder.Build()
   at Program.<Main>$(String[] args) in /home/grant/adam-6000-counter/src/Industrial.Adam.Oee/WebApi/Program.cs:line 89
   at InvokeStub_Program.<Main>$(Object, Span`1)
   at System.Reflection.MethodBaseInvoker.InvokeWithOneArg(Object obj, BindingFlags invokeAttr, Binder binder, Object[] parameters, CultureInfo culture)
--- End of stack trace from previous location ---
   at Microsoft.Extensions.Hosting.HostFactoryResolver.HostingListener.CreateHost()
   at Microsoft.Extensions.Hosting.HostFactoryResolver.<>c__DisplayClass10_0.<ResolveHostFactory>b__0(String[] args)
   at Microsoft.AspNetCore.Mvc.Testing.DeferredHostBuilder.Build()
   at Microsoft.AspNetCore.Mvc.Testing.WebApplicationFactory`1.CreateHost(IHostBuilder builder)
   at Microsoft.AspNetCore.Mvc.Testing.WebApplicationFactory`1.ConfigureHostBuilder(IHostBuilder hostBuilder)
   at Microsoft.AspNetCore.Mvc.Testing.WebApplicationFactory`1.EnsureServer()
   at Microsoft.AspNetCore.Mvc.Testing.WebApplicationFactory`1.CreateDefaultClient(DelegatingHandler[] handlers)
   at Microsoft.AspNetCore.Mvc.Testing.WebApplicationFactory`1.CreateDefaultClient(Uri baseAddress, DelegatingHandler[] handlers)
   at Microsoft.AspNetCore.Mvc.Testing.WebApplicationFactory`1.CreateClient(WebApplicationFactoryClientOptions options)
   at Microsoft.AspNetCore.Mvc.Testing.WebApplicationFactory`1.CreateClient()
   at Industrial.Adam.Oee.Tests.Integration.StoppagesControllerIntegrationTests..ctor(WebApplicationFactory`1 factory) in /home/grant/adam-6000-counter/src/Industrial.Adam.Oee/Tests/Integration/StoppagesControllerIntegrationTests.cs:line 21
   at System.RuntimeMethodHandle.InvokeMethod(Object target, Void** arguments, Signature sig, Boolean isConstructor)
   at System.Reflection.MethodBaseInvoker.InvokeDirectByRefWithFewArgs(Object obj, Span`1 copyOfArgs, BindingFlags invokeAttr)
----- Inner Stack Trace #1 (System.InvalidOperationException) -----
   at Microsoft.Extensions.DependencyInjection.ServiceProvider.ValidateService(ServiceDescriptor descriptor)
   at Microsoft.Extensions.DependencyInjection.ServiceProvider..ctor(ICollection`1 serviceDescriptors, ServiceProviderOptions options)
----- Inner Stack Trace -----
   at Microsoft.Extensions.DependencyInjection.ServiceLookup.CallSiteFactory.CreateArgumentCallSites(ServiceIdentifier serviceIdentifier, Type implementationType, CallSiteChain callSiteChain, ParameterInfo[] parameters, Boolean throwIfCallSiteNotFound)
   at Microsoft.Extensions.DependencyInjection.ServiceLookup.CallSiteFactory.CreateConstructorCallSite(ResultCache lifetime, ServiceIdentifier serviceIdentifier, Type implementationType, CallSiteChain callSiteChain)
   at Microsoft.Extensions.DependencyInjection.ServiceLookup.CallSiteFactory.TryCreateExact(ServiceDescriptor descriptor, ServiceIdentifier serviceIdentifier, CallSiteChain callSiteChain, Int32 slot)
   at Microsoft.Extensions.DependencyInjection.ServiceLookup.CallSiteFactory.GetCallSite(ServiceDescriptor serviceDescriptor, CallSiteChain callSiteChain)
   at Microsoft.Extensions.DependencyInjection.ServiceProvider.ValidateService(ServiceDescriptor descriptor)
----- Inner Stack Trace #2 (System.InvalidOperationException) -----
   at Microsoft.Extensions.DependencyInjection.ServiceProvider.ValidateService(ServiceDescriptor descriptor)
   at Microsoft.Extensions.DependencyInjection.ServiceProvider..ctor(ICollection`1 serviceDescriptors, ServiceProviderOptions options)
----- Inner Stack Trace -----
   at Microsoft.Extensions.DependencyInjection.ServiceLookup.CallSiteFactory.CreateArgumentCallSites(ServiceIdentifier serviceIdentifier, Type implementationType, CallSiteChain callSiteChain, ParameterInfo[] parameters, Boolean throwIfCallSiteNotFound)
   at Microsoft.Extensions.DependencyInjection.ServiceLookup.CallSiteFactory.CreateConstructorCallSite(ResultCache lifetime, ServiceIdentifier serviceIdentifier, Type implementationType, CallSiteChain callSiteChain)
   at Microsoft.Extensions.DependencyInjection.ServiceLookup.CallSiteFactory.TryCreateExact(ServiceDescriptor descriptor, ServiceIdentifier serviceIdentifier, CallSiteChain callSiteChain, Int32 slot)
   at Microsoft.Extensions.DependencyInjection.ServiceLookup.CallSiteFactory.GetCallSite(ServiceDescriptor serviceDescriptor, CallSiteChain callSiteChain)
   at Microsoft.Extensions.DependencyInjection.ServiceProvider.ValidateService(ServiceDescriptor descriptor)
----- Inner Stack Trace #3 (System.InvalidOperationException) -----
   at Microsoft.Extensions.DependencyInjection.ServiceProvider.ValidateService(ServiceDescriptor descriptor)
   at Microsoft.Extensions.DependencyInjection.ServiceProvider..ctor(ICollection`1 serviceDescriptors, ServiceProviderOptions options)
----- Inner Stack Trace -----
   at Microsoft.Extensions.DependencyInjection.ServiceLookup.CallSiteFactory.CreateArgumentCallSites(ServiceIdentifier serviceIdentifier, Type implementationType, CallSiteChain callSiteChain, ParameterInfo[] parameters, Boolean throwIfCallSiteNotFound)
   at Microsoft.Extensions.DependencyInjection.ServiceLookup.CallSiteFactory.CreateConstructorCallSite(ResultCache lifetime, ServiceIdentifier serviceIdentifier, Type implementationType, CallSiteChain callSiteChain)
   at Microsoft.Extensions.DependencyInjection.ServiceLookup.CallSiteFactory.TryCreateExact(ServiceDescriptor descriptor, ServiceIdentifier serviceIdentifier, CallSiteChain callSiteChain, Int32 slot)
   at Microsoft.Extensions.DependencyInjection.ServiceLookup.CallSiteFactory.GetCallSite(ServiceDescriptor serviceDescriptor, CallSiteChain callSiteChain)
   at Microsoft.Extensions.DependencyInjection.ServiceProvider.ValidateService(ServiceDescriptor descriptor)
----- Inner Stack Trace #4 (System.InvalidOperationException) -----
   at Microsoft.Extensions.DependencyInjection.ServiceProvider.ValidateService(ServiceDescriptor descriptor)
   at Microsoft.Extensions.DependencyInjection.ServiceProvider..ctor(ICollection`1 serviceDescriptors, ServiceProviderOptions options)
----- Inner Stack Trace -----
   at Microsoft.Extensions.DependencyInjection.ServiceLookup.CallSiteFactory.CreateArgumentCallSites(ServiceIdentifier serviceIdentifier, Type implementationType, CallSiteChain callSiteChain, ParameterInfo[] parameters, Boolean throwIfCallSiteNotFound)
   at Microsoft.Extensions.DependencyInjection.ServiceLookup.CallSiteFactory.CreateConstructorCallSite(ResultCache lifetime, ServiceIdentifier serviceIdentifier, Type implementationType, CallSiteChain callSiteChain)
   at Microsoft.Extensions.DependencyInjection.ServiceLookup.CallSiteFactory.TryCreateExact(ServiceDescriptor descriptor, ServiceIdentifier serviceIdentifier, CallSiteChain callSiteChain, Int32 slot)
   at Microsoft.Extensions.DependencyInjection.ServiceLookup.CallSiteFactory.TryCreateExact(ServiceIdentifier serviceIdentifier, CallSiteChain callSiteChain)
   at Microsoft.Extensions.DependencyInjection.ServiceLookup.CallSiteFactory.CreateCallSite(ServiceIdentifier serviceIdentifier, CallSiteChain callSiteChain)
   at Microsoft.Extensions.DependencyInjection.ServiceLookup.CallSiteFactory.CreateArgumentCallSites(ServiceIdentifier serviceIdentifier, Type implementationType, CallSiteChain callSiteChain, ParameterInfo[] parameters, Boolean throwIfCallSiteNotFound)
   at Microsoft.Extensions.DependencyInjection.ServiceLookup.CallSiteFactory.CreateConstructorCallSite(ResultCache lifetime, ServiceIdentifier serviceIdentifier, Type implementationType, CallSiteChain callSiteChain)
   at Microsoft.Extensions.DependencyInjection.ServiceLookup.CallSiteFactory.TryCreateExact(ServiceDescriptor descriptor, ServiceIdentifier serviceIdentifier, CallSiteChain callSiteChain, Int32 slot)
   at Microsoft.Extensions.DependencyInjection.ServiceLookup.CallSiteFactory.GetCallSite(ServiceDescriptor serviceDescriptor, CallSiteChain callSiteChain)
   at Microsoft.Extensions.DependencyInjection.ServiceProvider.ValidateService(ServiceDescriptor descriptor)
----- Inner Stack Trace #5 (System.InvalidOperationException) -----
   at Microsoft.Extensions.DependencyInjection.ServiceProvider.ValidateService(ServiceDescriptor descriptor)
   at Microsoft.Extensions.DependencyInjection.ServiceProvider..ctor(ICollection`1 serviceDescriptors, ServiceProviderOptions options)
----- Inner Stack Trace -----
   at Microsoft.Extensions.DependencyInjection.ServiceLookup.CallSiteFactory.CreateArgumentCallSites(ServiceIdentifier serviceIdentifier, Type implementationType, CallSiteChain callSiteChain, ParameterInfo[] parameters, Boolean throwIfCallSiteNotFound)
   at Microsoft.Extensions.DependencyInjection.ServiceLookup.CallSiteFactory.CreateConstructorCallSite(ResultCache lifetime, ServiceIdentifier serviceIdentifier, Type implementationType, CallSiteChain callSiteChain)
   at Microsoft.Extensions.DependencyInjection.ServiceLookup.CallSiteFactory.TryCreateExact(ServiceDescriptor descriptor, ServiceIdentifier serviceIdentifier, CallSiteChain callSiteChain, Int32 slot)
   at Microsoft.Extensions.DependencyInjection.ServiceLookup.CallSiteFactory.GetCallSite(ServiceDescriptor serviceDescriptor, CallSiteChain callSiteChain)
   at Microsoft.Extensions.DependencyInjection.ServiceProvider.ValidateService(ServiceDescriptor descriptor)
  Failed Industrial.Adam.Oee.Tests.Integration.SignalR.StoppageNotificationHubTests.Hub_CanSubscribeAsOperator_Successfully [1 s]
  Error Message:
   System.AggregateException : Some services are not able to be constructed (Error while validating the service descriptor 'ServiceType: Industrial.Adam.Oee.Domain.Interfaces.IJobSequencingService Lifetime: Scoped ImplementationType: Industrial.Adam.Oee.Domain.Services.JobSequencingService': Unable to resolve service for type 'Industrial.Adam.Oee.Domain.Interfaces.IEquipmentLineRepository' while attempting to activate 'Industrial.Adam.Oee.Domain.Services.JobSequencingService'.) (Error while validating the service descriptor 'ServiceType: Industrial.Adam.Oee.Domain.Interfaces.IEquipmentLineService Lifetime: Scoped ImplementationType: Industrial.Adam.Oee.Domain.Services.EquipmentLineService': Unable to resolve service for type 'Industrial.Adam.Oee.Domain.Interfaces.IEquipmentLineRepository' while attempting to activate 'Industrial.Adam.Oee.Domain.Services.EquipmentLineService'.) (Error while validating the service descriptor 'ServiceType: Industrial.Adam.Oee.Domain.Interfaces.IStoppageDetectionService Lifetime: Scoped ImplementationType: Industrial.Adam.Oee.Domain.Services.StoppageDetectionService': Unable to resolve service for type 'Industrial.Adam.Oee.Domain.Interfaces.IEquipmentLineRepository' while attempting to activate 'Industrial.Adam.Oee.Domain.Services.StoppageDetectionService'.) (Error while validating the service descriptor 'ServiceType: MediatR.IRequestHandler`2[Industrial.Adam.Oee.Application.Commands.StartWorkOrderCommand,System.String] Lifetime: Transient ImplementationType: Industrial.Adam.Oee.Application.Commands.Handlers.StartWorkOrderCommandHandler': Unable to resolve service for type 'Industrial.Adam.Oee.Domain.Interfaces.IEquipmentLineRepository' while attempting to activate 'Industrial.Adam.Oee.Domain.Services.JobSequencingService'.) (Error while validating the service descriptor 'ServiceType: Industrial.Adam.Oee.Domain.Interfaces.ISimpleJobQueueService Lifetime: Scoped ImplementationType: Industrial.Adam.Oee.Domain.Services.SimpleJobQueueService': Unable to resolve service for type 'Industrial.Adam.Oee.Domain.Interfaces.ISimpleJobQueueRepository' while attempting to activate 'Industrial.Adam.Oee.Domain.Services.SimpleJobQueueService'.)
---- System.InvalidOperationException : Error while validating the service descriptor 'ServiceType: Industrial.Adam.Oee.Domain.Interfaces.IJobSequencingService Lifetime: Scoped ImplementationType: Industrial.Adam.Oee.Domain.Services.JobSequencingService': Unable to resolve service for type 'Industrial.Adam.Oee.Domain.Interfaces.IEquipmentLineRepository' while attempting to activate 'Industrial.Adam.Oee.Domain.Services.JobSequencingService'.
-------- System.InvalidOperationException : Unable to resolve service for type 'Industrial.Adam.Oee.Domain.Interfaces.IEquipmentLineRepository' while attempting to activate 'Industrial.Adam.Oee.Domain.Services.JobSequencingService'.
---- System.InvalidOperationException : Error while validating the service descriptor 'ServiceType: Industrial.Adam.Oee.Domain.Interfaces.IEquipmentLineService Lifetime: Scoped ImplementationType: Industrial.Adam.Oee.Domain.Services.EquipmentLineService': Unable to resolve service for type 'Industrial.Adam.Oee.Domain.Interfaces.IEquipmentLineRepository' while attempting to activate 'Industrial.Adam.Oee.Domain.Services.EquipmentLineService'.
-------- System.InvalidOperationException : Unable to resolve service for type 'Industrial.Adam.Oee.Domain.Interfaces.IEquipmentLineRepository' while attempting to activate 'Industrial.Adam.Oee.Domain.Services.EquipmentLineService'.
---- System.InvalidOperationException : Error while validating the service descriptor 'ServiceType: Industrial.Adam.Oee.Domain.Interfaces.IStoppageDetectionService Lifetime: Scoped ImplementationType: Industrial.Adam.Oee.Domain.Services.StoppageDetectionService': Unable to resolve service for type 'Industrial.Adam.Oee.Domain.Interfaces.IEquipmentLineRepository' while attempting to activate 'Industrial.Adam.Oee.Domain.Services.StoppageDetectionService'.
-------- System.InvalidOperationException : Unable to resolve service for type 'Industrial.Adam.Oee.Domain.Interfaces.IEquipmentLineRepository' while attempting to activate 'Industrial.Adam.Oee.Domain.Services.StoppageDetectionService'.
---- System.InvalidOperationException : Error while validating the service descriptor 'ServiceType: MediatR.IRequestHandler`2[Industrial.Adam.Oee.Application.Commands.StartWorkOrderCommand,System.String] Lifetime: Transient ImplementationType: Industrial.Adam.Oee.Application.Commands.Handlers.StartWorkOrderCommandHandler': Unable to resolve service for type 'Industrial.Adam.Oee.Domain.Interfaces.IEquipmentLineRepository' while attempting to activate 'Industrial.Adam.Oee.Domain.Services.JobSequencingService'.
-------- System.InvalidOperationException : Unable to resolve service for type 'Industrial.Adam.Oee.Domain.Interfaces.IEquipmentLineRepository' while attempting to activate 'Industrial.Adam.Oee.Domain.Services.JobSequencingService'.
---- System.InvalidOperationException : Error while validating the service descriptor 'ServiceType: Industrial.Adam.Oee.Domain.Interfaces.ISimpleJobQueueService Lifetime: Scoped ImplementationType: Industrial.Adam.Oee.Domain.Services.SimpleJobQueueService': Unable to resolve service for type 'Industrial.Adam.Oee.Domain.Interfaces.ISimpleJobQueueRepository' while attempting to activate 'Industrial.Adam.Oee.Domain.Services.SimpleJobQueueService'.
-------- System.InvalidOperationException : Unable to resolve service for type 'Industrial.Adam.Oee.Domain.Interfaces.ISimpleJobQueueRepository' while attempting to activate 'Industrial.Adam.Oee.Domain.Services.SimpleJobQueueService'.
  Stack Trace:
     at Microsoft.Extensions.DependencyInjection.ServiceProvider..ctor(ICollection`1 serviceDescriptors, ServiceProviderOptions options)
   at Microsoft.Extensions.DependencyInjection.ServiceCollectionContainerBuilderExtensions.BuildServiceProvider(IServiceCollection services, ServiceProviderOptions options)
   at Microsoft.Extensions.Hosting.HostApplicationBuilder.Build()
   at Microsoft.AspNetCore.Builder.WebApplicationBuilder.Build()
   at Program.<Main>$(String[] args) in /home/grant/adam-6000-counter/src/Industrial.Adam.Oee/WebApi/Program.cs:line 89
   at System.RuntimeMethodHandle.InvokeMethod(Object target, Void** arguments, Signature sig, Boolean isConstructor)
   at System.Reflection.MethodBaseInvoker.InvokeDirectByRefWithFewArgs(Object obj, Span`1 copyOfArgs, BindingFlags invokeAttr)
--- End of stack trace from previous location ---
   at Microsoft.Extensions.Hosting.HostFactoryResolver.HostingListener.CreateHost()
   at Microsoft.Extensions.Hosting.HostFactoryResolver.<>c__DisplayClass10_0.<ResolveHostFactory>b__0(String[] args)
   at Microsoft.AspNetCore.Mvc.Testing.DeferredHostBuilder.Build()
   at Microsoft.AspNetCore.Mvc.Testing.WebApplicationFactory`1.CreateHost(IHostBuilder builder)
   at Microsoft.AspNetCore.Mvc.Testing.WebApplicationFactory`1.ConfigureHostBuilder(IHostBuilder hostBuilder)
   at Microsoft.AspNetCore.Mvc.Testing.WebApplicationFactory`1.EnsureServer()
   at Microsoft.AspNetCore.Mvc.Testing.WebApplicationFactory`1.CreateDefaultClient(DelegatingHandler[] handlers)
   at Microsoft.AspNetCore.Mvc.Testing.WebApplicationFactory`1.CreateDefaultClient(Uri baseAddress, DelegatingHandler[] handlers)
   at Microsoft.AspNetCore.Mvc.Testing.WebApplicationFactory`1.CreateClient(WebApplicationFactoryClientOptions options)
   at Microsoft.AspNetCore.Mvc.Testing.WebApplicationFactory`1.CreateClient()
   at Industrial.Adam.Oee.Tests.Integration.SignalR.StoppageNotificationHubTests.CreateConnectionAsync() in /home/grant/adam-6000-counter/src/Industrial.Adam.Oee/Tests/Integration/SignalR/StoppageNotificationHubTests.cs:line 254
   at Industrial.Adam.Oee.Tests.Integration.SignalR.StoppageNotificationHubTests.Hub_CanSubscribeAsOperator_Successfully() in /home/grant/adam-6000-counter/src/Industrial.Adam.Oee/Tests/Integration/SignalR/StoppageNotificationHubTests.cs:line 68
--- End of stack trace from previous location ---
----- Inner Stack Trace #1 (System.InvalidOperationException) -----
   at Microsoft.Extensions.DependencyInjection.ServiceProvider.ValidateService(ServiceDescriptor descriptor)
   at Microsoft.Extensions.DependencyInjection.ServiceProvider..ctor(ICollection`1 serviceDescriptors, ServiceProviderOptions options)
----- Inner Stack Trace -----
   at Microsoft.Extensions.DependencyInjection.ServiceLookup.CallSiteFactory.CreateArgumentCallSites(ServiceIdentifier serviceIdentifier, Type implementationType, CallSiteChain callSiteChain, ParameterInfo[] parameters, Boolean throwIfCallSiteNotFound)
   at Microsoft.Extensions.DependencyInjection.ServiceLookup.CallSiteFactory.CreateConstructorCallSite(ResultCache lifetime, ServiceIdentifier serviceIdentifier, Type implementationType, CallSiteChain callSiteChain)
   at Microsoft.Extensions.DependencyInjection.ServiceLookup.CallSiteFactory.TryCreateExact(ServiceDescriptor descriptor, ServiceIdentifier serviceIdentifier, CallSiteChain callSiteChain, Int32 slot)
   at Microsoft.Extensions.DependencyInjection.ServiceLookup.CallSiteFactory.GetCallSite(ServiceDescriptor serviceDescriptor, CallSiteChain callSiteChain)
   at Microsoft.Extensions.DependencyInjection.ServiceProvider.ValidateService(ServiceDescriptor descriptor)
----- Inner Stack Trace #2 (System.InvalidOperationException) -----
   at Microsoft.Extensions.DependencyInjection.ServiceProvider.ValidateService(ServiceDescriptor descriptor)
   at Microsoft.Extensions.DependencyInjection.ServiceProvider..ctor(ICollection`1 serviceDescriptors, ServiceProviderOptions options)
----- Inner Stack Trace -----
   at Microsoft.Extensions.DependencyInjection.ServiceLookup.CallSiteFactory.CreateArgumentCallSites(ServiceIdentifier serviceIdentifier, Type implementationType, CallSiteChain callSiteChain, ParameterInfo[] parameters, Boolean throwIfCallSiteNotFound)
   at Microsoft.Extensions.DependencyInjection.ServiceLookup.CallSiteFactory.CreateConstructorCallSite(ResultCache lifetime, ServiceIdentifier serviceIdentifier, Type implementationType, CallSiteChain callSiteChain)
   at Microsoft.Extensions.DependencyInjection.ServiceLookup.CallSiteFactory.TryCreateExact(ServiceDescriptor descriptor, ServiceIdentifier serviceIdentifier, CallSiteChain callSiteChain, Int32 slot)
   at Microsoft.Extensions.DependencyInjection.ServiceLookup.CallSiteFactory.GetCallSite(ServiceDescriptor serviceDescriptor, CallSiteChain callSiteChain)
   at Microsoft.Extensions.DependencyInjection.ServiceProvider.ValidateService(ServiceDescriptor descriptor)
----- Inner Stack Trace #3 (System.InvalidOperationException) -----
   at Microsoft.Extensions.DependencyInjection.ServiceProvider.ValidateService(ServiceDescriptor descriptor)
   at Microsoft.Extensions.DependencyInjection.ServiceProvider..ctor(ICollection`1 serviceDescriptors, ServiceProviderOptions options)
----- Inner Stack Trace -----
   at Microsoft.Extensions.DependencyInjection.ServiceLookup.CallSiteFactory.CreateArgumentCallSites(ServiceIdentifier serviceIdentifier, Type implementationType, CallSiteChain callSiteChain, ParameterInfo[] parameters, Boolean throwIfCallSiteNotFound)
   at Microsoft.Extensions.DependencyInjection.ServiceLookup.CallSiteFactory.CreateConstructorCallSite(ResultCache lifetime, ServiceIdentifier serviceIdentifier, Type implementationType, CallSiteChain callSiteChain)
   at Microsoft.Extensions.DependencyInjection.ServiceLookup.CallSiteFactory.TryCreateExact(ServiceDescriptor descriptor, ServiceIdentifier serviceIdentifier, CallSiteChain callSiteChain, Int32 slot)
   at Microsoft.Extensions.DependencyInjection.ServiceLookup.CallSiteFactory.GetCallSite(ServiceDescriptor serviceDescriptor, CallSiteChain callSiteChain)
   at Microsoft.Extensions.DependencyInjection.ServiceProvider.ValidateService(ServiceDescriptor descriptor)
----- Inner Stack Trace #4 (System.InvalidOperationException) -----
   at Microsoft.Extensions.DependencyInjection.ServiceProvider.ValidateService(ServiceDescriptor descriptor)
   at Microsoft.Extensions.DependencyInjection.ServiceProvider..ctor(ICollection`1 serviceDescriptors, ServiceProviderOptions options)
----- Inner Stack Trace -----
   at Microsoft.Extensions.DependencyInjection.ServiceLookup.CallSiteFactory.CreateArgumentCallSites(ServiceIdentifier serviceIdentifier, Type implementationType, CallSiteChain callSiteChain, ParameterInfo[] parameters, Boolean throwIfCallSiteNotFound)
   at Microsoft.Extensions.DependencyInjection.ServiceLookup.CallSiteFactory.CreateConstructorCallSite(ResultCache lifetime, ServiceIdentifier serviceIdentifier, Type implementationType, CallSiteChain callSiteChain)
   at Microsoft.Extensions.DependencyInjection.ServiceLookup.CallSiteFactory.TryCreateExact(ServiceDescriptor descriptor, ServiceIdentifier serviceIdentifier, CallSiteChain callSiteChain, Int32 slot)
   at Microsoft.Extensions.DependencyInjection.ServiceLookup.CallSiteFactory.TryCreateExact(ServiceIdentifier serviceIdentifier, CallSiteChain callSiteChain)
   at Microsoft.Extensions.DependencyInjection.ServiceLookup.CallSiteFactory.CreateCallSite(ServiceIdentifier serviceIdentifier, CallSiteChain callSiteChain)
   at Microsoft.Extensions.DependencyInjection.ServiceLookup.CallSiteFactory.CreateArgumentCallSites(ServiceIdentifier serviceIdentifier, Type implementationType, CallSiteChain callSiteChain, ParameterInfo[] parameters, Boolean throwIfCallSiteNotFound)
   at Microsoft.Extensions.DependencyInjection.ServiceLookup.CallSiteFactory.CreateConstructorCallSite(ResultCache lifetime, ServiceIdentifier serviceIdentifier, Type implementationType, CallSiteChain callSiteChain)
   at Microsoft.Extensions.DependencyInjection.ServiceLookup.CallSiteFactory.TryCreateExact(ServiceDescriptor descriptor, ServiceIdentifier serviceIdentifier, CallSiteChain callSiteChain, Int32 slot)
   at Microsoft.Extensions.DependencyInjection.ServiceLookup.CallSiteFactory.GetCallSite(ServiceDescriptor serviceDescriptor, CallSiteChain callSiteChain)
   at Microsoft.Extensions.DependencyInjection.ServiceProvider.ValidateService(ServiceDescriptor descriptor)
----- Inner Stack Trace #5 (System.InvalidOperationException) -----
   at Microsoft.Extensions.DependencyInjection.ServiceProvider.ValidateService(ServiceDescriptor descriptor)
   at Microsoft.Extensions.DependencyInjection.ServiceProvider..ctor(ICollection`1 serviceDescriptors, ServiceProviderOptions options)
----- Inner Stack Trace -----
   at Microsoft.Extensions.DependencyInjection.ServiceLookup.CallSiteFactory.CreateArgumentCallSites(ServiceIdentifier serviceIdentifier, Type implementationType, CallSiteChain callSiteChain, ParameterInfo[] parameters, Boolean throwIfCallSiteNotFound)
   at Microsoft.Extensions.DependencyInjection.ServiceLookup.CallSiteFactory.CreateConstructorCallSite(ResultCache lifetime, ServiceIdentifier serviceIdentifier, Type implementationType, CallSiteChain callSiteChain)
   at Microsoft.Extensions.DependencyInjection.ServiceLookup.CallSiteFactory.TryCreateExact(ServiceDescriptor descriptor, ServiceIdentifier serviceIdentifier, CallSiteChain callSiteChain, Int32 slot)
   at Microsoft.Extensions.DependencyInjection.ServiceLookup.CallSiteFactory.GetCallSite(ServiceDescriptor serviceDescriptor, CallSiteChain callSiteChain)
   at Microsoft.Extensions.DependencyInjection.ServiceProvider.ValidateService(ServiceDescriptor descriptor)
[xUnit.net 00:00:02.30]     Industrial.Adam.Oee.Tests.Integration.OeeControllerIntegrationTests.OeeEndpoints_HealthCheck_ReturnsHealthy [FAIL]
[xUnit.net 00:00:02.30]     Industrial.Adam.Oee.Tests.Integration.JobsControllerIntegrationTests.GetWorkOrder_WithInvalidId_ReturnsNotFoundOrBadRequest(workOrderId: "") [FAIL]
[xUnit.net 00:00:02.36]     Industrial.Adam.Oee.Tests.Integration.SignalR.StoppageNotificationHubTests.Hub_RespondsToHeartbeat_Successfully [FAIL]
[xUnit.net 00:00:02.38]     Industrial.Adam.Oee.Tests.Integration.StoppagesControllerIntegrationTests.GetCurrentStoppage_WithInvalidMinimumMinutes_ReturnsBadRequest(minimumMinutes: -1) [FAIL]
  Failed Industrial.Adam.Oee.Tests.Integration.OeeControllerIntegrationTests.OeeEndpoints_HealthCheck_ReturnsHealthy [1 ms]
  Error Message:
   System.AggregateException : Some services are not able to be constructed (Error while validating the service descriptor 'ServiceType: Industrial.Adam.Oee.Domain.Interfaces.IJobSequencingService Lifetime: Scoped ImplementationType: Industrial.Adam.Oee.Domain.Services.JobSequencingService': Unable to resolve service for type 'Industrial.Adam.Oee.Domain.Interfaces.IEquipmentLineRepository' while attempting to activate 'Industrial.Adam.Oee.Domain.Services.JobSequencingService'.) (Error while validating the service descriptor 'ServiceType: Industrial.Adam.Oee.Domain.Interfaces.IEquipmentLineService Lifetime: Scoped ImplementationType: Industrial.Adam.Oee.Domain.Services.EquipmentLineService': Unable to resolve service for type 'Industrial.Adam.Oee.Domain.Interfaces.IEquipmentLineRepository' while attempting to activate 'Industrial.Adam.Oee.Domain.Services.EquipmentLineService'.) (Error while validating the service descriptor 'ServiceType: Industrial.Adam.Oee.Domain.Interfaces.IStoppageDetectionService Lifetime: Scoped ImplementationType: Industrial.Adam.Oee.Domain.Services.StoppageDetectionService': Unable to resolve service for type 'Industrial.Adam.Oee.Domain.Interfaces.IEquipmentLineRepository' while attempting to activate 'Industrial.Adam.Oee.Domain.Services.StoppageDetectionService'.) (Error while validating the service descriptor 'ServiceType: MediatR.IRequestHandler`2[Industrial.Adam.Oee.Application.Commands.StartWorkOrderCommand,System.String] Lifetime: Transient ImplementationType: Industrial.Adam.Oee.Application.Commands.Handlers.StartWorkOrderCommandHandler': Unable to resolve service for type 'Industrial.Adam.Oee.Domain.Interfaces.IEquipmentLineRepository' while attempting to activate 'Industrial.Adam.Oee.Domain.Services.JobSequencingService'.) (Error while validating the service descriptor 'ServiceType: Industrial.Adam.Oee.Domain.Interfaces.ISimpleJobQueueService Lifetime: Scoped ImplementationType: Industrial.Adam.Oee.Domain.Services.SimpleJobQueueService': Unable to resolve service for type 'Industrial.Adam.Oee.Domain.Interfaces.ISimpleJobQueueRepository' while attempting to activate 'Industrial.Adam.Oee.Domain.Services.SimpleJobQueueService'.)
---- System.InvalidOperationException : Error while validating the service descriptor 'ServiceType: Industrial.Adam.Oee.Domain.Interfaces.IJobSequencingService Lifetime: Scoped ImplementationType: Industrial.Adam.Oee.Domain.Services.JobSequencingService': Unable to resolve service for type 'Industrial.Adam.Oee.Domain.Interfaces.IEquipmentLineRepository' while attempting to activate 'Industrial.Adam.Oee.Domain.Services.JobSequencingService'.
-------- System.InvalidOperationException : Unable to resolve service for type 'Industrial.Adam.Oee.Domain.Interfaces.IEquipmentLineRepository' while attempting to activate 'Industrial.Adam.Oee.Domain.Services.JobSequencingService'.
---- System.InvalidOperationException : Error while validating the service descriptor 'ServiceType: Industrial.Adam.Oee.Domain.Interfaces.IEquipmentLineService Lifetime: Scoped ImplementationType: Industrial.Adam.Oee.Domain.Services.EquipmentLineService': Unable to resolve service for type 'Industrial.Adam.Oee.Domain.Interfaces.IEquipmentLineRepository' while attempting to activate 'Industrial.Adam.Oee.Domain.Services.EquipmentLineService'.
-------- System.InvalidOperationException : Unable to resolve service for type 'Industrial.Adam.Oee.Domain.Interfaces.IEquipmentLineRepository' while attempting to activate 'Industrial.Adam.Oee.Domain.Services.EquipmentLineService'.
---- System.InvalidOperationException : Error while validating the service descriptor 'ServiceType: Industrial.Adam.Oee.Domain.Interfaces.IStoppageDetectionService Lifetime: Scoped ImplementationType: Industrial.Adam.Oee.Domain.Services.StoppageDetectionService': Unable to resolve service for type 'Industrial.Adam.Oee.Domain.Interfaces.IEquipmentLineRepository' while attempting to activate 'Industrial.Adam.Oee.Domain.Services.StoppageDetectionService'.
-------- System.InvalidOperationException : Unable to resolve service for type 'Industrial.Adam.Oee.Domain.Interfaces.IEquipmentLineRepository' while attempting to activate 'Industrial.Adam.Oee.Domain.Services.StoppageDetectionService'.
---- System.InvalidOperationException : Error while validating the service descriptor 'ServiceType: MediatR.IRequestHandler`2[Industrial.Adam.Oee.Application.Commands.StartWorkOrderCommand,System.String] Lifetime: Transient ImplementationType: Industrial.Adam.Oee.Application.Commands.Handlers.StartWorkOrderCommandHandler': Unable to resolve service for type 'Industrial.Adam.Oee.Domain.Interfaces.IEquipmentLineRepository' while attempting to activate 'Industrial.Adam.Oee.Domain.Services.JobSequencingService'.
-------- System.InvalidOperationException : Unable to resolve service for type 'Industrial.Adam.Oee.Domain.Interfaces.IEquipmentLineRepository' while attempting to activate 'Industrial.Adam.Oee.Domain.Services.JobSequencingService'.
---- System.InvalidOperationException : Error while validating the service descriptor 'ServiceType: Industrial.Adam.Oee.Domain.Interfaces.ISimpleJobQueueService Lifetime: Scoped ImplementationType: Industrial.Adam.Oee.Domain.Services.SimpleJobQueueService': Unable to resolve service for type 'Industrial.Adam.Oee.Domain.Interfaces.ISimpleJobQueueRepository' while attempting to activate 'Industrial.Adam.Oee.Domain.Services.SimpleJobQueueService'.
-------- System.InvalidOperationException : Unable to resolve service for type 'Industrial.Adam.Oee.Domain.Interfaces.ISimpleJobQueueRepository' while attempting to activate 'Industrial.Adam.Oee.Domain.Services.SimpleJobQueueService'.
  Stack Trace:
     at Microsoft.Extensions.DependencyInjection.ServiceProvider..ctor(ICollection`1 serviceDescriptors, ServiceProviderOptions options)
   at Microsoft.Extensions.DependencyInjection.ServiceCollectionContainerBuilderExtensions.BuildServiceProvider(IServiceCollection services, ServiceProviderOptions options)
   at Microsoft.Extensions.Hosting.HostApplicationBuilder.Build()
   at Microsoft.AspNetCore.Builder.WebApplicationBuilder.Build()
   at Program.<Main>$(String[] args) in /home/grant/adam-6000-counter/src/Industrial.Adam.Oee/WebApi/Program.cs:line 89
   at InvokeStub_Program.<Main>$(Object, Span`1)
   at System.Reflection.MethodBaseInvoker.InvokeWithOneArg(Object obj, BindingFlags invokeAttr, Binder binder, Object[] parameters, CultureInfo culture)
--- End of stack trace from previous location ---
   at Microsoft.Extensions.Hosting.HostFactoryResolver.HostingListener.CreateHost()
   at Microsoft.Extensions.Hosting.HostFactoryResolver.<>c__DisplayClass10_0.<ResolveHostFactory>b__0(String[] args)
   at Microsoft.AspNetCore.Mvc.Testing.DeferredHostBuilder.Build()
   at Microsoft.AspNetCore.Mvc.Testing.WebApplicationFactory`1.CreateHost(IHostBuilder builder)
   at Microsoft.AspNetCore.Mvc.Testing.WebApplicationFactory`1.ConfigureHostBuilder(IHostBuilder hostBuilder)
   at Microsoft.AspNetCore.Mvc.Testing.WebApplicationFactory`1.EnsureServer()
   at Microsoft.AspNetCore.Mvc.Testing.WebApplicationFactory`1.CreateDefaultClient(DelegatingHandler[] handlers)
   at Microsoft.AspNetCore.Mvc.Testing.WebApplicationFactory`1.CreateDefaultClient(Uri baseAddress, DelegatingHandler[] handlers)
   at Microsoft.AspNetCore.Mvc.Testing.WebApplicationFactory`1.CreateClient(WebApplicationFactoryClientOptions options)
   at Microsoft.AspNetCore.Mvc.Testing.WebApplicationFactory`1.CreateClient()
   at Industrial.Adam.Oee.Tests.Integration.OeeControllerIntegrationTests..ctor(WebApplicationFactory`1 factory) in /home/grant/adam-6000-counter/src/Industrial.Adam.Oee/Tests/Integration/OeeControllerIntegrationTests.cs:line 21
   at InvokeStub_OeeControllerIntegrationTests..ctor(Object, Span`1)
   at System.Reflection.MethodBaseInvoker.InvokeWithOneArg(Object obj, BindingFlags invokeAttr, Binder binder, Object[] parameters, CultureInfo culture)
----- Inner Stack Trace #1 (System.InvalidOperationException) -----
   at Microsoft.Extensions.DependencyInjection.ServiceProvider.ValidateService(ServiceDescriptor descriptor)
   at Microsoft.Extensions.DependencyInjection.ServiceProvider..ctor(ICollection`1 serviceDescriptors, ServiceProviderOptions options)
----- Inner Stack Trace -----
   at Microsoft.Extensions.DependencyInjection.ServiceLookup.CallSiteFactory.CreateArgumentCallSites(ServiceIdentifier serviceIdentifier, Type implementationType, CallSiteChain callSiteChain, ParameterInfo[] parameters, Boolean throwIfCallSiteNotFound)
   at Microsoft.Extensions.DependencyInjection.ServiceLookup.CallSiteFactory.CreateConstructorCallSite(ResultCache lifetime, ServiceIdentifier serviceIdentifier, Type implementationType, CallSiteChain callSiteChain)
   at Microsoft.Extensions.DependencyInjection.ServiceLookup.CallSiteFactory.TryCreateExact(ServiceDescriptor descriptor, ServiceIdentifier serviceIdentifier, CallSiteChain callSiteChain, Int32 slot)
   at Microsoft.Extensions.DependencyInjection.ServiceLookup.CallSiteFactory.GetCallSite(ServiceDescriptor serviceDescriptor, CallSiteChain callSiteChain)
   at Microsoft.Extensions.DependencyInjection.ServiceProvider.ValidateService(ServiceDescriptor descriptor)
----- Inner Stack Trace #2 (System.InvalidOperationException) -----
   at Microsoft.Extensions.DependencyInjection.ServiceProvider.ValidateService(ServiceDescriptor descriptor)
   at Microsoft.Extensions.DependencyInjection.ServiceProvider..ctor(ICollection`1 serviceDescriptors, ServiceProviderOptions options)
----- Inner Stack Trace -----
   at Microsoft.Extensions.DependencyInjection.ServiceLookup.CallSiteFactory.CreateArgumentCallSites(ServiceIdentifier serviceIdentifier, Type implementationType, CallSiteChain callSiteChain, ParameterInfo[] parameters, Boolean throwIfCallSiteNotFound)
   at Microsoft.Extensions.DependencyInjection.ServiceLookup.CallSiteFactory.CreateConstructorCallSite(ResultCache lifetime, ServiceIdentifier serviceIdentifier, Type implementationType, CallSiteChain callSiteChain)
   at Microsoft.Extensions.DependencyInjection.ServiceLookup.CallSiteFactory.TryCreateExact(ServiceDescriptor descriptor, ServiceIdentifier serviceIdentifier, CallSiteChain callSiteChain, Int32 slot)
   at Microsoft.Extensions.DependencyInjection.ServiceLookup.CallSiteFactory.GetCallSite(ServiceDescriptor serviceDescriptor, CallSiteChain callSiteChain)
   at Microsoft.Extensions.DependencyInjection.ServiceProvider.ValidateService(ServiceDescriptor descriptor)
----- Inner Stack Trace #3 (System.InvalidOperationException) -----
   at Microsoft.Extensions.DependencyInjection.ServiceProvider.ValidateService(ServiceDescriptor descriptor)
   at Microsoft.Extensions.DependencyInjection.ServiceProvider..ctor(ICollection`1 serviceDescriptors, ServiceProviderOptions options)
----- Inner Stack Trace -----
   at Microsoft.Extensions.DependencyInjection.ServiceLookup.CallSiteFactory.CreateArgumentCallSites(ServiceIdentifier serviceIdentifier, Type implementationType, CallSiteChain callSiteChain, ParameterInfo[] parameters, Boolean throwIfCallSiteNotFound)
   at Microsoft.Extensions.DependencyInjection.ServiceLookup.CallSiteFactory.CreateConstructorCallSite(ResultCache lifetime, ServiceIdentifier serviceIdentifier, Type implementationType, CallSiteChain callSiteChain)
   at Microsoft.Extensions.DependencyInjection.ServiceLookup.CallSiteFactory.TryCreateExact(ServiceDescriptor descriptor, ServiceIdentifier serviceIdentifier, CallSiteChain callSiteChain, Int32 slot)
   at Microsoft.Extensions.DependencyInjection.ServiceLookup.CallSiteFactory.GetCallSite(ServiceDescriptor serviceDescriptor, CallSiteChain callSiteChain)
   at Microsoft.Extensions.DependencyInjection.ServiceProvider.ValidateService(ServiceDescriptor descriptor)
----- Inner Stack Trace #4 (System.InvalidOperationException) -----
   at Microsoft.Extensions.DependencyInjection.ServiceProvider.ValidateService(ServiceDescriptor descriptor)
   at Microsoft.Extensions.DependencyInjection.ServiceProvider..ctor(ICollection`1 serviceDescriptors, ServiceProviderOptions options)
----- Inner Stack Trace -----
   at Microsoft.Extensions.DependencyInjection.ServiceLookup.CallSiteFactory.CreateArgumentCallSites(ServiceIdentifier serviceIdentifier, Type implementationType, CallSiteChain callSiteChain, ParameterInfo[] parameters, Boolean throwIfCallSiteNotFound)
   at Microsoft.Extensions.DependencyInjection.ServiceLookup.CallSiteFactory.CreateConstructorCallSite(ResultCache lifetime, ServiceIdentifier serviceIdentifier, Type implementationType, CallSiteChain callSiteChain)
   at Microsoft.Extensions.DependencyInjection.ServiceLookup.CallSiteFactory.TryCreateExact(ServiceDescriptor descriptor, ServiceIdentifier serviceIdentifier, CallSiteChain callSiteChain, Int32 slot)
   at Microsoft.Extensions.DependencyInjection.ServiceLookup.CallSiteFactory.TryCreateExact(ServiceIdentifier serviceIdentifier, CallSiteChain callSiteChain)
   at Microsoft.Extensions.DependencyInjection.ServiceLookup.CallSiteFactory.CreateCallSite(ServiceIdentifier serviceIdentifier, CallSiteChain callSiteChain)
   at Microsoft.Extensions.DependencyInjection.ServiceLookup.CallSiteFactory.CreateArgumentCallSites(ServiceIdentifier serviceIdentifier, Type implementationType, CallSiteChain callSiteChain, ParameterInfo[] parameters, Boolean throwIfCallSiteNotFound)
   at Microsoft.Extensions.DependencyInjection.ServiceLookup.CallSiteFactory.CreateConstructorCallSite(ResultCache lifetime, ServiceIdentifier serviceIdentifier, Type implementationType, CallSiteChain callSiteChain)
   at Microsoft.Extensions.DependencyInjection.ServiceLookup.CallSiteFactory.TryCreateExact(ServiceDescriptor descriptor, ServiceIdentifier serviceIdentifier, CallSiteChain callSiteChain, Int32 slot)
   at Microsoft.Extensions.DependencyInjection.ServiceLookup.CallSiteFactory.GetCallSite(ServiceDescriptor serviceDescriptor, CallSiteChain callSiteChain)
   at Microsoft.Extensions.DependencyInjection.ServiceProvider.ValidateService(ServiceDescriptor descriptor)
----- Inner Stack Trace #5 (System.InvalidOperationException) -----
   at Microsoft.Extensions.DependencyInjection.ServiceProvider.ValidateService(ServiceDescriptor descriptor)
   at Microsoft.Extensions.DependencyInjection.ServiceProvider..ctor(ICollection`1 serviceDescriptors, ServiceProviderOptions options)
----- Inner Stack Trace -----
   at Microsoft.Extensions.DependencyInjection.ServiceLookup.CallSiteFactory.CreateArgumentCallSites(ServiceIdentifier serviceIdentifier, Type implementationType, CallSiteChain callSiteChain, ParameterInfo[] parameters, Boolean throwIfCallSiteNotFound)
   at Microsoft.Extensions.DependencyInjection.ServiceLookup.CallSiteFactory.CreateConstructorCallSite(ResultCache lifetime, ServiceIdentifier serviceIdentifier, Type implementationType, CallSiteChain callSiteChain)
   at Microsoft.Extensions.DependencyInjection.ServiceLookup.CallSiteFactory.TryCreateExact(ServiceDescriptor descriptor, ServiceIdentifier serviceIdentifier, CallSiteChain callSiteChain, Int32 slot)
   at Microsoft.Extensions.DependencyInjection.ServiceLookup.CallSiteFactory.GetCallSite(ServiceDescriptor serviceDescriptor, CallSiteChain callSiteChain)
   at Microsoft.Extensions.DependencyInjection.ServiceProvider.ValidateService(ServiceDescriptor descriptor)
  Failed Industrial.Adam.Oee.Tests.Integration.JobsControllerIntegrationTests.GetWorkOrder_WithInvalidId_ReturnsNotFoundOrBadRequest(workOrderId: "") [1 ms]
  Error Message:
   System.AggregateException : Some services are not able to be constructed (Error while validating the service descriptor 'ServiceType: Industrial.Adam.Oee.Domain.Interfaces.IJobSequencingService Lifetime: Scoped ImplementationType: Industrial.Adam.Oee.Domain.Services.JobSequencingService': Unable to resolve service for type 'Industrial.Adam.Oee.Domain.Interfaces.IEquipmentLineRepository' while attempting to activate 'Industrial.Adam.Oee.Domain.Services.JobSequencingService'.) (Error while validating the service descriptor 'ServiceType: Industrial.Adam.Oee.Domain.Interfaces.IEquipmentLineService Lifetime: Scoped ImplementationType: Industrial.Adam.Oee.Domain.Services.EquipmentLineService': Unable to resolve service for type 'Industrial.Adam.Oee.Domain.Interfaces.IEquipmentLineRepository' while attempting to activate 'Industrial.Adam.Oee.Domain.Services.EquipmentLineService'.) (Error while validating the service descriptor 'ServiceType: Industrial.Adam.Oee.Domain.Interfaces.IStoppageDetectionService Lifetime: Scoped ImplementationType: Industrial.Adam.Oee.Domain.Services.StoppageDetectionService': Unable to resolve service for type 'Industrial.Adam.Oee.Domain.Interfaces.IEquipmentLineRepository' while attempting to activate 'Industrial.Adam.Oee.Domain.Services.StoppageDetectionService'.) (Error while validating the service descriptor 'ServiceType: MediatR.IRequestHandler`2[Industrial.Adam.Oee.Application.Commands.StartWorkOrderCommand,System.String] Lifetime: Transient ImplementationType: Industrial.Adam.Oee.Application.Commands.Handlers.StartWorkOrderCommandHandler': Unable to resolve service for type 'Industrial.Adam.Oee.Domain.Interfaces.IEquipmentLineRepository' while attempting to activate 'Industrial.Adam.Oee.Domain.Services.JobSequencingService'.) (Error while validating the service descriptor 'ServiceType: Industrial.Adam.Oee.Domain.Interfaces.ISimpleJobQueueService Lifetime: Scoped ImplementationType: Industrial.Adam.Oee.Domain.Services.SimpleJobQueueService': Unable to resolve service for type 'Industrial.Adam.Oee.Domain.Interfaces.ISimpleJobQueueRepository' while attempting to activate 'Industrial.Adam.Oee.Domain.Services.SimpleJobQueueService'.)
---- System.InvalidOperationException : Error while validating the service descriptor 'ServiceType: Industrial.Adam.Oee.Domain.Interfaces.IJobSequencingService Lifetime: Scoped ImplementationType: Industrial.Adam.Oee.Domain.Services.JobSequencingService': Unable to resolve service for type 'Industrial.Adam.Oee.Domain.Interfaces.IEquipmentLineRepository' while attempting to activate 'Industrial.Adam.Oee.Domain.Services.JobSequencingService'.
-------- System.InvalidOperationException : Unable to resolve service for type 'Industrial.Adam.Oee.Domain.Interfaces.IEquipmentLineRepository' while attempting to activate 'Industrial.Adam.Oee.Domain.Services.JobSequencingService'.
---- System.InvalidOperationException : Error while validating the service descriptor 'ServiceType: Industrial.Adam.Oee.Domain.Interfaces.IEquipmentLineService Lifetime: Scoped ImplementationType: Industrial.Adam.Oee.Domain.Services.EquipmentLineService': Unable to resolve service for type 'Industrial.Adam.Oee.Domain.Interfaces.IEquipmentLineRepository' while attempting to activate 'Industrial.Adam.Oee.Domain.Services.EquipmentLineService'.
-------- System.InvalidOperationException : Unable to resolve service for type 'Industrial.Adam.Oee.Domain.Interfaces.IEquipmentLineRepository' while attempting to activate 'Industrial.Adam.Oee.Domain.Services.EquipmentLineService'.
---- System.InvalidOperationException : Error while validating the service descriptor 'ServiceType: Industrial.Adam.Oee.Domain.Interfaces.IStoppageDetectionService Lifetime: Scoped ImplementationType: Industrial.Adam.Oee.Domain.Services.StoppageDetectionService': Unable to resolve service for type 'Industrial.Adam.Oee.Domain.Interfaces.IEquipmentLineRepository' while attempting to activate 'Industrial.Adam.Oee.Domain.Services.StoppageDetectionService'.
-------- System.InvalidOperationException : Unable to resolve service for type 'Industrial.Adam.Oee.Domain.Interfaces.IEquipmentLineRepository' while attempting to activate 'Industrial.Adam.Oee.Domain.Services.StoppageDetectionService'.
---- System.InvalidOperationException : Error while validating the service descriptor 'ServiceType: MediatR.IRequestHandler`2[Industrial.Adam.Oee.Application.Commands.StartWorkOrderCommand,System.String] Lifetime: Transient ImplementationType: Industrial.Adam.Oee.Application.Commands.Handlers.StartWorkOrderCommandHandler': Unable to resolve service for type 'Industrial.Adam.Oee.Domain.Interfaces.IEquipmentLineRepository' while attempting to activate 'Industrial.Adam.Oee.Domain.Services.JobSequencingService'.
-------- System.InvalidOperationException : Unable to resolve service for type 'Industrial.Adam.Oee.Domain.Interfaces.IEquipmentLineRepository' while attempting to activate 'Industrial.Adam.Oee.Domain.Services.JobSequencingService'.
---- System.InvalidOperationException : Error while validating the service descriptor 'ServiceType: Industrial.Adam.Oee.Domain.Interfaces.ISimpleJobQueueService Lifetime: Scoped ImplementationType: Industrial.Adam.Oee.Domain.Services.SimpleJobQueueService': Unable to resolve service for type 'Industrial.Adam.Oee.Domain.Interfaces.ISimpleJobQueueRepository' while attempting to activate 'Industrial.Adam.Oee.Domain.Services.SimpleJobQueueService'.
-------- System.InvalidOperationException : Unable to resolve service for type 'Industrial.Adam.Oee.Domain.Interfaces.ISimpleJobQueueRepository' while attempting to activate 'Industrial.Adam.Oee.Domain.Services.SimpleJobQueueService'.
  Stack Trace:
     at Microsoft.Extensions.DependencyInjection.ServiceProvider..ctor(ICollection`1 serviceDescriptors, ServiceProviderOptions options)
   at Microsoft.Extensions.DependencyInjection.ServiceCollectionContainerBuilderExtensions.BuildServiceProvider(IServiceCollection services, ServiceProviderOptions options)
   at Microsoft.Extensions.Hosting.HostApplicationBuilder.Build()
   at Microsoft.AspNetCore.Builder.WebApplicationBuilder.Build()
   at Program.<Main>$(String[] args) in /home/grant/adam-6000-counter/src/Industrial.Adam.Oee/WebApi/Program.cs:line 89
   at InvokeStub_Program.<Main>$(Object, Span`1)
   at System.Reflection.MethodBaseInvoker.InvokeWithOneArg(Object obj, BindingFlags invokeAttr, Binder binder, Object[] parameters, CultureInfo culture)
--- End of stack trace from previous location ---
   at Microsoft.Extensions.Hosting.HostFactoryResolver.HostingListener.CreateHost()
   at Microsoft.Extensions.Hosting.HostFactoryResolver.<>c__DisplayClass10_0.<ResolveHostFactory>b__0(String[] args)
   at Microsoft.AspNetCore.Mvc.Testing.DeferredHostBuilder.Build()
   at Microsoft.AspNetCore.Mvc.Testing.WebApplicationFactory`1.CreateHost(IHostBuilder builder)
   at Microsoft.AspNetCore.Mvc.Testing.WebApplicationFactory`1.ConfigureHostBuilder(IHostBuilder hostBuilder)
   at Microsoft.AspNetCore.Mvc.Testing.WebApplicationFactory`1.EnsureServer()
   at Microsoft.AspNetCore.Mvc.Testing.WebApplicationFactory`1.CreateDefaultClient(DelegatingHandler[] handlers)
   at Microsoft.AspNetCore.Mvc.Testing.WebApplicationFactory`1.CreateDefaultClient(Uri baseAddress, DelegatingHandler[] handlers)
   at Microsoft.AspNetCore.Mvc.Testing.WebApplicationFactory`1.CreateClient(WebApplicationFactoryClientOptions options)
   at Microsoft.AspNetCore.Mvc.Testing.WebApplicationFactory`1.CreateClient()
   at Industrial.Adam.Oee.Tests.Integration.JobsControllerIntegrationTests..ctor(WebApplicationFactory`1 factory) in /home/grant/adam-6000-counter/src/Industrial.Adam.Oee/Tests/Integration/JobsControllerIntegrationTests.cs:line 24
   at InvokeStub_JobsControllerIntegrationTests..ctor(Object, Span`1)
   at System.Reflection.MethodBaseInvoker.InvokeWithOneArg(Object obj, BindingFlags invokeAttr, Binder binder, Object[] parameters, CultureInfo culture)
----- Inner Stack Trace #1 (System.InvalidOperationException) -----
   at Microsoft.Extensions.DependencyInjection.ServiceProvider.ValidateService(ServiceDescriptor descriptor)
   at Microsoft.Extensions.DependencyInjection.ServiceProvider..ctor(ICollection`1 serviceDescriptors, ServiceProviderOptions options)
----- Inner Stack Trace -----
   at Microsoft.Extensions.DependencyInjection.ServiceLookup.CallSiteFactory.CreateArgumentCallSites(ServiceIdentifier serviceIdentifier, Type implementationType, CallSiteChain callSiteChain, ParameterInfo[] parameters, Boolean throwIfCallSiteNotFound)
   at Microsoft.Extensions.DependencyInjection.ServiceLookup.CallSiteFactory.CreateConstructorCallSite(ResultCache lifetime, ServiceIdentifier serviceIdentifier, Type implementationType, CallSiteChain callSiteChain)
   at Microsoft.Extensions.DependencyInjection.ServiceLookup.CallSiteFactory.TryCreateExact(ServiceDescriptor descriptor, ServiceIdentifier serviceIdentifier, CallSiteChain callSiteChain, Int32 slot)
   at Microsoft.Extensions.DependencyInjection.ServiceLookup.CallSiteFactory.GetCallSite(ServiceDescriptor serviceDescriptor, CallSiteChain callSiteChain)
   at Microsoft.Extensions.DependencyInjection.ServiceProvider.ValidateService(ServiceDescriptor descriptor)
----- Inner Stack Trace #2 (System.InvalidOperationException) -----
   at Microsoft.Extensions.DependencyInjection.ServiceProvider.ValidateService(ServiceDescriptor descriptor)
   at Microsoft.Extensions.DependencyInjection.ServiceProvider..ctor(ICollection`1 serviceDescriptors, ServiceProviderOptions options)
----- Inner Stack Trace -----
   at Microsoft.Extensions.DependencyInjection.ServiceLookup.CallSiteFactory.CreateArgumentCallSites(ServiceIdentifier serviceIdentifier, Type implementationType, CallSiteChain callSiteChain, ParameterInfo[] parameters, Boolean throwIfCallSiteNotFound)
   at Microsoft.Extensions.DependencyInjection.ServiceLookup.CallSiteFactory.CreateConstructorCallSite(ResultCache lifetime, ServiceIdentifier serviceIdentifier, Type implementationType, CallSiteChain callSiteChain)
   at Microsoft.Extensions.DependencyInjection.ServiceLookup.CallSiteFactory.TryCreateExact(ServiceDescriptor descriptor, ServiceIdentifier serviceIdentifier, CallSiteChain callSiteChain, Int32 slot)
   at Microsoft.Extensions.DependencyInjection.ServiceLookup.CallSiteFactory.GetCallSite(ServiceDescriptor serviceDescriptor, CallSiteChain callSiteChain)
   at Microsoft.Extensions.DependencyInjection.ServiceProvider.ValidateService(ServiceDescriptor descriptor)
----- Inner Stack Trace #3 (System.InvalidOperationException) -----
   at Microsoft.Extensions.DependencyInjection.ServiceProvider.ValidateService(ServiceDescriptor descriptor)
   at Microsoft.Extensions.DependencyInjection.ServiceProvider..ctor(ICollection`1 serviceDescriptors, ServiceProviderOptions options)
----- Inner Stack Trace -----
   at Microsoft.Extensions.DependencyInjection.ServiceLookup.CallSiteFactory.CreateArgumentCallSites(ServiceIdentifier serviceIdentifier, Type implementationType, CallSiteChain callSiteChain, ParameterInfo[] parameters, Boolean throwIfCallSiteNotFound)
   at Microsoft.Extensions.DependencyInjection.ServiceLookup.CallSiteFactory.CreateConstructorCallSite(ResultCache lifetime, ServiceIdentifier serviceIdentifier, Type implementationType, CallSiteChain callSiteChain)
   at Microsoft.Extensions.DependencyInjection.ServiceLookup.CallSiteFactory.TryCreateExact(ServiceDescriptor descriptor, ServiceIdentifier serviceIdentifier, CallSiteChain callSiteChain, Int32 slot)
   at Microsoft.Extensions.DependencyInjection.ServiceLookup.CallSiteFactory.GetCallSite(ServiceDescriptor serviceDescriptor, CallSiteChain callSiteChain)
   at Microsoft.Extensions.DependencyInjection.ServiceProvider.ValidateService(ServiceDescriptor descriptor)
----- Inner Stack Trace #4 (System.InvalidOperationException) -----
   at Microsoft.Extensions.DependencyInjection.ServiceProvider.ValidateService(ServiceDescriptor descriptor)
   at Microsoft.Extensions.DependencyInjection.ServiceProvider..ctor(ICollection`1 serviceDescriptors, ServiceProviderOptions options)
----- Inner Stack Trace -----
   at Microsoft.Extensions.DependencyInjection.ServiceLookup.CallSiteFactory.CreateArgumentCallSites(ServiceIdentifier serviceIdentifier, Type implementationType, CallSiteChain callSiteChain, ParameterInfo[] parameters, Boolean throwIfCallSiteNotFound)
   at Microsoft.Extensions.DependencyInjection.ServiceLookup.CallSiteFactory.CreateConstructorCallSite(ResultCache lifetime, ServiceIdentifier serviceIdentifier, Type implementationType, CallSiteChain callSiteChain)
   at Microsoft.Extensions.DependencyInjection.ServiceLookup.CallSiteFactory.TryCreateExact(ServiceDescriptor descriptor, ServiceIdentifier serviceIdentifier, CallSiteChain callSiteChain, Int32 slot)
   at Microsoft.Extensions.DependencyInjection.ServiceLookup.CallSiteFactory.TryCreateExact(ServiceIdentifier serviceIdentifier, CallSiteChain callSiteChain)
   at Microsoft.Extensions.DependencyInjection.ServiceLookup.CallSiteFactory.CreateCallSite(ServiceIdentifier serviceIdentifier, CallSiteChain callSiteChain)
   at Microsoft.Extensions.DependencyInjection.ServiceLookup.CallSiteFactory.CreateArgumentCallSites(ServiceIdentifier serviceIdentifier, Type implementationType, CallSiteChain callSiteChain, ParameterInfo[] parameters, Boolean throwIfCallSiteNotFound)
   at Microsoft.Extensions.DependencyInjection.ServiceLookup.CallSiteFactory.CreateConstructorCallSite(ResultCache lifetime, ServiceIdentifier serviceIdentifier, Type implementationType, CallSiteChain callSiteChain)
   at Microsoft.Extensions.DependencyInjection.ServiceLookup.CallSiteFactory.TryCreateExact(ServiceDescriptor descriptor, ServiceIdentifier serviceIdentifier, CallSiteChain callSiteChain, Int32 slot)
   at Microsoft.Extensions.DependencyInjection.ServiceLookup.CallSiteFactory.GetCallSite(ServiceDescriptor serviceDescriptor, CallSiteChain callSiteChain)
   at Microsoft.Extensions.DependencyInjection.ServiceProvider.ValidateService(ServiceDescriptor descriptor)
----- Inner Stack Trace #5 (System.InvalidOperationException) -----
   at Microsoft.Extensions.DependencyInjection.ServiceProvider.ValidateService(ServiceDescriptor descriptor)
   at Microsoft.Extensions.DependencyInjection.ServiceProvider..ctor(ICollection`1 serviceDescriptors, ServiceProviderOptions options)
----- Inner Stack Trace -----
   at Microsoft.Extensions.DependencyInjection.ServiceLookup.CallSiteFactory.CreateArgumentCallSites(ServiceIdentifier serviceIdentifier, Type implementationType, CallSiteChain callSiteChain, ParameterInfo[] parameters, Boolean throwIfCallSiteNotFound)
   at Microsoft.Extensions.DependencyInjection.ServiceLookup.CallSiteFactory.CreateConstructorCallSite(ResultCache lifetime, ServiceIdentifier serviceIdentifier, Type implementationType, CallSiteChain callSiteChain)
   at Microsoft.Extensions.DependencyInjection.ServiceLookup.CallSiteFactory.TryCreateExact(ServiceDescriptor descriptor, ServiceIdentifier serviceIdentifier, CallSiteChain callSiteChain, Int32 slot)
   at Microsoft.Extensions.DependencyInjection.ServiceLookup.CallSiteFactory.GetCallSite(ServiceDescriptor serviceDescriptor, CallSiteChain callSiteChain)
   at Microsoft.Extensions.DependencyInjection.ServiceProvider.ValidateService(ServiceDescriptor descriptor)
  Failed Industrial.Adam.Oee.Tests.Integration.SignalR.StoppageNotificationHubTests.Hub_RespondsToHeartbeat_Successfully [185 ms]
  Error Message:
   System.AggregateException : Some services are not able to be constructed (Error while validating the service descriptor 'ServiceType: Industrial.Adam.Oee.Domain.Interfaces.IJobSequencingService Lifetime: Scoped ImplementationType: Industrial.Adam.Oee.Domain.Services.JobSequencingService': Unable to resolve service for type 'Industrial.Adam.Oee.Domain.Interfaces.IEquipmentLineRepository' while attempting to activate 'Industrial.Adam.Oee.Domain.Services.JobSequencingService'.) (Error while validating the service descriptor 'ServiceType: Industrial.Adam.Oee.Domain.Interfaces.IEquipmentLineService Lifetime: Scoped ImplementationType: Industrial.Adam.Oee.Domain.Services.EquipmentLineService': Unable to resolve service for type 'Industrial.Adam.Oee.Domain.Interfaces.IEquipmentLineRepository' while attempting to activate 'Industrial.Adam.Oee.Domain.Services.EquipmentLineService'.) (Error while validating the service descriptor 'ServiceType: Industrial.Adam.Oee.Domain.Interfaces.IStoppageDetectionService Lifetime: Scoped ImplementationType: Industrial.Adam.Oee.Domain.Services.StoppageDetectionService': Unable to resolve service for type 'Industrial.Adam.Oee.Domain.Interfaces.IEquipmentLineRepository' while attempting to activate 'Industrial.Adam.Oee.Domain.Services.StoppageDetectionService'.) (Error while validating the service descriptor 'ServiceType: MediatR.IRequestHandler`2[Industrial.Adam.Oee.Application.Commands.StartWorkOrderCommand,System.String] Lifetime: Transient ImplementationType: Industrial.Adam.Oee.Application.Commands.Handlers.StartWorkOrderCommandHandler': Unable to resolve service for type 'Industrial.Adam.Oee.Domain.Interfaces.IEquipmentLineRepository' while attempting to activate 'Industrial.Adam.Oee.Domain.Services.JobSequencingService'.) (Error while validating the service descriptor 'ServiceType: Industrial.Adam.Oee.Domain.Interfaces.ISimpleJobQueueService Lifetime: Scoped ImplementationType: Industrial.Adam.Oee.Domain.Services.SimpleJobQueueService': Unable to resolve service for type 'Industrial.Adam.Oee.Domain.Interfaces.ISimpleJobQueueRepository' while attempting to activate 'Industrial.Adam.Oee.Domain.Services.SimpleJobQueueService'.)
---- System.InvalidOperationException : Error while validating the service descriptor 'ServiceType: Industrial.Adam.Oee.Domain.Interfaces.IJobSequencingService Lifetime: Scoped ImplementationType: Industrial.Adam.Oee.Domain.Services.JobSequencingService': Unable to resolve service for type 'Industrial.Adam.Oee.Domain.Interfaces.IEquipmentLineRepository' while attempting to activate 'Industrial.Adam.Oee.Domain.Services.JobSequencingService'.
-------- System.InvalidOperationException : Unable to resolve service for type 'Industrial.Adam.Oee.Domain.Interfaces.IEquipmentLineRepository' while attempting to activate 'Industrial.Adam.Oee.Domain.Services.JobSequencingService'.
---- System.InvalidOperationException : Error while validating the service descriptor 'ServiceType: Industrial.Adam.Oee.Domain.Interfaces.IEquipmentLineService Lifetime: Scoped ImplementationType: Industrial.Adam.Oee.Domain.Services.EquipmentLineService': Unable to resolve service for type 'Industrial.Adam.Oee.Domain.Interfaces.IEquipmentLineRepository' while attempting to activate 'Industrial.Adam.Oee.Domain.Services.EquipmentLineService'.
-------- System.InvalidOperationException : Unable to resolve service for type 'Industrial.Adam.Oee.Domain.Interfaces.IEquipmentLineRepository' while attempting to activate 'Industrial.Adam.Oee.Domain.Services.EquipmentLineService'.
---- System.InvalidOperationException : Error while validating the service descriptor 'ServiceType: Industrial.Adam.Oee.Domain.Interfaces.IStoppageDetectionService Lifetime: Scoped ImplementationType: Industrial.Adam.Oee.Domain.Services.StoppageDetectionService': Unable to resolve service for type 'Industrial.Adam.Oee.Domain.Interfaces.IEquipmentLineRepository' while attempting to activate 'Industrial.Adam.Oee.Domain.Services.StoppageDetectionService'.
-------- System.InvalidOperationException : Unable to resolve service for type 'Industrial.Adam.Oee.Domain.Interfaces.IEquipmentLineRepository' while attempting to activate 'Industrial.Adam.Oee.Domain.Services.StoppageDetectionService'.
---- System.InvalidOperationException : Error while validating the service descriptor 'ServiceType: MediatR.IRequestHandler`2[Industrial.Adam.Oee.Application.Commands.StartWorkOrderCommand,System.String] Lifetime: Transient ImplementationType: Industrial.Adam.Oee.Application.Commands.Handlers.StartWorkOrderCommandHandler': Unable to resolve service for type 'Industrial.Adam.Oee.Domain.Interfaces.IEquipmentLineRepository' while attempting to activate 'Industrial.Adam.Oee.Domain.Services.JobSequencingService'.
-------- System.InvalidOperationException : Unable to resolve service for type 'Industrial.Adam.Oee.Domain.Interfaces.IEquipmentLineRepository' while attempting to activate 'Industrial.Adam.Oee.Domain.Services.JobSequencingService'.
---- System.InvalidOperationException : Error while validating the service descriptor 'ServiceType: Industrial.Adam.Oee.Domain.Interfaces.ISimpleJobQueueService Lifetime: Scoped ImplementationType: Industrial.Adam.Oee.Domain.Services.SimpleJobQueueService': Unable to resolve service for type 'Industrial.Adam.Oee.Domain.Interfaces.ISimpleJobQueueRepository' while attempting to activate 'Industrial.Adam.Oee.Domain.Services.SimpleJobQueueService'.
-------- System.InvalidOperationException : Unable to resolve service for type 'Industrial.Adam.Oee.Domain.Interfaces.ISimpleJobQueueRepository' while attempting to activate 'Industrial.Adam.Oee.Domain.Services.SimpleJobQueueService'.
  Stack Trace:
     at Microsoft.Extensions.DependencyInjection.ServiceProvider..ctor(ICollection`1 serviceDescriptors, ServiceProviderOptions options)
   at Microsoft.Extensions.DependencyInjection.ServiceCollectionContainerBuilderExtensions.BuildServiceProvider(IServiceCollection services, ServiceProviderOptions options)
   at Microsoft.Extensions.Hosting.HostApplicationBuilder.Build()
   at Microsoft.AspNetCore.Builder.WebApplicationBuilder.Build()
   at Program.<Main>$(String[] args) in /home/grant/adam-6000-counter/src/Industrial.Adam.Oee/WebApi/Program.cs:line 89
   at InvokeStub_Program.<Main>$(Object, Span`1)
   at System.Reflection.MethodBaseInvoker.InvokeWithOneArg(Object obj, BindingFlags invokeAttr, Binder binder, Object[] parameters, CultureInfo culture)
--- End of stack trace from previous location ---
   at Microsoft.Extensions.Hosting.HostFactoryResolver.HostingListener.CreateHost()
   at Microsoft.Extensions.Hosting.HostFactoryResolver.<>c__DisplayClass10_0.<ResolveHostFactory>b__0(String[] args)
   at Microsoft.AspNetCore.Mvc.Testing.DeferredHostBuilder.Build()
   at Microsoft.AspNetCore.Mvc.Testing.WebApplicationFactory`1.CreateHost(IHostBuilder builder)
   at Microsoft.AspNetCore.Mvc.Testing.WebApplicationFactory`1.ConfigureHostBuilder(IHostBuilder hostBuilder)
   at Microsoft.AspNetCore.Mvc.Testing.WebApplicationFactory`1.EnsureServer()
   at Microsoft.AspNetCore.Mvc.Testing.WebApplicationFactory`1.CreateDefaultClient(DelegatingHandler[] handlers)
   at Microsoft.AspNetCore.Mvc.Testing.WebApplicationFactory`1.CreateDefaultClient(Uri baseAddress, DelegatingHandler[] handlers)
   at Microsoft.AspNetCore.Mvc.Testing.WebApplicationFactory`1.CreateClient(WebApplicationFactoryClientOptions options)
   at Microsoft.AspNetCore.Mvc.Testing.WebApplicationFactory`1.CreateClient()
   at Industrial.Adam.Oee.Tests.Integration.SignalR.StoppageNotificationHubTests.CreateConnectionAsync() in /home/grant/adam-6000-counter/src/Industrial.Adam.Oee/Tests/Integration/SignalR/StoppageNotificationHubTests.cs:line 254
   at Industrial.Adam.Oee.Tests.Integration.SignalR.StoppageNotificationHubTests.Hub_RespondsToHeartbeat_Successfully() in /home/grant/adam-6000-counter/src/Industrial.Adam.Oee/Tests/Integration/SignalR/StoppageNotificationHubTests.cs:line 151
--- End of stack trace from previous location ---
----- Inner Stack Trace #1 (System.InvalidOperationException) -----
   at Microsoft.Extensions.DependencyInjection.ServiceProvider.ValidateService(ServiceDescriptor descriptor)
   at Microsoft.Extensions.DependencyInjection.ServiceProvider..ctor(ICollection`1 serviceDescriptors, ServiceProviderOptions options)
----- Inner Stack Trace -----
   at Microsoft.Extensions.DependencyInjection.ServiceLookup.CallSiteFactory.CreateArgumentCallSites(ServiceIdentifier serviceIdentifier, Type implementationType, CallSiteChain callSiteChain, ParameterInfo[] parameters, Boolean throwIfCallSiteNotFound)
   at Microsoft.Extensions.DependencyInjection.ServiceLookup.CallSiteFactory.CreateConstructorCallSite(ResultCache lifetime, ServiceIdentifier serviceIdentifier, Type implementationType, CallSiteChain callSiteChain)
   at Microsoft.Extensions.DependencyInjection.ServiceLookup.CallSiteFactory.TryCreateExact(ServiceDescriptor descriptor, ServiceIdentifier serviceIdentifier, CallSiteChain callSiteChain, Int32 slot)
   at Microsoft.Extensions.DependencyInjection.ServiceLookup.CallSiteFactory.GetCallSite(ServiceDescriptor serviceDescriptor, CallSiteChain callSiteChain)
   at Microsoft.Extensions.DependencyInjection.ServiceProvider.ValidateService(ServiceDescriptor descriptor)
----- Inner Stack Trace #2 (System.InvalidOperationException) -----
   at Microsoft.Extensions.DependencyInjection.ServiceProvider.ValidateService(ServiceDescriptor descriptor)
   at Microsoft.Extensions.DependencyInjection.ServiceProvider..ctor(ICollection`1 serviceDescriptors, ServiceProviderOptions options)
----- Inner Stack Trace -----
   at Microsoft.Extensions.DependencyInjection.ServiceLookup.CallSiteFactory.CreateArgumentCallSites(ServiceIdentifier serviceIdentifier, Type implementationType, CallSiteChain callSiteChain, ParameterInfo[] parameters, Boolean throwIfCallSiteNotFound)
   at Microsoft.Extensions.DependencyInjection.ServiceLookup.CallSiteFactory.CreateConstructorCallSite(ResultCache lifetime, ServiceIdentifier serviceIdentifier, Type implementationType, CallSiteChain callSiteChain)
   at Microsoft.Extensions.DependencyInjection.ServiceLookup.CallSiteFactory.TryCreateExact(ServiceDescriptor descriptor, ServiceIdentifier serviceIdentifier, CallSiteChain callSiteChain, Int32 slot)
   at Microsoft.Extensions.DependencyInjection.ServiceLookup.CallSiteFactory.GetCallSite(ServiceDescriptor serviceDescriptor, CallSiteChain callSiteChain)
   at Microsoft.Extensions.DependencyInjection.ServiceProvider.ValidateService(ServiceDescriptor descriptor)
----- Inner Stack Trace #3 (System.InvalidOperationException) -----
   at Microsoft.Extensions.DependencyInjection.ServiceProvider.ValidateService(ServiceDescriptor descriptor)
   at Microsoft.Extensions.DependencyInjection.ServiceProvider..ctor(ICollection`1 serviceDescriptors, ServiceProviderOptions options)
----- Inner Stack Trace -----
   at Microsoft.Extensions.DependencyInjection.ServiceLookup.CallSiteFactory.CreateArgumentCallSites(ServiceIdentifier serviceIdentifier, Type implementationType, CallSiteChain callSiteChain, ParameterInfo[] parameters, Boolean throwIfCallSiteNotFound)
   at Microsoft.Extensions.DependencyInjection.ServiceLookup.CallSiteFactory.CreateConstructorCallSite(ResultCache lifetime, ServiceIdentifier serviceIdentifier, Type implementationType, CallSiteChain callSiteChain)
   at Microsoft.Extensions.DependencyInjection.ServiceLookup.CallSiteFactory.TryCreateExact(ServiceDescriptor descriptor, ServiceIdentifier serviceIdentifier, CallSiteChain callSiteChain, Int32 slot)
   at Microsoft.Extensions.DependencyInjection.ServiceLookup.CallSiteFactory.GetCallSite(ServiceDescriptor serviceDescriptor, CallSiteChain callSiteChain)
   at Microsoft.Extensions.DependencyInjection.ServiceProvider.ValidateService(ServiceDescriptor descriptor)
----- Inner Stack Trace #4 (System.InvalidOperationException) -----
   at Microsoft.Extensions.DependencyInjection.ServiceProvider.ValidateService(ServiceDescriptor descriptor)
   at Microsoft.Extensions.DependencyInjection.ServiceProvider..ctor(ICollection`1 serviceDescriptors, ServiceProviderOptions options)
----- Inner Stack Trace -----
   at Microsoft.Extensions.DependencyInjection.ServiceLookup.CallSiteFactory.CreateArgumentCallSites(ServiceIdentifier serviceIdentifier, Type implementationType, CallSiteChain callSiteChain, ParameterInfo[] parameters, Boolean throwIfCallSiteNotFound)
   at Microsoft.Extensions.DependencyInjection.ServiceLookup.CallSiteFactory.CreateConstructorCallSite(ResultCache lifetime, ServiceIdentifier serviceIdentifier, Type implementationType, CallSiteChain callSiteChain)
   at Microsoft.Extensions.DependencyInjection.ServiceLookup.CallSiteFactory.TryCreateExact(ServiceDescriptor descriptor, ServiceIdentifier serviceIdentifier, CallSiteChain callSiteChain, Int32 slot)
   at Microsoft.Extensions.DependencyInjection.ServiceLookup.CallSiteFactory.TryCreateExact(ServiceIdentifier serviceIdentifier, CallSiteChain callSiteChain)
   at Microsoft.Extensions.DependencyInjection.ServiceLookup.CallSiteFactory.CreateCallSite(ServiceIdentifier serviceIdentifier, CallSiteChain callSiteChain)
   at Microsoft.Extensions.DependencyInjection.ServiceLookup.CallSiteFactory.CreateArgumentCallSites(ServiceIdentifier serviceIdentifier, Type implementationType, CallSiteChain callSiteChain, ParameterInfo[] parameters, Boolean throwIfCallSiteNotFound)
   at Microsoft.Extensions.DependencyInjection.ServiceLookup.CallSiteFactory.CreateConstructorCallSite(ResultCache lifetime, ServiceIdentifier serviceIdentifier, Type implementationType, CallSiteChain callSiteChain)
   at Microsoft.Extensions.DependencyInjection.ServiceLookup.CallSiteFactory.TryCreateExact(ServiceDescriptor descriptor, ServiceIdentifier serviceIdentifier, CallSiteChain callSiteChain, Int32 slot)
   at Microsoft.Extensions.DependencyInjection.ServiceLookup.CallSiteFactory.GetCallSite(ServiceDescriptor serviceDescriptor, CallSiteChain callSiteChain)
   at Microsoft.Extensions.DependencyInjection.ServiceProvider.ValidateService(ServiceDescriptor descriptor)
----- Inner Stack Trace #5 (System.InvalidOperationException) -----
   at Microsoft.Extensions.DependencyInjection.ServiceProvider.ValidateService(ServiceDescriptor descriptor)
   at Microsoft.Extensions.DependencyInjection.ServiceProvider..ctor(ICollection`1 serviceDescriptors, ServiceProviderOptions options)
----- Inner Stack Trace -----
   at Microsoft.Extensions.DependencyInjection.ServiceLookup.CallSiteFactory.CreateArgumentCallSites(ServiceIdentifier serviceIdentifier, Type implementationType, CallSiteChain callSiteChain, ParameterInfo[] parameters, Boolean throwIfCallSiteNotFound)
   at Microsoft.Extensions.DependencyInjection.ServiceLookup.CallSiteFactory.CreateConstructorCallSite(ResultCache lifetime, ServiceIdentifier serviceIdentifier, Type implementationType, CallSiteChain callSiteChain)
   at Microsoft.Extensions.DependencyInjection.ServiceLookup.CallSiteFactory.TryCreateExact(ServiceDescriptor descriptor, ServiceIdentifier serviceIdentifier, CallSiteChain callSiteChain, Int32 slot)
   at Microsoft.Extensions.DependencyInjection.ServiceLookup.CallSiteFactory.GetCallSite(ServiceDescriptor serviceDescriptor, CallSiteChain callSiteChain)
   at Microsoft.Extensions.DependencyInjection.ServiceProvider.ValidateService(ServiceDescriptor descriptor)
  Failed Industrial.Adam.Oee.Tests.Integration.StoppagesControllerIntegrationTests.GetCurrentStoppage_WithInvalidMinimumMinutes_ReturnsBadRequest(minimumMinutes: -1) [1 ms]
  Error Message:
   System.AggregateException : Some services are not able to be constructed (Error while validating the service descriptor 'ServiceType: Industrial.Adam.Oee.Domain.Interfaces.IJobSequencingService Lifetime: Scoped ImplementationType: Industrial.Adam.Oee.Domain.Services.JobSequencingService': Unable to resolve service for type 'Industrial.Adam.Oee.Domain.Interfaces.IEquipmentLineRepository' while attempting to activate 'Industrial.Adam.Oee.Domain.Services.JobSequencingService'.) (Error while validating the service descriptor 'ServiceType: Industrial.Adam.Oee.Domain.Interfaces.IEquipmentLineService Lifetime: Scoped ImplementationType: Industrial.Adam.Oee.Domain.Services.EquipmentLineService': Unable to resolve service for type 'Industrial.Adam.Oee.Domain.Interfaces.IEquipmentLineRepository' while attempting to activate 'Industrial.Adam.Oee.Domain.Services.EquipmentLineService'.) (Error while validating the service descriptor 'ServiceType: Industrial.Adam.Oee.Domain.Interfaces.IStoppageDetectionService Lifetime: Scoped ImplementationType: Industrial.Adam.Oee.Domain.Services.StoppageDetectionService': Unable to resolve service for type 'Industrial.Adam.Oee.Domain.Interfaces.IEquipmentLineRepository' while attempting to activate 'Industrial.Adam.Oee.Domain.Services.StoppageDetectionService'.) (Error while validating the service descriptor 'ServiceType: MediatR.IRequestHandler`2[Industrial.Adam.Oee.Application.Commands.StartWorkOrderCommand,System.String] Lifetime: Transient ImplementationType: Industrial.Adam.Oee.Application.Commands.Handlers.StartWorkOrderCommandHandler': Unable to resolve service for type 'Industrial.Adam.Oee.Domain.Interfaces.IEquipmentLineRepository' while attempting to activate 'Industrial.Adam.Oee.Domain.Services.JobSequencingService'.) (Error while validating the service descriptor 'ServiceType: Industrial.Adam.Oee.Domain.Interfaces.ISimpleJobQueueService Lifetime: Scoped ImplementationType: Industrial.Adam.Oee.Domain.Services.SimpleJobQueueService': Unable to resolve service for type 'Industrial.Adam.Oee.Domain.Interfaces.ISimpleJobQueueRepository' while attempting to activate 'Industrial.Adam.Oee.Domain.Services.SimpleJobQueueService'.)
---- System.InvalidOperationException : Error while validating the service descriptor 'ServiceType: Industrial.Adam.Oee.Domain.Interfaces.IJobSequencingService Lifetime: Scoped ImplementationType: Industrial.Adam.Oee.Domain.Services.JobSequencingService': Unable to resolve service for type 'Industrial.Adam.Oee.Domain.Interfaces.IEquipmentLineRepository' while attempting to activate 'Industrial.Adam.Oee.Domain.Services.JobSequencingService'.
-------- System.InvalidOperationException : Unable to resolve service for type 'Industrial.Adam.Oee.Domain.Interfaces.IEquipmentLineRepository' while attempting to activate 'Industrial.Adam.Oee.Domain.Services.JobSequencingService'.
---- System.InvalidOperationException : Error while validating the service descriptor 'ServiceType: Industrial.Adam.Oee.Domain.Interfaces.IEquipmentLineService Lifetime: Scoped ImplementationType: Industrial.Adam.Oee.Domain.Services.EquipmentLineService': Unable to resolve service for type 'Industrial.Adam.Oee.Domain.Interfaces.IEquipmentLineRepository' while attempting to activate 'Industrial.Adam.Oee.Domain.Services.EquipmentLineService'.
-------- System.InvalidOperationException : Unable to resolve service for type 'Industrial.Adam.Oee.Domain.Interfaces.IEquipmentLineRepository' while attempting to activate 'Industrial.Adam.Oee.Domain.Services.EquipmentLineService'.
---- System.InvalidOperationException : Error while validating the service descriptor 'ServiceType: Industrial.Adam.Oee.Domain.Interfaces.IStoppageDetectionService Lifetime: Scoped ImplementationType: Industrial.Adam.Oee.Domain.Services.StoppageDetectionService': Unable to resolve service for type 'Industrial.Adam.Oee.Domain.Interfaces.IEquipmentLineRepository' while attempting to activate 'Industrial.Adam.Oee.Domain.Services.StoppageDetectionService'.
-------- System.InvalidOperationException : Unable to resolve service for type 'Industrial.Adam.Oee.Domain.Interfaces.IEquipmentLineRepository' while attempting to activate 'Industrial.Adam.Oee.Domain.Services.StoppageDetectionService'.
---- System.InvalidOperationException : Error while validating the service descriptor 'ServiceType: MediatR.IRequestHandler`2[Industrial.Adam.Oee.Application.Commands.StartWorkOrderCommand,System.String] Lifetime: Transient ImplementationType: Industrial.Adam.Oee.Application.Commands.Handlers.StartWorkOrderCommandHandler': Unable to resolve service for type 'Industrial.Adam.Oee.Domain.Interfaces.IEquipmentLineRepository' while attempting to activate 'Industrial.Adam.Oee.Domain.Services.JobSequencingService'.
-------- System.InvalidOperationException : Unable to resolve service for type 'Industrial.Adam.Oee.Domain.Interfaces.IEquipmentLineRepository' while attempting to activate 'Industrial.Adam.Oee.Domain.Services.JobSequencingService'.
---- System.InvalidOperationException : Error while validating the service descriptor 'ServiceType: Industrial.Adam.Oee.Domain.Interfaces.ISimpleJobQueueService Lifetime: Scoped ImplementationType: Industrial.Adam.Oee.Domain.Services.SimpleJobQueueService': Unable to resolve service for type 'Industrial.Adam.Oee.Domain.Interfaces.ISimpleJobQueueRepository' while attempting to activate 'Industrial.Adam.Oee.Domain.Services.SimpleJobQueueService'.
-------- System.InvalidOperationException : Unable to resolve service for type 'Industrial.Adam.Oee.Domain.Interfaces.ISimpleJobQueueRepository' while attempting to activate 'Industrial.Adam.Oee.Domain.Services.SimpleJobQueueService'.
  Stack Trace:
     at Microsoft.Extensions.DependencyInjection.ServiceProvider..ctor(ICollection`1 serviceDescriptors, ServiceProviderOptions options)
   at Microsoft.Extensions.DependencyInjection.ServiceCollectionContainerBuilderExtensions.BuildServiceProvider(IServiceCollection services, ServiceProviderOptions options)
   at Microsoft.Extensions.Hosting.HostApplicationBuilder.Build()
   at Microsoft.AspNetCore.Builder.WebApplicationBuilder.Build()
   at Program.<Main>$(String[] args) in /home/grant/adam-6000-counter/src/Industrial.Adam.Oee/WebApi/Program.cs:line 89
   at InvokeStub_Program.<Main>$(Object, Span`1)
   at System.Reflection.MethodBaseInvoker.InvokeWithOneArg(Object obj, BindingFlags invokeAttr, Binder binder, Object[] parameters, CultureInfo culture)
--- End of stack trace from previous location ---
   at Microsoft.Extensions.Hosting.HostFactoryResolver.HostingListener.CreateHost()
   at Microsoft.Extensions.Hosting.HostFactoryResolver.<>c__DisplayClass10_0.<ResolveHostFactory>b__0(String[] args)
   at Microsoft.AspNetCore.Mvc.Testing.DeferredHostBuilder.Build()
   at Microsoft.AspNetCore.Mvc.Testing.WebApplicationFactory`1.CreateHost(IHostBuilder builder)
   at Microsoft.AspNetCore.Mvc.Testing.WebApplicationFactory`1.ConfigureHostBuilder(IHostBuilder hostBuilder)
   at Microsoft.AspNetCore.Mvc.Testing.WebApplicationFactory`1.EnsureServer()
   at Microsoft.AspNetCore.Mvc.Testing.WebApplicationFactory`1.CreateDefaultClient(DelegatingHandler[] handlers)
   at Microsoft.AspNetCore.Mvc.Testing.WebApplicationFactory`1.CreateDefaultClient(Uri baseAddress, DelegatingHandler[] handlers)
   at Microsoft.AspNetCore.Mvc.Testing.WebApplicationFactory`1.CreateClient(WebApplicationFactoryClientOptions options)
   at Microsoft.AspNetCore.Mvc.Testing.WebApplicationFactory`1.CreateClient()
   at Industrial.Adam.Oee.Tests.Integration.StoppagesControllerIntegrationTests..ctor(WebApplicationFactory`1 factory) in /home/grant/adam-6000-counter/src/Industrial.Adam.Oee/Tests/Integration/StoppagesControllerIntegrationTests.cs:line 21
   at InvokeStub_StoppagesControllerIntegrationTests..ctor(Object, Span`1)
   at System.Reflection.MethodBaseInvoker.InvokeWithOneArg(Object obj, BindingFlags invokeAttr, Binder binder, Object[] parameters, CultureInfo culture)
----- Inner Stack Trace #1 (System.InvalidOperationException) -----
   at Microsoft.Extensions.DependencyInjection.ServiceProvider.ValidateService(ServiceDescriptor descriptor)
   at Microsoft.Extensions.DependencyInjection.ServiceProvider..ctor(ICollection`1 serviceDescriptors, ServiceProviderOptions options)
----- Inner Stack Trace -----
   at Microsoft.Extensions.DependencyInjection.ServiceLookup.CallSiteFactory.CreateArgumentCallSites(ServiceIdentifier serviceIdentifier, Type implementationType, CallSiteChain callSiteChain, ParameterInfo[] parameters, Boolean throwIfCallSiteNotFound)
   at Microsoft.Extensions.DependencyInjection.ServiceLookup.CallSiteFactory.CreateConstructorCallSite(ResultCache lifetime, ServiceIdentifier serviceIdentifier, Type implementationType, CallSiteChain callSiteChain)
   at Microsoft.Extensions.DependencyInjection.ServiceLookup.CallSiteFactory.TryCreateExact(ServiceDescriptor descriptor, ServiceIdentifier serviceIdentifier, CallSiteChain callSiteChain, Int32 slot)
   at Microsoft.Extensions.DependencyInjection.ServiceLookup.CallSiteFactory.GetCallSite(ServiceDescriptor serviceDescriptor, CallSiteChain callSiteChain)
   at Microsoft.Extensions.DependencyInjection.ServiceProvider.ValidateService(ServiceDescriptor descriptor)
----- Inner Stack Trace #2 (System.InvalidOperationException) -----
   at Microsoft.Extensions.DependencyInjection.ServiceProvider.ValidateService(ServiceDescriptor descriptor)
   at Microsoft.Extensions.DependencyInjection.ServiceProvider..ctor(ICollection`1 serviceDescriptors, ServiceProviderOptions options)
----- Inner Stack Trace -----
   at Microsoft.Extensions.DependencyInjection.ServiceLookup.CallSiteFactory.CreateArgumentCallSites(ServiceIdentifier serviceIdentifier, Type implementationType, CallSiteChain callSiteChain, ParameterInfo[] parameters, Boolean throwIfCallSiteNotFound)
   at Microsoft.Extensions.DependencyInjection.ServiceLookup.CallSiteFactory.CreateConstructorCallSite(ResultCache lifetime, ServiceIdentifier serviceIdentifier, Type implementationType, CallSiteChain callSiteChain)
   at Microsoft.Extensions.DependencyInjection.ServiceLookup.CallSiteFactory.TryCreateExact(ServiceDescriptor descriptor, ServiceIdentifier serviceIdentifier, CallSiteChain callSiteChain, Int32 slot)
   at Microsoft.Extensions.DependencyInjection.ServiceLookup.CallSiteFactory.GetCallSite(ServiceDescriptor serviceDescriptor, CallSiteChain callSiteChain)
   at Microsoft.Extensions.DependencyInjection.ServiceProvider.ValidateService(ServiceDescriptor descriptor)
----- Inner Stack Trace #3 (System.InvalidOperationException) -----
   at Microsoft.Extensions.DependencyInjection.ServiceProvider.ValidateService(ServiceDescriptor descriptor)
   at Microsoft.Extensions.DependencyInjection.ServiceProvider..ctor(ICollection`1 serviceDescriptors, ServiceProviderOptions options)
----- Inner Stack Trace -----
   at Microsoft.Extensions.DependencyInjection.ServiceLookup.CallSiteFactory.CreateArgumentCallSites(ServiceIdentifier serviceIdentifier, Type implementationType, CallSiteChain callSiteChain, ParameterInfo[] parameters, Boolean throwIfCallSiteNotFound)
   at Microsoft.Extensions.DependencyInjection.ServiceLookup.CallSiteFactory.CreateConstructorCallSite(ResultCache lifetime, ServiceIdentifier serviceIdentifier, Type implementationType, CallSiteChain callSiteChain)
   at Microsoft.Extensions.DependencyInjection.ServiceLookup.CallSiteFactory.TryCreateExact(ServiceDescriptor descriptor, ServiceIdentifier serviceIdentifier, CallSiteChain callSiteChain, Int32 slot)
   at Microsoft.Extensions.DependencyInjection.ServiceLookup.CallSiteFactory.GetCallSite(ServiceDescriptor serviceDescriptor, CallSiteChain callSiteChain)
   at Microsoft.Extensions.DependencyInjection.ServiceProvider.ValidateService(ServiceDescriptor descriptor)
----- Inner Stack Trace #4 (System.InvalidOperationException) -----
   at Microsoft.Extensions.DependencyInjection.ServiceProvider.ValidateService(ServiceDescriptor descriptor)
   at Microsoft.Extensions.DependencyInjection.ServiceProvider..ctor(ICollection`1 serviceDescriptors, ServiceProviderOptions options)
----- Inner Stack Trace -----
   at Microsoft.Extensions.DependencyInjection.ServiceLookup.CallSiteFactory.CreateArgumentCallSites(ServiceIdentifier serviceIdentifier, Type implementationType, CallSiteChain callSiteChain, ParameterInfo[] parameters, Boolean throwIfCallSiteNotFound)
   at Microsoft.Extensions.DependencyInjection.ServiceLookup.CallSiteFactory.CreateConstructorCallSite(ResultCache lifetime, ServiceIdentifier serviceIdentifier, Type implementationType, CallSiteChain callSiteChain)
   at Microsoft.Extensions.DependencyInjection.ServiceLookup.CallSiteFactory.TryCreateExact(ServiceDescriptor descriptor, ServiceIdentifier serviceIdentifier, CallSiteChain callSiteChain, Int32 slot)
   at Microsoft.Extensions.DependencyInjection.ServiceLookup.CallSiteFactory.TryCreateExact(ServiceIdentifier serviceIdentifier, CallSiteChain callSiteChain)
   at Microsoft.Extensions.DependencyInjection.ServiceLookup.CallSiteFactory.CreateCallSite(ServiceIdentifier serviceIdentifier, CallSiteChain callSiteChain)
   at Microsoft.Extensions.DependencyInjection.ServiceLookup.CallSiteFactory.CreateArgumentCallSites(ServiceIdentifier serviceIdentifier, Type implementationType, CallSiteChain callSiteChain, ParameterInfo[] parameters, Boolean throwIfCallSiteNotFound)
   at Microsoft.Extensions.DependencyInjection.ServiceLookup.CallSiteFactory.CreateConstructorCallSite(ResultCache lifetime, ServiceIdentifier serviceIdentifier, Type implementationType, CallSiteChain callSiteChain)
   at Microsoft.Extensions.DependencyInjection.ServiceLookup.CallSiteFactory.TryCreateExact(ServiceDescriptor descriptor, ServiceIdentifier serviceIdentifier, CallSiteChain callSiteChain, Int32 slot)
   at Microsoft.Extensions.DependencyInjection.ServiceLookup.CallSiteFactory.GetCallSite(ServiceDescriptor serviceDescriptor, CallSiteChain callSiteChain)
   at Microsoft.Extensions.DependencyInjection.ServiceProvider.ValidateService(ServiceDescriptor descriptor)
----- Inner Stack Trace #5 (System.InvalidOperationException) -----
   at Microsoft.Extensions.DependencyInjection.ServiceProvider.ValidateService(ServiceDescriptor descriptor)
   at Microsoft.Extensions.DependencyInjection.ServiceProvider..ctor(ICollection`1 serviceDescriptors, ServiceProviderOptions options)
----- Inner Stack Trace -----
   at Microsoft.Extensions.DependencyInjection.ServiceLookup.CallSiteFactory.CreateArgumentCallSites(ServiceIdentifier serviceIdentifier, Type implementationType, CallSiteChain callSiteChain, ParameterInfo[] parameters, Boolean throwIfCallSiteNotFound)
   at Microsoft.Extensions.DependencyInjection.ServiceLookup.CallSiteFactory.CreateConstructorCallSite(ResultCache lifetime, ServiceIdentifier serviceIdentifier, Type implementationType, CallSiteChain callSiteChain)
   at Microsoft.Extensions.DependencyInjection.ServiceLookup.CallSiteFactory.TryCreateExact(ServiceDescriptor descriptor, ServiceIdentifier serviceIdentifier, CallSiteChain callSiteChain, Int32 slot)
   at Microsoft.Extensions.DependencyInjection.ServiceLookup.CallSiteFactory.GetCallSite(ServiceDescriptor serviceDescriptor, CallSiteChain callSiteChain)
   at Microsoft.Extensions.DependencyInjection.ServiceProvider.ValidateService(ServiceDescriptor descriptor)
[xUnit.net 00:00:02.41]     Industrial.Adam.Oee.Tests.Integration.OeeControllerIntegrationTests.GetOeeEndpoints_WithInvalidDeviceId_ReturnsBadRequest(deviceId: "") [FAIL]
  Failed Industrial.Adam.Oee.Tests.Integration.OeeControllerIntegrationTests.GetOeeEndpoints_WithInvalidDeviceId_ReturnsBadRequest(deviceId: "") [1 ms]
  Error Message:
   System.AggregateException : Some services are not able to be constructed (Error while validating the service descriptor 'ServiceType: Industrial.Adam.Oee.Domain.Interfaces.IJobSequencingService Lifetime: Scoped ImplementationType: Industrial.Adam.Oee.Domain.Services.JobSequencingService': Unable to resolve service for type 'Industrial.Adam.Oee.Domain.Interfaces.IEquipmentLineRepository' while attempting to activate 'Industrial.Adam.Oee.Domain.Services.JobSequencingService'.) (Error while validating the service descriptor 'ServiceType: Industrial.Adam.Oee.Domain.Interfaces.IEquipmentLineService Lifetime: Scoped ImplementationType: Industrial.Adam.Oee.Domain.Services.EquipmentLineService': Unable to resolve service for type 'Industrial.Adam.Oee.Domain.Interfaces.IEquipmentLineRepository' while attempting to activate 'Industrial.Adam.Oee.Domain.Services.EquipmentLineService'.) (Error while validating the service descriptor 'ServiceType: Industrial.Adam.Oee.Domain.Interfaces.IStoppageDetectionService Lifetime: Scoped ImplementationType: Industrial.Adam.Oee.Domain.Services.StoppageDetectionService': Unable to resolve service for type 'Industrial.Adam.Oee.Domain.Interfaces.IEquipmentLineRepository' while attempting to activate 'Industrial.Adam.Oee.Domain.Services.StoppageDetectionService'.) (Error while validating the service descriptor 'ServiceType: MediatR.IRequestHandler`2[Industrial.Adam.Oee.Application.Commands.StartWorkOrderCommand,System.String] Lifetime: Transient ImplementationType: Industrial.Adam.Oee.Application.Commands.Handlers.StartWorkOrderCommandHandler': Unable to resolve service for type 'Industrial.Adam.Oee.Domain.Interfaces.IEquipmentLineRepository' while attempting to activate 'Industrial.Adam.Oee.Domain.Services.JobSequencingService'.) (Error while validating the service descriptor 'ServiceType: Industrial.Adam.Oee.Domain.Interfaces.ISimpleJobQueueService Lifetime: Scoped ImplementationType: Industrial.Adam.Oee.Domain.Services.SimpleJobQueueService': Unable to resolve service for type 'Industrial.Adam.Oee.Domain.Interfaces.ISimpleJobQueueRepository' while attempting to activate 'Industrial.Adam.Oee.Domain.Services.SimpleJobQueueService'.)
---- System.InvalidOperationException : Error while validating the service descriptor 'ServiceType: Industrial.Adam.Oee.Domain.Interfaces.IJobSequencingService Lifetime: Scoped ImplementationType: Industrial.Adam.Oee.Domain.Services.JobSequencingService': Unable to resolve service for type 'Industrial.Adam.Oee.Domain.Interfaces.IEquipmentLineRepository' while attempting to activate 'Industrial.Adam.Oee.Domain.Services.JobSequencingService'.
-------- System.InvalidOperationException : Unable to resolve service for type 'Industrial.Adam.Oee.Domain.Interfaces.IEquipmentLineRepository' while attempting to activate 'Industrial.Adam.Oee.Domain.Services.JobSequencingService'.
---- System.InvalidOperationException : Error while validating the service descriptor 'ServiceType: Industrial.Adam.Oee.Domain.Interfaces.IEquipmentLineService Lifetime: Scoped ImplementationType: Industrial.Adam.Oee.Domain.Services.EquipmentLineService': Unable to resolve service for type 'Industrial.Adam.Oee.Domain.Interfaces.IEquipmentLineRepository' while attempting to activate 'Industrial.Adam.Oee.Domain.Services.EquipmentLineService'.
-------- System.InvalidOperationException : Unable to resolve service for type 'Industrial.Adam.Oee.Domain.Interfaces.IEquipmentLineRepository' while attempting to activate 'Industrial.Adam.Oee.Domain.Services.EquipmentLineService'.
---- System.InvalidOperationException : Error while validating the service descriptor 'ServiceType: Industrial.Adam.Oee.Domain.Interfaces.IStoppageDetectionService Lifetime: Scoped ImplementationType: Industrial.Adam.Oee.Domain.Services.StoppageDetectionService': Unable to resolve service for type 'Industrial.Adam.Oee.Domain.Interfaces.IEquipmentLineRepository' while attempting to activate 'Industrial.Adam.Oee.Domain.Services.StoppageDetectionService'.
-------- System.InvalidOperationException : Unable to resolve service for type 'Industrial.Adam.Oee.Domain.Interfaces.IEquipmentLineRepository' while attempting to activate 'Industrial.Adam.Oee.Domain.Services.StoppageDetectionService'.
---- System.InvalidOperationException : Error while validating the service descriptor 'ServiceType: MediatR.IRequestHandler`2[Industrial.Adam.Oee.Application.Commands.StartWorkOrderCommand,System.String] Lifetime: Transient ImplementationType: Industrial.Adam.Oee.Application.Commands.Handlers.StartWorkOrderCommandHandler': Unable to resolve service for type 'Industrial.Adam.Oee.Domain.Interfaces.IEquipmentLineRepository' while attempting to activate 'Industrial.Adam.Oee.Domain.Services.JobSequencingService'.
-------- System.InvalidOperationException : Unable to resolve service for type 'Industrial.Adam.Oee.Domain.Interfaces.IEquipmentLineRepository' while attempting to activate 'Industrial.Adam.Oee.Domain.Services.JobSequencingService'.
---- System.InvalidOperationException : Error while validating the service descriptor 'ServiceType: Industrial.Adam.Oee.Domain.Interfaces.ISimpleJobQueueService Lifetime: Scoped ImplementationType: Industrial.Adam.Oee.Domain.Services.SimpleJobQueueService': Unable to resolve service for type 'Industrial.Adam.Oee.Domain.Interfaces.ISimpleJobQueueRepository' while attempting to activate 'Industrial.Adam.Oee.Domain.Services.SimpleJobQueueService'.
-------- System.InvalidOperationException : Unable to resolve service for type 'Industrial.Adam.Oee.Domain.Interfaces.ISimpleJobQueueRepository' while attempting to activate 'Industrial.Adam.Oee.Domain.Services.SimpleJobQueueService'.
  Stack Trace:
     at Microsoft.Extensions.DependencyInjection.ServiceProvider..ctor(ICollection`1 serviceDescriptors, ServiceProviderOptions options)
   at Microsoft.Extensions.DependencyInjection.ServiceCollectionContainerBuilderExtensions.BuildServiceProvider(IServiceCollection services, ServiceProviderOptions options)
   at Microsoft.Extensions.Hosting.HostApplicationBuilder.Build()
   at Microsoft.AspNetCore.Builder.WebApplicationBuilder.Build()
   at Program.<Main>$(String[] args) in /home/grant/adam-6000-counter/src/Industrial.Adam.Oee/WebApi/Program.cs:line 89
   at InvokeStub_Program.<Main>$(Object, Span`1)
   at System.Reflection.MethodBaseInvoker.InvokeWithOneArg(Object obj, BindingFlags invokeAttr, Binder binder, Object[] parameters, CultureInfo culture)
--- End of stack trace from previous location ---
   at Microsoft.Extensions.Hosting.HostFactoryResolver.HostingListener.CreateHost()
   at Microsoft.Extensions.Hosting.HostFactoryResolver.<>c__DisplayClass10_0.<ResolveHostFactory>b__0(String[] args)
   at Microsoft.AspNetCore.Mvc.Testing.DeferredHostBuilder.Build()
   at Microsoft.AspNetCore.Mvc.Testing.WebApplicationFactory`1.CreateHost(IHostBuilder builder)
   at Microsoft.AspNetCore.Mvc.Testing.WebApplicationFactory`1.ConfigureHostBuilder(IHostBuilder hostBuilder)
   at Microsoft.AspNetCore.Mvc.Testing.WebApplicationFactory`1.EnsureServer()
   at Microsoft.AspNetCore.Mvc.Testing.WebApplicationFactory`1.CreateDefaultClient(DelegatingHandler[] handlers)
   at Microsoft.AspNetCore.Mvc.Testing.WebApplicationFactory`1.CreateDefaultClient(Uri baseAddress, DelegatingHandler[] handlers)
   at Microsoft.AspNetCore.Mvc.Testing.WebApplicationFactory`1.CreateClient(WebApplicationFactoryClientOptions options)
   at Microsoft.AspNetCore.Mvc.Testing.WebApplicationFactory`1.CreateClient()
   at Industrial.Adam.Oee.Tests.Integration.OeeControllerIntegrationTests..ctor(WebApplicationFactory`1 factory) in /home/grant/adam-6000-counter/src/Industrial.Adam.Oee/Tests/Integration/OeeControllerIntegrationTests.cs:line 21
   at InvokeStub_OeeControllerIntegrationTests..ctor(Object, Span`1)
   at System.Reflection.MethodBaseInvoker.InvokeWithOneArg(Object obj, BindingFlags invokeAttr, Binder binder, Object[] parameters, CultureInfo culture)
----- Inner Stack Trace #1 (System.InvalidOperationException) -----
   at Microsoft.Extensions.DependencyInjection.ServiceProvider.ValidateService(ServiceDescriptor descriptor)
   at Microsoft.Extensions.DependencyInjection.ServiceProvider..ctor(ICollection`1 serviceDescriptors, ServiceProviderOptions options)
----- Inner Stack Trace -----
   at Microsoft.Extensions.DependencyInjection.ServiceLookup.CallSiteFactory.CreateArgumentCallSites(ServiceIdentifier serviceIdentifier, Type implementationType, CallSiteChain callSiteChain, ParameterInfo[] parameters, Boolean throwIfCallSiteNotFound)
   at Microsoft.Extensions.DependencyInjection.ServiceLookup.CallSiteFactory.CreateConstructorCallSite(ResultCache lifetime, ServiceIdentifier serviceIdentifier, Type implementationType, CallSiteChain callSiteChain)
   at Microsoft.Extensions.DependencyInjection.ServiceLookup.CallSiteFactory.TryCreateExact(ServiceDescriptor descriptor, ServiceIdentifier serviceIdentifier, CallSiteChain callSiteChain, Int32 slot)
   at Microsoft.Extensions.DependencyInjection.ServiceLookup.CallSiteFactory.GetCallSite(ServiceDescriptor serviceDescriptor, CallSiteChain callSiteChain)
   at Microsoft.Extensions.DependencyInjection.ServiceProvider.ValidateService(ServiceDescriptor descriptor)
----- Inner Stack Trace #2 (System.InvalidOperationException) -----
   at Microsoft.Extensions.DependencyInjection.ServiceProvider.ValidateService(ServiceDescriptor descriptor)
   at Microsoft.Extensions.DependencyInjection.ServiceProvider..ctor(ICollection`1 serviceDescriptors, ServiceProviderOptions options)
----- Inner Stack Trace -----
   at Microsoft.Extensions.DependencyInjection.ServiceLookup.CallSiteFactory.CreateArgumentCallSites(ServiceIdentifier serviceIdentifier, Type implementationType, CallSiteChain callSiteChain, ParameterInfo[] parameters, Boolean throwIfCallSiteNotFound)
   at Microsoft.Extensions.DependencyInjection.ServiceLookup.CallSiteFactory.CreateConstructorCallSite(ResultCache lifetime, ServiceIdentifier serviceIdentifier, Type implementationType, CallSiteChain callSiteChain)
   at Microsoft.Extensions.DependencyInjection.ServiceLookup.CallSiteFactory.TryCreateExact(ServiceDescriptor descriptor, ServiceIdentifier serviceIdentifier, CallSiteChain callSiteChain, Int32 slot)
   at Microsoft.Extensions.DependencyInjection.ServiceLookup.CallSiteFactory.GetCallSite(ServiceDescriptor serviceDescriptor, CallSiteChain callSiteChain)
   at Microsoft.Extensions.DependencyInjection.ServiceProvider.ValidateService(ServiceDescriptor descriptor)
----- Inner Stack Trace #3 (System.InvalidOperationException) -----
   at Microsoft.Extensions.DependencyInjection.ServiceProvider.ValidateService(ServiceDescriptor descriptor)
   at Microsoft.Extensions.DependencyInjection.ServiceProvider..ctor(ICollection`1 serviceDescriptors, ServiceProviderOptions options)
----- Inner Stack Trace -----
   at Microsoft.Extensions.DependencyInjection.ServiceLookup.CallSiteFactory.CreateArgumentCallSites(ServiceIdentifier serviceIdentifier, Type implementationType, CallSiteChain callSiteChain, ParameterInfo[] parameters, Boolean throwIfCallSiteNotFound)
   at Microsoft.Extensions.DependencyInjection.ServiceLookup.CallSiteFactory.CreateConstructorCallSite(ResultCache lifetime, ServiceIdentifier serviceIdentifier, Type implementationType, CallSiteChain callSiteChain)
   at Microsoft.Extensions.DependencyInjection.ServiceLookup.CallSiteFactory.TryCreateExact(ServiceDescriptor descriptor, ServiceIdentifier serviceIdentifier, CallSiteChain callSiteChain, Int32 slot)
   at Microsoft.Extensions.DependencyInjection.ServiceLookup.CallSiteFactory.GetCallSite(ServiceDescriptor serviceDescriptor, CallSiteChain callSiteChain)
   at Microsoft.Extensions.DependencyInjection.ServiceProvider.ValidateService(ServiceDescriptor descriptor)
----- Inner Stack Trace #4 (System.InvalidOperationException) -----
   at Microsoft.Extensions.DependencyInjection.ServiceProvider.ValidateService(ServiceDescriptor descriptor)
   at Microsoft.Extensions.DependencyInjection.ServiceProvider..ctor(ICollection`1 serviceDescriptors, ServiceProviderOptions options)
----- Inner Stack Trace -----
   at Microsoft.Extensions.DependencyInjection.ServiceLookup.CallSiteFactory.CreateArgumentCallSites(ServiceIdentifier serviceIdentifier, Type implementationType, CallSiteChain callSiteChain, ParameterInfo[] parameters, Boolean throwIfCallSiteNotFound)
   at Microsoft.Extensions.DependencyInjection.ServiceLookup.CallSiteFactory.CreateConstructorCallSite(ResultCache lifetime, ServiceIdentifier serviceIdentifier, Type implementationType, CallSiteChain callSiteChain)
   at Microsoft.Extensions.DependencyInjection.ServiceLookup.CallSiteFactory.TryCreateExact(ServiceDescriptor descriptor, ServiceIdentifier serviceIdentifier, CallSiteChain callSiteChain, Int32 slot)
   at Microsoft.Extensions.DependencyInjection.ServiceLookup.CallSiteFactory.TryCreateExact(ServiceIdentifier serviceIdentifier, CallSiteChain callSiteChain)
   at Microsoft.Extensions.DependencyInjection.ServiceLookup.CallSiteFactory.CreateCallSite(ServiceIdentifier serviceIdentifier, CallSiteChain callSiteChain)
   at Microsoft.Extensions.DependencyInjection.ServiceLookup.CallSiteFactory.CreateArgumentCallSites(ServiceIdentifier serviceIdentifier, Type implementationType, CallSiteChain callSiteChain, ParameterInfo[] parameters, Boolean throwIfCallSiteNotFound)
   at Microsoft.Extensions.DependencyInjection.ServiceLookup.CallSiteFactory.CreateConstructorCallSite(ResultCache lifetime, ServiceIdentifier serviceIdentifier, Type implementationType, CallSiteChain callSiteChain)
   at Microsoft.Extensions.DependencyInjection.ServiceLookup.CallSiteFactory.TryCreateExact(ServiceDescriptor descriptor, ServiceIdentifier serviceIdentifier, CallSiteChain callSiteChain, Int32 slot)
   at Microsoft.Extensions.DependencyInjection.ServiceLookup.CallSiteFactory.GetCallSite(ServiceDescriptor serviceDescriptor, CallSiteChain callSiteChain)
   at Microsoft.Extensions.DependencyInjection.ServiceProvider.ValidateService(ServiceDescriptor descriptor)
----- Inner Stack Trace #5 (System.InvalidOperationException) -----
   at Microsoft.Extensions.DependencyInjection.ServiceProvider.ValidateService(ServiceDescriptor descriptor)
   at Microsoft.Extensions.DependencyInjection.ServiceProvider..ctor(ICollection`1 serviceDescriptors, ServiceProviderOptions options)
----- Inner Stack Trace -----
   at Microsoft.Extensions.DependencyInjection.ServiceLookup.CallSiteFactory.CreateArgumentCallSites(ServiceIdentifier serviceIdentifier, Type implementationType, CallSiteChain callSiteChain, ParameterInfo[] parameters, Boolean throwIfCallSiteNotFound)
   at Microsoft.Extensions.DependencyInjection.ServiceLookup.CallSiteFactory.CreateConstructorCallSite(ResultCache lifetime, ServiceIdentifier serviceIdentifier, Type implementationType, CallSiteChain callSiteChain)
   at Microsoft.Extensions.DependencyInjection.ServiceLookup.CallSiteFactory.TryCreateExact(ServiceDescriptor descriptor, ServiceIdentifier serviceIdentifier, CallSiteChain callSiteChain, Int32 slot)
   at Microsoft.Extensions.DependencyInjection.ServiceLookup.CallSiteFactory.GetCallSite(ServiceDescriptor serviceDescriptor, CallSiteChain callSiteChain)
   at Microsoft.Extensions.DependencyInjection.ServiceProvider.ValidateService(ServiceDescriptor descriptor)
[xUnit.net 00:00:02.43]     Industrial.Adam.Oee.Tests.Integration.JobsControllerIntegrationTests.GetWorkOrder_WithInvalidId_ReturnsNotFoundOrBadRequest(workOrderId: "NONEXISTENT-WO") [FAIL]
[xUnit.net 00:00:02.48]     Industrial.Adam.Oee.Tests.Integration.SignalR.StoppageNotificationHubTests.Hub_CanSubscribeAsSupervisor_Successfully [FAIL]
[xUnit.net 00:00:02.51]     Industrial.Adam.Oee.Tests.Integration.StoppagesControllerIntegrationTests.GetCurrentStoppage_WithInvalidMinimumMinutes_ReturnsBadRequest(minimumMinutes: 61) [FAIL]
  Failed Industrial.Adam.Oee.Tests.Integration.JobsControllerIntegrationTests.GetWorkOrder_WithInvalidId_ReturnsNotFoundOrBadRequest(workOrderId: "NONEXISTENT-WO") [1 ms]
  Error Message:
   System.AggregateException : Some services are not able to be constructed (Error while validating the service descriptor 'ServiceType: Industrial.Adam.Oee.Domain.Interfaces.IJobSequencingService Lifetime: Scoped ImplementationType: Industrial.Adam.Oee.Domain.Services.JobSequencingService': Unable to resolve service for type 'Industrial.Adam.Oee.Domain.Interfaces.IEquipmentLineRepository' while attempting to activate 'Industrial.Adam.Oee.Domain.Services.JobSequencingService'.) (Error while validating the service descriptor 'ServiceType: Industrial.Adam.Oee.Domain.Interfaces.IEquipmentLineService Lifetime: Scoped ImplementationType: Industrial.Adam.Oee.Domain.Services.EquipmentLineService': Unable to resolve service for type 'Industrial.Adam.Oee.Domain.Interfaces.IEquipmentLineRepository' while attempting to activate 'Industrial.Adam.Oee.Domain.Services.EquipmentLineService'.) (Error while validating the service descriptor 'ServiceType: Industrial.Adam.Oee.Domain.Interfaces.IStoppageDetectionService Lifetime: Scoped ImplementationType: Industrial.Adam.Oee.Domain.Services.StoppageDetectionService': Unable to resolve service for type 'Industrial.Adam.Oee.Domain.Interfaces.IEquipmentLineRepository' while attempting to activate 'Industrial.Adam.Oee.Domain.Services.StoppageDetectionService'.) (Error while validating the service descriptor 'ServiceType: MediatR.IRequestHandler`2[Industrial.Adam.Oee.Application.Commands.StartWorkOrderCommand,System.String] Lifetime: Transient ImplementationType: Industrial.Adam.Oee.Application.Commands.Handlers.StartWorkOrderCommandHandler': Unable to resolve service for type 'Industrial.Adam.Oee.Domain.Interfaces.IEquipmentLineRepository' while attempting to activate 'Industrial.Adam.Oee.Domain.Services.JobSequencingService'.) (Error while validating the service descriptor 'ServiceType: Industrial.Adam.Oee.Domain.Interfaces.ISimpleJobQueueService Lifetime: Scoped ImplementationType: Industrial.Adam.Oee.Domain.Services.SimpleJobQueueService': Unable to resolve service for type 'Industrial.Adam.Oee.Domain.Interfaces.ISimpleJobQueueRepository' while attempting to activate 'Industrial.Adam.Oee.Domain.Services.SimpleJobQueueService'.)
---- System.InvalidOperationException : Error while validating the service descriptor 'ServiceType: Industrial.Adam.Oee.Domain.Interfaces.IJobSequencingService Lifetime: Scoped ImplementationType: Industrial.Adam.Oee.Domain.Services.JobSequencingService': Unable to resolve service for type 'Industrial.Adam.Oee.Domain.Interfaces.IEquipmentLineRepository' while attempting to activate 'Industrial.Adam.Oee.Domain.Services.JobSequencingService'.
-------- System.InvalidOperationException : Unable to resolve service for type 'Industrial.Adam.Oee.Domain.Interfaces.IEquipmentLineRepository' while attempting to activate 'Industrial.Adam.Oee.Domain.Services.JobSequencingService'.
---- System.InvalidOperationException : Error while validating the service descriptor 'ServiceType: Industrial.Adam.Oee.Domain.Interfaces.IEquipmentLineService Lifetime: Scoped ImplementationType: Industrial.Adam.Oee.Domain.Services.EquipmentLineService': Unable to resolve service for type 'Industrial.Adam.Oee.Domain.Interfaces.IEquipmentLineRepository' while attempting to activate 'Industrial.Adam.Oee.Domain.Services.EquipmentLineService'.
-------- System.InvalidOperationException : Unable to resolve service for type 'Industrial.Adam.Oee.Domain.Interfaces.IEquipmentLineRepository' while attempting to activate 'Industrial.Adam.Oee.Domain.Services.EquipmentLineService'.
---- System.InvalidOperationException : Error while validating the service descriptor 'ServiceType: Industrial.Adam.Oee.Domain.Interfaces.IStoppageDetectionService Lifetime: Scoped ImplementationType: Industrial.Adam.Oee.Domain.Services.StoppageDetectionService': Unable to resolve service for type 'Industrial.Adam.Oee.Domain.Interfaces.IEquipmentLineRepository' while attempting to activate 'Industrial.Adam.Oee.Domain.Services.StoppageDetectionService'.
-------- System.InvalidOperationException : Unable to resolve service for type 'Industrial.Adam.Oee.Domain.Interfaces.IEquipmentLineRepository' while attempting to activate 'Industrial.Adam.Oee.Domain.Services.StoppageDetectionService'.
---- System.InvalidOperationException : Error while validating the service descriptor 'ServiceType: MediatR.IRequestHandler`2[Industrial.Adam.Oee.Application.Commands.StartWorkOrderCommand,System.String] Lifetime: Transient ImplementationType: Industrial.Adam.Oee.Application.Commands.Handlers.StartWorkOrderCommandHandler': Unable to resolve service for type 'Industrial.Adam.Oee.Domain.Interfaces.IEquipmentLineRepository' while attempting to activate 'Industrial.Adam.Oee.Domain.Services.JobSequencingService'.
-------- System.InvalidOperationException : Unable to resolve service for type 'Industrial.Adam.Oee.Domain.Interfaces.IEquipmentLineRepository' while attempting to activate 'Industrial.Adam.Oee.Domain.Services.JobSequencingService'.
---- System.InvalidOperationException : Error while validating the service descriptor 'ServiceType: Industrial.Adam.Oee.Domain.Interfaces.ISimpleJobQueueService Lifetime: Scoped ImplementationType: Industrial.Adam.Oee.Domain.Services.SimpleJobQueueService': Unable to resolve service for type 'Industrial.Adam.Oee.Domain.Interfaces.ISimpleJobQueueRepository' while attempting to activate 'Industrial.Adam.Oee.Domain.Services.SimpleJobQueueService'.
-------- System.InvalidOperationException : Unable to resolve service for type 'Industrial.Adam.Oee.Domain.Interfaces.ISimpleJobQueueRepository' while attempting to activate 'Industrial.Adam.Oee.Domain.Services.SimpleJobQueueService'.
  Stack Trace:
     at Microsoft.Extensions.DependencyInjection.ServiceProvider..ctor(ICollection`1 serviceDescriptors, ServiceProviderOptions options)
   at Microsoft.Extensions.DependencyInjection.ServiceCollectionContainerBuilderExtensions.BuildServiceProvider(IServiceCollection services, ServiceProviderOptions options)
   at Microsoft.Extensions.Hosting.HostApplicationBuilder.Build()
   at Microsoft.AspNetCore.Builder.WebApplicationBuilder.Build()
   at Program.<Main>$(String[] args) in /home/grant/adam-6000-counter/src/Industrial.Adam.Oee/WebApi/Program.cs:line 89
   at InvokeStub_Program.<Main>$(Object, Span`1)
   at System.Reflection.MethodBaseInvoker.InvokeWithOneArg(Object obj, BindingFlags invokeAttr, Binder binder, Object[] parameters, CultureInfo culture)
--- End of stack trace from previous location ---
   at Microsoft.Extensions.Hosting.HostFactoryResolver.HostingListener.CreateHost()
   at Microsoft.Extensions.Hosting.HostFactoryResolver.<>c__DisplayClass10_0.<ResolveHostFactory>b__0(String[] args)
   at Microsoft.AspNetCore.Mvc.Testing.DeferredHostBuilder.Build()
   at Microsoft.AspNetCore.Mvc.Testing.WebApplicationFactory`1.CreateHost(IHostBuilder builder)
   at Microsoft.AspNetCore.Mvc.Testing.WebApplicationFactory`1.ConfigureHostBuilder(IHostBuilder hostBuilder)
   at Microsoft.AspNetCore.Mvc.Testing.WebApplicationFactory`1.EnsureServer()
   at Microsoft.AspNetCore.Mvc.Testing.WebApplicationFactory`1.CreateDefaultClient(DelegatingHandler[] handlers)
   at Microsoft.AspNetCore.Mvc.Testing.WebApplicationFactory`1.CreateDefaultClient(Uri baseAddress, DelegatingHandler[] handlers)
   at Microsoft.AspNetCore.Mvc.Testing.WebApplicationFactory`1.CreateClient(WebApplicationFactoryClientOptions options)
   at Microsoft.AspNetCore.Mvc.Testing.WebApplicationFactory`1.CreateClient()
   at Industrial.Adam.Oee.Tests.Integration.JobsControllerIntegrationTests..ctor(WebApplicationFactory`1 factory) in /home/grant/adam-6000-counter/src/Industrial.Adam.Oee/Tests/Integration/JobsControllerIntegrationTests.cs:line 24
   at InvokeStub_JobsControllerIntegrationTests..ctor(Object, Span`1)
   at System.Reflection.MethodBaseInvoker.InvokeWithOneArg(Object obj, BindingFlags invokeAttr, Binder binder, Object[] parameters, CultureInfo culture)
----- Inner Stack Trace #1 (System.InvalidOperationException) -----
   at Microsoft.Extensions.DependencyInjection.ServiceProvider.ValidateService(ServiceDescriptor descriptor)
   at Microsoft.Extensions.DependencyInjection.ServiceProvider..ctor(ICollection`1 serviceDescriptors, ServiceProviderOptions options)
----- Inner Stack Trace -----
   at Microsoft.Extensions.DependencyInjection.ServiceLookup.CallSiteFactory.CreateArgumentCallSites(ServiceIdentifier serviceIdentifier, Type implementationType, CallSiteChain callSiteChain, ParameterInfo[] parameters, Boolean throwIfCallSiteNotFound)
   at Microsoft.Extensions.DependencyInjection.ServiceLookup.CallSiteFactory.CreateConstructorCallSite(ResultCache lifetime, ServiceIdentifier serviceIdentifier, Type implementationType, CallSiteChain callSiteChain)
   at Microsoft.Extensions.DependencyInjection.ServiceLookup.CallSiteFactory.TryCreateExact(ServiceDescriptor descriptor, ServiceIdentifier serviceIdentifier, CallSiteChain callSiteChain, Int32 slot)
   at Microsoft.Extensions.DependencyInjection.ServiceLookup.CallSiteFactory.GetCallSite(ServiceDescriptor serviceDescriptor, CallSiteChain callSiteChain)
   at Microsoft.Extensions.DependencyInjection.ServiceProvider.ValidateService(ServiceDescriptor descriptor)
----- Inner Stack Trace #2 (System.InvalidOperationException) -----
   at Microsoft.Extensions.DependencyInjection.ServiceProvider.ValidateService(ServiceDescriptor descriptor)
   at Microsoft.Extensions.DependencyInjection.ServiceProvider..ctor(ICollection`1 serviceDescriptors, ServiceProviderOptions options)
----- Inner Stack Trace -----
   at Microsoft.Extensions.DependencyInjection.ServiceLookup.CallSiteFactory.CreateArgumentCallSites(ServiceIdentifier serviceIdentifier, Type implementationType, CallSiteChain callSiteChain, ParameterInfo[] parameters, Boolean throwIfCallSiteNotFound)
   at Microsoft.Extensions.DependencyInjection.ServiceLookup.CallSiteFactory.CreateConstructorCallSite(ResultCache lifetime, ServiceIdentifier serviceIdentifier, Type implementationType, CallSiteChain callSiteChain)
   at Microsoft.Extensions.DependencyInjection.ServiceLookup.CallSiteFactory.TryCreateExact(ServiceDescriptor descriptor, ServiceIdentifier serviceIdentifier, CallSiteChain callSiteChain, Int32 slot)
   at Microsoft.Extensions.DependencyInjection.ServiceLookup.CallSiteFactory.GetCallSite(ServiceDescriptor serviceDescriptor, CallSiteChain callSiteChain)
   at Microsoft.Extensions.DependencyInjection.ServiceProvider.ValidateService(ServiceDescriptor descriptor)
----- Inner Stack Trace #3 (System.InvalidOperationException) -----
   at Microsoft.Extensions.DependencyInjection.ServiceProvider.ValidateService(ServiceDescriptor descriptor)
   at Microsoft.Extensions.DependencyInjection.ServiceProvider..ctor(ICollection`1 serviceDescriptors, ServiceProviderOptions options)
----- Inner Stack Trace -----
   at Microsoft.Extensions.DependencyInjection.ServiceLookup.CallSiteFactory.CreateArgumentCallSites(ServiceIdentifier serviceIdentifier, Type implementationType, CallSiteChain callSiteChain, ParameterInfo[] parameters, Boolean throwIfCallSiteNotFound)
   at Microsoft.Extensions.DependencyInjection.ServiceLookup.CallSiteFactory.CreateConstructorCallSite(ResultCache lifetime, ServiceIdentifier serviceIdentifier, Type implementationType, CallSiteChain callSiteChain)
   at Microsoft.Extensions.DependencyInjection.ServiceLookup.CallSiteFactory.TryCreateExact(ServiceDescriptor descriptor, ServiceIdentifier serviceIdentifier, CallSiteChain callSiteChain, Int32 slot)
   at Microsoft.Extensions.DependencyInjection.ServiceLookup.CallSiteFactory.GetCallSite(ServiceDescriptor serviceDescriptor, CallSiteChain callSiteChain)
   at Microsoft.Extensions.DependencyInjection.ServiceProvider.ValidateService(ServiceDescriptor descriptor)
----- Inner Stack Trace #4 (System.InvalidOperationException) -----
   at Microsoft.Extensions.DependencyInjection.ServiceProvider.ValidateService(ServiceDescriptor descriptor)
   at Microsoft.Extensions.DependencyInjection.ServiceProvider..ctor(ICollection`1 serviceDescriptors, ServiceProviderOptions options)
----- Inner Stack Trace -----
   at Microsoft.Extensions.DependencyInjection.ServiceLookup.CallSiteFactory.CreateArgumentCallSites(ServiceIdentifier serviceIdentifier, Type implementationType, CallSiteChain callSiteChain, ParameterInfo[] parameters, Boolean throwIfCallSiteNotFound)
   at Microsoft.Extensions.DependencyInjection.ServiceLookup.CallSiteFactory.CreateConstructorCallSite(ResultCache lifetime, ServiceIdentifier serviceIdentifier, Type implementationType, CallSiteChain callSiteChain)
   at Microsoft.Extensions.DependencyInjection.ServiceLookup.CallSiteFactory.TryCreateExact(ServiceDescriptor descriptor, ServiceIdentifier serviceIdentifier, CallSiteChain callSiteChain, Int32 slot)
   at Microsoft.Extensions.DependencyInjection.ServiceLookup.CallSiteFactory.TryCreateExact(ServiceIdentifier serviceIdentifier, CallSiteChain callSiteChain)
   at Microsoft.Extensions.DependencyInjection.ServiceLookup.CallSiteFactory.CreateCallSite(ServiceIdentifier serviceIdentifier, CallSiteChain callSiteChain)
   at Microsoft.Extensions.DependencyInjection.ServiceLookup.CallSiteFactory.CreateArgumentCallSites(ServiceIdentifier serviceIdentifier, Type implementationType, CallSiteChain callSiteChain, ParameterInfo[] parameters, Boolean throwIfCallSiteNotFound)
   at Microsoft.Extensions.DependencyInjection.ServiceLookup.CallSiteFactory.CreateConstructorCallSite(ResultCache lifetime, ServiceIdentifier serviceIdentifier, Type implementationType, CallSiteChain callSiteChain)
   at Microsoft.Extensions.DependencyInjection.ServiceLookup.CallSiteFactory.TryCreateExact(ServiceDescriptor descriptor, ServiceIdentifier serviceIdentifier, CallSiteChain callSiteChain, Int32 slot)
   at Microsoft.Extensions.DependencyInjection.ServiceLookup.CallSiteFactory.GetCallSite(ServiceDescriptor serviceDescriptor, CallSiteChain callSiteChain)
   at Microsoft.Extensions.DependencyInjection.ServiceProvider.ValidateService(ServiceDescriptor descriptor)
----- Inner Stack Trace #5 (System.InvalidOperationException) -----
   at Microsoft.Extensions.DependencyInjection.ServiceProvider.ValidateService(ServiceDescriptor descriptor)
   at Microsoft.Extensions.DependencyInjection.ServiceProvider..ctor(ICollection`1 serviceDescriptors, ServiceProviderOptions options)
----- Inner Stack Trace -----
   at Microsoft.Extensions.DependencyInjection.ServiceLookup.CallSiteFactory.CreateArgumentCallSites(ServiceIdentifier serviceIdentifier, Type implementationType, CallSiteChain callSiteChain, ParameterInfo[] parameters, Boolean throwIfCallSiteNotFound)
   at Microsoft.Extensions.DependencyInjection.ServiceLookup.CallSiteFactory.CreateConstructorCallSite(ResultCache lifetime, ServiceIdentifier serviceIdentifier, Type implementationType, CallSiteChain callSiteChain)
   at Microsoft.Extensions.DependencyInjection.ServiceLookup.CallSiteFactory.TryCreateExact(ServiceDescriptor descriptor, ServiceIdentifier serviceIdentifier, CallSiteChain callSiteChain, Int32 slot)
   at Microsoft.Extensions.DependencyInjection.ServiceLookup.CallSiteFactory.GetCallSite(ServiceDescriptor serviceDescriptor, CallSiteChain callSiteChain)
   at Microsoft.Extensions.DependencyInjection.ServiceProvider.ValidateService(ServiceDescriptor descriptor)
  Failed Industrial.Adam.Oee.Tests.Integration.SignalR.StoppageNotificationHubTests.Hub_CanSubscribeAsSupervisor_Successfully [116 ms]
  Error Message:
   System.AggregateException : Some services are not able to be constructed (Error while validating the service descriptor 'ServiceType: Industrial.Adam.Oee.Domain.Interfaces.IJobSequencingService Lifetime: Scoped ImplementationType: Industrial.Adam.Oee.Domain.Services.JobSequencingService': Unable to resolve service for type 'Industrial.Adam.Oee.Domain.Interfaces.IEquipmentLineRepository' while attempting to activate 'Industrial.Adam.Oee.Domain.Services.JobSequencingService'.) (Error while validating the service descriptor 'ServiceType: Industrial.Adam.Oee.Domain.Interfaces.IEquipmentLineService Lifetime: Scoped ImplementationType: Industrial.Adam.Oee.Domain.Services.EquipmentLineService': Unable to resolve service for type 'Industrial.Adam.Oee.Domain.Interfaces.IEquipmentLineRepository' while attempting to activate 'Industrial.Adam.Oee.Domain.Services.EquipmentLineService'.) (Error while validating the service descriptor 'ServiceType: Industrial.Adam.Oee.Domain.Interfaces.IStoppageDetectionService Lifetime: Scoped ImplementationType: Industrial.Adam.Oee.Domain.Services.StoppageDetectionService': Unable to resolve service for type 'Industrial.Adam.Oee.Domain.Interfaces.IEquipmentLineRepository' while attempting to activate 'Industrial.Adam.Oee.Domain.Services.StoppageDetectionService'.) (Error while validating the service descriptor 'ServiceType: MediatR.IRequestHandler`2[Industrial.Adam.Oee.Application.Commands.StartWorkOrderCommand,System.String] Lifetime: Transient ImplementationType: Industrial.Adam.Oee.Application.Commands.Handlers.StartWorkOrderCommandHandler': Unable to resolve service for type 'Industrial.Adam.Oee.Domain.Interfaces.IEquipmentLineRepository' while attempting to activate 'Industrial.Adam.Oee.Domain.Services.JobSequencingService'.) (Error while validating the service descriptor 'ServiceType: Industrial.Adam.Oee.Domain.Interfaces.ISimpleJobQueueService Lifetime: Scoped ImplementationType: Industrial.Adam.Oee.Domain.Services.SimpleJobQueueService': Unable to resolve service for type 'Industrial.Adam.Oee.Domain.Interfaces.ISimpleJobQueueRepository' while attempting to activate 'Industrial.Adam.Oee.Domain.Services.SimpleJobQueueService'.)
---- System.InvalidOperationException : Error while validating the service descriptor 'ServiceType: Industrial.Adam.Oee.Domain.Interfaces.IJobSequencingService Lifetime: Scoped ImplementationType: Industrial.Adam.Oee.Domain.Services.JobSequencingService': Unable to resolve service for type 'Industrial.Adam.Oee.Domain.Interfaces.IEquipmentLineRepository' while attempting to activate 'Industrial.Adam.Oee.Domain.Services.JobSequencingService'.
-------- System.InvalidOperationException : Unable to resolve service for type 'Industrial.Adam.Oee.Domain.Interfaces.IEquipmentLineRepository' while attempting to activate 'Industrial.Adam.Oee.Domain.Services.JobSequencingService'.
---- System.InvalidOperationException : Error while validating the service descriptor 'ServiceType: Industrial.Adam.Oee.Domain.Interfaces.IEquipmentLineService Lifetime: Scoped ImplementationType: Industrial.Adam.Oee.Domain.Services.EquipmentLineService': Unable to resolve service for type 'Industrial.Adam.Oee.Domain.Interfaces.IEquipmentLineRepository' while attempting to activate 'Industrial.Adam.Oee.Domain.Services.EquipmentLineService'.
-------- System.InvalidOperationException : Unable to resolve service for type 'Industrial.Adam.Oee.Domain.Interfaces.IEquipmentLineRepository' while attempting to activate 'Industrial.Adam.Oee.Domain.Services.EquipmentLineService'.
---- System.InvalidOperationException : Error while validating the service descriptor 'ServiceType: Industrial.Adam.Oee.Domain.Interfaces.IStoppageDetectionService Lifetime: Scoped ImplementationType: Industrial.Adam.Oee.Domain.Services.StoppageDetectionService': Unable to resolve service for type 'Industrial.Adam.Oee.Domain.Interfaces.IEquipmentLineRepository' while attempting to activate 'Industrial.Adam.Oee.Domain.Services.StoppageDetectionService'.
-------- System.InvalidOperationException : Unable to resolve service for type 'Industrial.Adam.Oee.Domain.Interfaces.IEquipmentLineRepository' while attempting to activate 'Industrial.Adam.Oee.Domain.Services.StoppageDetectionService'.
---- System.InvalidOperationException : Error while validating the service descriptor 'ServiceType: MediatR.IRequestHandler`2[Industrial.Adam.Oee.Application.Commands.StartWorkOrderCommand,System.String] Lifetime: Transient ImplementationType: Industrial.Adam.Oee.Application.Commands.Handlers.StartWorkOrderCommandHandler': Unable to resolve service for type 'Industrial.Adam.Oee.Domain.Interfaces.IEquipmentLineRepository' while attempting to activate 'Industrial.Adam.Oee.Domain.Services.JobSequencingService'.
-------- System.InvalidOperationException : Unable to resolve service for type 'Industrial.Adam.Oee.Domain.Interfaces.IEquipmentLineRepository' while attempting to activate 'Industrial.Adam.Oee.Domain.Services.JobSequencingService'.
---- System.InvalidOperationException : Error while validating the service descriptor 'ServiceType: Industrial.Adam.Oee.Domain.Interfaces.ISimpleJobQueueService Lifetime: Scoped ImplementationType: Industrial.Adam.Oee.Domain.Services.SimpleJobQueueService': Unable to resolve service for type 'Industrial.Adam.Oee.Domain.Interfaces.ISimpleJobQueueRepository' while attempting to activate 'Industrial.Adam.Oee.Domain.Services.SimpleJobQueueService'.
-------- System.InvalidOperationException : Unable to resolve service for type 'Industrial.Adam.Oee.Domain.Interfaces.ISimpleJobQueueRepository' while attempting to activate 'Industrial.Adam.Oee.Domain.Services.SimpleJobQueueService'.
  Stack Trace:
     at Microsoft.Extensions.DependencyInjection.ServiceProvider..ctor(ICollection`1 serviceDescriptors, ServiceProviderOptions options)
   at Microsoft.Extensions.DependencyInjection.ServiceCollectionContainerBuilderExtensions.BuildServiceProvider(IServiceCollection services, ServiceProviderOptions options)
   at Microsoft.Extensions.Hosting.HostApplicationBuilder.Build()
   at Microsoft.AspNetCore.Builder.WebApplicationBuilder.Build()
   at Program.<Main>$(String[] args) in /home/grant/adam-6000-counter/src/Industrial.Adam.Oee/WebApi/Program.cs:line 89
   at InvokeStub_Program.<Main>$(Object, Span`1)
   at System.Reflection.MethodBaseInvoker.InvokeWithOneArg(Object obj, BindingFlags invokeAttr, Binder binder, Object[] parameters, CultureInfo culture)
--- End of stack trace from previous location ---
   at Microsoft.Extensions.Hosting.HostFactoryResolver.HostingListener.CreateHost()
   at Microsoft.Extensions.Hosting.HostFactoryResolver.<>c__DisplayClass10_0.<ResolveHostFactory>b__0(String[] args)
   at Microsoft.AspNetCore.Mvc.Testing.DeferredHostBuilder.Build()
   at Microsoft.AspNetCore.Mvc.Testing.WebApplicationFactory`1.CreateHost(IHostBuilder builder)
   at Microsoft.AspNetCore.Mvc.Testing.WebApplicationFactory`1.ConfigureHostBuilder(IHostBuilder hostBuilder)
   at Microsoft.AspNetCore.Mvc.Testing.WebApplicationFactory`1.EnsureServer()
   at Microsoft.AspNetCore.Mvc.Testing.WebApplicationFactory`1.CreateDefaultClient(DelegatingHandler[] handlers)
   at Microsoft.AspNetCore.Mvc.Testing.WebApplicationFactory`1.CreateDefaultClient(Uri baseAddress, DelegatingHandler[] handlers)
   at Microsoft.AspNetCore.Mvc.Testing.WebApplicationFactory`1.CreateClient(WebApplicationFactoryClientOptions options)
   at Microsoft.AspNetCore.Mvc.Testing.WebApplicationFactory`1.CreateClient()
   at Industrial.Adam.Oee.Tests.Integration.SignalR.StoppageNotificationHubTests.CreateConnectionAsync() in /home/grant/adam-6000-counter/src/Industrial.Adam.Oee/Tests/Integration/SignalR/StoppageNotificationHubTests.cs:line 254
   at Industrial.Adam.Oee.Tests.Integration.SignalR.StoppageNotificationHubTests.Hub_CanSubscribeAsSupervisor_Successfully() in /home/grant/adam-6000-counter/src/Industrial.Adam.Oee/Tests/Integration/SignalR/StoppageNotificationHubTests.cs:line 95
--- End of stack trace from previous location ---
----- Inner Stack Trace #1 (System.InvalidOperationException) -----
   at Microsoft.Extensions.DependencyInjection.ServiceProvider.ValidateService(ServiceDescriptor descriptor)
   at Microsoft.Extensions.DependencyInjection.ServiceProvider..ctor(ICollection`1 serviceDescriptors, ServiceProviderOptions options)
----- Inner Stack Trace -----
   at Microsoft.Extensions.DependencyInjection.ServiceLookup.CallSiteFactory.CreateArgumentCallSites(ServiceIdentifier serviceIdentifier, Type implementationType, CallSiteChain callSiteChain, ParameterInfo[] parameters, Boolean throwIfCallSiteNotFound)
   at Microsoft.Extensions.DependencyInjection.ServiceLookup.CallSiteFactory.CreateConstructorCallSite(ResultCache lifetime, ServiceIdentifier serviceIdentifier, Type implementationType, CallSiteChain callSiteChain)
   at Microsoft.Extensions.DependencyInjection.ServiceLookup.CallSiteFactory.TryCreateExact(ServiceDescriptor descriptor, ServiceIdentifier serviceIdentifier, CallSiteChain callSiteChain, Int32 slot)
   at Microsoft.Extensions.DependencyInjection.ServiceLookup.CallSiteFactory.GetCallSite(ServiceDescriptor serviceDescriptor, CallSiteChain callSiteChain)
   at Microsoft.Extensions.DependencyInjection.ServiceProvider.ValidateService(ServiceDescriptor descriptor)
----- Inner Stack Trace #2 (System.InvalidOperationException) -----
   at Microsoft.Extensions.DependencyInjection.ServiceProvider.ValidateService(ServiceDescriptor descriptor)
   at Microsoft.Extensions.DependencyInjection.ServiceProvider..ctor(ICollection`1 serviceDescriptors, ServiceProviderOptions options)
----- Inner Stack Trace -----
   at Microsoft.Extensions.DependencyInjection.ServiceLookup.CallSiteFactory.CreateArgumentCallSites(ServiceIdentifier serviceIdentifier, Type implementationType, CallSiteChain callSiteChain, ParameterInfo[] parameters, Boolean throwIfCallSiteNotFound)
   at Microsoft.Extensions.DependencyInjection.ServiceLookup.CallSiteFactory.CreateConstructorCallSite(ResultCache lifetime, ServiceIdentifier serviceIdentifier, Type implementationType, CallSiteChain callSiteChain)
   at Microsoft.Extensions.DependencyInjection.ServiceLookup.CallSiteFactory.TryCreateExact(ServiceDescriptor descriptor, ServiceIdentifier serviceIdentifier, CallSiteChain callSiteChain, Int32 slot)
   at Microsoft.Extensions.DependencyInjection.ServiceLookup.CallSiteFactory.GetCallSite(ServiceDescriptor serviceDescriptor, CallSiteChain callSiteChain)
   at Microsoft.Extensions.DependencyInjection.ServiceProvider.ValidateService(ServiceDescriptor descriptor)
----- Inner Stack Trace #3 (System.InvalidOperationException) -----
   at Microsoft.Extensions.DependencyInjection.ServiceProvider.ValidateService(ServiceDescriptor descriptor)
   at Microsoft.Extensions.DependencyInjection.ServiceProvider..ctor(ICollection`1 serviceDescriptors, ServiceProviderOptions options)
----- Inner Stack Trace -----
   at Microsoft.Extensions.DependencyInjection.ServiceLookup.CallSiteFactory.CreateArgumentCallSites(ServiceIdentifier serviceIdentifier, Type implementationType, CallSiteChain callSiteChain, ParameterInfo[] parameters, Boolean throwIfCallSiteNotFound)
   at Microsoft.Extensions.DependencyInjection.ServiceLookup.CallSiteFactory.CreateConstructorCallSite(ResultCache lifetime, ServiceIdentifier serviceIdentifier, Type implementationType, CallSiteChain callSiteChain)
   at Microsoft.Extensions.DependencyInjection.ServiceLookup.CallSiteFactory.TryCreateExact(ServiceDescriptor descriptor, ServiceIdentifier serviceIdentifier, CallSiteChain callSiteChain, Int32 slot)
   at Microsoft.Extensions.DependencyInjection.ServiceLookup.CallSiteFactory.GetCallSite(ServiceDescriptor serviceDescriptor, CallSiteChain callSiteChain)
   at Microsoft.Extensions.DependencyInjection.ServiceProvider.ValidateService(ServiceDescriptor descriptor)
----- Inner Stack Trace #4 (System.InvalidOperationException) -----
   at Microsoft.Extensions.DependencyInjection.ServiceProvider.ValidateService(ServiceDescriptor descriptor)
   at Microsoft.Extensions.DependencyInjection.ServiceProvider..ctor(ICollection`1 serviceDescriptors, ServiceProviderOptions options)
----- Inner Stack Trace -----
   at Microsoft.Extensions.DependencyInjection.ServiceLookup.CallSiteFactory.CreateArgumentCallSites(ServiceIdentifier serviceIdentifier, Type implementationType, CallSiteChain callSiteChain, ParameterInfo[] parameters, Boolean throwIfCallSiteNotFound)
   at Microsoft.Extensions.DependencyInjection.ServiceLookup.CallSiteFactory.CreateConstructorCallSite(ResultCache lifetime, ServiceIdentifier serviceIdentifier, Type implementationType, CallSiteChain callSiteChain)
   at Microsoft.Extensions.DependencyInjection.ServiceLookup.CallSiteFactory.TryCreateExact(ServiceDescriptor descriptor, ServiceIdentifier serviceIdentifier, CallSiteChain callSiteChain, Int32 slot)
   at Microsoft.Extensions.DependencyInjection.ServiceLookup.CallSiteFactory.TryCreateExact(ServiceIdentifier serviceIdentifier, CallSiteChain callSiteChain)
   at Microsoft.Extensions.DependencyInjection.ServiceLookup.CallSiteFactory.CreateCallSite(ServiceIdentifier serviceIdentifier, CallSiteChain callSiteChain)
   at Microsoft.Extensions.DependencyInjection.ServiceLookup.CallSiteFactory.CreateArgumentCallSites(ServiceIdentifier serviceIdentifier, Type implementationType, CallSiteChain callSiteChain, ParameterInfo[] parameters, Boolean throwIfCallSiteNotFound)
   at Microsoft.Extensions.DependencyInjection.ServiceLookup.CallSiteFactory.CreateConstructorCallSite(ResultCache lifetime, ServiceIdentifier serviceIdentifier, Type implementationType, CallSiteChain callSiteChain)
   at Microsoft.Extensions.DependencyInjection.ServiceLookup.CallSiteFactory.TryCreateExact(ServiceDescriptor descriptor, ServiceIdentifier serviceIdentifier, CallSiteChain callSiteChain, Int32 slot)
   at Microsoft.Extensions.DependencyInjection.ServiceLookup.CallSiteFactory.GetCallSite(ServiceDescriptor serviceDescriptor, CallSiteChain callSiteChain)
   at Microsoft.Extensions.DependencyInjection.ServiceProvider.ValidateService(ServiceDescriptor descriptor)
----- Inner Stack Trace #5 (System.InvalidOperationException) -----
   at Microsoft.Extensions.DependencyInjection.ServiceProvider.ValidateService(ServiceDescriptor descriptor)
   at Microsoft.Extensions.DependencyInjection.ServiceProvider..ctor(ICollection`1 serviceDescriptors, ServiceProviderOptions options)
----- Inner Stack Trace -----
   at Microsoft.Extensions.DependencyInjection.ServiceLookup.CallSiteFactory.CreateArgumentCallSites(ServiceIdentifier serviceIdentifier, Type implementationType, CallSiteChain callSiteChain, ParameterInfo[] parameters, Boolean throwIfCallSiteNotFound)
   at Microsoft.Extensions.DependencyInjection.ServiceLookup.CallSiteFactory.CreateConstructorCallSite(ResultCache lifetime, ServiceIdentifier serviceIdentifier, Type implementationType, CallSiteChain callSiteChain)
   at Microsoft.Extensions.DependencyInjection.ServiceLookup.CallSiteFactory.TryCreateExact(ServiceDescriptor descriptor, ServiceIdentifier serviceIdentifier, CallSiteChain callSiteChain, Int32 slot)
   at Microsoft.Extensions.DependencyInjection.ServiceLookup.CallSiteFactory.GetCallSite(ServiceDescriptor serviceDescriptor, CallSiteChain callSiteChain)
   at Microsoft.Extensions.DependencyInjection.ServiceProvider.ValidateService(ServiceDescriptor descriptor)
  Failed Industrial.Adam.Oee.Tests.Integration.StoppagesControllerIntegrationTests.GetCurrentStoppage_WithInvalidMinimumMinutes_ReturnsBadRequest(minimumMinutes: 61) [1 ms]
  Error Message:
   System.AggregateException : Some services are not able to be constructed (Error while validating the service descriptor 'ServiceType: Industrial.Adam.Oee.Domain.Interfaces.IJobSequencingService Lifetime: Scoped ImplementationType: Industrial.Adam.Oee.Domain.Services.JobSequencingService': Unable to resolve service for type 'Industrial.Adam.Oee.Domain.Interfaces.IEquipmentLineRepository' while attempting to activate 'Industrial.Adam.Oee.Domain.Services.JobSequencingService'.) (Error while validating the service descriptor 'ServiceType: Industrial.Adam.Oee.Domain.Interfaces.IEquipmentLineService Lifetime: Scoped ImplementationType: Industrial.Adam.Oee.Domain.Services.EquipmentLineService': Unable to resolve service for type 'Industrial.Adam.Oee.Domain.Interfaces.IEquipmentLineRepository' while attempting to activate 'Industrial.Adam.Oee.Domain.Services.EquipmentLineService'.) (Error while validating the service descriptor 'ServiceType: Industrial.Adam.Oee.Domain.Interfaces.IStoppageDetectionService Lifetime: Scoped ImplementationType: Industrial.Adam.Oee.Domain.Services.StoppageDetectionService': Unable to resolve service for type 'Industrial.Adam.Oee.Domain.Interfaces.IEquipmentLineRepository' while attempting to activate 'Industrial.Adam.Oee.Domain.Services.StoppageDetectionService'.) (Error while validating the service descriptor 'ServiceType: MediatR.IRequestHandler`2[Industrial.Adam.Oee.Application.Commands.StartWorkOrderCommand,System.String] Lifetime: Transient ImplementationType: Industrial.Adam.Oee.Application.Commands.Handlers.StartWorkOrderCommandHandler': Unable to resolve service for type 'Industrial.Adam.Oee.Domain.Interfaces.IEquipmentLineRepository' while attempting to activate 'Industrial.Adam.Oee.Domain.Services.JobSequencingService'.) (Error while validating the service descriptor 'ServiceType: Industrial.Adam.Oee.Domain.Interfaces.ISimpleJobQueueService Lifetime: Scoped ImplementationType: Industrial.Adam.Oee.Domain.Services.SimpleJobQueueService': Unable to resolve service for type 'Industrial.Adam.Oee.Domain.Interfaces.ISimpleJobQueueRepository' while attempting to activate 'Industrial.Adam.Oee.Domain.Services.SimpleJobQueueService'.)
---- System.InvalidOperationException : Error while validating the service descriptor 'ServiceType: Industrial.Adam.Oee.Domain.Interfaces.IJobSequencingService Lifetime: Scoped ImplementationType: Industrial.Adam.Oee.Domain.Services.JobSequencingService': Unable to resolve service for type 'Industrial.Adam.Oee.Domain.Interfaces.IEquipmentLineRepository' while attempting to activate 'Industrial.Adam.Oee.Domain.Services.JobSequencingService'.
-------- System.InvalidOperationException : Unable to resolve service for type 'Industrial.Adam.Oee.Domain.Interfaces.IEquipmentLineRepository' while attempting to activate 'Industrial.Adam.Oee.Domain.Services.JobSequencingService'.
---- System.InvalidOperationException : Error while validating the service descriptor 'ServiceType: Industrial.Adam.Oee.Domain.Interfaces.IEquipmentLineService Lifetime: Scoped ImplementationType: Industrial.Adam.Oee.Domain.Services.EquipmentLineService': Unable to resolve service for type 'Industrial.Adam.Oee.Domain.Interfaces.IEquipmentLineRepository' while attempting to activate 'Industrial.Adam.Oee.Domain.Services.EquipmentLineService'.
-------- System.InvalidOperationException : Unable to resolve service for type 'Industrial.Adam.Oee.Domain.Interfaces.IEquipmentLineRepository' while attempting to activate 'Industrial.Adam.Oee.Domain.Services.EquipmentLineService'.
---- System.InvalidOperationException : Error while validating the service descriptor 'ServiceType: Industrial.Adam.Oee.Domain.Interfaces.IStoppageDetectionService Lifetime: Scoped ImplementationType: Industrial.Adam.Oee.Domain.Services.StoppageDetectionService': Unable to resolve service for type 'Industrial.Adam.Oee.Domain.Interfaces.IEquipmentLineRepository' while attempting to activate 'Industrial.Adam.Oee.Domain.Services.StoppageDetectionService'.
-------- System.InvalidOperationException : Unable to resolve service for type 'Industrial.Adam.Oee.Domain.Interfaces.IEquipmentLineRepository' while attempting to activate 'Industrial.Adam.Oee.Domain.Services.StoppageDetectionService'.
---- System.InvalidOperationException : Error while validating the service descriptor 'ServiceType: MediatR.IRequestHandler`2[Industrial.Adam.Oee.Application.Commands.StartWorkOrderCommand,System.String] Lifetime: Transient ImplementationType: Industrial.Adam.Oee.Application.Commands.Handlers.StartWorkOrderCommandHandler': Unable to resolve service for type 'Industrial.Adam.Oee.Domain.Interfaces.IEquipmentLineRepository' while attempting to activate 'Industrial.Adam.Oee.Domain.Services.JobSequencingService'.
-------- System.InvalidOperationException : Unable to resolve service for type 'Industrial.Adam.Oee.Domain.Interfaces.IEquipmentLineRepository' while attempting to activate 'Industrial.Adam.Oee.Domain.Services.JobSequencingService'.
---- System.InvalidOperationException : Error while validating the service descriptor 'ServiceType: Industrial.Adam.Oee.Domain.Interfaces.ISimpleJobQueueService Lifetime: Scoped ImplementationType: Industrial.Adam.Oee.Domain.Services.SimpleJobQueueService': Unable to resolve service for type 'Industrial.Adam.Oee.Domain.Interfaces.ISimpleJobQueueRepository' while attempting to activate 'Industrial.Adam.Oee.Domain.Services.SimpleJobQueueService'.
-------- System.InvalidOperationException : Unable to resolve service for type 'Industrial.Adam.Oee.Domain.Interfaces.ISimpleJobQueueRepository' while attempting to activate 'Industrial.Adam.Oee.Domain.Services.SimpleJobQueueService'.
  Stack Trace:
     at Microsoft.Extensions.DependencyInjection.ServiceProvider..ctor(ICollection`1 serviceDescriptors, ServiceProviderOptions options)
   at Microsoft.Extensions.DependencyInjection.ServiceCollectionContainerBuilderExtensions.BuildServiceProvider(IServiceCollection services, ServiceProviderOptions options)
   at Microsoft.Extensions.Hosting.HostApplicationBuilder.Build()
   at Microsoft.AspNetCore.Builder.WebApplicationBuilder.Build()
   at Program.<Main>$(String[] args) in /home/grant/adam-6000-counter/src/Industrial.Adam.Oee/WebApi/Program.cs:line 89
   at InvokeStub_Program.<Main>$(Object, Span`1)
   at System.Reflection.MethodBaseInvoker.InvokeWithOneArg(Object obj, BindingFlags invokeAttr, Binder binder, Object[] parameters, CultureInfo culture)
--- End of stack trace from previous location ---
   at Microsoft.Extensions.Hosting.HostFactoryResolver.HostingListener.CreateHost()
   at Microsoft.Extensions.Hosting.HostFactoryResolver.<>c__DisplayClass10_0.<ResolveHostFactory>b__0(String[] args)
   at Microsoft.AspNetCore.Mvc.Testing.DeferredHostBuilder.Build()
   at Microsoft.AspNetCore.Mvc.Testing.WebApplicationFactory`1.CreateHost(IHostBuilder builder)
   at Microsoft.AspNetCore.Mvc.Testing.WebApplicationFactory`1.ConfigureHostBuilder(IHostBuilder hostBuilder)
   at Microsoft.AspNetCore.Mvc.Testing.WebApplicationFactory`1.EnsureServer()
   at Microsoft.AspNetCore.Mvc.Testing.WebApplicationFactory`1.CreateDefaultClient(DelegatingHandler[] handlers)
   at Microsoft.AspNetCore.Mvc.Testing.WebApplicationFactory`1.CreateDefaultClient(Uri baseAddress, DelegatingHandler[] handlers)
   at Microsoft.AspNetCore.Mvc.Testing.WebApplicationFactory`1.CreateClient(WebApplicationFactoryClientOptions options)
   at Microsoft.AspNetCore.Mvc.Testing.WebApplicationFactory`1.CreateClient()
   at Industrial.Adam.Oee.Tests.Integration.StoppagesControllerIntegrationTests..ctor(WebApplicationFactory`1 factory) in /home/grant/adam-6000-counter/src/Industrial.Adam.Oee/Tests/Integration/StoppagesControllerIntegrationTests.cs:line 21
   at InvokeStub_StoppagesControllerIntegrationTests..ctor(Object, Span`1)
   at System.Reflection.MethodBaseInvoker.InvokeWithOneArg(Object obj, BindingFlags invokeAttr, Binder binder, Object[] parameters, CultureInfo culture)
----- Inner Stack Trace #1 (System.InvalidOperationException) -----
   at Microsoft.Extensions.DependencyInjection.ServiceProvider.ValidateService(ServiceDescriptor descriptor)
   at Microsoft.Extensions.DependencyInjection.ServiceProvider..ctor(ICollection`1 serviceDescriptors, ServiceProviderOptions options)
----- Inner Stack Trace -----
   at Microsoft.Extensions.DependencyInjection.ServiceLookup.CallSiteFactory.CreateArgumentCallSites(ServiceIdentifier serviceIdentifier, Type implementationType, CallSiteChain callSiteChain, ParameterInfo[] parameters, Boolean throwIfCallSiteNotFound)
   at Microsoft.Extensions.DependencyInjection.ServiceLookup.CallSiteFactory.CreateConstructorCallSite(ResultCache lifetime, ServiceIdentifier serviceIdentifier, Type implementationType, CallSiteChain callSiteChain)
   at Microsoft.Extensions.DependencyInjection.ServiceLookup.CallSiteFactory.TryCreateExact(ServiceDescriptor descriptor, ServiceIdentifier serviceIdentifier, CallSiteChain callSiteChain, Int32 slot)
   at Microsoft.Extensions.DependencyInjection.ServiceLookup.CallSiteFactory.GetCallSite(ServiceDescriptor serviceDescriptor, CallSiteChain callSiteChain)
   at Microsoft.Extensions.DependencyInjection.ServiceProvider.ValidateService(ServiceDescriptor descriptor)
----- Inner Stack Trace #2 (System.InvalidOperationException) -----
   at Microsoft.Extensions.DependencyInjection.ServiceProvider.ValidateService(ServiceDescriptor descriptor)
   at Microsoft.Extensions.DependencyInjection.ServiceProvider..ctor(ICollection`1 serviceDescriptors, ServiceProviderOptions options)
----- Inner Stack Trace -----
   at Microsoft.Extensions.DependencyInjection.ServiceLookup.CallSiteFactory.CreateArgumentCallSites(ServiceIdentifier serviceIdentifier, Type implementationType, CallSiteChain callSiteChain, ParameterInfo[] parameters, Boolean throwIfCallSiteNotFound)
   at Microsoft.Extensions.DependencyInjection.ServiceLookup.CallSiteFactory.CreateConstructorCallSite(ResultCache lifetime, ServiceIdentifier serviceIdentifier, Type implementationType, CallSiteChain callSiteChain)
   at Microsoft.Extensions.DependencyInjection.ServiceLookup.CallSiteFactory.TryCreateExact(ServiceDescriptor descriptor, ServiceIdentifier serviceIdentifier, CallSiteChain callSiteChain, Int32 slot)
   at Microsoft.Extensions.DependencyInjection.ServiceLookup.CallSiteFactory.GetCallSite(ServiceDescriptor serviceDescriptor, CallSiteChain callSiteChain)
   at Microsoft.Extensions.DependencyInjection.ServiceProvider.ValidateService(ServiceDescriptor descriptor)
----- Inner Stack Trace #3 (System.InvalidOperationException) -----
   at Microsoft.Extensions.DependencyInjection.ServiceProvider.ValidateService(ServiceDescriptor descriptor)
   at Microsoft.Extensions.DependencyInjection.ServiceProvider..ctor(ICollection`1 serviceDescriptors, ServiceProviderOptions options)
----- Inner Stack Trace -----
   at Microsoft.Extensions.DependencyInjection.ServiceLookup.CallSiteFactory.CreateArgumentCallSites(ServiceIdentifier serviceIdentifier, Type implementationType, CallSiteChain callSiteChain, ParameterInfo[] parameters, Boolean throwIfCallSiteNotFound)
   at Microsoft.Extensions.DependencyInjection.ServiceLookup.CallSiteFactory.CreateConstructorCallSite(ResultCache lifetime, ServiceIdentifier serviceIdentifier, Type implementationType, CallSiteChain callSiteChain)
   at Microsoft.Extensions.DependencyInjection.ServiceLookup.CallSiteFactory.TryCreateExact(ServiceDescriptor descriptor, ServiceIdentifier serviceIdentifier, CallSiteChain callSiteChain, Int32 slot)
   at Microsoft.Extensions.DependencyInjection.ServiceLookup.CallSiteFactory.GetCallSite(ServiceDescriptor serviceDescriptor, CallSiteChain callSiteChain)
   at Microsoft.Extensions.DependencyInjection.ServiceProvider.ValidateService(ServiceDescriptor descriptor)
----- Inner Stack Trace #4 (System.InvalidOperationException) -----
   at Microsoft.Extensions.DependencyInjection.ServiceProvider.ValidateService(ServiceDescriptor descriptor)
   at Microsoft.Extensions.DependencyInjection.ServiceProvider..ctor(ICollection`1 serviceDescriptors, ServiceProviderOptions options)
----- Inner Stack Trace -----
   at Microsoft.Extensions.DependencyInjection.ServiceLookup.CallSiteFactory.CreateArgumentCallSites(ServiceIdentifier serviceIdentifier, Type implementationType, CallSiteChain callSiteChain, ParameterInfo[] parameters, Boolean throwIfCallSiteNotFound)
   at Microsoft.Extensions.DependencyInjection.ServiceLookup.CallSiteFactory.CreateConstructorCallSite(ResultCache lifetime, ServiceIdentifier serviceIdentifier, Type implementationType, CallSiteChain callSiteChain)
   at Microsoft.Extensions.DependencyInjection.ServiceLookup.CallSiteFactory.TryCreateExact(ServiceDescriptor descriptor, ServiceIdentifier serviceIdentifier, CallSiteChain callSiteChain, Int32 slot)
   at Microsoft.Extensions.DependencyInjection.ServiceLookup.CallSiteFactory.TryCreateExact(ServiceIdentifier serviceIdentifier, CallSiteChain callSiteChain)
   at Microsoft.Extensions.DependencyInjection.ServiceLookup.CallSiteFactory.CreateCallSite(ServiceIdentifier serviceIdentifier, CallSiteChain callSiteChain)
   at Microsoft.Extensions.DependencyInjection.ServiceLookup.CallSiteFactory.CreateArgumentCallSites(ServiceIdentifier serviceIdentifier, Type implementationType, CallSiteChain callSiteChain, ParameterInfo[] parameters, Boolean throwIfCallSiteNotFound)
   at Microsoft.Extensions.DependencyInjection.ServiceLookup.CallSiteFactory.CreateConstructorCallSite(ResultCache lifetime, ServiceIdentifier serviceIdentifier, Type implementationType, CallSiteChain callSiteChain)
   at Microsoft.Extensions.DependencyInjection.ServiceLookup.CallSiteFactory.TryCreateExact(ServiceDescriptor descriptor, ServiceIdentifier serviceIdentifier, CallSiteChain callSiteChain, Int32 slot)
   at Microsoft.Extensions.DependencyInjection.ServiceLookup.CallSiteFactory.GetCallSite(ServiceDescriptor serviceDescriptor, CallSiteChain callSiteChain)
   at Microsoft.Extensions.DependencyInjection.ServiceProvider.ValidateService(ServiceDescriptor descriptor)
----- Inner Stack Trace #5 (System.InvalidOperationException) -----
   at Microsoft.Extensions.DependencyInjection.ServiceProvider.ValidateService(ServiceDescriptor descriptor)
   at Microsoft.Extensions.DependencyInjection.ServiceProvider..ctor(ICollection`1 serviceDescriptors, ServiceProviderOptions options)
----- Inner Stack Trace -----
   at Microsoft.Extensions.DependencyInjection.ServiceLookup.CallSiteFactory.CreateArgumentCallSites(ServiceIdentifier serviceIdentifier, Type implementationType, CallSiteChain callSiteChain, ParameterInfo[] parameters, Boolean throwIfCallSiteNotFound)
   at Microsoft.Extensions.DependencyInjection.ServiceLookup.CallSiteFactory.CreateConstructorCallSite(ResultCache lifetime, ServiceIdentifier serviceIdentifier, Type implementationType, CallSiteChain callSiteChain)
   at Microsoft.Extensions.DependencyInjection.ServiceLookup.CallSiteFactory.TryCreateExact(ServiceDescriptor descriptor, ServiceIdentifier serviceIdentifier, CallSiteChain callSiteChain, Int32 slot)
   at Microsoft.Extensions.DependencyInjection.ServiceLookup.CallSiteFactory.GetCallSite(ServiceDescriptor serviceDescriptor, CallSiteChain callSiteChain)
   at Microsoft.Extensions.DependencyInjection.ServiceProvider.ValidateService(ServiceDescriptor descriptor)
[xUnit.net 00:00:02.53]     Industrial.Adam.Oee.Tests.Integration.OeeControllerIntegrationTests.GetOeeEndpoints_WithInvalidDeviceId_ReturnsBadRequest(deviceId: null) [FAIL]
  Failed Industrial.Adam.Oee.Tests.Integration.OeeControllerIntegrationTests.GetOeeEndpoints_WithInvalidDeviceId_ReturnsBadRequest(deviceId: null) [1 ms]
  Error Message:
   System.AggregateException : Some services are not able to be constructed (Error while validating the service descriptor 'ServiceType: Industrial.Adam.Oee.Domain.Interfaces.IJobSequencingService Lifetime: Scoped ImplementationType: Industrial.Adam.Oee.Domain.Services.JobSequencingService': Unable to resolve service for type 'Industrial.Adam.Oee.Domain.Interfaces.IEquipmentLineRepository' while attempting to activate 'Industrial.Adam.Oee.Domain.Services.JobSequencingService'.) (Error while validating the service descriptor 'ServiceType: Industrial.Adam.Oee.Domain.Interfaces.IEquipmentLineService Lifetime: Scoped ImplementationType: Industrial.Adam.Oee.Domain.Services.EquipmentLineService': Unable to resolve service for type 'Industrial.Adam.Oee.Domain.Interfaces.IEquipmentLineRepository' while attempting to activate 'Industrial.Adam.Oee.Domain.Services.EquipmentLineService'.) (Error while validating the service descriptor 'ServiceType: Industrial.Adam.Oee.Domain.Interfaces.IStoppageDetectionService Lifetime: Scoped ImplementationType: Industrial.Adam.Oee.Domain.Services.StoppageDetectionService': Unable to resolve service for type 'Industrial.Adam.Oee.Domain.Interfaces.IEquipmentLineRepository' while attempting to activate 'Industrial.Adam.Oee.Domain.Services.StoppageDetectionService'.) (Error while validating the service descriptor 'ServiceType: MediatR.IRequestHandler`2[Industrial.Adam.Oee.Application.Commands.StartWorkOrderCommand,System.String] Lifetime: Transient ImplementationType: Industrial.Adam.Oee.Application.Commands.Handlers.StartWorkOrderCommandHandler': Unable to resolve service for type 'Industrial.Adam.Oee.Domain.Interfaces.IEquipmentLineRepository' while attempting to activate 'Industrial.Adam.Oee.Domain.Services.JobSequencingService'.) (Error while validating the service descriptor 'ServiceType: Industrial.Adam.Oee.Domain.Interfaces.ISimpleJobQueueService Lifetime: Scoped ImplementationType: Industrial.Adam.Oee.Domain.Services.SimpleJobQueueService': Unable to resolve service for type 'Industrial.Adam.Oee.Domain.Interfaces.ISimpleJobQueueRepository' while attempting to activate 'Industrial.Adam.Oee.Domain.Services.SimpleJobQueueService'.)
---- System.InvalidOperationException : Error while validating the service descriptor 'ServiceType: Industrial.Adam.Oee.Domain.Interfaces.IJobSequencingService Lifetime: Scoped ImplementationType: Industrial.Adam.Oee.Domain.Services.JobSequencingService': Unable to resolve service for type 'Industrial.Adam.Oee.Domain.Interfaces.IEquipmentLineRepository' while attempting to activate 'Industrial.Adam.Oee.Domain.Services.JobSequencingService'.
-------- System.InvalidOperationException : Unable to resolve service for type 'Industrial.Adam.Oee.Domain.Interfaces.IEquipmentLineRepository' while attempting to activate 'Industrial.Adam.Oee.Domain.Services.JobSequencingService'.
---- System.InvalidOperationException : Error while validating the service descriptor 'ServiceType: Industrial.Adam.Oee.Domain.Interfaces.IEquipmentLineService Lifetime: Scoped ImplementationType: Industrial.Adam.Oee.Domain.Services.EquipmentLineService': Unable to resolve service for type 'Industrial.Adam.Oee.Domain.Interfaces.IEquipmentLineRepository' while attempting to activate 'Industrial.Adam.Oee.Domain.Services.EquipmentLineService'.
-------- System.InvalidOperationException : Unable to resolve service for type 'Industrial.Adam.Oee.Domain.Interfaces.IEquipmentLineRepository' while attempting to activate 'Industrial.Adam.Oee.Domain.Services.EquipmentLineService'.
---- System.InvalidOperationException : Error while validating the service descriptor 'ServiceType: Industrial.Adam.Oee.Domain.Interfaces.IStoppageDetectionService Lifetime: Scoped ImplementationType: Industrial.Adam.Oee.Domain.Services.StoppageDetectionService': Unable to resolve service for type 'Industrial.Adam.Oee.Domain.Interfaces.IEquipmentLineRepository' while attempting to activate 'Industrial.Adam.Oee.Domain.Services.StoppageDetectionService'.
-------- System.InvalidOperationException : Unable to resolve service for type 'Industrial.Adam.Oee.Domain.Interfaces.IEquipmentLineRepository' while attempting to activate 'Industrial.Adam.Oee.Domain.Services.StoppageDetectionService'.
---- System.InvalidOperationException : Error while validating the service descriptor 'ServiceType: MediatR.IRequestHandler`2[Industrial.Adam.Oee.Application.Commands.StartWorkOrderCommand,System.String] Lifetime: Transient ImplementationType: Industrial.Adam.Oee.Application.Commands.Handlers.StartWorkOrderCommandHandler': Unable to resolve service for type 'Industrial.Adam.Oee.Domain.Interfaces.IEquipmentLineRepository' while attempting to activate 'Industrial.Adam.Oee.Domain.Services.JobSequencingService'.
-------- System.InvalidOperationException : Unable to resolve service for type 'Industrial.Adam.Oee.Domain.Interfaces.IEquipmentLineRepository' while attempting to activate 'Industrial.Adam.Oee.Domain.Services.JobSequencingService'.
---- System.InvalidOperationException : Error while validating the service descriptor 'ServiceType: Industrial.Adam.Oee.Domain.Interfaces.ISimpleJobQueueService Lifetime: Scoped ImplementationType: Industrial.Adam.Oee.Domain.Services.SimpleJobQueueService': Unable to resolve service for type 'Industrial.Adam.Oee.Domain.Interfaces.ISimpleJobQueueRepository' while attempting to activate 'Industrial.Adam.Oee.Domain.Services.SimpleJobQueueService'.
-------- System.InvalidOperationException : Unable to resolve service for type 'Industrial.Adam.Oee.Domain.Interfaces.ISimpleJobQueueRepository' while attempting to activate 'Industrial.Adam.Oee.Domain.Services.SimpleJobQueueService'.
  Stack Trace:
     at Microsoft.Extensions.DependencyInjection.ServiceProvider..ctor(ICollection`1 serviceDescriptors, ServiceProviderOptions options)
   at Microsoft.Extensions.DependencyInjection.ServiceCollectionContainerBuilderExtensions.BuildServiceProvider(IServiceCollection services, ServiceProviderOptions options)
   at Microsoft.Extensions.Hosting.HostApplicationBuilder.Build()
   at Microsoft.AspNetCore.Builder.WebApplicationBuilder.Build()
   at Program.<Main>$(String[] args) in /home/grant/adam-6000-counter/src/Industrial.Adam.Oee/WebApi/Program.cs:line 89
   at InvokeStub_Program.<Main>$(Object, Span`1)
   at System.Reflection.MethodBaseInvoker.InvokeWithOneArg(Object obj, BindingFlags invokeAttr, Binder binder, Object[] parameters, CultureInfo culture)
--- End of stack trace from previous location ---
   at Microsoft.Extensions.Hosting.HostFactoryResolver.HostingListener.CreateHost()
   at Microsoft.Extensions.Hosting.HostFactoryResolver.<>c__DisplayClass10_0.<ResolveHostFactory>b__0(String[] args)
   at Microsoft.AspNetCore.Mvc.Testing.DeferredHostBuilder.Build()
   at Microsoft.AspNetCore.Mvc.Testing.WebApplicationFactory`1.CreateHost(IHostBuilder builder)
   at Microsoft.AspNetCore.Mvc.Testing.WebApplicationFactory`1.ConfigureHostBuilder(IHostBuilder hostBuilder)
   at Microsoft.AspNetCore.Mvc.Testing.WebApplicationFactory`1.EnsureServer()
   at Microsoft.AspNetCore.Mvc.Testing.WebApplicationFactory`1.CreateDefaultClient(DelegatingHandler[] handlers)
   at Microsoft.AspNetCore.Mvc.Testing.WebApplicationFactory`1.CreateDefaultClient(Uri baseAddress, DelegatingHandler[] handlers)
   at Microsoft.AspNetCore.Mvc.Testing.WebApplicationFactory`1.CreateClient(WebApplicationFactoryClientOptions options)
   at Microsoft.AspNetCore.Mvc.Testing.WebApplicationFactory`1.CreateClient()
   at Industrial.Adam.Oee.Tests.Integration.OeeControllerIntegrationTests..ctor(WebApplicationFactory`1 factory) in /home/grant/adam-6000-counter/src/Industrial.Adam.Oee/Tests/Integration/OeeControllerIntegrationTests.cs:line 21
   at InvokeStub_OeeControllerIntegrationTests..ctor(Object, Span`1)
   at System.Reflection.MethodBaseInvoker.InvokeWithOneArg(Object obj, BindingFlags invokeAttr, Binder binder, Object[] parameters, CultureInfo culture)
----- Inner Stack Trace #1 (System.InvalidOperationException) -----
   at Microsoft.Extensions.DependencyInjection.ServiceProvider.ValidateService(ServiceDescriptor descriptor)
   at Microsoft.Extensions.DependencyInjection.ServiceProvider..ctor(ICollection`1 serviceDescriptors, ServiceProviderOptions options)
----- Inner Stack Trace -----
   at Microsoft.Extensions.DependencyInjection.ServiceLookup.CallSiteFactory.CreateArgumentCallSites(ServiceIdentifier serviceIdentifier, Type implementationType, CallSiteChain callSiteChain, ParameterInfo[] parameters, Boolean throwIfCallSiteNotFound)
   at Microsoft.Extensions.DependencyInjection.ServiceLookup.CallSiteFactory.CreateConstructorCallSite(ResultCache lifetime, ServiceIdentifier serviceIdentifier, Type implementationType, CallSiteChain callSiteChain)
   at Microsoft.Extensions.DependencyInjection.ServiceLookup.CallSiteFactory.TryCreateExact(ServiceDescriptor descriptor, ServiceIdentifier serviceIdentifier, CallSiteChain callSiteChain, Int32 slot)
   at Microsoft.Extensions.DependencyInjection.ServiceLookup.CallSiteFactory.GetCallSite(ServiceDescriptor serviceDescriptor, CallSiteChain callSiteChain)
   at Microsoft.Extensions.DependencyInjection.ServiceProvider.ValidateService(ServiceDescriptor descriptor)
----- Inner Stack Trace #2 (System.InvalidOperationException) -----
   at Microsoft.Extensions.DependencyInjection.ServiceProvider.ValidateService(ServiceDescriptor descriptor)
   at Microsoft.Extensions.DependencyInjection.ServiceProvider..ctor(ICollection`1 serviceDescriptors, ServiceProviderOptions options)
----- Inner Stack Trace -----
   at Microsoft.Extensions.DependencyInjection.ServiceLookup.CallSiteFactory.CreateArgumentCallSites(ServiceIdentifier serviceIdentifier, Type implementationType, CallSiteChain callSiteChain, ParameterInfo[] parameters, Boolean throwIfCallSiteNotFound)
   at Microsoft.Extensions.DependencyInjection.ServiceLookup.CallSiteFactory.CreateConstructorCallSite(ResultCache lifetime, ServiceIdentifier serviceIdentifier, Type implementationType, CallSiteChain callSiteChain)
   at Microsoft.Extensions.DependencyInjection.ServiceLookup.CallSiteFactory.TryCreateExact(ServiceDescriptor descriptor, ServiceIdentifier serviceIdentifier, CallSiteChain callSiteChain, Int32 slot)
   at Microsoft.Extensions.DependencyInjection.ServiceLookup.CallSiteFactory.GetCallSite(ServiceDescriptor serviceDescriptor, CallSiteChain callSiteChain)
   at Microsoft.Extensions.DependencyInjection.ServiceProvider.ValidateService(ServiceDescriptor descriptor)
----- Inner Stack Trace #3 (System.InvalidOperationException) -----
   at Microsoft.Extensions.DependencyInjection.ServiceProvider.ValidateService(ServiceDescriptor descriptor)
   at Microsoft.Extensions.DependencyInjection.ServiceProvider..ctor(ICollection`1 serviceDescriptors, ServiceProviderOptions options)
----- Inner Stack Trace -----
   at Microsoft.Extensions.DependencyInjection.ServiceLookup.CallSiteFactory.CreateArgumentCallSites(ServiceIdentifier serviceIdentifier, Type implementationType, CallSiteChain callSiteChain, ParameterInfo[] parameters, Boolean throwIfCallSiteNotFound)
   at Microsoft.Extensions.DependencyInjection.ServiceLookup.CallSiteFactory.CreateConstructorCallSite(ResultCache lifetime, ServiceIdentifier serviceIdentifier, Type implementationType, CallSiteChain callSiteChain)
   at Microsoft.Extensions.DependencyInjection.ServiceLookup.CallSiteFactory.TryCreateExact(ServiceDescriptor descriptor, ServiceIdentifier serviceIdentifier, CallSiteChain callSiteChain, Int32 slot)
   at Microsoft.Extensions.DependencyInjection.ServiceLookup.CallSiteFactory.GetCallSite(ServiceDescriptor serviceDescriptor, CallSiteChain callSiteChain)
   at Microsoft.Extensions.DependencyInjection.ServiceProvider.ValidateService(ServiceDescriptor descriptor)
----- Inner Stack Trace #4 (System.InvalidOperationException) -----
   at Microsoft.Extensions.DependencyInjection.ServiceProvider.ValidateService(ServiceDescriptor descriptor)
   at Microsoft.Extensions.DependencyInjection.ServiceProvider..ctor(ICollection`1 serviceDescriptors, ServiceProviderOptions options)
----- Inner Stack Trace -----
   at Microsoft.Extensions.DependencyInjection.ServiceLookup.CallSiteFactory.CreateArgumentCallSites(ServiceIdentifier serviceIdentifier, Type implementationType, CallSiteChain callSiteChain, ParameterInfo[] parameters, Boolean throwIfCallSiteNotFound)
   at Microsoft.Extensions.DependencyInjection.ServiceLookup.CallSiteFactory.CreateConstructorCallSite(ResultCache lifetime, ServiceIdentifier serviceIdentifier, Type implementationType, CallSiteChain callSiteChain)
   at Microsoft.Extensions.DependencyInjection.ServiceLookup.CallSiteFactory.TryCreateExact(ServiceDescriptor descriptor, ServiceIdentifier serviceIdentifier, CallSiteChain callSiteChain, Int32 slot)
   at Microsoft.Extensions.DependencyInjection.ServiceLookup.CallSiteFactory.TryCreateExact(ServiceIdentifier serviceIdentifier, CallSiteChain callSiteChain)
   at Microsoft.Extensions.DependencyInjection.ServiceLookup.CallSiteFactory.CreateCallSite(ServiceIdentifier serviceIdentifier, CallSiteChain callSiteChain)
   at Microsoft.Extensions.DependencyInjection.ServiceLookup.CallSiteFactory.CreateArgumentCallSites(ServiceIdentifier serviceIdentifier, Type implementationType, CallSiteChain callSiteChain, ParameterInfo[] parameters, Boolean throwIfCallSiteNotFound)
   at Microsoft.Extensions.DependencyInjection.ServiceLookup.CallSiteFactory.CreateConstructorCallSite(ResultCache lifetime, ServiceIdentifier serviceIdentifier, Type implementationType, CallSiteChain callSiteChain)
   at Microsoft.Extensions.DependencyInjection.ServiceLookup.CallSiteFactory.TryCreateExact(ServiceDescriptor descriptor, ServiceIdentifier serviceIdentifier, CallSiteChain callSiteChain, Int32 slot)
   at Microsoft.Extensions.DependencyInjection.ServiceLookup.CallSiteFactory.GetCallSite(ServiceDescriptor serviceDescriptor, CallSiteChain callSiteChain)
   at Microsoft.Extensions.DependencyInjection.ServiceProvider.ValidateService(ServiceDescriptor descriptor)
----- Inner Stack Trace #5 (System.InvalidOperationException) -----
   at Microsoft.Extensions.DependencyInjection.ServiceProvider.ValidateService(ServiceDescriptor descriptor)
   at Microsoft.Extensions.DependencyInjection.ServiceProvider..ctor(ICollection`1 serviceDescriptors, ServiceProviderOptions options)
----- Inner Stack Trace -----
   at Microsoft.Extensions.DependencyInjection.ServiceLookup.CallSiteFactory.CreateArgumentCallSites(ServiceIdentifier serviceIdentifier, Type implementationType, CallSiteChain callSiteChain, ParameterInfo[] parameters, Boolean throwIfCallSiteNotFound)
   at Microsoft.Extensions.DependencyInjection.ServiceLookup.CallSiteFactory.CreateConstructorCallSite(ResultCache lifetime, ServiceIdentifier serviceIdentifier, Type implementationType, CallSiteChain callSiteChain)
   at Microsoft.Extensions.DependencyInjection.ServiceLookup.CallSiteFactory.TryCreateExact(ServiceDescriptor descriptor, ServiceIdentifier serviceIdentifier, CallSiteChain callSiteChain, Int32 slot)
   at Microsoft.Extensions.DependencyInjection.ServiceLookup.CallSiteFactory.GetCallSite(ServiceDescriptor serviceDescriptor, CallSiteChain callSiteChain)
   at Microsoft.Extensions.DependencyInjection.ServiceProvider.ValidateService(ServiceDescriptor descriptor)
[xUnit.net 00:00:02.65]     Industrial.Adam.Oee.Tests.Integration.StoppagesControllerIntegrationTests.GetCurrentStoppage_WithInvalidMinimumMinutes_ReturnsBadRequest(minimumMinutes: 0) [FAIL]
  Failed Industrial.Adam.Oee.Tests.Integration.StoppagesControllerIntegrationTests.GetCurrentStoppage_WithInvalidMinimumMinutes_ReturnsBadRequest(minimumMinutes: 0) [1 ms]
  Error Message:
   System.AggregateException : Some services are not able to be constructed (Error while validating the service descriptor 'ServiceType: Industrial.Adam.Oee.Domain.Interfaces.IJobSequencingService Lifetime: Scoped ImplementationType: Industrial.Adam.Oee.Domain.Services.JobSequencingService': Unable to resolve service for type 'Industrial.Adam.Oee.Domain.Interfaces.IEquipmentLineRepository' while attempting to activate 'Industrial.Adam.Oee.Domain.Services.JobSequencingService'.) (Error while validating the service descriptor 'ServiceType: Industrial.Adam.Oee.Domain.Interfaces.IEquipmentLineService Lifetime: Scoped ImplementationType: Industrial.Adam.Oee.Domain.Services.EquipmentLineService': Unable to resolve service for type 'Industrial.Adam.Oee.Domain.Interfaces.IEquipmentLineRepository' while attempting to activate 'Industrial.Adam.Oee.Domain.Services.EquipmentLineService'.) (Error while validating the service descriptor 'ServiceType: Industrial.Adam.Oee.Domain.Interfaces.IStoppageDetectionService Lifetime: Scoped ImplementationType: Industrial.Adam.Oee.Domain.Services.StoppageDetectionService': Unable to resolve service for type 'Industrial.Adam.Oee.Domain.Interfaces.IEquipmentLineRepository' while attempting to activate 'Industrial.Adam.Oee.Domain.Services.StoppageDetectionService'.) (Error while validating the service descriptor 'ServiceType: MediatR.IRequestHandler`2[Industrial.Adam.Oee.Application.Commands.StartWorkOrderCommand,System.String] Lifetime: Transient ImplementationType: Industrial.Adam.Oee.Application.Commands.Handlers.StartWorkOrderCommandHandler': Unable to resolve service for type 'Industrial.Adam.Oee.Domain.Interfaces.IEquipmentLineRepository' while attempting to activate 'Industrial.Adam.Oee.Domain.Services.JobSequencingService'.) (Error while validating the service descriptor 'ServiceType: Industrial.Adam.Oee.Domain.Interfaces.ISimpleJobQueueService Lifetime: Scoped ImplementationType: Industrial.Adam.Oee.Domain.Services.SimpleJobQueueService': Unable to resolve service for type 'Industrial.Adam.Oee.Domain.Interfaces.ISimpleJobQueueRepository' while attempting to activate 'Industrial.Adam.Oee.Domain.Services.SimpleJobQueueService'.)
---- System.InvalidOperationException : Error while validating the service descriptor 'ServiceType: Industrial.Adam.Oee.Domain.Interfaces.IJobSequencingService Lifetime: Scoped ImplementationType: Industrial.Adam.Oee.Domain.Services.JobSequencingService': Unable to resolve service for type 'Industrial.Adam.Oee.Domain.Interfaces.IEquipmentLineRepository' while attempting to activate 'Industrial.Adam.Oee.Domain.Services.JobSequencingService'.
-------- System.InvalidOperationException : Unable to resolve service for type 'Industrial.Adam.Oee.Domain.Interfaces.IEquipmentLineRepository' while attempting to activate 'Industrial.Adam.Oee.Domain.Services.JobSequencingService'.
---- System.InvalidOperationException : Error while validating the service descriptor 'ServiceType: Industrial.Adam.Oee.Domain.Interfaces.IEquipmentLineService Lifetime: Scoped ImplementationType: Industrial.Adam.Oee.Domain.Services.EquipmentLineService': Unable to resolve service for type 'Industrial.Adam.Oee.Domain.Interfaces.IEquipmentLineRepository' while attempting to activate 'Industrial.Adam.Oee.Domain.Services.EquipmentLineService'.
-------- System.InvalidOperationException : Unable to resolve service for type 'Industrial.Adam.Oee.Domain.Interfaces.IEquipmentLineRepository' while attempting to activate 'Industrial.Adam.Oee.Domain.Services.EquipmentLineService'.
---- System.InvalidOperationException : Error while validating the service descriptor 'ServiceType: Industrial.Adam.Oee.Domain.Interfaces.IStoppageDetectionService Lifetime: Scoped ImplementationType: Industrial.Adam.Oee.Domain.Services.StoppageDetectionService': Unable to resolve service for type 'Industrial.Adam.Oee.Domain.Interfaces.IEquipmentLineRepository' while attempting to activate 'Industrial.Adam.Oee.Domain.Services.StoppageDetectionService'.
-------- System.InvalidOperationException : Unable to resolve service for type 'Industrial.Adam.Oee.Domain.Interfaces.IEquipmentLineRepository' while attempting to activate 'Industrial.Adam.Oee.Domain.Services.StoppageDetectionService'.
---- System.InvalidOperationException : Error while validating the service descriptor 'ServiceType: MediatR.IRequestHandler`2[Industrial.Adam.Oee.Application.Commands.StartWorkOrderCommand,System.String] Lifetime: Transient ImplementationType: Industrial.Adam.Oee.Application.Commands.Handlers.StartWorkOrderCommandHandler': Unable to resolve service for type 'Industrial.Adam.Oee.Domain.Interfaces.IEquipmentLineRepository' while attempting to activate 'Industrial.Adam.Oee.Domain.Services.JobSequencingService'.
-------- System.InvalidOperationException : Unable to resolve service for type 'Industrial.Adam.Oee.Domain.Interfaces.IEquipmentLineRepository' while attempting to activate 'Industrial.Adam.Oee.Domain.Services.JobSequencingService'.
---- System.InvalidOperationException : Error while validating the service descriptor 'ServiceType: Industrial.Adam.Oee.Domain.Interfaces.ISimpleJobQueueService Lifetime: Scoped ImplementationType: Industrial.Adam.Oee.Domain.Services.SimpleJobQueueService': Unable to resolve service for type 'Industrial.Adam.Oee.Domain.Interfaces.ISimpleJobQueueRepository' while attempting to activate 'Industrial.Adam.Oee.Domain.Services.SimpleJobQueueService'.
-------- System.InvalidOperationException : Unable to resolve service for type 'Industrial.Adam.Oee.Domain.Interfaces.ISimpleJobQueueRepository' while attempting to activate 'Industrial.Adam.Oee.Domain.Services.SimpleJobQueueService'.
  Stack Trace:
     at Microsoft.Extensions.DependencyInjection.ServiceProvider..ctor(ICollection`1 serviceDescriptors, ServiceProviderOptions options)
   at Microsoft.Extensions.DependencyInjection.ServiceCollectionContainerBuilderExtensions.BuildServiceProvider(IServiceCollection services, ServiceProviderOptions options)
   at Microsoft.Extensions.Hosting.HostApplicationBuilder.Build()
   at Microsoft.AspNetCore.Builder.WebApplicationBuilder.Build()
   at Program.<Main>$(String[] args) in /home/grant/adam-6000-counter/src/Industrial.Adam.Oee/WebApi/Program.cs:line 89
   at InvokeStub_Program.<Main>$(Object, Span`1)
   at System.Reflection.MethodBaseInvoker.InvokeWithOneArg(Object obj, BindingFlags invokeAttr, Binder binder, Object[] parameters, CultureInfo culture)
--- End of stack trace from previous location ---
   at Microsoft.Extensions.Hosting.HostFactoryResolver.HostingListener.CreateHost()
   at Microsoft.Extensions.Hosting.HostFactoryResolver.<>c__DisplayClass10_0.<ResolveHostFactory>b__0(String[] args)
   at Microsoft.AspNetCore.Mvc.Testing.DeferredHostBuilder.Build()
   at Microsoft.AspNetCore.Mvc.Testing.WebApplicationFactory`1.CreateHost(IHostBuilder builder)
   at Microsoft.AspNetCore.Mvc.Testing.WebApplicationFactory`1.ConfigureHostBuilder(IHostBuilder hostBuilder)
   at Microsoft.AspNetCore.Mvc.Testing.WebApplicationFactory`1.EnsureServer()
   at Microsoft.AspNetCore.Mvc.Testing.WebApplicationFactory`1.CreateDefaultClient(DelegatingHandler[] handlers)
   at Microsoft.AspNetCore.Mvc.Testing.WebApplicationFactory`1.CreateDefaultClient(Uri baseAddress, DelegatingHandler[] handlers)
   at Microsoft.AspNetCore.Mvc.Testing.WebApplicationFactory`1.CreateClient(WebApplicationFactoryClientOptions options)
   at Microsoft.AspNetCore.Mvc.Testing.WebApplicationFactory`1.CreateClient()
   at Industrial.Adam.Oee.Tests.Integration.StoppagesControllerIntegrationTests..ctor(WebApplicationFactory`1 factory) in /home/grant/adam-6000-counter/src/Industrial.Adam.Oee/Tests/Integration/StoppagesControllerIntegrationTests.cs:line 21
   at InvokeStub_StoppagesControllerIntegrationTests..ctor(Object, Span`1)
   at System.Reflection.MethodBaseInvoker.InvokeWithOneArg(Object obj, BindingFlags invokeAttr, Binder binder, Object[] parameters, CultureInfo culture)
----- Inner Stack Trace #1 (System.InvalidOperationException) -----
   at Microsoft.Extensions.DependencyInjection.ServiceProvider.ValidateService(ServiceDescriptor descriptor)
   at Microsoft.Extensions.DependencyInjection.ServiceProvider..ctor(ICollection`1 serviceDescriptors, ServiceProviderOptions options)
----- Inner Stack Trace -----
   at Microsoft.Extensions.DependencyInjection.ServiceLookup.CallSiteFactory.CreateArgumentCallSites(ServiceIdentifier serviceIdentifier, Type implementationType, CallSiteChain callSiteChain, ParameterInfo[] parameters, Boolean throwIfCallSiteNotFound)
   at Microsoft.Extensions.DependencyInjection.ServiceLookup.CallSiteFactory.CreateConstructorCallSite(ResultCache lifetime, ServiceIdentifier serviceIdentifier, Type implementationType, CallSiteChain callSiteChain)
   at Microsoft.Extensions.DependencyInjection.ServiceLookup.CallSiteFactory.TryCreateExact(ServiceDescriptor descriptor, ServiceIdentifier serviceIdentifier, CallSiteChain callSiteChain, Int32 slot)
   at Microsoft.Extensions.DependencyInjection.ServiceLookup.CallSiteFactory.GetCallSite(ServiceDescriptor serviceDescriptor, CallSiteChain callSiteChain)
   at Microsoft.Extensions.DependencyInjection.ServiceProvider.ValidateService(ServiceDescriptor descriptor)
----- Inner Stack Trace #2 (System.InvalidOperationException) -----
   at Microsoft.Extensions.DependencyInjection.ServiceProvider.ValidateService(ServiceDescriptor descriptor)
   at Microsoft.Extensions.DependencyInjection.ServiceProvider..ctor(ICollection`1 serviceDescriptors, ServiceProviderOptions options)
----- Inner Stack Trace -----
   at Microsoft.Extensions.DependencyInjection.ServiceLookup.CallSiteFactory.CreateArgumentCallSites(ServiceIdentifier serviceIdentifier, Type implementationType, CallSiteChain callSiteChain, ParameterInfo[] parameters, Boolean throwIfCallSiteNotFound)
   at Microsoft.Extensions.DependencyInjection.ServiceLookup.CallSiteFactory.CreateConstructorCallSite(ResultCache lifetime, ServiceIdentifier serviceIdentifier, Type implementationType, CallSiteChain callSiteChain)
   at Microsoft.Extensions.DependencyInjection.ServiceLookup.CallSiteFactory.TryCreateExact(ServiceDescriptor descriptor, ServiceIdentifier serviceIdentifier, CallSiteChain callSiteChain, Int32 slot)
   at Microsoft.Extensions.DependencyInjection.ServiceLookup.CallSiteFactory.GetCallSite(ServiceDescriptor serviceDescriptor, CallSiteChain callSiteChain)
   at Microsoft.Extensions.DependencyInjection.ServiceProvider.ValidateService(ServiceDescriptor descriptor)
----- Inner Stack Trace #3 (System.InvalidOperationException) -----
   at Microsoft.Extensions.DependencyInjection.ServiceProvider.ValidateService(ServiceDescriptor descriptor)
   at Microsoft.Extensions.DependencyInjection.ServiceProvider..ctor(ICollection`1 serviceDescriptors, ServiceProviderOptions options)
----- Inner Stack Trace -----
   at Microsoft.Extensions.DependencyInjection.ServiceLookup.CallSiteFactory.CreateArgumentCallSites(ServiceIdentifier serviceIdentifier, Type implementationType, CallSiteChain callSiteChain, ParameterInfo[] parameters, Boolean throwIfCallSiteNotFound)
   at Microsoft.Extensions.DependencyInjection.ServiceLookup.CallSiteFactory.CreateConstructorCallSite(ResultCache lifetime, ServiceIdentifier serviceIdentifier, Type implementationType, CallSiteChain callSiteChain)
   at Microsoft.Extensions.DependencyInjection.ServiceLookup.CallSiteFactory.TryCreateExact(ServiceDescriptor descriptor, ServiceIdentifier serviceIdentifier, CallSiteChain callSiteChain, Int32 slot)
   at Microsoft.Extensions.DependencyInjection.ServiceLookup.CallSiteFactory.GetCallSite(ServiceDescriptor serviceDescriptor, CallSiteChain callSiteChain)
   at Microsoft.Extensions.DependencyInjection.ServiceProvider.ValidateService(ServiceDescriptor descriptor)
----- Inner Stack Trace #4 (System.InvalidOperationException) -----
   at Microsoft.Extensions.DependencyInjection.ServiceProvider.ValidateService(ServiceDescriptor descriptor)
   at Microsoft.Extensions.DependencyInjection.ServiceProvider..ctor(ICollection`1 serviceDescriptors, ServiceProviderOptions options)
----- Inner Stack Trace -----
   at Microsoft.Extensions.DependencyInjection.ServiceLookup.CallSiteFactory.CreateArgumentCallSites(ServiceIdentifier serviceIdentifier, Type implementationType, CallSiteChain callSiteChain, ParameterInfo[] parameters, Boolean throwIfCallSiteNotFound)
   at Microsoft.Extensions.DependencyInjection.ServiceLookup.CallSiteFactory.CreateConstructorCallSite(ResultCache lifetime, ServiceIdentifier serviceIdentifier, Type implementationType, CallSiteChain callSiteChain)
   at Microsoft.Extensions.DependencyInjection.ServiceLookup.CallSiteFactory.TryCreateExact(ServiceDescriptor descriptor, ServiceIdentifier serviceIdentifier, CallSiteChain callSiteChain, Int32 slot)
   at Microsoft.Extensions.DependencyInjection.ServiceLookup.CallSiteFactory.TryCreateExact(ServiceIdentifier serviceIdentifier, CallSiteChain callSiteChain)
   at Microsoft.Extensions.DependencyInjection.ServiceLookup.CallSiteFactory.CreateCallSite(ServiceIdentifier serviceIdentifier, CallSiteChain callSiteChain)
   at Microsoft.Extensions.DependencyInjection.ServiceLookup.CallSiteFactory.CreateArgumentCallSites(ServiceIdentifier serviceIdentifier, Type implementationType, CallSiteChain callSiteChain, ParameterInfo[] parameters, Boolean throwIfCallSiteNotFound)
   at Microsoft.Extensions.DependencyInjection.ServiceLookup.CallSiteFactory.CreateConstructorCallSite(ResultCache lifetime, ServiceIdentifier serviceIdentifier, Type implementationType, CallSiteChain callSiteChain)
   at Microsoft.Extensions.DependencyInjection.ServiceLookup.CallSiteFactory.TryCreateExact(ServiceDescriptor descriptor, ServiceIdentifier serviceIdentifier, CallSiteChain callSiteChain, Int32 slot)
   at Microsoft.Extensions.DependencyInjection.ServiceLookup.CallSiteFactory.GetCallSite(ServiceDescriptor serviceDescriptor, CallSiteChain callSiteChain)
   at Microsoft.Extensions.DependencyInjection.ServiceProvider.ValidateService(ServiceDescriptor descriptor)
----- Inner Stack Trace #5 (System.InvalidOperationException) -----
   at Microsoft.Extensions.DependencyInjection.ServiceProvider.ValidateService(ServiceDescriptor descriptor)
   at Microsoft.Extensions.DependencyInjection.ServiceProvider..ctor(ICollection`1 serviceDescriptors, ServiceProviderOptions options)
----- Inner Stack Trace -----
   at Microsoft.Extensions.DependencyInjection.ServiceLookup.CallSiteFactory.CreateArgumentCallSites(ServiceIdentifier serviceIdentifier, Type implementationType, CallSiteChain callSiteChain, ParameterInfo[] parameters, Boolean throwIfCallSiteNotFound)
   at Microsoft.Extensions.DependencyInjection.ServiceLookup.CallSiteFactory.CreateConstructorCallSite(ResultCache lifetime, ServiceIdentifier serviceIdentifier, Type implementationType, CallSiteChain callSiteChain)
   at Microsoft.Extensions.DependencyInjection.ServiceLookup.CallSiteFactory.TryCreateExact(ServiceDescriptor descriptor, ServiceIdentifier serviceIdentifier, CallSiteChain callSiteChain, Int32 slot)
   at Microsoft.Extensions.DependencyInjection.ServiceLookup.CallSiteFactory.GetCallSite(ServiceDescriptor serviceDescriptor, CallSiteChain callSiteChain)
   at Microsoft.Extensions.DependencyInjection.ServiceProvider.ValidateService(ServiceDescriptor descriptor)
[xUnit.net 00:00:02.71]     Industrial.Adam.Oee.Tests.Integration.JobsControllerIntegrationTests.CompleteWorkOrder_WithInvalidQuantities_ReturnsBadRequest [FAIL]
[xUnit.net 00:00:02.75]     Industrial.Adam.Oee.Tests.Integration.SignalR.StoppageNotificationHubTests.Hub_HandleInvalidSubscription_ReturnsError [FAIL]
  Failed Industrial.Adam.Oee.Tests.Integration.JobsControllerIntegrationTests.CompleteWorkOrder_WithInvalidQuantities_ReturnsBadRequest [1 ms]
  Error Message:
   System.AggregateException : Some services are not able to be constructed (Error while validating the service descriptor 'ServiceType: Industrial.Adam.Oee.Domain.Interfaces.IJobSequencingService Lifetime: Scoped ImplementationType: Industrial.Adam.Oee.Domain.Services.JobSequencingService': Unable to resolve service for type 'Industrial.Adam.Oee.Domain.Interfaces.IEquipmentLineRepository' while attempting to activate 'Industrial.Adam.Oee.Domain.Services.JobSequencingService'.) (Error while validating the service descriptor 'ServiceType: Industrial.Adam.Oee.Domain.Interfaces.IEquipmentLineService Lifetime: Scoped ImplementationType: Industrial.Adam.Oee.Domain.Services.EquipmentLineService': Unable to resolve service for type 'Industrial.Adam.Oee.Domain.Interfaces.IEquipmentLineRepository' while attempting to activate 'Industrial.Adam.Oee.Domain.Services.EquipmentLineService'.) (Error while validating the service descriptor 'ServiceType: Industrial.Adam.Oee.Domain.Interfaces.IStoppageDetectionService Lifetime: Scoped ImplementationType: Industrial.Adam.Oee.Domain.Services.StoppageDetectionService': Unable to resolve service for type 'Industrial.Adam.Oee.Domain.Interfaces.IEquipmentLineRepository' while attempting to activate 'Industrial.Adam.Oee.Domain.Services.StoppageDetectionService'.) (Error while validating the service descriptor 'ServiceType: MediatR.IRequestHandler`2[Industrial.Adam.Oee.Application.Commands.StartWorkOrderCommand,System.String] Lifetime: Transient ImplementationType: Industrial.Adam.Oee.Application.Commands.Handlers.StartWorkOrderCommandHandler': Unable to resolve service for type 'Industrial.Adam.Oee.Domain.Interfaces.IEquipmentLineRepository' while attempting to activate 'Industrial.Adam.Oee.Domain.Services.JobSequencingService'.) (Error while validating the service descriptor 'ServiceType: Industrial.Adam.Oee.Domain.Interfaces.ISimpleJobQueueService Lifetime: Scoped ImplementationType: Industrial.Adam.Oee.Domain.Services.SimpleJobQueueService': Unable to resolve service for type 'Industrial.Adam.Oee.Domain.Interfaces.ISimpleJobQueueRepository' while attempting to activate 'Industrial.Adam.Oee.Domain.Services.SimpleJobQueueService'.)
---- System.InvalidOperationException : Error while validating the service descriptor 'ServiceType: Industrial.Adam.Oee.Domain.Interfaces.IJobSequencingService Lifetime: Scoped ImplementationType: Industrial.Adam.Oee.Domain.Services.JobSequencingService': Unable to resolve service for type 'Industrial.Adam.Oee.Domain.Interfaces.IEquipmentLineRepository' while attempting to activate 'Industrial.Adam.Oee.Domain.Services.JobSequencingService'.
-------- System.InvalidOperationException : Unable to resolve service for type 'Industrial.Adam.Oee.Domain.Interfaces.IEquipmentLineRepository' while attempting to activate 'Industrial.Adam.Oee.Domain.Services.JobSequencingService'.
---- System.InvalidOperationException : Error while validating the service descriptor 'ServiceType: Industrial.Adam.Oee.Domain.Interfaces.IEquipmentLineService Lifetime: Scoped ImplementationType: Industrial.Adam.Oee.Domain.Services.EquipmentLineService': Unable to resolve service for type 'Industrial.Adam.Oee.Domain.Interfaces.IEquipmentLineRepository' while attempting to activate 'Industrial.Adam.Oee.Domain.Services.EquipmentLineService'.
-------- System.InvalidOperationException : Unable to resolve service for type 'Industrial.Adam.Oee.Domain.Interfaces.IEquipmentLineRepository' while attempting to activate 'Industrial.Adam.Oee.Domain.Services.EquipmentLineService'.
---- System.InvalidOperationException : Error while validating the service descriptor 'ServiceType: Industrial.Adam.Oee.Domain.Interfaces.IStoppageDetectionService Lifetime: Scoped ImplementationType: Industrial.Adam.Oee.Domain.Services.StoppageDetectionService': Unable to resolve service for type 'Industrial.Adam.Oee.Domain.Interfaces.IEquipmentLineRepository' while attempting to activate 'Industrial.Adam.Oee.Domain.Services.StoppageDetectionService'.
-------- System.InvalidOperationException : Unable to resolve service for type 'Industrial.Adam.Oee.Domain.Interfaces.IEquipmentLineRepository' while attempting to activate 'Industrial.Adam.Oee.Domain.Services.StoppageDetectionService'.
---- System.InvalidOperationException : Error while validating the service descriptor 'ServiceType: MediatR.IRequestHandler`2[Industrial.Adam.Oee.Application.Commands.StartWorkOrderCommand,System.String] Lifetime: Transient ImplementationType: Industrial.Adam.Oee.Application.Commands.Handlers.StartWorkOrderCommandHandler': Unable to resolve service for type 'Industrial.Adam.Oee.Domain.Interfaces.IEquipmentLineRepository' while attempting to activate 'Industrial.Adam.Oee.Domain.Services.JobSequencingService'.
-------- System.InvalidOperationException : Unable to resolve service for type 'Industrial.Adam.Oee.Domain.Interfaces.IEquipmentLineRepository' while attempting to activate 'Industrial.Adam.Oee.Domain.Services.JobSequencingService'.
---- System.InvalidOperationException : Error while validating the service descriptor 'ServiceType: Industrial.Adam.Oee.Domain.Interfaces.ISimpleJobQueueService Lifetime: Scoped ImplementationType: Industrial.Adam.Oee.Domain.Services.SimpleJobQueueService': Unable to resolve service for type 'Industrial.Adam.Oee.Domain.Interfaces.ISimpleJobQueueRepository' while attempting to activate 'Industrial.Adam.Oee.Domain.Services.SimpleJobQueueService'.
-------- System.InvalidOperationException : Unable to resolve service for type 'Industrial.Adam.Oee.Domain.Interfaces.ISimpleJobQueueRepository' while attempting to activate 'Industrial.Adam.Oee.Domain.Services.SimpleJobQueueService'.
  Stack Trace:
     at Microsoft.Extensions.DependencyInjection.ServiceProvider..ctor(ICollection`1 serviceDescriptors, ServiceProviderOptions options)
   at Microsoft.Extensions.DependencyInjection.ServiceCollectionContainerBuilderExtensions.BuildServiceProvider(IServiceCollection services, ServiceProviderOptions options)
   at Microsoft.Extensions.Hosting.HostApplicationBuilder.Build()
   at Microsoft.AspNetCore.Builder.WebApplicationBuilder.Build()
   at Program.<Main>$(String[] args) in /home/grant/adam-6000-counter/src/Industrial.Adam.Oee/WebApi/Program.cs:line 89
   at InvokeStub_Program.<Main>$(Object, Span`1)
   at System.Reflection.MethodBaseInvoker.InvokeWithOneArg(Object obj, BindingFlags invokeAttr, Binder binder, Object[] parameters, CultureInfo culture)
--- End of stack trace from previous location ---
   at Microsoft.Extensions.Hosting.HostFactoryResolver.HostingListener.CreateHost()
   at Microsoft.Extensions.Hosting.HostFactoryResolver.<>c__DisplayClass10_0.<ResolveHostFactory>b__0(String[] args)
   at Microsoft.AspNetCore.Mvc.Testing.DeferredHostBuilder.Build()
   at Microsoft.AspNetCore.Mvc.Testing.WebApplicationFactory`1.CreateHost(IHostBuilder builder)
   at Microsoft.AspNetCore.Mvc.Testing.WebApplicationFactory`1.ConfigureHostBuilder(IHostBuilder hostBuilder)
   at Microsoft.AspNetCore.Mvc.Testing.WebApplicationFactory`1.EnsureServer()
   at Microsoft.AspNetCore.Mvc.Testing.WebApplicationFactory`1.CreateDefaultClient(DelegatingHandler[] handlers)
   at Microsoft.AspNetCore.Mvc.Testing.WebApplicationFactory`1.CreateDefaultClient(Uri baseAddress, DelegatingHandler[] handlers)
   at Microsoft.AspNetCore.Mvc.Testing.WebApplicationFactory`1.CreateClient(WebApplicationFactoryClientOptions options)
   at Microsoft.AspNetCore.Mvc.Testing.WebApplicationFactory`1.CreateClient()
   at Industrial.Adam.Oee.Tests.Integration.JobsControllerIntegrationTests..ctor(WebApplicationFactory`1 factory) in /home/grant/adam-6000-counter/src/Industrial.Adam.Oee/Tests/Integration/JobsControllerIntegrationTests.cs:line 24
   at InvokeStub_JobsControllerIntegrationTests..ctor(Object, Span`1)
   at System.Reflection.MethodBaseInvoker.InvokeWithOneArg(Object obj, BindingFlags invokeAttr, Binder binder, Object[] parameters, CultureInfo culture)
----- Inner Stack Trace #1 (System.InvalidOperationException) -----
   at Microsoft.Extensions.DependencyInjection.ServiceProvider.ValidateService(ServiceDescriptor descriptor)
   at Microsoft.Extensions.DependencyInjection.ServiceProvider..ctor(ICollection`1 serviceDescriptors, ServiceProviderOptions options)
----- Inner Stack Trace -----
   at Microsoft.Extensions.DependencyInjection.ServiceLookup.CallSiteFactory.CreateArgumentCallSites(ServiceIdentifier serviceIdentifier, Type implementationType, CallSiteChain callSiteChain, ParameterInfo[] parameters, Boolean throwIfCallSiteNotFound)
   at Microsoft.Extensions.DependencyInjection.ServiceLookup.CallSiteFactory.CreateConstructorCallSite(ResultCache lifetime, ServiceIdentifier serviceIdentifier, Type implementationType, CallSiteChain callSiteChain)
   at Microsoft.Extensions.DependencyInjection.ServiceLookup.CallSiteFactory.TryCreateExact(ServiceDescriptor descriptor, ServiceIdentifier serviceIdentifier, CallSiteChain callSiteChain, Int32 slot)
   at Microsoft.Extensions.DependencyInjection.ServiceLookup.CallSiteFactory.GetCallSite(ServiceDescriptor serviceDescriptor, CallSiteChain callSiteChain)
   at Microsoft.Extensions.DependencyInjection.ServiceProvider.ValidateService(ServiceDescriptor descriptor)
----- Inner Stack Trace #2 (System.InvalidOperationException) -----
   at Microsoft.Extensions.DependencyInjection.ServiceProvider.ValidateService(ServiceDescriptor descriptor)
   at Microsoft.Extensions.DependencyInjection.ServiceProvider..ctor(ICollection`1 serviceDescriptors, ServiceProviderOptions options)
----- Inner Stack Trace -----
   at Microsoft.Extensions.DependencyInjection.ServiceLookup.CallSiteFactory.CreateArgumentCallSites(ServiceIdentifier serviceIdentifier, Type implementationType, CallSiteChain callSiteChain, ParameterInfo[] parameters, Boolean throwIfCallSiteNotFound)
   at Microsoft.Extensions.DependencyInjection.ServiceLookup.CallSiteFactory.CreateConstructorCallSite(ResultCache lifetime, ServiceIdentifier serviceIdentifier, Type implementationType, CallSiteChain callSiteChain)
   at Microsoft.Extensions.DependencyInjection.ServiceLookup.CallSiteFactory.TryCreateExact(ServiceDescriptor descriptor, ServiceIdentifier serviceIdentifier, CallSiteChain callSiteChain, Int32 slot)
   at Microsoft.Extensions.DependencyInjection.ServiceLookup.CallSiteFactory.GetCallSite(ServiceDescriptor serviceDescriptor, CallSiteChain callSiteChain)
   at Microsoft.Extensions.DependencyInjection.ServiceProvider.ValidateService(ServiceDescriptor descriptor)
----- Inner Stack Trace #3 (System.InvalidOperationException) -----
   at Microsoft.Extensions.DependencyInjection.ServiceProvider.ValidateService(ServiceDescriptor descriptor)
   at Microsoft.Extensions.DependencyInjection.ServiceProvider..ctor(ICollection`1 serviceDescriptors, ServiceProviderOptions options)
----- Inner Stack Trace -----
   at Microsoft.Extensions.DependencyInjection.ServiceLookup.CallSiteFactory.CreateArgumentCallSites(ServiceIdentifier serviceIdentifier, Type implementationType, CallSiteChain callSiteChain, ParameterInfo[] parameters, Boolean throwIfCallSiteNotFound)
   at Microsoft.Extensions.DependencyInjection.ServiceLookup.CallSiteFactory.CreateConstructorCallSite(ResultCache lifetime, ServiceIdentifier serviceIdentifier, Type implementationType, CallSiteChain callSiteChain)
   at Microsoft.Extensions.DependencyInjection.ServiceLookup.CallSiteFactory.TryCreateExact(ServiceDescriptor descriptor, ServiceIdentifier serviceIdentifier, CallSiteChain callSiteChain, Int32 slot)
   at Microsoft.Extensions.DependencyInjection.ServiceLookup.CallSiteFactory.GetCallSite(ServiceDescriptor serviceDescriptor, CallSiteChain callSiteChain)
   at Microsoft.Extensions.DependencyInjection.ServiceProvider.ValidateService(ServiceDescriptor descriptor)
----- Inner Stack Trace #4 (System.InvalidOperationException) -----
   at Microsoft.Extensions.DependencyInjection.ServiceProvider.ValidateService(ServiceDescriptor descriptor)
   at Microsoft.Extensions.DependencyInjection.ServiceProvider..ctor(ICollection`1 serviceDescriptors, ServiceProviderOptions options)
----- Inner Stack Trace -----
   at Microsoft.Extensions.DependencyInjection.ServiceLookup.CallSiteFactory.CreateArgumentCallSites(ServiceIdentifier serviceIdentifier, Type implementationType, CallSiteChain callSiteChain, ParameterInfo[] parameters, Boolean throwIfCallSiteNotFound)
   at Microsoft.Extensions.DependencyInjection.ServiceLookup.CallSiteFactory.CreateConstructorCallSite(ResultCache lifetime, ServiceIdentifier serviceIdentifier, Type implementationType, CallSiteChain callSiteChain)
   at Microsoft.Extensions.DependencyInjection.ServiceLookup.CallSiteFactory.TryCreateExact(ServiceDescriptor descriptor, ServiceIdentifier serviceIdentifier, CallSiteChain callSiteChain, Int32 slot)
   at Microsoft.Extensions.DependencyInjection.ServiceLookup.CallSiteFactory.TryCreateExact(ServiceIdentifier serviceIdentifier, CallSiteChain callSiteChain)
   at Microsoft.Extensions.DependencyInjection.ServiceLookup.CallSiteFactory.CreateCallSite(ServiceIdentifier serviceIdentifier, CallSiteChain callSiteChain)
   at Microsoft.Extensions.DependencyInjection.ServiceLookup.CallSiteFactory.CreateArgumentCallSites(ServiceIdentifier serviceIdentifier, Type implementationType, CallSiteChain callSiteChain, ParameterInfo[] parameters, Boolean throwIfCallSiteNotFound)
   at Microsoft.Extensions.DependencyInjection.ServiceLookup.CallSiteFactory.CreateConstructorCallSite(ResultCache lifetime, ServiceIdentifier serviceIdentifier, Type implementationType, CallSiteChain callSiteChain)
   at Microsoft.Extensions.DependencyInjection.ServiceLookup.CallSiteFactory.TryCreateExact(ServiceDescriptor descriptor, ServiceIdentifier serviceIdentifier, CallSiteChain callSiteChain, Int32 slot)
   at Microsoft.Extensions.DependencyInjection.ServiceLookup.CallSiteFactory.GetCallSite(ServiceDescriptor serviceDescriptor, CallSiteChain callSiteChain)
   at Microsoft.Extensions.DependencyInjection.ServiceProvider.ValidateService(ServiceDescriptor descriptor)
----- Inner Stack Trace #5 (System.InvalidOperationException) -----
   at Microsoft.Extensions.DependencyInjection.ServiceProvider.ValidateService(ServiceDescriptor descriptor)
   at Microsoft.Extensions.DependencyInjection.ServiceProvider..ctor(ICollection`1 serviceDescriptors, ServiceProviderOptions options)
----- Inner Stack Trace -----
   at Microsoft.Extensions.DependencyInjection.ServiceLookup.CallSiteFactory.CreateArgumentCallSites(ServiceIdentifier serviceIdentifier, Type implementationType, CallSiteChain callSiteChain, ParameterInfo[] parameters, Boolean throwIfCallSiteNotFound)
   at Microsoft.Extensions.DependencyInjection.ServiceLookup.CallSiteFactory.CreateConstructorCallSite(ResultCache lifetime, ServiceIdentifier serviceIdentifier, Type implementationType, CallSiteChain callSiteChain)
   at Microsoft.Extensions.DependencyInjection.ServiceLookup.CallSiteFactory.TryCreateExact(ServiceDescriptor descriptor, ServiceIdentifier serviceIdentifier, CallSiteChain callSiteChain, Int32 slot)
   at Microsoft.Extensions.DependencyInjection.ServiceLookup.CallSiteFactory.GetCallSite(ServiceDescriptor serviceDescriptor, CallSiteChain callSiteChain)
   at Microsoft.Extensions.DependencyInjection.ServiceProvider.ValidateService(ServiceDescriptor descriptor)
  Failed Industrial.Adam.Oee.Tests.Integration.SignalR.StoppageNotificationHubTests.Hub_HandleInvalidSubscription_ReturnsError [200 ms]
  Error Message:
   System.AggregateException : Some services are not able to be constructed (Error while validating the service descriptor 'ServiceType: Industrial.Adam.Oee.Domain.Interfaces.IJobSequencingService Lifetime: Scoped ImplementationType: Industrial.Adam.Oee.Domain.Services.JobSequencingService': Unable to resolve service for type 'Industrial.Adam.Oee.Domain.Interfaces.IEquipmentLineRepository' while attempting to activate 'Industrial.Adam.Oee.Domain.Services.JobSequencingService'.) (Error while validating the service descriptor 'ServiceType: Industrial.Adam.Oee.Domain.Interfaces.IEquipmentLineService Lifetime: Scoped ImplementationType: Industrial.Adam.Oee.Domain.Services.EquipmentLineService': Unable to resolve service for type 'Industrial.Adam.Oee.Domain.Interfaces.IEquipmentLineRepository' while attempting to activate 'Industrial.Adam.Oee.Domain.Services.EquipmentLineService'.) (Error while validating the service descriptor 'ServiceType: Industrial.Adam.Oee.Domain.Interfaces.IStoppageDetectionService Lifetime: Scoped ImplementationType: Industrial.Adam.Oee.Domain.Services.StoppageDetectionService': Unable to resolve service for type 'Industrial.Adam.Oee.Domain.Interfaces.IEquipmentLineRepository' while attempting to activate 'Industrial.Adam.Oee.Domain.Services.StoppageDetectionService'.) (Error while validating the service descriptor 'ServiceType: MediatR.IRequestHandler`2[Industrial.Adam.Oee.Application.Commands.StartWorkOrderCommand,System.String] Lifetime: Transient ImplementationType: Industrial.Adam.Oee.Application.Commands.Handlers.StartWorkOrderCommandHandler': Unable to resolve service for type 'Industrial.Adam.Oee.Domain.Interfaces.IEquipmentLineRepository' while attempting to activate 'Industrial.Adam.Oee.Domain.Services.JobSequencingService'.) (Error while validating the service descriptor 'ServiceType: Industrial.Adam.Oee.Domain.Interfaces.ISimpleJobQueueService Lifetime: Scoped ImplementationType: Industrial.Adam.Oee.Domain.Services.SimpleJobQueueService': Unable to resolve service for type 'Industrial.Adam.Oee.Domain.Interfaces.ISimpleJobQueueRepository' while attempting to activate 'Industrial.Adam.Oee.Domain.Services.SimpleJobQueueService'.)
---- System.InvalidOperationException : Error while validating the service descriptor 'ServiceType: Industrial.Adam.Oee.Domain.Interfaces.IJobSequencingService Lifetime: Scoped ImplementationType: Industrial.Adam.Oee.Domain.Services.JobSequencingService': Unable to resolve service for type 'Industrial.Adam.Oee.Domain.Interfaces.IEquipmentLineRepository' while attempting to activate 'Industrial.Adam.Oee.Domain.Services.JobSequencingService'.
-------- System.InvalidOperationException : Unable to resolve service for type 'Industrial.Adam.Oee.Domain.Interfaces.IEquipmentLineRepository' while attempting to activate 'Industrial.Adam.Oee.Domain.Services.JobSequencingService'.
---- System.InvalidOperationException : Error while validating the service descriptor 'ServiceType: Industrial.Adam.Oee.Domain.Interfaces.IEquipmentLineService Lifetime: Scoped ImplementationType: Industrial.Adam.Oee.Domain.Services.EquipmentLineService': Unable to resolve service for type 'Industrial.Adam.Oee.Domain.Interfaces.IEquipmentLineRepository' while attempting to activate 'Industrial.Adam.Oee.Domain.Services.EquipmentLineService'.
-------- System.InvalidOperationException : Unable to resolve service for type 'Industrial.Adam.Oee.Domain.Interfaces.IEquipmentLineRepository' while attempting to activate 'Industrial.Adam.Oee.Domain.Services.EquipmentLineService'.
---- System.InvalidOperationException : Error while validating the service descriptor 'ServiceType: Industrial.Adam.Oee.Domain.Interfaces.IStoppageDetectionService Lifetime: Scoped ImplementationType: Industrial.Adam.Oee.Domain.Services.StoppageDetectionService': Unable to resolve service for type 'Industrial.Adam.Oee.Domain.Interfaces.IEquipmentLineRepository' while attempting to activate 'Industrial.Adam.Oee.Domain.Services.StoppageDetectionService'.
-------- System.InvalidOperationException : Unable to resolve service for type 'Industrial.Adam.Oee.Domain.Interfaces.IEquipmentLineRepository' while attempting to activate 'Industrial.Adam.Oee.Domain.Services.StoppageDetectionService'.
---- System.InvalidOperationException : Error while validating the service descriptor 'ServiceType: MediatR.IRequestHandler`2[Industrial.Adam.Oee.Application.Commands.StartWorkOrderCommand,System.String] Lifetime: Transient ImplementationType: Industrial.Adam.Oee.Application.Commands.Handlers.StartWorkOrderCommandHandler': Unable to resolve service for type 'Industrial.Adam.Oee.Domain.Interfaces.IEquipmentLineRepository' while attempting to activate 'Industrial.Adam.Oee.Domain.Services.JobSequencingService'.
-------- System.InvalidOperationException : Unable to resolve service for type 'Industrial.Adam.Oee.Domain.Interfaces.IEquipmentLineRepository' while attempting to activate 'Industrial.Adam.Oee.Domain.Services.JobSequencingService'.
---- System.InvalidOperationException : Error while validating the service descriptor 'ServiceType: Industrial.Adam.Oee.Domain.Interfaces.ISimpleJobQueueService Lifetime: Scoped ImplementationType: Industrial.Adam.Oee.Domain.Services.SimpleJobQueueService': Unable to resolve service for type 'Industrial.Adam.Oee.Domain.Interfaces.ISimpleJobQueueRepository' while attempting to activate 'Industrial.Adam.Oee.Domain.Services.SimpleJobQueueService'.
-------- System.InvalidOperationException : Unable to resolve service for type 'Industrial.Adam.Oee.Domain.Interfaces.ISimpleJobQueueRepository' while attempting to activate 'Industrial.Adam.Oee.Domain.Services.SimpleJobQueueService'.
  Stack Trace:
     at Microsoft.Extensions.DependencyInjection.ServiceProvider..ctor(ICollection`1 serviceDescriptors, ServiceProviderOptions options)
   at Microsoft.Extensions.DependencyInjection.ServiceCollectionContainerBuilderExtensions.BuildServiceProvider(IServiceCollection services, ServiceProviderOptions options)
   at Microsoft.Extensions.Hosting.HostApplicationBuilder.Build()
   at Microsoft.AspNetCore.Builder.WebApplicationBuilder.Build()
   at Program.<Main>$(String[] args) in /home/grant/adam-6000-counter/src/Industrial.Adam.Oee/WebApi/Program.cs:line 89
   at InvokeStub_Program.<Main>$(Object, Span`1)
   at System.Reflection.MethodBaseInvoker.InvokeWithOneArg(Object obj, BindingFlags invokeAttr, Binder binder, Object[] parameters, CultureInfo culture)
--- End of stack trace from previous location ---
   at Microsoft.Extensions.Hosting.HostFactoryResolver.HostingListener.CreateHost()
   at Microsoft.Extensions.Hosting.HostFactoryResolver.<>c__DisplayClass10_0.<ResolveHostFactory>b__0(String[] args)
   at Microsoft.AspNetCore.Mvc.Testing.DeferredHostBuilder.Build()
   at Microsoft.AspNetCore.Mvc.Testing.WebApplicationFactory`1.CreateHost(IHostBuilder builder)
   at Microsoft.AspNetCore.Mvc.Testing.WebApplicationFactory`1.ConfigureHostBuilder(IHostBuilder hostBuilder)
   at Microsoft.AspNetCore.Mvc.Testing.WebApplicationFactory`1.EnsureServer()
   at Microsoft.AspNetCore.Mvc.Testing.WebApplicationFactory`1.CreateDefaultClient(DelegatingHandler[] handlers)
   at Microsoft.AspNetCore.Mvc.Testing.WebApplicationFactory`1.CreateDefaultClient(Uri baseAddress, DelegatingHandler[] handlers)
   at Microsoft.AspNetCore.Mvc.Testing.WebApplicationFactory`1.CreateClient(WebApplicationFactoryClientOptions options)
   at Microsoft.AspNetCore.Mvc.Testing.WebApplicationFactory`1.CreateClient()
   at Industrial.Adam.Oee.Tests.Integration.SignalR.StoppageNotificationHubTests.CreateConnectionAsync() in /home/grant/adam-6000-counter/src/Industrial.Adam.Oee/Tests/Integration/SignalR/StoppageNotificationHubTests.cs:line 254
   at Industrial.Adam.Oee.Tests.Integration.SignalR.StoppageNotificationHubTests.Hub_HandleInvalidSubscription_ReturnsError() in /home/grant/adam-6000-counter/src/Industrial.Adam.Oee/Tests/Integration/SignalR/StoppageNotificationHubTests.cs:line 178
--- End of stack trace from previous location ---
----- Inner Stack Trace #1 (System.InvalidOperationException) -----
   at Microsoft.Extensions.DependencyInjection.ServiceProvider.ValidateService(ServiceDescriptor descriptor)
   at Microsoft.Extensions.DependencyInjection.ServiceProvider..ctor(ICollection`1 serviceDescriptors, ServiceProviderOptions options)
----- Inner Stack Trace -----
   at Microsoft.Extensions.DependencyInjection.ServiceLookup.CallSiteFactory.CreateArgumentCallSites(ServiceIdentifier serviceIdentifier, Type implementationType, CallSiteChain callSiteChain, ParameterInfo[] parameters, Boolean throwIfCallSiteNotFound)
   at Microsoft.Extensions.DependencyInjection.ServiceLookup.CallSiteFactory.CreateConstructorCallSite(ResultCache lifetime, ServiceIdentifier serviceIdentifier, Type implementationType, CallSiteChain callSiteChain)
   at Microsoft.Extensions.DependencyInjection.ServiceLookup.CallSiteFactory.TryCreateExact(ServiceDescriptor descriptor, ServiceIdentifier serviceIdentifier, CallSiteChain callSiteChain, Int32 slot)
   at Microsoft.Extensions.DependencyInjection.ServiceLookup.CallSiteFactory.GetCallSite(ServiceDescriptor serviceDescriptor, CallSiteChain callSiteChain)
   at Microsoft.Extensions.DependencyInjection.ServiceProvider.ValidateService(ServiceDescriptor descriptor)
----- Inner Stack Trace #2 (System.InvalidOperationException) -----
   at Microsoft.Extensions.DependencyInjection.ServiceProvider.ValidateService(ServiceDescriptor descriptor)
   at Microsoft.Extensions.DependencyInjection.ServiceProvider..ctor(ICollection`1 serviceDescriptors, ServiceProviderOptions options)
----- Inner Stack Trace -----
   at Microsoft.Extensions.DependencyInjection.ServiceLookup.CallSiteFactory.CreateArgumentCallSites(ServiceIdentifier serviceIdentifier, Type implementationType, CallSiteChain callSiteChain, ParameterInfo[] parameters, Boolean throwIfCallSiteNotFound)
   at Microsoft.Extensions.DependencyInjection.ServiceLookup.CallSiteFactory.CreateConstructorCallSite(ResultCache lifetime, ServiceIdentifier serviceIdentifier, Type implementationType, CallSiteChain callSiteChain)
   at Microsoft.Extensions.DependencyInjection.ServiceLookup.CallSiteFactory.TryCreateExact(ServiceDescriptor descriptor, ServiceIdentifier serviceIdentifier, CallSiteChain callSiteChain, Int32 slot)
   at Microsoft.Extensions.DependencyInjection.ServiceLookup.CallSiteFactory.GetCallSite(ServiceDescriptor serviceDescriptor, CallSiteChain callSiteChain)
   at Microsoft.Extensions.DependencyInjection.ServiceProvider.ValidateService(ServiceDescriptor descriptor)
----- Inner Stack Trace #3 (System.InvalidOperationException) -----
   at Microsoft.Extensions.DependencyInjection.ServiceProvider.ValidateService(ServiceDescriptor descriptor)
   at Microsoft.Extensions.DependencyInjection.ServiceProvider..ctor(ICollection`1 serviceDescriptors, ServiceProviderOptions options)
----- Inner Stack Trace -----
   at Microsoft.Extensions.DependencyInjection.ServiceLookup.CallSiteFactory.CreateArgumentCallSites(ServiceIdentifier serviceIdentifier, Type implementationType, CallSiteChain callSiteChain, ParameterInfo[] parameters, Boolean throwIfCallSiteNotFound)
   at Microsoft.Extensions.DependencyInjection.ServiceLookup.CallSiteFactory.CreateConstructorCallSite(ResultCache lifetime, ServiceIdentifier serviceIdentifier, Type implementationType, CallSiteChain callSiteChain)
   at Microsoft.Extensions.DependencyInjection.ServiceLookup.CallSiteFactory.TryCreateExact(ServiceDescriptor descriptor, ServiceIdentifier serviceIdentifier, CallSiteChain callSiteChain, Int32 slot)
   at Microsoft.Extensions.DependencyInjection.ServiceLookup.CallSiteFactory.GetCallSite(ServiceDescriptor serviceDescriptor, CallSiteChain callSiteChain)
   at Microsoft.Extensions.DependencyInjection.ServiceProvider.ValidateService(ServiceDescriptor descriptor)
----- Inner Stack Trace #4 (System.InvalidOperationException) -----
   at Microsoft.Extensions.DependencyInjection.ServiceProvider.ValidateService(ServiceDescriptor descriptor)
   at Microsoft.Extensions.DependencyInjection.ServiceProvider..ctor(ICollection`1 serviceDescriptors, ServiceProviderOptions options)
----- Inner Stack Trace -----
   at Microsoft.Extensions.DependencyInjection.ServiceLookup.CallSiteFactory.CreateArgumentCallSites(ServiceIdentifier serviceIdentifier, Type implementationType, CallSiteChain callSiteChain, ParameterInfo[] parameters, Boolean throwIfCallSiteNotFound)
   at Microsoft.Extensions.DependencyInjection.ServiceLookup.CallSiteFactory.CreateConstructorCallSite(ResultCache lifetime, ServiceIdentifier serviceIdentifier, Type implementationType, CallSiteChain callSiteChain)
   at Microsoft.Extensions.DependencyInjection.ServiceLookup.CallSiteFactory.TryCreateExact(ServiceDescriptor descriptor, ServiceIdentifier serviceIdentifier, CallSiteChain callSiteChain, Int32 slot)
   at Microsoft.Extensions.DependencyInjection.ServiceLookup.CallSiteFactory.TryCreateExact(ServiceIdentifier serviceIdentifier, CallSiteChain callSiteChain)
   at Microsoft.Extensions.DependencyInjection.ServiceLookup.CallSiteFactory.CreateCallSite(ServiceIdentifier serviceIdentifier, CallSiteChain callSiteChain)
   at Microsoft.Extensions.DependencyInjection.ServiceLookup.CallSiteFactory.CreateArgumentCallSites(ServiceIdentifier serviceIdentifier, Type implementationType, CallSiteChain callSiteChain, ParameterInfo[] parameters, Boolean throwIfCallSiteNotFound)
   at Microsoft.Extensions.DependencyInjection.ServiceLookup.CallSiteFactory.CreateConstructorCallSite(ResultCache lifetime, ServiceIdentifier serviceIdentifier, Type implementationType, CallSiteChain callSiteChain)
   at Microsoft.Extensions.DependencyInjection.ServiceLookup.CallSiteFactory.TryCreateExact(ServiceDescriptor descriptor, ServiceIdentifier serviceIdentifier, CallSiteChain callSiteChain, Int32 slot)
   at Microsoft.Extensions.DependencyInjection.ServiceLookup.CallSiteFactory.GetCallSite(ServiceDescriptor serviceDescriptor, CallSiteChain callSiteChain)
   at Microsoft.Extensions.DependencyInjection.ServiceProvider.ValidateService(ServiceDescriptor descriptor)
----- Inner Stack Trace #5 (System.InvalidOperationException) -----
   at Microsoft.Extensions.DependencyInjection.ServiceProvider.ValidateService(ServiceDescriptor descriptor)
   at Microsoft.Extensions.DependencyInjection.ServiceProvider..ctor(ICollection`1 serviceDescriptors, ServiceProviderOptions options)
----- Inner Stack Trace -----
   at Microsoft.Extensions.DependencyInjection.ServiceLookup.CallSiteFactory.CreateArgumentCallSites(ServiceIdentifier serviceIdentifier, Type implementationType, CallSiteChain callSiteChain, ParameterInfo[] parameters, Boolean throwIfCallSiteNotFound)
   at Microsoft.Extensions.DependencyInjection.ServiceLookup.CallSiteFactory.CreateConstructorCallSite(ResultCache lifetime, ServiceIdentifier serviceIdentifier, Type implementationType, CallSiteChain callSiteChain)
   at Microsoft.Extensions.DependencyInjection.ServiceLookup.CallSiteFactory.TryCreateExact(ServiceDescriptor descriptor, ServiceIdentifier serviceIdentifier, CallSiteChain callSiteChain, Int32 slot)
   at Microsoft.Extensions.DependencyInjection.ServiceLookup.CallSiteFactory.GetCallSite(ServiceDescriptor serviceDescriptor, CallSiteChain callSiteChain)
   at Microsoft.Extensions.DependencyInjection.ServiceProvider.ValidateService(ServiceDescriptor descriptor)
[xUnit.net 00:00:02.78]     Industrial.Adam.Oee.Tests.Integration.OeeControllerIntegrationTests.GetOeeEndpoints_WithInvalidDeviceId_ReturnsBadRequest(deviceId: " ") [FAIL]
[xUnit.net 00:00:02.81]     Industrial.Adam.Oee.Tests.Application.Queries.CalculateCurrentOeeQueryHandlerTests.Handle_WithActiveWorkOrder_CalculatesOeeForWorkOrder [FAIL]
[xUnit.net 00:00:02.81]     Industrial.Adam.Oee.Tests.Integration.JobsControllerIntegrationTests.StartWorkOrder_WithValidRequest_ReturnsCreatedOrConflict [FAIL]
[xUnit.net 00:00:02.82]     Industrial.Adam.Oee.Tests.Application.Queries.CalculateCurrentOeeQueryHandlerTests.Handle_WithSpecificTimeRange_CalculatesOeeForPeriod [FAIL]
[xUnit.net 00:00:02.82]     Industrial.Adam.Oee.Tests.Integration.SignalR.StoppageNotificationHubTests.Hub_CanEstablishConnection_Successfully [FAIL]
  Failed Industrial.Adam.Oee.Tests.Integration.OeeControllerIntegrationTests.GetOeeEndpoints_WithInvalidDeviceId_ReturnsBadRequest(deviceId: " ") [1 ms]
  Error Message:
   System.AggregateException : Some services are not able to be constructed (Error while validating the service descriptor 'ServiceType: Industrial.Adam.Oee.Domain.Interfaces.IJobSequencingService Lifetime: Scoped ImplementationType: Industrial.Adam.Oee.Domain.Services.JobSequencingService': Unable to resolve service for type 'Industrial.Adam.Oee.Domain.Interfaces.IEquipmentLineRepository' while attempting to activate 'Industrial.Adam.Oee.Domain.Services.JobSequencingService'.) (Error while validating the service descriptor 'ServiceType: Industrial.Adam.Oee.Domain.Interfaces.IEquipmentLineService Lifetime: Scoped ImplementationType: Industrial.Adam.Oee.Domain.Services.EquipmentLineService': Unable to resolve service for type 'Industrial.Adam.Oee.Domain.Interfaces.IEquipmentLineRepository' while attempting to activate 'Industrial.Adam.Oee.Domain.Services.EquipmentLineService'.) (Error while validating the service descriptor 'ServiceType: Industrial.Adam.Oee.Domain.Interfaces.IStoppageDetectionService Lifetime: Scoped ImplementationType: Industrial.Adam.Oee.Domain.Services.StoppageDetectionService': Unable to resolve service for type 'Industrial.Adam.Oee.Domain.Interfaces.IEquipmentLineRepository' while attempting to activate 'Industrial.Adam.Oee.Domain.Services.StoppageDetectionService'.) (Error while validating the service descriptor 'ServiceType: MediatR.IRequestHandler`2[Industrial.Adam.Oee.Application.Commands.StartWorkOrderCommand,System.String] Lifetime: Transient ImplementationType: Industrial.Adam.Oee.Application.Commands.Handlers.StartWorkOrderCommandHandler': Unable to resolve service for type 'Industrial.Adam.Oee.Domain.Interfaces.IEquipmentLineRepository' while attempting to activate 'Industrial.Adam.Oee.Domain.Services.JobSequencingService'.) (Error while validating the service descriptor 'ServiceType: Industrial.Adam.Oee.Domain.Interfaces.ISimpleJobQueueService Lifetime: Scoped ImplementationType: Industrial.Adam.Oee.Domain.Services.SimpleJobQueueService': Unable to resolve service for type 'Industrial.Adam.Oee.Domain.Interfaces.ISimpleJobQueueRepository' while attempting to activate 'Industrial.Adam.Oee.Domain.Services.SimpleJobQueueService'.)
---- System.InvalidOperationException : Error while validating the service descriptor 'ServiceType: Industrial.Adam.Oee.Domain.Interfaces.IJobSequencingService Lifetime: Scoped ImplementationType: Industrial.Adam.Oee.Domain.Services.JobSequencingService': Unable to resolve service for type 'Industrial.Adam.Oee.Domain.Interfaces.IEquipmentLineRepository' while attempting to activate 'Industrial.Adam.Oee.Domain.Services.JobSequencingService'.
-------- System.InvalidOperationException : Unable to resolve service for type 'Industrial.Adam.Oee.Domain.Interfaces.IEquipmentLineRepository' while attempting to activate 'Industrial.Adam.Oee.Domain.Services.JobSequencingService'.
---- System.InvalidOperationException : Error while validating the service descriptor 'ServiceType: Industrial.Adam.Oee.Domain.Interfaces.IEquipmentLineService Lifetime: Scoped ImplementationType: Industrial.Adam.Oee.Domain.Services.EquipmentLineService': Unable to resolve service for type 'Industrial.Adam.Oee.Domain.Interfaces.IEquipmentLineRepository' while attempting to activate 'Industrial.Adam.Oee.Domain.Services.EquipmentLineService'.
-------- System.InvalidOperationException : Unable to resolve service for type 'Industrial.Adam.Oee.Domain.Interfaces.IEquipmentLineRepository' while attempting to activate 'Industrial.Adam.Oee.Domain.Services.EquipmentLineService'.
---- System.InvalidOperationException : Error while validating the service descriptor 'ServiceType: Industrial.Adam.Oee.Domain.Interfaces.IStoppageDetectionService Lifetime: Scoped ImplementationType: Industrial.Adam.Oee.Domain.Services.StoppageDetectionService': Unable to resolve service for type 'Industrial.Adam.Oee.Domain.Interfaces.IEquipmentLineRepository' while attempting to activate 'Industrial.Adam.Oee.Domain.Services.StoppageDetectionService'.
-------- System.InvalidOperationException : Unable to resolve service for type 'Industrial.Adam.Oee.Domain.Interfaces.IEquipmentLineRepository' while attempting to activate 'Industrial.Adam.Oee.Domain.Services.StoppageDetectionService'.
---- System.InvalidOperationException : Error while validating the service descriptor 'ServiceType: MediatR.IRequestHandler`2[Industrial.Adam.Oee.Application.Commands.StartWorkOrderCommand,System.String] Lifetime: Transient ImplementationType: Industrial.Adam.Oee.Application.Commands.Handlers.StartWorkOrderCommandHandler': Unable to resolve service for type 'Industrial.Adam.Oee.Domain.Interfaces.IEquipmentLineRepository' while attempting to activate 'Industrial.Adam.Oee.Domain.Services.JobSequencingService'.
-------- System.InvalidOperationException : Unable to resolve service for type 'Industrial.Adam.Oee.Domain.Interfaces.IEquipmentLineRepository' while attempting to activate 'Industrial.Adam.Oee.Domain.Services.JobSequencingService'.
---- System.InvalidOperationException : Error while validating the service descriptor 'ServiceType: Industrial.Adam.Oee.Domain.Interfaces.ISimpleJobQueueService Lifetime: Scoped ImplementationType: Industrial.Adam.Oee.Domain.Services.SimpleJobQueueService': Unable to resolve service for type 'Industrial.Adam.Oee.Domain.Interfaces.ISimpleJobQueueRepository' while attempting to activate 'Industrial.Adam.Oee.Domain.Services.SimpleJobQueueService'.
-------- System.InvalidOperationException : Unable to resolve service for type 'Industrial.Adam.Oee.Domain.Interfaces.ISimpleJobQueueRepository' while attempting to activate 'Industrial.Adam.Oee.Domain.Services.SimpleJobQueueService'.
  Stack Trace:
     at Microsoft.Extensions.DependencyInjection.ServiceProvider..ctor(ICollection`1 serviceDescriptors, ServiceProviderOptions options)
   at Microsoft.Extensions.DependencyInjection.ServiceCollectionContainerBuilderExtensions.BuildServiceProvider(IServiceCollection services, ServiceProviderOptions options)
   at Microsoft.Extensions.Hosting.HostApplicationBuilder.Build()
   at Microsoft.AspNetCore.Builder.WebApplicationBuilder.Build()
   at Program.<Main>$(String[] args) in /home/grant/adam-6000-counter/src/Industrial.Adam.Oee/WebApi/Program.cs:line 89
   at InvokeStub_Program.<Main>$(Object, Span`1)
   at System.Reflection.MethodBaseInvoker.InvokeWithOneArg(Object obj, BindingFlags invokeAttr, Binder binder, Object[] parameters, CultureInfo culture)
--- End of stack trace from previous location ---
   at Microsoft.Extensions.Hosting.HostFactoryResolver.HostingListener.CreateHost()
   at Microsoft.Extensions.Hosting.HostFactoryResolver.<>c__DisplayClass10_0.<ResolveHostFactory>b__0(String[] args)
   at Microsoft.AspNetCore.Mvc.Testing.DeferredHostBuilder.Build()
   at Microsoft.AspNetCore.Mvc.Testing.WebApplicationFactory`1.CreateHost(IHostBuilder builder)
   at Microsoft.AspNetCore.Mvc.Testing.WebApplicationFactory`1.ConfigureHostBuilder(IHostBuilder hostBuilder)
   at Microsoft.AspNetCore.Mvc.Testing.WebApplicationFactory`1.EnsureServer()
   at Microsoft.AspNetCore.Mvc.Testing.WebApplicationFactory`1.CreateDefaultClient(DelegatingHandler[] handlers)
   at Microsoft.AspNetCore.Mvc.Testing.WebApplicationFactory`1.CreateDefaultClient(Uri baseAddress, DelegatingHandler[] handlers)
   at Microsoft.AspNetCore.Mvc.Testing.WebApplicationFactory`1.CreateClient(WebApplicationFactoryClientOptions options)
   at Microsoft.AspNetCore.Mvc.Testing.WebApplicationFactory`1.CreateClient()
   at Industrial.Adam.Oee.Tests.Integration.OeeControllerIntegrationTests..ctor(WebApplicationFactory`1 factory) in /home/grant/adam-6000-counter/src/Industrial.Adam.Oee/Tests/Integration/OeeControllerIntegrationTests.cs:line 21
   at InvokeStub_OeeControllerIntegrationTests..ctor(Object, Span`1)
   at System.Reflection.MethodBaseInvoker.InvokeWithOneArg(Object obj, BindingFlags invokeAttr, Binder binder, Object[] parameters, CultureInfo culture)
----- Inner Stack Trace #1 (System.InvalidOperationException) -----
   at Microsoft.Extensions.DependencyInjection.ServiceProvider.ValidateService(ServiceDescriptor descriptor)
   at Microsoft.Extensions.DependencyInjection.ServiceProvider..ctor(ICollection`1 serviceDescriptors, ServiceProviderOptions options)
----- Inner Stack Trace -----
   at Microsoft.Extensions.DependencyInjection.ServiceLookup.CallSiteFactory.CreateArgumentCallSites(ServiceIdentifier serviceIdentifier, Type implementationType, CallSiteChain callSiteChain, ParameterInfo[] parameters, Boolean throwIfCallSiteNotFound)
   at Microsoft.Extensions.DependencyInjection.ServiceLookup.CallSiteFactory.CreateConstructorCallSite(ResultCache lifetime, ServiceIdentifier serviceIdentifier, Type implementationType, CallSiteChain callSiteChain)
   at Microsoft.Extensions.DependencyInjection.ServiceLookup.CallSiteFactory.TryCreateExact(ServiceDescriptor descriptor, ServiceIdentifier serviceIdentifier, CallSiteChain callSiteChain, Int32 slot)
   at Microsoft.Extensions.DependencyInjection.ServiceLookup.CallSiteFactory.GetCallSite(ServiceDescriptor serviceDescriptor, CallSiteChain callSiteChain)
   at Microsoft.Extensions.DependencyInjection.ServiceProvider.ValidateService(ServiceDescriptor descriptor)
----- Inner Stack Trace #2 (System.InvalidOperationException) -----
   at Microsoft.Extensions.DependencyInjection.ServiceProvider.ValidateService(ServiceDescriptor descriptor)
   at Microsoft.Extensions.DependencyInjection.ServiceProvider..ctor(ICollection`1 serviceDescriptors, ServiceProviderOptions options)
----- Inner Stack Trace -----
   at Microsoft.Extensions.DependencyInjection.ServiceLookup.CallSiteFactory.CreateArgumentCallSites(ServiceIdentifier serviceIdentifier, Type implementationType, CallSiteChain callSiteChain, ParameterInfo[] parameters, Boolean throwIfCallSiteNotFound)
   at Microsoft.Extensions.DependencyInjection.ServiceLookup.CallSiteFactory.CreateConstructorCallSite(ResultCache lifetime, ServiceIdentifier serviceIdentifier, Type implementationType, CallSiteChain callSiteChain)
   at Microsoft.Extensions.DependencyInjection.ServiceLookup.CallSiteFactory.TryCreateExact(ServiceDescriptor descriptor, ServiceIdentifier serviceIdentifier, CallSiteChain callSiteChain, Int32 slot)
   at Microsoft.Extensions.DependencyInjection.ServiceLookup.CallSiteFactory.GetCallSite(ServiceDescriptor serviceDescriptor, CallSiteChain callSiteChain)
   at Microsoft.Extensions.DependencyInjection.ServiceProvider.ValidateService(ServiceDescriptor descriptor)
----- Inner Stack Trace #3 (System.InvalidOperationException) -----
   at Microsoft.Extensions.DependencyInjection.ServiceProvider.ValidateService(ServiceDescriptor descriptor)
   at Microsoft.Extensions.DependencyInjection.ServiceProvider..ctor(ICollection`1 serviceDescriptors, ServiceProviderOptions options)
----- Inner Stack Trace -----
   at Microsoft.Extensions.DependencyInjection.ServiceLookup.CallSiteFactory.CreateArgumentCallSites(ServiceIdentifier serviceIdentifier, Type implementationType, CallSiteChain callSiteChain, ParameterInfo[] parameters, Boolean throwIfCallSiteNotFound)
   at Microsoft.Extensions.DependencyInjection.ServiceLookup.CallSiteFactory.CreateConstructorCallSite(ResultCache lifetime, ServiceIdentifier serviceIdentifier, Type implementationType, CallSiteChain callSiteChain)
   at Microsoft.Extensions.DependencyInjection.ServiceLookup.CallSiteFactory.TryCreateExact(ServiceDescriptor descriptor, ServiceIdentifier serviceIdentifier, CallSiteChain callSiteChain, Int32 slot)
   at Microsoft.Extensions.DependencyInjection.ServiceLookup.CallSiteFactory.GetCallSite(ServiceDescriptor serviceDescriptor, CallSiteChain callSiteChain)
   at Microsoft.Extensions.DependencyInjection.ServiceProvider.ValidateService(ServiceDescriptor descriptor)
----- Inner Stack Trace #4 (System.InvalidOperationException) -----
   at Microsoft.Extensions.DependencyInjection.ServiceProvider.ValidateService(ServiceDescriptor descriptor)
   at Microsoft.Extensions.DependencyInjection.ServiceProvider..ctor(ICollection`1 serviceDescriptors, ServiceProviderOptions options)
----- Inner Stack Trace -----
   at Microsoft.Extensions.DependencyInjection.ServiceLookup.CallSiteFactory.CreateArgumentCallSites(ServiceIdentifier serviceIdentifier, Type implementationType, CallSiteChain callSiteChain, ParameterInfo[] parameters, Boolean throwIfCallSiteNotFound)
   at Microsoft.Extensions.DependencyInjection.ServiceLookup.CallSiteFactory.CreateConstructorCallSite(ResultCache lifetime, ServiceIdentifier serviceIdentifier, Type implementationType, CallSiteChain callSiteChain)
   at Microsoft.Extensions.DependencyInjection.ServiceLookup.CallSiteFactory.TryCreateExact(ServiceDescriptor descriptor, ServiceIdentifier serviceIdentifier, CallSiteChain callSiteChain, Int32 slot)
   at Microsoft.Extensions.DependencyInjection.ServiceLookup.CallSiteFactory.TryCreateExact(ServiceIdentifier serviceIdentifier, CallSiteChain callSiteChain)
   at Microsoft.Extensions.DependencyInjection.ServiceLookup.CallSiteFactory.CreateCallSite(ServiceIdentifier serviceIdentifier, CallSiteChain callSiteChain)
   at Microsoft.Extensions.DependencyInjection.ServiceLookup.CallSiteFactory.CreateArgumentCallSites(ServiceIdentifier serviceIdentifier, Type implementationType, CallSiteChain callSiteChain, ParameterInfo[] parameters, Boolean throwIfCallSiteNotFound)
   at Microsoft.Extensions.DependencyInjection.ServiceLookup.CallSiteFactory.CreateConstructorCallSite(ResultCache lifetime, ServiceIdentifier serviceIdentifier, Type implementationType, CallSiteChain callSiteChain)
   at Microsoft.Extensions.DependencyInjection.ServiceLookup.CallSiteFactory.TryCreateExact(ServiceDescriptor descriptor, ServiceIdentifier serviceIdentifier, CallSiteChain callSiteChain, Int32 slot)
   at Microsoft.Extensions.DependencyInjection.ServiceLookup.CallSiteFactory.GetCallSite(ServiceDescriptor serviceDescriptor, CallSiteChain callSiteChain)
   at Microsoft.Extensions.DependencyInjection.ServiceProvider.ValidateService(ServiceDescriptor descriptor)
----- Inner Stack Trace #5 (System.InvalidOperationException) -----
   at Microsoft.Extensions.DependencyInjection.ServiceProvider.ValidateService(ServiceDescriptor descriptor)
   at Microsoft.Extensions.DependencyInjection.ServiceProvider..ctor(ICollection`1 serviceDescriptors, ServiceProviderOptions options)
----- Inner Stack Trace -----
   at Microsoft.Extensions.DependencyInjection.ServiceLookup.CallSiteFactory.CreateArgumentCallSites(ServiceIdentifier serviceIdentifier, Type implementationType, CallSiteChain callSiteChain, ParameterInfo[] parameters, Boolean throwIfCallSiteNotFound)
   at Microsoft.Extensions.DependencyInjection.ServiceLookup.CallSiteFactory.CreateConstructorCallSite(ResultCache lifetime, ServiceIdentifier serviceIdentifier, Type implementationType, CallSiteChain callSiteChain)
   at Microsoft.Extensions.DependencyInjection.ServiceLookup.CallSiteFactory.TryCreateExact(ServiceDescriptor descriptor, ServiceIdentifier serviceIdentifier, CallSiteChain callSiteChain, Int32 slot)
   at Microsoft.Extensions.DependencyInjection.ServiceLookup.CallSiteFactory.GetCallSite(ServiceDescriptor serviceDescriptor, CallSiteChain callSiteChain)
   at Microsoft.Extensions.DependencyInjection.ServiceProvider.ValidateService(ServiceDescriptor descriptor)
  Failed Industrial.Adam.Oee.Tests.Application.Queries.CalculateCurrentOeeQueryHandlerTests.Handle_WithActiveWorkOrder_CalculatesOeeForWorkOrder [23 ms]
  Error Message:
   System.ArgumentException : Actual run time cannot exceed planned production time (Parameter 'actualRunTimeMinutes')
  Stack Trace:
     at Industrial.Adam.Oee.Domain.ValueObjects.Availability..ctor(Decimal plannedTimeMinutes, Decimal actualRunTimeMinutes, Nullable`1 downtimeMinutes) in /home/grant/adam-6000-counter/src/Industrial.Adam.Oee/Domain/ValueObjects/Availability.cs:line 55
   at Industrial.Adam.Oee.Tests.Application.Queries.CalculateCurrentOeeQueryHandlerTests.CreateSampleOeeCalculation(String deviceId, DateTime startTime, DateTime endTime) in /home/grant/adam-6000-counter/src/Industrial.Adam.Oee/Tests/Application/Queries/CalculateCurrentOeeQueryHandlerTests.cs:line 169
   at Industrial.Adam.Oee.Tests.Application.Queries.CalculateCurrentOeeQueryHandlerTests.Handle_WithActiveWorkOrder_CalculatesOeeForWorkOrder() in /home/grant/adam-6000-counter/src/Industrial.Adam.Oee/Tests/Application/Queries/CalculateCurrentOeeQueryHandlerTests.cs:line 77
--- End of stack trace from previous location ---
  Failed Industrial.Adam.Oee.Tests.Integration.JobsControllerIntegrationTests.StartWorkOrder_WithValidRequest_ReturnsCreatedOrConflict [1 ms]
  Error Message:
   System.AggregateException : Some services are not able to be constructed (Error while validating the service descriptor 'ServiceType: Industrial.Adam.Oee.Domain.Interfaces.IJobSequencingService Lifetime: Scoped ImplementationType: Industrial.Adam.Oee.Domain.Services.JobSequencingService': Unable to resolve service for type 'Industrial.Adam.Oee.Domain.Interfaces.IEquipmentLineRepository' while attempting to activate 'Industrial.Adam.Oee.Domain.Services.JobSequencingService'.) (Error while validating the service descriptor 'ServiceType: Industrial.Adam.Oee.Domain.Interfaces.IEquipmentLineService Lifetime: Scoped ImplementationType: Industrial.Adam.Oee.Domain.Services.EquipmentLineService': Unable to resolve service for type 'Industrial.Adam.Oee.Domain.Interfaces.IEquipmentLineRepository' while attempting to activate 'Industrial.Adam.Oee.Domain.Services.EquipmentLineService'.) (Error while validating the service descriptor 'ServiceType: Industrial.Adam.Oee.Domain.Interfaces.IStoppageDetectionService Lifetime: Scoped ImplementationType: Industrial.Adam.Oee.Domain.Services.StoppageDetectionService': Unable to resolve service for type 'Industrial.Adam.Oee.Domain.Interfaces.IEquipmentLineRepository' while attempting to activate 'Industrial.Adam.Oee.Domain.Services.StoppageDetectionService'.) (Error while validating the service descriptor 'ServiceType: MediatR.IRequestHandler`2[Industrial.Adam.Oee.Application.Commands.StartWorkOrderCommand,System.String] Lifetime: Transient ImplementationType: Industrial.Adam.Oee.Application.Commands.Handlers.StartWorkOrderCommandHandler': Unable to resolve service for type 'Industrial.Adam.Oee.Domain.Interfaces.IEquipmentLineRepository' while attempting to activate 'Industrial.Adam.Oee.Domain.Services.JobSequencingService'.) (Error while validating the service descriptor 'ServiceType: Industrial.Adam.Oee.Domain.Interfaces.ISimpleJobQueueService Lifetime: Scoped ImplementationType: Industrial.Adam.Oee.Domain.Services.SimpleJobQueueService': Unable to resolve service for type 'Industrial.Adam.Oee.Domain.Interfaces.ISimpleJobQueueRepository' while attempting to activate 'Industrial.Adam.Oee.Domain.Services.SimpleJobQueueService'.)
---- System.InvalidOperationException : Error while validating the service descriptor 'ServiceType: Industrial.Adam.Oee.Domain.Interfaces.IJobSequencingService Lifetime: Scoped ImplementationType: Industrial.Adam.Oee.Domain.Services.JobSequencingService': Unable to resolve service for type 'Industrial.Adam.Oee.Domain.Interfaces.IEquipmentLineRepository' while attempting to activate 'Industrial.Adam.Oee.Domain.Services.JobSequencingService'.
-------- System.InvalidOperationException : Unable to resolve service for type 'Industrial.Adam.Oee.Domain.Interfaces.IEquipmentLineRepository' while attempting to activate 'Industrial.Adam.Oee.Domain.Services.JobSequencingService'.
---- System.InvalidOperationException : Error while validating the service descriptor 'ServiceType: Industrial.Adam.Oee.Domain.Interfaces.IEquipmentLineService Lifetime: Scoped ImplementationType: Industrial.Adam.Oee.Domain.Services.EquipmentLineService': Unable to resolve service for type 'Industrial.Adam.Oee.Domain.Interfaces.IEquipmentLineRepository' while attempting to activate 'Industrial.Adam.Oee.Domain.Services.EquipmentLineService'.
-------- System.InvalidOperationException : Unable to resolve service for type 'Industrial.Adam.Oee.Domain.Interfaces.IEquipmentLineRepository' while attempting to activate 'Industrial.Adam.Oee.Domain.Services.EquipmentLineService'.
---- System.InvalidOperationException : Error while validating the service descriptor 'ServiceType: Industrial.Adam.Oee.Domain.Interfaces.IStoppageDetectionService Lifetime: Scoped ImplementationType: Industrial.Adam.Oee.Domain.Services.StoppageDetectionService': Unable to resolve service for type 'Industrial.Adam.Oee.Domain.Interfaces.IEquipmentLineRepository' while attempting to activate 'Industrial.Adam.Oee.Domain.Services.StoppageDetectionService'.
-------- System.InvalidOperationException : Unable to resolve service for type 'Industrial.Adam.Oee.Domain.Interfaces.IEquipmentLineRepository' while attempting to activate 'Industrial.Adam.Oee.Domain.Services.StoppageDetectionService'.
---- System.InvalidOperationException : Error while validating the service descriptor 'ServiceType: MediatR.IRequestHandler`2[Industrial.Adam.Oee.Application.Commands.StartWorkOrderCommand,System.String] Lifetime: Transient ImplementationType: Industrial.Adam.Oee.Application.Commands.Handlers.StartWorkOrderCommandHandler': Unable to resolve service for type 'Industrial.Adam.Oee.Domain.Interfaces.IEquipmentLineRepository' while attempting to activate 'Industrial.Adam.Oee.Domain.Services.JobSequencingService'.
-------- System.InvalidOperationException : Unable to resolve service for type 'Industrial.Adam.Oee.Domain.Interfaces.IEquipmentLineRepository' while attempting to activate 'Industrial.Adam.Oee.Domain.Services.JobSequencingService'.
---- System.InvalidOperationException : Error while validating the service descriptor 'ServiceType: Industrial.Adam.Oee.Domain.Interfaces.ISimpleJobQueueService Lifetime: Scoped ImplementationType: Industrial.Adam.Oee.Domain.Services.SimpleJobQueueService': Unable to resolve service for type 'Industrial.Adam.Oee.Domain.Interfaces.ISimpleJobQueueRepository' while attempting to activate 'Industrial.Adam.Oee.Domain.Services.SimpleJobQueueService'.
-------- System.InvalidOperationException : Unable to resolve service for type 'Industrial.Adam.Oee.Domain.Interfaces.ISimpleJobQueueRepository' while attempting to activate 'Industrial.Adam.Oee.Domain.Services.SimpleJobQueueService'.
  Stack Trace:
     at Microsoft.Extensions.DependencyInjection.ServiceProvider..ctor(ICollection`1 serviceDescriptors, ServiceProviderOptions options)
   at Microsoft.Extensions.DependencyInjection.ServiceCollectionContainerBuilderExtensions.BuildServiceProvider(IServiceCollection services, ServiceProviderOptions options)
   at Microsoft.Extensions.Hosting.HostApplicationBuilder.Build()
   at Microsoft.AspNetCore.Builder.WebApplicationBuilder.Build()
   at Program.<Main>$(String[] args) in /home/grant/adam-6000-counter/src/Industrial.Adam.Oee/WebApi/Program.cs:line 89
   at InvokeStub_Program.<Main>$(Object, Span`1)
   at System.Reflection.MethodBaseInvoker.InvokeWithOneArg(Object obj, BindingFlags invokeAttr, Binder binder, Object[] parameters, CultureInfo culture)
--- End of stack trace from previous location ---
   at Microsoft.Extensions.Hosting.HostFactoryResolver.HostingListener.CreateHost()
   at Microsoft.Extensions.Hosting.HostFactoryResolver.<>c__DisplayClass10_0.<ResolveHostFactory>b__0(String[] args)
   at Microsoft.AspNetCore.Mvc.Testing.DeferredHostBuilder.Build()
   at Microsoft.AspNetCore.Mvc.Testing.WebApplicationFactory`1.CreateHost(IHostBuilder builder)
   at Microsoft.AspNetCore.Mvc.Testing.WebApplicationFactory`1.ConfigureHostBuilder(IHostBuilder hostBuilder)
   at Microsoft.AspNetCore.Mvc.Testing.WebApplicationFactory`1.EnsureServer()
   at Microsoft.AspNetCore.Mvc.Testing.WebApplicationFactory`1.CreateDefaultClient(DelegatingHandler[] handlers)
   at Microsoft.AspNetCore.Mvc.Testing.WebApplicationFactory`1.CreateDefaultClient(Uri baseAddress, DelegatingHandler[] handlers)
   at Microsoft.AspNetCore.Mvc.Testing.WebApplicationFactory`1.CreateClient(WebApplicationFactoryClientOptions options)
   at Microsoft.AspNetCore.Mvc.Testing.WebApplicationFactory`1.CreateClient()
   at Industrial.Adam.Oee.Tests.Integration.JobsControllerIntegrationTests..ctor(WebApplicationFactory`1 factory) in /home/grant/adam-6000-counter/src/Industrial.Adam.Oee/Tests/Integration/JobsControllerIntegrationTests.cs:line 24
   at InvokeStub_JobsControllerIntegrationTests..ctor(Object, Span`1)
   at System.Reflection.MethodBaseInvoker.InvokeWithOneArg(Object obj, BindingFlags invokeAttr, Binder binder, Object[] parameters, CultureInfo culture)
----- Inner Stack Trace #1 (System.InvalidOperationException) -----
   at Microsoft.Extensions.DependencyInjection.ServiceProvider.ValidateService(ServiceDescriptor descriptor)
   at Microsoft.Extensions.DependencyInjection.ServiceProvider..ctor(ICollection`1 serviceDescriptors, ServiceProviderOptions options)
----- Inner Stack Trace -----
   at Microsoft.Extensions.DependencyInjection.ServiceLookup.CallSiteFactory.CreateArgumentCallSites(ServiceIdentifier serviceIdentifier, Type implementationType, CallSiteChain callSiteChain, ParameterInfo[] parameters, Boolean throwIfCallSiteNotFound)
   at Microsoft.Extensions.DependencyInjection.ServiceLookup.CallSiteFactory.CreateConstructorCallSite(ResultCache lifetime, ServiceIdentifier serviceIdentifier, Type implementationType, CallSiteChain callSiteChain)
   at Microsoft.Extensions.DependencyInjection.ServiceLookup.CallSiteFactory.TryCreateExact(ServiceDescriptor descriptor, ServiceIdentifier serviceIdentifier, CallSiteChain callSiteChain, Int32 slot)
   at Microsoft.Extensions.DependencyInjection.ServiceLookup.CallSiteFactory.GetCallSite(ServiceDescriptor serviceDescriptor, CallSiteChain callSiteChain)
   at Microsoft.Extensions.DependencyInjection.ServiceProvider.ValidateService(ServiceDescriptor descriptor)
----- Inner Stack Trace #2 (System.InvalidOperationException) -----
   at Microsoft.Extensions.DependencyInjection.ServiceProvider.ValidateService(ServiceDescriptor descriptor)
   at Microsoft.Extensions.DependencyInjection.ServiceProvider..ctor(ICollection`1 serviceDescriptors, ServiceProviderOptions options)
----- Inner Stack Trace -----
   at Microsoft.Extensions.DependencyInjection.ServiceLookup.CallSiteFactory.CreateArgumentCallSites(ServiceIdentifier serviceIdentifier, Type implementationType, CallSiteChain callSiteChain, ParameterInfo[] parameters, Boolean throwIfCallSiteNotFound)
   at Microsoft.Extensions.DependencyInjection.ServiceLookup.CallSiteFactory.CreateConstructorCallSite(ResultCache lifetime, ServiceIdentifier serviceIdentifier, Type implementationType, CallSiteChain callSiteChain)
   at Microsoft.Extensions.DependencyInjection.ServiceLookup.CallSiteFactory.TryCreateExact(ServiceDescriptor descriptor, ServiceIdentifier serviceIdentifier, CallSiteChain callSiteChain, Int32 slot)
   at Microsoft.Extensions.DependencyInjection.ServiceLookup.CallSiteFactory.GetCallSite(ServiceDescriptor serviceDescriptor, CallSiteChain callSiteChain)
   at Microsoft.Extensions.DependencyInjection.ServiceProvider.ValidateService(ServiceDescriptor descriptor)
----- Inner Stack Trace #3 (System.InvalidOperationException) -----
   at Microsoft.Extensions.DependencyInjection.ServiceProvider.ValidateService(ServiceDescriptor descriptor)
   at Microsoft.Extensions.DependencyInjection.ServiceProvider..ctor(ICollection`1 serviceDescriptors, ServiceProviderOptions options)
----- Inner Stack Trace -----
   at Microsoft.Extensions.DependencyInjection.ServiceLookup.CallSiteFactory.CreateArgumentCallSites(ServiceIdentifier serviceIdentifier, Type implementationType, CallSiteChain callSiteChain, ParameterInfo[] parameters, Boolean throwIfCallSiteNotFound)
   at Microsoft.Extensions.DependencyInjection.ServiceLookup.CallSiteFactory.CreateConstructorCallSite(ResultCache lifetime, ServiceIdentifier serviceIdentifier, Type implementationType, CallSiteChain callSiteChain)
   at Microsoft.Extensions.DependencyInjection.ServiceLookup.CallSiteFactory.TryCreateExact(ServiceDescriptor descriptor, ServiceIdentifier serviceIdentifier, CallSiteChain callSiteChain, Int32 slot)
   at Microsoft.Extensions.DependencyInjection.ServiceLookup.CallSiteFactory.GetCallSite(ServiceDescriptor serviceDescriptor, CallSiteChain callSiteChain)
   at Microsoft.Extensions.DependencyInjection.ServiceProvider.ValidateService(ServiceDescriptor descriptor)
----- Inner Stack Trace #4 (System.InvalidOperationException) -----
   at Microsoft.Extensions.DependencyInjection.ServiceProvider.ValidateService(ServiceDescriptor descriptor)
   at Microsoft.Extensions.DependencyInjection.ServiceProvider..ctor(ICollection`1 serviceDescriptors, ServiceProviderOptions options)
----- Inner Stack Trace -----
   at Microsoft.Extensions.DependencyInjection.ServiceLookup.CallSiteFactory.CreateArgumentCallSites(ServiceIdentifier serviceIdentifier, Type implementationType, CallSiteChain callSiteChain, ParameterInfo[] parameters, Boolean throwIfCallSiteNotFound)
   at Microsoft.Extensions.DependencyInjection.ServiceLookup.CallSiteFactory.CreateConstructorCallSite(ResultCache lifetime, ServiceIdentifier serviceIdentifier, Type implementationType, CallSiteChain callSiteChain)
   at Microsoft.Extensions.DependencyInjection.ServiceLookup.CallSiteFactory.TryCreateExact(ServiceDescriptor descriptor, ServiceIdentifier serviceIdentifier, CallSiteChain callSiteChain, Int32 slot)
   at Microsoft.Extensions.DependencyInjection.ServiceLookup.CallSiteFactory.TryCreateExact(ServiceIdentifier serviceIdentifier, CallSiteChain callSiteChain)
   at Microsoft.Extensions.DependencyInjection.ServiceLookup.CallSiteFactory.CreateCallSite(ServiceIdentifier serviceIdentifier, CallSiteChain callSiteChain)
   at Microsoft.Extensions.DependencyInjection.ServiceLookup.CallSiteFactory.CreateArgumentCallSites(ServiceIdentifier serviceIdentifier, Type implementationType, CallSiteChain callSiteChain, ParameterInfo[] parameters, Boolean throwIfCallSiteNotFound)
   at Microsoft.Extensions.DependencyInjection.ServiceLookup.CallSiteFactory.CreateConstructorCallSite(ResultCache lifetime, ServiceIdentifier serviceIdentifier, Type implementationType, CallSiteChain callSiteChain)
   at Microsoft.Extensions.DependencyInjection.ServiceLookup.CallSiteFactory.TryCreateExact(ServiceDescriptor descriptor, ServiceIdentifier serviceIdentifier, CallSiteChain callSiteChain, Int32 slot)
   at Microsoft.Extensions.DependencyInjection.ServiceLookup.CallSiteFactory.GetCallSite(ServiceDescriptor serviceDescriptor, CallSiteChain callSiteChain)
   at Microsoft.Extensions.DependencyInjection.ServiceProvider.ValidateService(ServiceDescriptor descriptor)
----- Inner Stack Trace #5 (System.InvalidOperationException) -----
   at Microsoft.Extensions.DependencyInjection.ServiceProvider.ValidateService(ServiceDescriptor descriptor)
   at Microsoft.Extensions.DependencyInjection.ServiceProvider..ctor(ICollection`1 serviceDescriptors, ServiceProviderOptions options)
----- Inner Stack Trace -----
   at Microsoft.Extensions.DependencyInjection.ServiceLookup.CallSiteFactory.CreateArgumentCallSites(ServiceIdentifier serviceIdentifier, Type implementationType, CallSiteChain callSiteChain, ParameterInfo[] parameters, Boolean throwIfCallSiteNotFound)
   at Microsoft.Extensions.DependencyInjection.ServiceLookup.CallSiteFactory.CreateConstructorCallSite(ResultCache lifetime, ServiceIdentifier serviceIdentifier, Type implementationType, CallSiteChain callSiteChain)
   at Microsoft.Extensions.DependencyInjection.ServiceLookup.CallSiteFactory.TryCreateExact(ServiceDescriptor descriptor, ServiceIdentifier serviceIdentifier, CallSiteChain callSiteChain, Int32 slot)
   at Microsoft.Extensions.DependencyInjection.ServiceLookup.CallSiteFactory.GetCallSite(ServiceDescriptor serviceDescriptor, CallSiteChain callSiteChain)
   at Microsoft.Extensions.DependencyInjection.ServiceProvider.ValidateService(ServiceDescriptor descriptor)
  Failed Industrial.Adam.Oee.Tests.Application.Queries.CalculateCurrentOeeQueryHandlerTests.Handle_WithSpecificTimeRange_CalculatesOeeForPeriod [2 ms]
  Error Message:
   System.ArgumentException : Actual run time cannot exceed planned production time (Parameter 'actualRunTimeMinutes')
  Stack Trace:
     at Industrial.Adam.Oee.Domain.ValueObjects.Availability..ctor(Decimal plannedTimeMinutes, Decimal actualRunTimeMinutes, Nullable`1 downtimeMinutes) in /home/grant/adam-6000-counter/src/Industrial.Adam.Oee/Domain/ValueObjects/Availability.cs:line 55
   at Industrial.Adam.Oee.Tests.Application.Queries.CalculateCurrentOeeQueryHandlerTests.CreateSampleOeeCalculation(String deviceId, DateTime startTime, DateTime endTime) in /home/grant/adam-6000-counter/src/Industrial.Adam.Oee/Tests/Application/Queries/CalculateCurrentOeeQueryHandlerTests.cs:line 169
   at Industrial.Adam.Oee.Tests.Application.Queries.CalculateCurrentOeeQueryHandlerTests.Handle_WithSpecificTimeRange_CalculatesOeeForPeriod() in /home/grant/adam-6000-counter/src/Industrial.Adam.Oee/Tests/Application/Queries/CalculateCurrentOeeQueryHandlerTests.cs:line 45
--- End of stack trace from previous location ---
  Failed Industrial.Adam.Oee.Tests.Integration.SignalR.StoppageNotificationHubTests.Hub_CanEstablishConnection_Successfully [102 ms]
  Error Message:
   System.AggregateException : Some services are not able to be constructed (Error while validating the service descriptor 'ServiceType: Industrial.Adam.Oee.Domain.Interfaces.IJobSequencingService Lifetime: Scoped ImplementationType: Industrial.Adam.Oee.Domain.Services.JobSequencingService': Unable to resolve service for type 'Industrial.Adam.Oee.Domain.Interfaces.IEquipmentLineRepository' while attempting to activate 'Industrial.Adam.Oee.Domain.Services.JobSequencingService'.) (Error while validating the service descriptor 'ServiceType: Industrial.Adam.Oee.Domain.Interfaces.IEquipmentLineService Lifetime: Scoped ImplementationType: Industrial.Adam.Oee.Domain.Services.EquipmentLineService': Unable to resolve service for type 'Industrial.Adam.Oee.Domain.Interfaces.IEquipmentLineRepository' while attempting to activate 'Industrial.Adam.Oee.Domain.Services.EquipmentLineService'.) (Error while validating the service descriptor 'ServiceType: Industrial.Adam.Oee.Domain.Interfaces.IStoppageDetectionService Lifetime: Scoped ImplementationType: Industrial.Adam.Oee.Domain.Services.StoppageDetectionService': Unable to resolve service for type 'Industrial.Adam.Oee.Domain.Interfaces.IEquipmentLineRepository' while attempting to activate 'Industrial.Adam.Oee.Domain.Services.StoppageDetectionService'.) (Error while validating the service descriptor 'ServiceType: MediatR.IRequestHandler`2[Industrial.Adam.Oee.Application.Commands.StartWorkOrderCommand,System.String] Lifetime: Transient ImplementationType: Industrial.Adam.Oee.Application.Commands.Handlers.StartWorkOrderCommandHandler': Unable to resolve service for type 'Industrial.Adam.Oee.Domain.Interfaces.IEquipmentLineRepository' while attempting to activate 'Industrial.Adam.Oee.Domain.Services.JobSequencingService'.) (Error while validating the service descriptor 'ServiceType: Industrial.Adam.Oee.Domain.Interfaces.ISimpleJobQueueService Lifetime: Scoped ImplementationType: Industrial.Adam.Oee.Domain.Services.SimpleJobQueueService': Unable to resolve service for type 'Industrial.Adam.Oee.Domain.Interfaces.ISimpleJobQueueRepository' while attempting to activate 'Industrial.Adam.Oee.Domain.Services.SimpleJobQueueService'.)
---- System.InvalidOperationException : Error while validating the service descriptor 'ServiceType: Industrial.Adam.Oee.Domain.Interfaces.IJobSequencingService Lifetime: Scoped ImplementationType: Industrial.Adam.Oee.Domain.Services.JobSequencingService': Unable to resolve service for type 'Industrial.Adam.Oee.Domain.Interfaces.IEquipmentLineRepository' while attempting to activate 'Industrial.Adam.Oee.Domain.Services.JobSequencingService'.
-------- System.InvalidOperationException : Unable to resolve service for type 'Industrial.Adam.Oee.Domain.Interfaces.IEquipmentLineRepository' while attempting to activate 'Industrial.Adam.Oee.Domain.Services.JobSequencingService'.
---- System.InvalidOperationException : Error while validating the service descriptor 'ServiceType: Industrial.Adam.Oee.Domain.Interfaces.IEquipmentLineService Lifetime: Scoped ImplementationType: Industrial.Adam.Oee.Domain.Services.EquipmentLineService': Unable to resolve service for type 'Industrial.Adam.Oee.Domain.Interfaces.IEquipmentLineRepository' while attempting to activate 'Industrial.Adam.Oee.Domain.Services.EquipmentLineService'.
-------- System.InvalidOperationException : Unable to resolve service for type 'Industrial.Adam.Oee.Domain.Interfaces.IEquipmentLineRepository' while attempting to activate 'Industrial.Adam.Oee.Domain.Services.EquipmentLineService'.
---- System.InvalidOperationException : Error while validating the service descriptor 'ServiceType: Industrial.Adam.Oee.Domain.Interfaces.IStoppageDetectionService Lifetime: Scoped ImplementationType: Industrial.Adam.Oee.Domain.Services.StoppageDetectionService': Unable to resolve service for type 'Industrial.Adam.Oee.Domain.Interfaces.IEquipmentLineRepository' while attempting to activate 'Industrial.Adam.Oee.Domain.Services.StoppageDetectionService'.
-------- System.InvalidOperationException : Unable to resolve service for type 'Industrial.Adam.Oee.Domain.Interfaces.IEquipmentLineRepository' while attempting to activate 'Industrial.Adam.Oee.Domain.Services.StoppageDetectionService'.
---- System.InvalidOperationException : Error while validating the service descriptor 'ServiceType: MediatR.IRequestHandler`2[Industrial.Adam.Oee.Application.Commands.StartWorkOrderCommand,System.String] Lifetime: Transient ImplementationType: Industrial.Adam.Oee.Application.Commands.Handlers.StartWorkOrderCommandHandler': Unable to resolve service for type 'Industrial.Adam.Oee.Domain.Interfaces.IEquipmentLineRepository' while attempting to activate 'Industrial.Adam.Oee.Domain.Services.JobSequencingService'.
-------- System.InvalidOperationException : Unable to resolve service for type 'Industrial.Adam.Oee.Domain.Interfaces.IEquipmentLineRepository' while attempting to activate 'Industrial.Adam.Oee.Domain.Services.JobSequencingService'.
---- System.InvalidOperationException : Error while validating the service descriptor 'ServiceType: Industrial.Adam.Oee.Domain.Interfaces.ISimpleJobQueueService Lifetime: Scoped ImplementationType: Industrial.Adam.Oee.Domain.Services.SimpleJobQueueService': Unable to resolve service for type 'Industrial.Adam.Oee.Domain.Interfaces.ISimpleJobQueueRepository' while attempting to activate 'Industrial.Adam.Oee.Domain.Services.SimpleJobQueueService'.
-------- System.InvalidOperationException : Unable to resolve service for type 'Industrial.Adam.Oee.Domain.Interfaces.ISimpleJobQueueRepository' while attempting to activate 'Industrial.Adam.Oee.Domain.Services.SimpleJobQueueService'.
  Stack Trace:
     at Microsoft.Extensions.DependencyInjection.ServiceProvider..ctor(ICollection`1 serviceDescriptors, ServiceProviderOptions options)
   at Microsoft.Extensions.DependencyInjection.ServiceCollectionContainerBuilderExtensions.BuildServiceProvider(IServiceCollection services, ServiceProviderOptions options)
   at Microsoft.Extensions.Hosting.HostApplicationBuilder.Build()
   at Microsoft.AspNetCore.Builder.WebApplicationBuilder.Build()
   at Program.<Main>$(String[] args) in /home/grant/adam-6000-counter/src/Industrial.Adam.Oee/WebApi/Program.cs:line 89
   at InvokeStub_Program.<Main>$(Object, Span`1)
   at System.Reflection.MethodBaseInvoker.InvokeWithOneArg(Object obj, BindingFlags invokeAttr, Binder binder, Object[] parameters, CultureInfo culture)
--- End of stack trace from previous location ---
   at Microsoft.Extensions.Hosting.HostFactoryResolver.HostingListener.CreateHost()
   at Microsoft.Extensions.Hosting.HostFactoryResolver.<>c__DisplayClass10_0.<ResolveHostFactory>b__0(String[] args)
   at Microsoft.AspNetCore.Mvc.Testing.DeferredHostBuilder.Build()
   at Microsoft.AspNetCore.Mvc.Testing.WebApplicationFactory`1.CreateHost(IHostBuilder builder)
   at Microsoft.AspNetCore.Mvc.Testing.WebApplicationFactory`1.ConfigureHostBuilder(IHostBuilder hostBuilder)
   at Microsoft.AspNetCore.Mvc.Testing.WebApplicationFactory`1.EnsureServer()
   at Microsoft.AspNetCore.Mvc.Testing.WebApplicationFactory`1.CreateDefaultClient(DelegatingHandler[] handlers)
   at Microsoft.AspNetCore.Mvc.Testing.WebApplicationFactory`1.CreateDefaultClient(Uri baseAddress, DelegatingHandler[] handlers)
   at Microsoft.AspNetCore.Mvc.Testing.WebApplicationFactory`1.CreateClient(WebApplicationFactoryClientOptions options)
   at Microsoft.AspNetCore.Mvc.Testing.WebApplicationFactory`1.CreateClient()
   at Industrial.Adam.Oee.Tests.Integration.SignalR.StoppageNotificationHubTests.CreateConnectionAsync() in /home/grant/adam-6000-counter/src/Industrial.Adam.Oee/Tests/Integration/SignalR/StoppageNotificationHubTests.cs:line 254
   at Industrial.Adam.Oee.Tests.Integration.SignalR.StoppageNotificationHubTests.Hub_CanEstablishConnection_Successfully() in /home/grant/adam-6000-counter/src/Industrial.Adam.Oee/Tests/Integration/SignalR/StoppageNotificationHubTests.cs:line 32
--- End of stack trace from previous location ---
----- Inner Stack Trace #1 (System.InvalidOperationException) -----
   at Microsoft.Extensions.DependencyInjection.ServiceProvider.ValidateService(ServiceDescriptor descriptor)
   at Microsoft.Extensions.DependencyInjection.ServiceProvider..ctor(ICollection`1 serviceDescriptors, ServiceProviderOptions options)
----- Inner Stack Trace -----
   at Microsoft.Extensions.DependencyInjection.ServiceLookup.CallSiteFactory.CreateArgumentCallSites(ServiceIdentifier serviceIdentifier, Type implementationType, CallSiteChain callSiteChain, ParameterInfo[] parameters, Boolean throwIfCallSiteNotFound)
   at Microsoft.Extensions.DependencyInjection.ServiceLookup.CallSiteFactory.CreateConstructorCallSite(ResultCache lifetime, ServiceIdentifier serviceIdentifier, Type implementationType, CallSiteChain callSiteChain)
   at Microsoft.Extensions.DependencyInjection.ServiceLookup.CallSiteFactory.TryCreateExact(ServiceDescriptor descriptor, ServiceIdentifier serviceIdentifier, CallSiteChain callSiteChain, Int32 slot)
   at Microsoft.Extensions.DependencyInjection.ServiceLookup.CallSiteFactory.GetCallSite(ServiceDescriptor serviceDescriptor, CallSiteChain callSiteChain)
   at Microsoft.Extensions.DependencyInjection.ServiceProvider.ValidateService(ServiceDescriptor descriptor)
----- Inner Stack Trace #2 (System.InvalidOperationException) -----
   at Microsoft.Extensions.DependencyInjection.ServiceProvider.ValidateService(ServiceDescriptor descriptor)
   at Microsoft.Extensions.DependencyInjection.ServiceProvider..ctor(ICollection`1 serviceDescriptors, ServiceProviderOptions options)
----- Inner Stack Trace -----
   at Microsoft.Extensions.DependencyInjection.ServiceLookup.CallSiteFactory.CreateArgumentCallSites(ServiceIdentifier serviceIdentifier, Type implementationType, CallSiteChain callSiteChain, ParameterInfo[] parameters, Boolean throwIfCallSiteNotFound)
   at Microsoft.Extensions.DependencyInjection.ServiceLookup.CallSiteFactory.CreateConstructorCallSite(ResultCache lifetime, ServiceIdentifier serviceIdentifier, Type implementationType, CallSiteChain callSiteChain)
   at Microsoft.Extensions.DependencyInjection.ServiceLookup.CallSiteFactory.TryCreateExact(ServiceDescriptor descriptor, ServiceIdentifier serviceIdentifier, CallSiteChain callSiteChain, Int32 slot)
   at Microsoft.Extensions.DependencyInjection.ServiceLookup.CallSiteFactory.GetCallSite(ServiceDescriptor serviceDescriptor, CallSiteChain callSiteChain)
   at Microsoft.Extensions.DependencyInjection.ServiceProvider.ValidateService(ServiceDescriptor descriptor)
----- Inner Stack Trace #3 (System.InvalidOperationException) -----
   at Microsoft.Extensions.DependencyInjection.ServiceProvider.ValidateService(ServiceDescriptor descriptor)
   at Microsoft.Extensions.DependencyInjection.ServiceProvider..ctor(ICollection`1 serviceDescriptors, ServiceProviderOptions options)
----- Inner Stack Trace -----
   at Microsoft.Extensions.DependencyInjection.ServiceLookup.CallSiteFactory.CreateArgumentCallSites(ServiceIdentifier serviceIdentifier, Type implementationType, CallSiteChain callSiteChain, ParameterInfo[] parameters, Boolean throwIfCallSiteNotFound)
   at Microsoft.Extensions.DependencyInjection.ServiceLookup.CallSiteFactory.CreateConstructorCallSite(ResultCache lifetime, ServiceIdentifier serviceIdentifier, Type implementationType, CallSiteChain callSiteChain)
   at Microsoft.Extensions.DependencyInjection.ServiceLookup.CallSiteFactory.TryCreateExact(ServiceDescriptor descriptor, ServiceIdentifier serviceIdentifier, CallSiteChain callSiteChain, Int32 slot)
   at Microsoft.Extensions.DependencyInjection.ServiceLookup.CallSiteFactory.GetCallSite(ServiceDescriptor serviceDescriptor, CallSiteChain callSiteChain)
   at Microsoft.Extensions.DependencyInjection.ServiceProvider.ValidateService(ServiceDescriptor descriptor)
----- Inner Stack Trace #4 (System.InvalidOperationException) -----
   at Microsoft.Extensions.DependencyInjection.ServiceProvider.ValidateService(ServiceDescriptor descriptor)
   at Microsoft.Extensions.DependencyInjection.ServiceProvider..ctor(ICollection`1 serviceDescriptors, ServiceProviderOptions options)
----- Inner Stack Trace -----
   at Microsoft.Extensions.DependencyInjection.ServiceLookup.CallSiteFactory.CreateArgumentCallSites(ServiceIdentifier serviceIdentifier, Type implementationType, CallSiteChain callSiteChain, ParameterInfo[] parameters, Boolean throwIfCallSiteNotFound)
   at Microsoft.Extensions.DependencyInjection.ServiceLookup.CallSiteFactory.CreateConstructorCallSite(ResultCache lifetime, ServiceIdentifier serviceIdentifier, Type implementationType, CallSiteChain callSiteChain)
   at Microsoft.Extensions.DependencyInjection.ServiceLookup.CallSiteFactory.TryCreateExact(ServiceDescriptor descriptor, ServiceIdentifier serviceIdentifier, CallSiteChain callSiteChain, Int32 slot)
   at Microsoft.Extensions.DependencyInjection.ServiceLookup.CallSiteFactory.TryCreateExact(ServiceIdentifier serviceIdentifier, CallSiteChain callSiteChain)
   at Microsoft.Extensions.DependencyInjection.ServiceLookup.CallSiteFactory.CreateCallSite(ServiceIdentifier serviceIdentifier, CallSiteChain callSiteChain)
   at Microsoft.Extensions.DependencyInjection.ServiceLookup.CallSiteFactory.CreateArgumentCallSites(ServiceIdentifier serviceIdentifier, Type implementationType, CallSiteChain callSiteChain, ParameterInfo[] parameters, Boolean throwIfCallSiteNotFound)
   at Microsoft.Extensions.DependencyInjection.ServiceLookup.CallSiteFactory.CreateConstructorCallSite(ResultCache lifetime, ServiceIdentifier serviceIdentifier, Type implementationType, CallSiteChain callSiteChain)
   at Microsoft.Extensions.DependencyInjection.ServiceLookup.CallSiteFactory.TryCreateExact(ServiceDescriptor descriptor, ServiceIdentifier serviceIdentifier, CallSiteChain callSiteChain, Int32 slot)
   at Microsoft.Extensions.DependencyInjection.ServiceLookup.CallSiteFactory.GetCallSite(ServiceDescriptor serviceDescriptor, CallSiteChain callSiteChain)
   at Microsoft.Extensions.DependencyInjection.ServiceProvider.ValidateService(ServiceDescriptor descriptor)
----- Inner Stack Trace #5 (System.InvalidOperationException) -----
   at Microsoft.Extensions.DependencyInjection.ServiceProvider.ValidateService(ServiceDescriptor descriptor)
   at Microsoft.Extensions.DependencyInjection.ServiceProvider..ctor(ICollection`1 serviceDescriptors, ServiceProviderOptions options)
----- Inner Stack Trace -----
   at Microsoft.Extensions.DependencyInjection.ServiceLookup.CallSiteFactory.CreateArgumentCallSites(ServiceIdentifier serviceIdentifier, Type implementationType, CallSiteChain callSiteChain, ParameterInfo[] parameters, Boolean throwIfCallSiteNotFound)
   at Microsoft.Extensions.DependencyInjection.ServiceLookup.CallSiteFactory.CreateConstructorCallSite(ResultCache lifetime, ServiceIdentifier serviceIdentifier, Type implementationType, CallSiteChain callSiteChain)
   at Microsoft.Extensions.DependencyInjection.ServiceLookup.CallSiteFactory.TryCreateExact(ServiceDescriptor descriptor, ServiceIdentifier serviceIdentifier, CallSiteChain callSiteChain, Int32 slot)
   at Microsoft.Extensions.DependencyInjection.ServiceLookup.CallSiteFactory.GetCallSite(ServiceDescriptor serviceDescriptor, CallSiteChain callSiteChain)
   at Microsoft.Extensions.DependencyInjection.ServiceProvider.ValidateService(ServiceDescriptor descriptor)
[xUnit.net 00:00:02.85]     Industrial.Adam.Oee.Tests.Application.Queries.CalculateCurrentOeeQueryHandlerTests.Handle_NoActiveWorkOrder_CalculatesCurrentOee [FAIL]
[xUnit.net 00:00:02.87]     Industrial.Adam.Oee.Tests.Integration.StoppagesControllerIntegrationTests.GetCurrentStoppage_WithMissingDeviceId_ReturnsBadRequest [FAIL]
  Failed Industrial.Adam.Oee.Tests.Application.Queries.CalculateCurrentOeeQueryHandlerTests.Handle_NoActiveWorkOrder_CalculatesCurrentOee [20 ms]
  Error Message:
   System.ArgumentException : Actual run time cannot exceed planned production time (Parameter 'actualRunTimeMinutes')
  Stack Trace:
     at Industrial.Adam.Oee.Domain.ValueObjects.Availability..ctor(Decimal plannedTimeMinutes, Decimal actualRunTimeMinutes, Nullable`1 downtimeMinutes) in /home/grant/adam-6000-counter/src/Industrial.Adam.Oee/Domain/ValueObjects/Availability.cs:line 55
   at Industrial.Adam.Oee.Tests.Application.Queries.CalculateCurrentOeeQueryHandlerTests.CreateSampleOeeCalculation(String deviceId, DateTime startTime, DateTime endTime) in /home/grant/adam-6000-counter/src/Industrial.Adam.Oee/Tests/Application/Queries/CalculateCurrentOeeQueryHandlerTests.cs:line 169
   at Industrial.Adam.Oee.Tests.Application.Queries.CalculateCurrentOeeQueryHandlerTests.Handle_NoActiveWorkOrder_CalculatesCurrentOee() in /home/grant/adam-6000-counter/src/Industrial.Adam.Oee/Tests/Application/Queries/CalculateCurrentOeeQueryHandlerTests.cs:line 111
--- End of stack trace from previous location ---
  Failed Industrial.Adam.Oee.Tests.Integration.StoppagesControllerIntegrationTests.GetCurrentStoppage_WithMissingDeviceId_ReturnsBadRequest [1 ms]
  Error Message:
   System.AggregateException : Some services are not able to be constructed (Error while validating the service descriptor 'ServiceType: Industrial.Adam.Oee.Domain.Interfaces.IJobSequencingService Lifetime: Scoped ImplementationType: Industrial.Adam.Oee.Domain.Services.JobSequencingService': Unable to resolve service for type 'Industrial.Adam.Oee.Domain.Interfaces.IEquipmentLineRepository' while attempting to activate 'Industrial.Adam.Oee.Domain.Services.JobSequencingService'.) (Error while validating the service descriptor 'ServiceType: Industrial.Adam.Oee.Domain.Interfaces.IEquipmentLineService Lifetime: Scoped ImplementationType: Industrial.Adam.Oee.Domain.Services.EquipmentLineService': Unable to resolve service for type 'Industrial.Adam.Oee.Domain.Interfaces.IEquipmentLineRepository' while attempting to activate 'Industrial.Adam.Oee.Domain.Services.EquipmentLineService'.) (Error while validating the service descriptor 'ServiceType: Industrial.Adam.Oee.Domain.Interfaces.IStoppageDetectionService Lifetime: Scoped ImplementationType: Industrial.Adam.Oee.Domain.Services.StoppageDetectionService': Unable to resolve service for type 'Industrial.Adam.Oee.Domain.Interfaces.IEquipmentLineRepository' while attempting to activate 'Industrial.Adam.Oee.Domain.Services.StoppageDetectionService'.) (Error while validating the service descriptor 'ServiceType: MediatR.IRequestHandler`2[Industrial.Adam.Oee.Application.Commands.StartWorkOrderCommand,System.String] Lifetime: Transient ImplementationType: Industrial.Adam.Oee.Application.Commands.Handlers.StartWorkOrderCommandHandler': Unable to resolve service for type 'Industrial.Adam.Oee.Domain.Interfaces.IEquipmentLineRepository' while attempting to activate 'Industrial.Adam.Oee.Domain.Services.JobSequencingService'.) (Error while validating the service descriptor 'ServiceType: Industrial.Adam.Oee.Domain.Interfaces.ISimpleJobQueueService Lifetime: Scoped ImplementationType: Industrial.Adam.Oee.Domain.Services.SimpleJobQueueService': Unable to resolve service for type 'Industrial.Adam.Oee.Domain.Interfaces.ISimpleJobQueueRepository' while attempting to activate 'Industrial.Adam.Oee.Domain.Services.SimpleJobQueueService'.)
---- System.InvalidOperationException : Error while validating the service descriptor 'ServiceType: Industrial.Adam.Oee.Domain.Interfaces.IJobSequencingService Lifetime: Scoped ImplementationType: Industrial.Adam.Oee.Domain.Services.JobSequencingService': Unable to resolve service for type 'Industrial.Adam.Oee.Domain.Interfaces.IEquipmentLineRepository' while attempting to activate 'Industrial.Adam.Oee.Domain.Services.JobSequencingService'.
-------- System.InvalidOperationException : Unable to resolve service for type 'Industrial.Adam.Oee.Domain.Interfaces.IEquipmentLineRepository' while attempting to activate 'Industrial.Adam.Oee.Domain.Services.JobSequencingService'.
---- System.InvalidOperationException : Error while validating the service descriptor 'ServiceType: Industrial.Adam.Oee.Domain.Interfaces.IEquipmentLineService Lifetime: Scoped ImplementationType: Industrial.Adam.Oee.Domain.Services.EquipmentLineService': Unable to resolve service for type 'Industrial.Adam.Oee.Domain.Interfaces.IEquipmentLineRepository' while attempting to activate 'Industrial.Adam.Oee.Domain.Services.EquipmentLineService'.
-------- System.InvalidOperationException : Unable to resolve service for type 'Industrial.Adam.Oee.Domain.Interfaces.IEquipmentLineRepository' while attempting to activate 'Industrial.Adam.Oee.Domain.Services.EquipmentLineService'.
---- System.InvalidOperationException : Error while validating the service descriptor 'ServiceType: Industrial.Adam.Oee.Domain.Interfaces.IStoppageDetectionService Lifetime: Scoped ImplementationType: Industrial.Adam.Oee.Domain.Services.StoppageDetectionService': Unable to resolve service for type 'Industrial.Adam.Oee.Domain.Interfaces.IEquipmentLineRepository' while attempting to activate 'Industrial.Adam.Oee.Domain.Services.StoppageDetectionService'.
-------- System.InvalidOperationException : Unable to resolve service for type 'Industrial.Adam.Oee.Domain.Interfaces.IEquipmentLineRepository' while attempting to activate 'Industrial.Adam.Oee.Domain.Services.StoppageDetectionService'.
---- System.InvalidOperationException : Error while validating the service descriptor 'ServiceType: MediatR.IRequestHandler`2[Industrial.Adam.Oee.Application.Commands.StartWorkOrderCommand,System.String] Lifetime: Transient ImplementationType: Industrial.Adam.Oee.Application.Commands.Handlers.StartWorkOrderCommandHandler': Unable to resolve service for type 'Industrial.Adam.Oee.Domain.Interfaces.IEquipmentLineRepository' while attempting to activate 'Industrial.Adam.Oee.Domain.Services.JobSequencingService'.
-------- System.InvalidOperationException : Unable to resolve service for type 'Industrial.Adam.Oee.Domain.Interfaces.IEquipmentLineRepository' while attempting to activate 'Industrial.Adam.Oee.Domain.Services.JobSequencingService'.
---- System.InvalidOperationException : Error while validating the service descriptor 'ServiceType: Industrial.Adam.Oee.Domain.Interfaces.ISimpleJobQueueService Lifetime: Scoped ImplementationType: Industrial.Adam.Oee.Domain.Services.SimpleJobQueueService': Unable to resolve service for type 'Industrial.Adam.Oee.Domain.Interfaces.ISimpleJobQueueRepository' while attempting to activate 'Industrial.Adam.Oee.Domain.Services.SimpleJobQueueService'.
-------- System.InvalidOperationException : Unable to resolve service for type 'Industrial.Adam.Oee.Domain.Interfaces.ISimpleJobQueueRepository' while attempting to activate 'Industrial.Adam.Oee.Domain.Services.SimpleJobQueueService'.
  Stack Trace:
     at Microsoft.Extensions.DependencyInjection.ServiceProvider..ctor(ICollection`1 serviceDescriptors, ServiceProviderOptions options)
   at Microsoft.Extensions.DependencyInjection.ServiceCollectionContainerBuilderExtensions.BuildServiceProvider(IServiceCollection services, ServiceProviderOptions options)
   at Microsoft.Extensions.Hosting.HostApplicationBuilder.Build()
   at Microsoft.AspNetCore.Builder.WebApplicationBuilder.Build()
   at Program.<Main>$(String[] args) in /home/grant/adam-6000-counter/src/Industrial.Adam.Oee/WebApi/Program.cs:line 89
   at InvokeStub_Program.<Main>$(Object, Span`1)
   at System.Reflection.MethodBaseInvoker.InvokeWithOneArg(Object obj, BindingFlags invokeAttr, Binder binder, Object[] parameters, CultureInfo culture)
--- End of stack trace from previous location ---
   at Microsoft.Extensions.Hosting.HostFactoryResolver.HostingListener.CreateHost()
   at Microsoft.Extensions.Hosting.HostFactoryResolver.<>c__DisplayClass10_0.<ResolveHostFactory>b__0(String[] args)
   at Microsoft.AspNetCore.Mvc.Testing.DeferredHostBuilder.Build()
   at Microsoft.AspNetCore.Mvc.Testing.WebApplicationFactory`1.CreateHost(IHostBuilder builder)
   at Microsoft.AspNetCore.Mvc.Testing.WebApplicationFactory`1.ConfigureHostBuilder(IHostBuilder hostBuilder)
   at Microsoft.AspNetCore.Mvc.Testing.WebApplicationFactory`1.EnsureServer()
   at Microsoft.AspNetCore.Mvc.Testing.WebApplicationFactory`1.CreateDefaultClient(DelegatingHandler[] handlers)
   at Microsoft.AspNetCore.Mvc.Testing.WebApplicationFactory`1.CreateDefaultClient(Uri baseAddress, DelegatingHandler[] handlers)
   at Microsoft.AspNetCore.Mvc.Testing.WebApplicationFactory`1.CreateClient(WebApplicationFactoryClientOptions options)
   at Microsoft.AspNetCore.Mvc.Testing.WebApplicationFactory`1.CreateClient()
   at Industrial.Adam.Oee.Tests.Integration.StoppagesControllerIntegrationTests..ctor(WebApplicationFactory`1 factory) in /home/grant/adam-6000-counter/src/Industrial.Adam.Oee/Tests/Integration/StoppagesControllerIntegrationTests.cs:line 21
   at InvokeStub_StoppagesControllerIntegrationTests..ctor(Object, Span`1)
   at System.Reflection.MethodBaseInvoker.InvokeWithOneArg(Object obj, BindingFlags invokeAttr, Binder binder, Object[] parameters, CultureInfo culture)
----- Inner Stack Trace #1 (System.InvalidOperationException) -----
   at Microsoft.Extensions.DependencyInjection.ServiceProvider.ValidateService(ServiceDescriptor descriptor)
   at Microsoft.Extensions.DependencyInjection.ServiceProvider..ctor(ICollection`1 serviceDescriptors, ServiceProviderOptions options)
----- Inner Stack Trace -----
   at Microsoft.Extensions.DependencyInjection.ServiceLookup.CallSiteFactory.CreateArgumentCallSites(ServiceIdentifier serviceIdentifier, Type implementationType, CallSiteChain callSiteChain, ParameterInfo[] parameters, Boolean throwIfCallSiteNotFound)
   at Microsoft.Extensions.DependencyInjection.ServiceLookup.CallSiteFactory.CreateConstructorCallSite(ResultCache lifetime, ServiceIdentifier serviceIdentifier, Type implementationType, CallSiteChain callSiteChain)
   at Microsoft.Extensions.DependencyInjection.ServiceLookup.CallSiteFactory.TryCreateExact(ServiceDescriptor descriptor, ServiceIdentifier serviceIdentifier, CallSiteChain callSiteChain, Int32 slot)
   at Microsoft.Extensions.DependencyInjection.ServiceLookup.CallSiteFactory.GetCallSite(ServiceDescriptor serviceDescriptor, CallSiteChain callSiteChain)
   at Microsoft.Extensions.DependencyInjection.ServiceProvider.ValidateService(ServiceDescriptor descriptor)
----- Inner Stack Trace #2 (System.InvalidOperationException) -----
   at Microsoft.Extensions.DependencyInjection.ServiceProvider.ValidateService(ServiceDescriptor descriptor)
   at Microsoft.Extensions.DependencyInjection.ServiceProvider..ctor(ICollection`1 serviceDescriptors, ServiceProviderOptions options)
----- Inner Stack Trace -----
   at Microsoft.Extensions.DependencyInjection.ServiceLookup.CallSiteFactory.CreateArgumentCallSites(ServiceIdentifier serviceIdentifier, Type implementationType, CallSiteChain callSiteChain, ParameterInfo[] parameters, Boolean throwIfCallSiteNotFound)
   at Microsoft.Extensions.DependencyInjection.ServiceLookup.CallSiteFactory.CreateConstructorCallSite(ResultCache lifetime, ServiceIdentifier serviceIdentifier, Type implementationType, CallSiteChain callSiteChain)
   at Microsoft.Extensions.DependencyInjection.ServiceLookup.CallSiteFactory.TryCreateExact(ServiceDescriptor descriptor, ServiceIdentifier serviceIdentifier, CallSiteChain callSiteChain, Int32 slot)
   at Microsoft.Extensions.DependencyInjection.ServiceLookup.CallSiteFactory.GetCallSite(ServiceDescriptor serviceDescriptor, CallSiteChain callSiteChain)
   at Microsoft.Extensions.DependencyInjection.ServiceProvider.ValidateService(ServiceDescriptor descriptor)
----- Inner Stack Trace #3 (System.InvalidOperationException) -----
   at Microsoft.Extensions.DependencyInjection.ServiceProvider.ValidateService(ServiceDescriptor descriptor)
   at Microsoft.Extensions.DependencyInjection.ServiceProvider..ctor(ICollection`1 serviceDescriptors, ServiceProviderOptions options)
----- Inner Stack Trace -----
   at Microsoft.Extensions.DependencyInjection.ServiceLookup.CallSiteFactory.CreateArgumentCallSites(ServiceIdentifier serviceIdentifier, Type implementationType, CallSiteChain callSiteChain, ParameterInfo[] parameters, Boolean throwIfCallSiteNotFound)
   at Microsoft.Extensions.DependencyInjection.ServiceLookup.CallSiteFactory.CreateConstructorCallSite(ResultCache lifetime, ServiceIdentifier serviceIdentifier, Type implementationType, CallSiteChain callSiteChain)
   at Microsoft.Extensions.DependencyInjection.ServiceLookup.CallSiteFactory.TryCreateExact(ServiceDescriptor descriptor, ServiceIdentifier serviceIdentifier, CallSiteChain callSiteChain, Int32 slot)
   at Microsoft.Extensions.DependencyInjection.ServiceLookup.CallSiteFactory.GetCallSite(ServiceDescriptor serviceDescriptor, CallSiteChain callSiteChain)
   at Microsoft.Extensions.DependencyInjection.ServiceProvider.ValidateService(ServiceDescriptor descriptor)
----- Inner Stack Trace #4 (System.InvalidOperationException) -----
   at Microsoft.Extensions.DependencyInjection.ServiceProvider.ValidateService(ServiceDescriptor descriptor)
   at Microsoft.Extensions.DependencyInjection.ServiceProvider..ctor(ICollection`1 serviceDescriptors, ServiceProviderOptions options)
----- Inner Stack Trace -----
   at Microsoft.Extensions.DependencyInjection.ServiceLookup.CallSiteFactory.CreateArgumentCallSites(ServiceIdentifier serviceIdentifier, Type implementationType, CallSiteChain callSiteChain, ParameterInfo[] parameters, Boolean throwIfCallSiteNotFound)
   at Microsoft.Extensions.DependencyInjection.ServiceLookup.CallSiteFactory.CreateConstructorCallSite(ResultCache lifetime, ServiceIdentifier serviceIdentifier, Type implementationType, CallSiteChain callSiteChain)
   at Microsoft.Extensions.DependencyInjection.ServiceLookup.CallSiteFactory.TryCreateExact(ServiceDescriptor descriptor, ServiceIdentifier serviceIdentifier, CallSiteChain callSiteChain, Int32 slot)
   at Microsoft.Extensions.DependencyInjection.ServiceLookup.CallSiteFactory.TryCreateExact(ServiceIdentifier serviceIdentifier, CallSiteChain callSiteChain)
   at Microsoft.Extensions.DependencyInjection.ServiceLookup.CallSiteFactory.CreateCallSite(ServiceIdentifier serviceIdentifier, CallSiteChain callSiteChain)
   at Microsoft.Extensions.DependencyInjection.ServiceLookup.CallSiteFactory.CreateArgumentCallSites(ServiceIdentifier serviceIdentifier, Type implementationType, CallSiteChain callSiteChain, ParameterInfo[] parameters, Boolean throwIfCallSiteNotFound)
   at Microsoft.Extensions.DependencyInjection.ServiceLookup.CallSiteFactory.CreateConstructorCallSite(ResultCache lifetime, ServiceIdentifier serviceIdentifier, Type implementationType, CallSiteChain callSiteChain)
   at Microsoft.Extensions.DependencyInjection.ServiceLookup.CallSiteFactory.TryCreateExact(ServiceDescriptor descriptor, ServiceIdentifier serviceIdentifier, CallSiteChain callSiteChain, Int32 slot)
   at Microsoft.Extensions.DependencyInjection.ServiceLookup.CallSiteFactory.GetCallSite(ServiceDescriptor serviceDescriptor, CallSiteChain callSiteChain)
   at Microsoft.Extensions.DependencyInjection.ServiceProvider.ValidateService(ServiceDescriptor descriptor)
----- Inner Stack Trace #5 (System.InvalidOperationException) -----
   at Microsoft.Extensions.DependencyInjection.ServiceProvider.ValidateService(ServiceDescriptor descriptor)
   at Microsoft.Extensions.DependencyInjection.ServiceProvider..ctor(ICollection`1 serviceDescriptors, ServiceProviderOptions options)
----- Inner Stack Trace -----
   at Microsoft.Extensions.DependencyInjection.ServiceLookup.CallSiteFactory.CreateArgumentCallSites(ServiceIdentifier serviceIdentifier, Type implementationType, CallSiteChain callSiteChain, ParameterInfo[] parameters, Boolean throwIfCallSiteNotFound)
   at Microsoft.Extensions.DependencyInjection.ServiceLookup.CallSiteFactory.CreateConstructorCallSite(ResultCache lifetime, ServiceIdentifier serviceIdentifier, Type implementationType, CallSiteChain callSiteChain)
   at Microsoft.Extensions.DependencyInjection.ServiceLookup.CallSiteFactory.TryCreateExact(ServiceDescriptor descriptor, ServiceIdentifier serviceIdentifier, CallSiteChain callSiteChain, Int32 slot)
   at Microsoft.Extensions.DependencyInjection.ServiceLookup.CallSiteFactory.GetCallSite(ServiceDescriptor serviceDescriptor, CallSiteChain callSiteChain)
   at Microsoft.Extensions.DependencyInjection.ServiceProvider.ValidateService(ServiceDescriptor descriptor)
[xUnit.net 00:00:02.93]     Industrial.Adam.Oee.Tests.Integration.JobsControllerIntegrationTests.StartWorkOrder_WithMissingFields_ReturnsBadRequest [FAIL]
[xUnit.net 00:00:02.96]     Industrial.Adam.Oee.Tests.Integration.OeeControllerIntegrationTests.GetCurrentOee_WithCustomTimeRange_ReturnsOeeMetrics [FAIL]
[xUnit.net 00:00:02.97]     Industrial.Adam.Oee.Tests.Integration.SignalR.StoppageNotificationHubTests.Hub_CanReceiveStoppageNotification_WhenSubscribed [FAIL]
  Failed Industrial.Adam.Oee.Tests.Integration.JobsControllerIntegrationTests.StartWorkOrder_WithMissingFields_ReturnsBadRequest [1 ms]
  Error Message:
   System.AggregateException : Some services are not able to be constructed (Error while validating the service descriptor 'ServiceType: Industrial.Adam.Oee.Domain.Interfaces.IJobSequencingService Lifetime: Scoped ImplementationType: Industrial.Adam.Oee.Domain.Services.JobSequencingService': Unable to resolve service for type 'Industrial.Adam.Oee.Domain.Interfaces.IEquipmentLineRepository' while attempting to activate 'Industrial.Adam.Oee.Domain.Services.JobSequencingService'.) (Error while validating the service descriptor 'ServiceType: Industrial.Adam.Oee.Domain.Interfaces.IEquipmentLineService Lifetime: Scoped ImplementationType: Industrial.Adam.Oee.Domain.Services.EquipmentLineService': Unable to resolve service for type 'Industrial.Adam.Oee.Domain.Interfaces.IEquipmentLineRepository' while attempting to activate 'Industrial.Adam.Oee.Domain.Services.EquipmentLineService'.) (Error while validating the service descriptor 'ServiceType: Industrial.Adam.Oee.Domain.Interfaces.IStoppageDetectionService Lifetime: Scoped ImplementationType: Industrial.Adam.Oee.Domain.Services.StoppageDetectionService': Unable to resolve service for type 'Industrial.Adam.Oee.Domain.Interfaces.IEquipmentLineRepository' while attempting to activate 'Industrial.Adam.Oee.Domain.Services.StoppageDetectionService'.) (Error while validating the service descriptor 'ServiceType: MediatR.IRequestHandler`2[Industrial.Adam.Oee.Application.Commands.StartWorkOrderCommand,System.String] Lifetime: Transient ImplementationType: Industrial.Adam.Oee.Application.Commands.Handlers.StartWorkOrderCommandHandler': Unable to resolve service for type 'Industrial.Adam.Oee.Domain.Interfaces.IEquipmentLineRepository' while attempting to activate 'Industrial.Adam.Oee.Domain.Services.JobSequencingService'.) (Error while validating the service descriptor 'ServiceType: Industrial.Adam.Oee.Domain.Interfaces.ISimpleJobQueueService Lifetime: Scoped ImplementationType: Industrial.Adam.Oee.Domain.Services.SimpleJobQueueService': Unable to resolve service for type 'Industrial.Adam.Oee.Domain.Interfaces.ISimpleJobQueueRepository' while attempting to activate 'Industrial.Adam.Oee.Domain.Services.SimpleJobQueueService'.)
---- System.InvalidOperationException : Error while validating the service descriptor 'ServiceType: Industrial.Adam.Oee.Domain.Interfaces.IJobSequencingService Lifetime: Scoped ImplementationType: Industrial.Adam.Oee.Domain.Services.JobSequencingService': Unable to resolve service for type 'Industrial.Adam.Oee.Domain.Interfaces.IEquipmentLineRepository' while attempting to activate 'Industrial.Adam.Oee.Domain.Services.JobSequencingService'.
-------- System.InvalidOperationException : Unable to resolve service for type 'Industrial.Adam.Oee.Domain.Interfaces.IEquipmentLineRepository' while attempting to activate 'Industrial.Adam.Oee.Domain.Services.JobSequencingService'.
---- System.InvalidOperationException : Error while validating the service descriptor 'ServiceType: Industrial.Adam.Oee.Domain.Interfaces.IEquipmentLineService Lifetime: Scoped ImplementationType: Industrial.Adam.Oee.Domain.Services.EquipmentLineService': Unable to resolve service for type 'Industrial.Adam.Oee.Domain.Interfaces.IEquipmentLineRepository' while attempting to activate 'Industrial.Adam.Oee.Domain.Services.EquipmentLineService'.
-------- System.InvalidOperationException : Unable to resolve service for type 'Industrial.Adam.Oee.Domain.Interfaces.IEquipmentLineRepository' while attempting to activate 'Industrial.Adam.Oee.Domain.Services.EquipmentLineService'.
---- System.InvalidOperationException : Error while validating the service descriptor 'ServiceType: Industrial.Adam.Oee.Domain.Interfaces.IStoppageDetectionService Lifetime: Scoped ImplementationType: Industrial.Adam.Oee.Domain.Services.StoppageDetectionService': Unable to resolve service for type 'Industrial.Adam.Oee.Domain.Interfaces.IEquipmentLineRepository' while attempting to activate 'Industrial.Adam.Oee.Domain.Services.StoppageDetectionService'.
-------- System.InvalidOperationException : Unable to resolve service for type 'Industrial.Adam.Oee.Domain.Interfaces.IEquipmentLineRepository' while attempting to activate 'Industrial.Adam.Oee.Domain.Services.StoppageDetectionService'.
---- System.InvalidOperationException : Error while validating the service descriptor 'ServiceType: MediatR.IRequestHandler`2[Industrial.Adam.Oee.Application.Commands.StartWorkOrderCommand,System.String] Lifetime: Transient ImplementationType: Industrial.Adam.Oee.Application.Commands.Handlers.StartWorkOrderCommandHandler': Unable to resolve service for type 'Industrial.Adam.Oee.Domain.Interfaces.IEquipmentLineRepository' while attempting to activate 'Industrial.Adam.Oee.Domain.Services.JobSequencingService'.
-------- System.InvalidOperationException : Unable to resolve service for type 'Industrial.Adam.Oee.Domain.Interfaces.IEquipmentLineRepository' while attempting to activate 'Industrial.Adam.Oee.Domain.Services.JobSequencingService'.
---- System.InvalidOperationException : Error while validating the service descriptor 'ServiceType: Industrial.Adam.Oee.Domain.Interfaces.ISimpleJobQueueService Lifetime: Scoped ImplementationType: Industrial.Adam.Oee.Domain.Services.SimpleJobQueueService': Unable to resolve service for type 'Industrial.Adam.Oee.Domain.Interfaces.ISimpleJobQueueRepository' while attempting to activate 'Industrial.Adam.Oee.Domain.Services.SimpleJobQueueService'.
-------- System.InvalidOperationException : Unable to resolve service for type 'Industrial.Adam.Oee.Domain.Interfaces.ISimpleJobQueueRepository' while attempting to activate 'Industrial.Adam.Oee.Domain.Services.SimpleJobQueueService'.
  Stack Trace:
     at Microsoft.Extensions.DependencyInjection.ServiceProvider..ctor(ICollection`1 serviceDescriptors, ServiceProviderOptions options)
   at Microsoft.Extensions.DependencyInjection.ServiceCollectionContainerBuilderExtensions.BuildServiceProvider(IServiceCollection services, ServiceProviderOptions options)
   at Microsoft.Extensions.Hosting.HostApplicationBuilder.Build()
   at Microsoft.AspNetCore.Builder.WebApplicationBuilder.Build()
   at Program.<Main>$(String[] args) in /home/grant/adam-6000-counter/src/Industrial.Adam.Oee/WebApi/Program.cs:line 89
   at InvokeStub_Program.<Main>$(Object, Span`1)
   at System.Reflection.MethodBaseInvoker.InvokeWithOneArg(Object obj, BindingFlags invokeAttr, Binder binder, Object[] parameters, CultureInfo culture)
--- End of stack trace from previous location ---
   at Microsoft.Extensions.Hosting.HostFactoryResolver.HostingListener.CreateHost()
   at Microsoft.Extensions.Hosting.HostFactoryResolver.<>c__DisplayClass10_0.<ResolveHostFactory>b__0(String[] args)
   at Microsoft.AspNetCore.Mvc.Testing.DeferredHostBuilder.Build()
   at Microsoft.AspNetCore.Mvc.Testing.WebApplicationFactory`1.CreateHost(IHostBuilder builder)
   at Microsoft.AspNetCore.Mvc.Testing.WebApplicationFactory`1.ConfigureHostBuilder(IHostBuilder hostBuilder)
   at Microsoft.AspNetCore.Mvc.Testing.WebApplicationFactory`1.EnsureServer()
   at Microsoft.AspNetCore.Mvc.Testing.WebApplicationFactory`1.CreateDefaultClient(DelegatingHandler[] handlers)
   at Microsoft.AspNetCore.Mvc.Testing.WebApplicationFactory`1.CreateDefaultClient(Uri baseAddress, DelegatingHandler[] handlers)
   at Microsoft.AspNetCore.Mvc.Testing.WebApplicationFactory`1.CreateClient(WebApplicationFactoryClientOptions options)
   at Microsoft.AspNetCore.Mvc.Testing.WebApplicationFactory`1.CreateClient()
   at Industrial.Adam.Oee.Tests.Integration.JobsControllerIntegrationTests..ctor(WebApplicationFactory`1 factory) in /home/grant/adam-6000-counter/src/Industrial.Adam.Oee/Tests/Integration/JobsControllerIntegrationTests.cs:line 24
   at InvokeStub_JobsControllerIntegrationTests..ctor(Object, Span`1)
   at System.Reflection.MethodBaseInvoker.InvokeWithOneArg(Object obj, BindingFlags invokeAttr, Binder binder, Object[] parameters, CultureInfo culture)
----- Inner Stack Trace #1 (System.InvalidOperationException) -----
   at Microsoft.Extensions.DependencyInjection.ServiceProvider.ValidateService(ServiceDescriptor descriptor)
   at Microsoft.Extensions.DependencyInjection.ServiceProvider..ctor(ICollection`1 serviceDescriptors, ServiceProviderOptions options)
----- Inner Stack Trace -----
   at Microsoft.Extensions.DependencyInjection.ServiceLookup.CallSiteFactory.CreateArgumentCallSites(ServiceIdentifier serviceIdentifier, Type implementationType, CallSiteChain callSiteChain, ParameterInfo[] parameters, Boolean throwIfCallSiteNotFound)
   at Microsoft.Extensions.DependencyInjection.ServiceLookup.CallSiteFactory.CreateConstructorCallSite(ResultCache lifetime, ServiceIdentifier serviceIdentifier, Type implementationType, CallSiteChain callSiteChain)
   at Microsoft.Extensions.DependencyInjection.ServiceLookup.CallSiteFactory.TryCreateExact(ServiceDescriptor descriptor, ServiceIdentifier serviceIdentifier, CallSiteChain callSiteChain, Int32 slot)
   at Microsoft.Extensions.DependencyInjection.ServiceLookup.CallSiteFactory.GetCallSite(ServiceDescriptor serviceDescriptor, CallSiteChain callSiteChain)
   at Microsoft.Extensions.DependencyInjection.ServiceProvider.ValidateService(ServiceDescriptor descriptor)
----- Inner Stack Trace #2 (System.InvalidOperationException) -----
   at Microsoft.Extensions.DependencyInjection.ServiceProvider.ValidateService(ServiceDescriptor descriptor)
   at Microsoft.Extensions.DependencyInjection.ServiceProvider..ctor(ICollection`1 serviceDescriptors, ServiceProviderOptions options)
----- Inner Stack Trace -----
   at Microsoft.Extensions.DependencyInjection.ServiceLookup.CallSiteFactory.CreateArgumentCallSites(ServiceIdentifier serviceIdentifier, Type implementationType, CallSiteChain callSiteChain, ParameterInfo[] parameters, Boolean throwIfCallSiteNotFound)
   at Microsoft.Extensions.DependencyInjection.ServiceLookup.CallSiteFactory.CreateConstructorCallSite(ResultCache lifetime, ServiceIdentifier serviceIdentifier, Type implementationType, CallSiteChain callSiteChain)
   at Microsoft.Extensions.DependencyInjection.ServiceLookup.CallSiteFactory.TryCreateExact(ServiceDescriptor descriptor, ServiceIdentifier serviceIdentifier, CallSiteChain callSiteChain, Int32 slot)
   at Microsoft.Extensions.DependencyInjection.ServiceLookup.CallSiteFactory.GetCallSite(ServiceDescriptor serviceDescriptor, CallSiteChain callSiteChain)
   at Microsoft.Extensions.DependencyInjection.ServiceProvider.ValidateService(ServiceDescriptor descriptor)
----- Inner Stack Trace #3 (System.InvalidOperationException) -----
   at Microsoft.Extensions.DependencyInjection.ServiceProvider.ValidateService(ServiceDescriptor descriptor)
   at Microsoft.Extensions.DependencyInjection.ServiceProvider..ctor(ICollection`1 serviceDescriptors, ServiceProviderOptions options)
----- Inner Stack Trace -----
   at Microsoft.Extensions.DependencyInjection.ServiceLookup.CallSiteFactory.CreateArgumentCallSites(ServiceIdentifier serviceIdentifier, Type implementationType, CallSiteChain callSiteChain, ParameterInfo[] parameters, Boolean throwIfCallSiteNotFound)
   at Microsoft.Extensions.DependencyInjection.ServiceLookup.CallSiteFactory.CreateConstructorCallSite(ResultCache lifetime, ServiceIdentifier serviceIdentifier, Type implementationType, CallSiteChain callSiteChain)
   at Microsoft.Extensions.DependencyInjection.ServiceLookup.CallSiteFactory.TryCreateExact(ServiceDescriptor descriptor, ServiceIdentifier serviceIdentifier, CallSiteChain callSiteChain, Int32 slot)
   at Microsoft.Extensions.DependencyInjection.ServiceLookup.CallSiteFactory.GetCallSite(ServiceDescriptor serviceDescriptor, CallSiteChain callSiteChain)
   at Microsoft.Extensions.DependencyInjection.ServiceProvider.ValidateService(ServiceDescriptor descriptor)
----- Inner Stack Trace #4 (System.InvalidOperationException) -----
   at Microsoft.Extensions.DependencyInjection.ServiceProvider.ValidateService(ServiceDescriptor descriptor)
   at Microsoft.Extensions.DependencyInjection.ServiceProvider..ctor(ICollection`1 serviceDescriptors, ServiceProviderOptions options)
----- Inner Stack Trace -----
   at Microsoft.Extensions.DependencyInjection.ServiceLookup.CallSiteFactory.CreateArgumentCallSites(ServiceIdentifier serviceIdentifier, Type implementationType, CallSiteChain callSiteChain, ParameterInfo[] parameters, Boolean throwIfCallSiteNotFound)
   at Microsoft.Extensions.DependencyInjection.ServiceLookup.CallSiteFactory.CreateConstructorCallSite(ResultCache lifetime, ServiceIdentifier serviceIdentifier, Type implementationType, CallSiteChain callSiteChain)
   at Microsoft.Extensions.DependencyInjection.ServiceLookup.CallSiteFactory.TryCreateExact(ServiceDescriptor descriptor, ServiceIdentifier serviceIdentifier, CallSiteChain callSiteChain, Int32 slot)
   at Microsoft.Extensions.DependencyInjection.ServiceLookup.CallSiteFactory.TryCreateExact(ServiceIdentifier serviceIdentifier, CallSiteChain callSiteChain)
   at Microsoft.Extensions.DependencyInjection.ServiceLookup.CallSiteFactory.CreateCallSite(ServiceIdentifier serviceIdentifier, CallSiteChain callSiteChain)
   at Microsoft.Extensions.DependencyInjection.ServiceLookup.CallSiteFactory.CreateArgumentCallSites(ServiceIdentifier serviceIdentifier, Type implementationType, CallSiteChain callSiteChain, ParameterInfo[] parameters, Boolean throwIfCallSiteNotFound)
   at Microsoft.Extensions.DependencyInjection.ServiceLookup.CallSiteFactory.CreateConstructorCallSite(ResultCache lifetime, ServiceIdentifier serviceIdentifier, Type implementationType, CallSiteChain callSiteChain)
   at Microsoft.Extensions.DependencyInjection.ServiceLookup.CallSiteFactory.TryCreateExact(ServiceDescriptor descriptor, ServiceIdentifier serviceIdentifier, CallSiteChain callSiteChain, Int32 slot)
   at Microsoft.Extensions.DependencyInjection.ServiceLookup.CallSiteFactory.GetCallSite(ServiceDescriptor serviceDescriptor, CallSiteChain callSiteChain)
   at Microsoft.Extensions.DependencyInjection.ServiceProvider.ValidateService(ServiceDescriptor descriptor)
----- Inner Stack Trace #5 (System.InvalidOperationException) -----
   at Microsoft.Extensions.DependencyInjection.ServiceProvider.ValidateService(ServiceDescriptor descriptor)
   at Microsoft.Extensions.DependencyInjection.ServiceProvider..ctor(ICollection`1 serviceDescriptors, ServiceProviderOptions options)
----- Inner Stack Trace -----
   at Microsoft.Extensions.DependencyInjection.ServiceLookup.CallSiteFactory.CreateArgumentCallSites(ServiceIdentifier serviceIdentifier, Type implementationType, CallSiteChain callSiteChain, ParameterInfo[] parameters, Boolean throwIfCallSiteNotFound)
   at Microsoft.Extensions.DependencyInjection.ServiceLookup.CallSiteFactory.CreateConstructorCallSite(ResultCache lifetime, ServiceIdentifier serviceIdentifier, Type implementationType, CallSiteChain callSiteChain)
   at Microsoft.Extensions.DependencyInjection.ServiceLookup.CallSiteFactory.TryCreateExact(ServiceDescriptor descriptor, ServiceIdentifier serviceIdentifier, CallSiteChain callSiteChain, Int32 slot)
   at Microsoft.Extensions.DependencyInjection.ServiceLookup.CallSiteFactory.GetCallSite(ServiceDescriptor serviceDescriptor, CallSiteChain callSiteChain)
   at Microsoft.Extensions.DependencyInjection.ServiceProvider.ValidateService(ServiceDescriptor descriptor)
  Failed Industrial.Adam.Oee.Tests.Integration.OeeControllerIntegrationTests.GetCurrentOee_WithCustomTimeRange_ReturnsOeeMetrics [1 ms]
  Error Message:
   System.AggregateException : Some services are not able to be constructed (Error while validating the service descriptor 'ServiceType: Industrial.Adam.Oee.Domain.Interfaces.IJobSequencingService Lifetime: Scoped ImplementationType: Industrial.Adam.Oee.Domain.Services.JobSequencingService': Unable to resolve service for type 'Industrial.Adam.Oee.Domain.Interfaces.IEquipmentLineRepository' while attempting to activate 'Industrial.Adam.Oee.Domain.Services.JobSequencingService'.) (Error while validating the service descriptor 'ServiceType: Industrial.Adam.Oee.Domain.Interfaces.IEquipmentLineService Lifetime: Scoped ImplementationType: Industrial.Adam.Oee.Domain.Services.EquipmentLineService': Unable to resolve service for type 'Industrial.Adam.Oee.Domain.Interfaces.IEquipmentLineRepository' while attempting to activate 'Industrial.Adam.Oee.Domain.Services.EquipmentLineService'.) (Error while validating the service descriptor 'ServiceType: Industrial.Adam.Oee.Domain.Interfaces.IStoppageDetectionService Lifetime: Scoped ImplementationType: Industrial.Adam.Oee.Domain.Services.StoppageDetectionService': Unable to resolve service for type 'Industrial.Adam.Oee.Domain.Interfaces.IEquipmentLineRepository' while attempting to activate 'Industrial.Adam.Oee.Domain.Services.StoppageDetectionService'.) (Error while validating the service descriptor 'ServiceType: MediatR.IRequestHandler`2[Industrial.Adam.Oee.Application.Commands.StartWorkOrderCommand,System.String] Lifetime: Transient ImplementationType: Industrial.Adam.Oee.Application.Commands.Handlers.StartWorkOrderCommandHandler': Unable to resolve service for type 'Industrial.Adam.Oee.Domain.Interfaces.IEquipmentLineRepository' while attempting to activate 'Industrial.Adam.Oee.Domain.Services.JobSequencingService'.) (Error while validating the service descriptor 'ServiceType: Industrial.Adam.Oee.Domain.Interfaces.ISimpleJobQueueService Lifetime: Scoped ImplementationType: Industrial.Adam.Oee.Domain.Services.SimpleJobQueueService': Unable to resolve service for type 'Industrial.Adam.Oee.Domain.Interfaces.ISimpleJobQueueRepository' while attempting to activate 'Industrial.Adam.Oee.Domain.Services.SimpleJobQueueService'.)
---- System.InvalidOperationException : Error while validating the service descriptor 'ServiceType: Industrial.Adam.Oee.Domain.Interfaces.IJobSequencingService Lifetime: Scoped ImplementationType: Industrial.Adam.Oee.Domain.Services.JobSequencingService': Unable to resolve service for type 'Industrial.Adam.Oee.Domain.Interfaces.IEquipmentLineRepository' while attempting to activate 'Industrial.Adam.Oee.Domain.Services.JobSequencingService'.
-------- System.InvalidOperationException : Unable to resolve service for type 'Industrial.Adam.Oee.Domain.Interfaces.IEquipmentLineRepository' while attempting to activate 'Industrial.Adam.Oee.Domain.Services.JobSequencingService'.
---- System.InvalidOperationException : Error while validating the service descriptor 'ServiceType: Industrial.Adam.Oee.Domain.Interfaces.IEquipmentLineService Lifetime: Scoped ImplementationType: Industrial.Adam.Oee.Domain.Services.EquipmentLineService': Unable to resolve service for type 'Industrial.Adam.Oee.Domain.Interfaces.IEquipmentLineRepository' while attempting to activate 'Industrial.Adam.Oee.Domain.Services.EquipmentLineService'.
-------- System.InvalidOperationException : Unable to resolve service for type 'Industrial.Adam.Oee.Domain.Interfaces.IEquipmentLineRepository' while attempting to activate 'Industrial.Adam.Oee.Domain.Services.EquipmentLineService'.
---- System.InvalidOperationException : Error while validating the service descriptor 'ServiceType: Industrial.Adam.Oee.Domain.Interfaces.IStoppageDetectionService Lifetime: Scoped ImplementationType: Industrial.Adam.Oee.Domain.Services.StoppageDetectionService': Unable to resolve service for type 'Industrial.Adam.Oee.Domain.Interfaces.IEquipmentLineRepository' while attempting to activate 'Industrial.Adam.Oee.Domain.Services.StoppageDetectionService'.
-------- System.InvalidOperationException : Unable to resolve service for type 'Industrial.Adam.Oee.Domain.Interfaces.IEquipmentLineRepository' while attempting to activate 'Industrial.Adam.Oee.Domain.Services.StoppageDetectionService'.
---- System.InvalidOperationException : Error while validating the service descriptor 'ServiceType: MediatR.IRequestHandler`2[Industrial.Adam.Oee.Application.Commands.StartWorkOrderCommand,System.String] Lifetime: Transient ImplementationType: Industrial.Adam.Oee.Application.Commands.Handlers.StartWorkOrderCommandHandler': Unable to resolve service for type 'Industrial.Adam.Oee.Domain.Interfaces.IEquipmentLineRepository' while attempting to activate 'Industrial.Adam.Oee.Domain.Services.JobSequencingService'.
-------- System.InvalidOperationException : Unable to resolve service for type 'Industrial.Adam.Oee.Domain.Interfaces.IEquipmentLineRepository' while attempting to activate 'Industrial.Adam.Oee.Domain.Services.JobSequencingService'.
---- System.InvalidOperationException : Error while validating the service descriptor 'ServiceType: Industrial.Adam.Oee.Domain.Interfaces.ISimpleJobQueueService Lifetime: Scoped ImplementationType: Industrial.Adam.Oee.Domain.Services.SimpleJobQueueService': Unable to resolve service for type 'Industrial.Adam.Oee.Domain.Interfaces.ISimpleJobQueueRepository' while attempting to activate 'Industrial.Adam.Oee.Domain.Services.SimpleJobQueueService'.
-------- System.InvalidOperationException : Unable to resolve service for type 'Industrial.Adam.Oee.Domain.Interfaces.ISimpleJobQueueRepository' while attempting to activate 'Industrial.Adam.Oee.Domain.Services.SimpleJobQueueService'.
  Stack Trace:
     at Microsoft.Extensions.DependencyInjection.ServiceProvider..ctor(ICollection`1 serviceDescriptors, ServiceProviderOptions options)
   at Microsoft.Extensions.DependencyInjection.ServiceCollectionContainerBuilderExtensions.BuildServiceProvider(IServiceCollection services, ServiceProviderOptions options)
   at Microsoft.Extensions.Hosting.HostApplicationBuilder.Build()
   at Microsoft.AspNetCore.Builder.WebApplicationBuilder.Build()
   at Program.<Main>$(String[] args) in /home/grant/adam-6000-counter/src/Industrial.Adam.Oee/WebApi/Program.cs:line 89
   at InvokeStub_Program.<Main>$(Object, Span`1)
   at System.Reflection.MethodBaseInvoker.InvokeWithOneArg(Object obj, BindingFlags invokeAttr, Binder binder, Object[] parameters, CultureInfo culture)
--- End of stack trace from previous location ---
   at Microsoft.Extensions.Hosting.HostFactoryResolver.HostingListener.CreateHost()
   at Microsoft.Extensions.Hosting.HostFactoryResolver.<>c__DisplayClass10_0.<ResolveHostFactory>b__0(String[] args)
   at Microsoft.AspNetCore.Mvc.Testing.DeferredHostBuilder.Build()
   at Microsoft.AspNetCore.Mvc.Testing.WebApplicationFactory`1.CreateHost(IHostBuilder builder)
   at Microsoft.AspNetCore.Mvc.Testing.WebApplicationFactory`1.ConfigureHostBuilder(IHostBuilder hostBuilder)
   at Microsoft.AspNetCore.Mvc.Testing.WebApplicationFactory`1.EnsureServer()
   at Microsoft.AspNetCore.Mvc.Testing.WebApplicationFactory`1.CreateDefaultClient(DelegatingHandler[] handlers)
   at Microsoft.AspNetCore.Mvc.Testing.WebApplicationFactory`1.CreateDefaultClient(Uri baseAddress, DelegatingHandler[] handlers)
   at Microsoft.AspNetCore.Mvc.Testing.WebApplicationFactory`1.CreateClient(WebApplicationFactoryClientOptions options)
   at Microsoft.AspNetCore.Mvc.Testing.WebApplicationFactory`1.CreateClient()
   at Industrial.Adam.Oee.Tests.Integration.OeeControllerIntegrationTests..ctor(WebApplicationFactory`1 factory) in /home/grant/adam-6000-counter/src/Industrial.Adam.Oee/Tests/Integration/OeeControllerIntegrationTests.cs:line 21
   at InvokeStub_OeeControllerIntegrationTests..ctor(Object, Span`1)
   at System.Reflection.MethodBaseInvoker.InvokeWithOneArg(Object obj, BindingFlags invokeAttr, Binder binder, Object[] parameters, CultureInfo culture)
----- Inner Stack Trace #1 (System.InvalidOperationException) -----
   at Microsoft.Extensions.DependencyInjection.ServiceProvider.ValidateService(ServiceDescriptor descriptor)
   at Microsoft.Extensions.DependencyInjection.ServiceProvider..ctor(ICollection`1 serviceDescriptors, ServiceProviderOptions options)
----- Inner Stack Trace -----
   at Microsoft.Extensions.DependencyInjection.ServiceLookup.CallSiteFactory.CreateArgumentCallSites(ServiceIdentifier serviceIdentifier, Type implementationType, CallSiteChain callSiteChain, ParameterInfo[] parameters, Boolean throwIfCallSiteNotFound)
   at Microsoft.Extensions.DependencyInjection.ServiceLookup.CallSiteFactory.CreateConstructorCallSite(ResultCache lifetime, ServiceIdentifier serviceIdentifier, Type implementationType, CallSiteChain callSiteChain)
   at Microsoft.Extensions.DependencyInjection.ServiceLookup.CallSiteFactory.TryCreateExact(ServiceDescriptor descriptor, ServiceIdentifier serviceIdentifier, CallSiteChain callSiteChain, Int32 slot)
   at Microsoft.Extensions.DependencyInjection.ServiceLookup.CallSiteFactory.GetCallSite(ServiceDescriptor serviceDescriptor, CallSiteChain callSiteChain)
   at Microsoft.Extensions.DependencyInjection.ServiceProvider.ValidateService(ServiceDescriptor descriptor)
----- Inner Stack Trace #2 (System.InvalidOperationException) -----
   at Microsoft.Extensions.DependencyInjection.ServiceProvider.ValidateService(ServiceDescriptor descriptor)
   at Microsoft.Extensions.DependencyInjection.ServiceProvider..ctor(ICollection`1 serviceDescriptors, ServiceProviderOptions options)
----- Inner Stack Trace -----
   at Microsoft.Extensions.DependencyInjection.ServiceLookup.CallSiteFactory.CreateArgumentCallSites(ServiceIdentifier serviceIdentifier, Type implementationType, CallSiteChain callSiteChain, ParameterInfo[] parameters, Boolean throwIfCallSiteNotFound)
   at Microsoft.Extensions.DependencyInjection.ServiceLookup.CallSiteFactory.CreateConstructorCallSite(ResultCache lifetime, ServiceIdentifier serviceIdentifier, Type implementationType, CallSiteChain callSiteChain)
   at Microsoft.Extensions.DependencyInjection.ServiceLookup.CallSiteFactory.TryCreateExact(ServiceDescriptor descriptor, ServiceIdentifier serviceIdentifier, CallSiteChain callSiteChain, Int32 slot)
   at Microsoft.Extensions.DependencyInjection.ServiceLookup.CallSiteFactory.GetCallSite(ServiceDescriptor serviceDescriptor, CallSiteChain callSiteChain)
   at Microsoft.Extensions.DependencyInjection.ServiceProvider.ValidateService(ServiceDescriptor descriptor)
----- Inner Stack Trace #3 (System.InvalidOperationException) -----
   at Microsoft.Extensions.DependencyInjection.ServiceProvider.ValidateService(ServiceDescriptor descriptor)
   at Microsoft.Extensions.DependencyInjection.ServiceProvider..ctor(ICollection`1 serviceDescriptors, ServiceProviderOptions options)
----- Inner Stack Trace -----
   at Microsoft.Extensions.DependencyInjection.ServiceLookup.CallSiteFactory.CreateArgumentCallSites(ServiceIdentifier serviceIdentifier, Type implementationType, CallSiteChain callSiteChain, ParameterInfo[] parameters, Boolean throwIfCallSiteNotFound)
   at Microsoft.Extensions.DependencyInjection.ServiceLookup.CallSiteFactory.CreateConstructorCallSite(ResultCache lifetime, ServiceIdentifier serviceIdentifier, Type implementationType, CallSiteChain callSiteChain)
   at Microsoft.Extensions.DependencyInjection.ServiceLookup.CallSiteFactory.TryCreateExact(ServiceDescriptor descriptor, ServiceIdentifier serviceIdentifier, CallSiteChain callSiteChain, Int32 slot)
   at Microsoft.Extensions.DependencyInjection.ServiceLookup.CallSiteFactory.GetCallSite(ServiceDescriptor serviceDescriptor, CallSiteChain callSiteChain)
   at Microsoft.Extensions.DependencyInjection.ServiceProvider.ValidateService(ServiceDescriptor descriptor)
----- Inner Stack Trace #4 (System.InvalidOperationException) -----
   at Microsoft.Extensions.DependencyInjection.ServiceProvider.ValidateService(ServiceDescriptor descriptor)
   at Microsoft.Extensions.DependencyInjection.ServiceProvider..ctor(ICollection`1 serviceDescriptors, ServiceProviderOptions options)
----- Inner Stack Trace -----
   at Microsoft.Extensions.DependencyInjection.ServiceLookup.CallSiteFactory.CreateArgumentCallSites(ServiceIdentifier serviceIdentifier, Type implementationType, CallSiteChain callSiteChain, ParameterInfo[] parameters, Boolean throwIfCallSiteNotFound)
   at Microsoft.Extensions.DependencyInjection.ServiceLookup.CallSiteFactory.CreateConstructorCallSite(ResultCache lifetime, ServiceIdentifier serviceIdentifier, Type implementationType, CallSiteChain callSiteChain)
   at Microsoft.Extensions.DependencyInjection.ServiceLookup.CallSiteFactory.TryCreateExact(ServiceDescriptor descriptor, ServiceIdentifier serviceIdentifier, CallSiteChain callSiteChain, Int32 slot)
   at Microsoft.Extensions.DependencyInjection.ServiceLookup.CallSiteFactory.TryCreateExact(ServiceIdentifier serviceIdentifier, CallSiteChain callSiteChain)
   at Microsoft.Extensions.DependencyInjection.ServiceLookup.CallSiteFactory.CreateCallSite(ServiceIdentifier serviceIdentifier, CallSiteChain callSiteChain)
   at Microsoft.Extensions.DependencyInjection.ServiceLookup.CallSiteFactory.CreateArgumentCallSites(ServiceIdentifier serviceIdentifier, Type implementationType, CallSiteChain callSiteChain, ParameterInfo[] parameters, Boolean throwIfCallSiteNotFound)
   at Microsoft.Extensions.DependencyInjection.ServiceLookup.CallSiteFactory.CreateConstructorCallSite(ResultCache lifetime, ServiceIdentifier serviceIdentifier, Type implementationType, CallSiteChain callSiteChain)
   at Microsoft.Extensions.DependencyInjection.ServiceLookup.CallSiteFactory.TryCreateExact(ServiceDescriptor descriptor, ServiceIdentifier serviceIdentifier, CallSiteChain callSiteChain, Int32 slot)
   at Microsoft.Extensions.DependencyInjection.ServiceLookup.CallSiteFactory.GetCallSite(ServiceDescriptor serviceDescriptor, CallSiteChain callSiteChain)
   at Microsoft.Extensions.DependencyInjection.ServiceProvider.ValidateService(ServiceDescriptor descriptor)
----- Inner Stack Trace #5 (System.InvalidOperationException) -----
   at Microsoft.Extensions.DependencyInjection.ServiceProvider.ValidateService(ServiceDescriptor descriptor)
   at Microsoft.Extensions.DependencyInjection.ServiceProvider..ctor(ICollection`1 serviceDescriptors, ServiceProviderOptions options)
----- Inner Stack Trace -----
   at Microsoft.Extensions.DependencyInjection.ServiceLookup.CallSiteFactory.CreateArgumentCallSites(ServiceIdentifier serviceIdentifier, Type implementationType, CallSiteChain callSiteChain, ParameterInfo[] parameters, Boolean throwIfCallSiteNotFound)
   at Microsoft.Extensions.DependencyInjection.ServiceLookup.CallSiteFactory.CreateConstructorCallSite(ResultCache lifetime, ServiceIdentifier serviceIdentifier, Type implementationType, CallSiteChain callSiteChain)
   at Microsoft.Extensions.DependencyInjection.ServiceLookup.CallSiteFactory.TryCreateExact(ServiceDescriptor descriptor, ServiceIdentifier serviceIdentifier, CallSiteChain callSiteChain, Int32 slot)
   at Microsoft.Extensions.DependencyInjection.ServiceLookup.CallSiteFactory.GetCallSite(ServiceDescriptor serviceDescriptor, CallSiteChain callSiteChain)
   at Microsoft.Extensions.DependencyInjection.ServiceProvider.ValidateService(ServiceDescriptor descriptor)
  Failed Industrial.Adam.Oee.Tests.Integration.SignalR.StoppageNotificationHubTests.Hub_CanReceiveStoppageNotification_WhenSubscribed [94 ms]
  Error Message:
   System.AggregateException : Some services are not able to be constructed (Error while validating the service descriptor 'ServiceType: Industrial.Adam.Oee.Domain.Interfaces.IJobSequencingService Lifetime: Scoped ImplementationType: Industrial.Adam.Oee.Domain.Services.JobSequencingService': Unable to resolve service for type 'Industrial.Adam.Oee.Domain.Interfaces.IEquipmentLineRepository' while attempting to activate 'Industrial.Adam.Oee.Domain.Services.JobSequencingService'.) (Error while validating the service descriptor 'ServiceType: Industrial.Adam.Oee.Domain.Interfaces.IEquipmentLineService Lifetime: Scoped ImplementationType: Industrial.Adam.Oee.Domain.Services.EquipmentLineService': Unable to resolve service for type 'Industrial.Adam.Oee.Domain.Interfaces.IEquipmentLineRepository' while attempting to activate 'Industrial.Adam.Oee.Domain.Services.EquipmentLineService'.) (Error while validating the service descriptor 'ServiceType: Industrial.Adam.Oee.Domain.Interfaces.IStoppageDetectionService Lifetime: Scoped ImplementationType: Industrial.Adam.Oee.Domain.Services.StoppageDetectionService': Unable to resolve service for type 'Industrial.Adam.Oee.Domain.Interfaces.IEquipmentLineRepository' while attempting to activate 'Industrial.Adam.Oee.Domain.Services.StoppageDetectionService'.) (Error while validating the service descriptor 'ServiceType: MediatR.IRequestHandler`2[Industrial.Adam.Oee.Application.Commands.StartWorkOrderCommand,System.String] Lifetime: Transient ImplementationType: Industrial.Adam.Oee.Application.Commands.Handlers.StartWorkOrderCommandHandler': Unable to resolve service for type 'Industrial.Adam.Oee.Domain.Interfaces.IEquipmentLineRepository' while attempting to activate 'Industrial.Adam.Oee.Domain.Services.JobSequencingService'.) (Error while validating the service descriptor 'ServiceType: Industrial.Adam.Oee.Domain.Interfaces.ISimpleJobQueueService Lifetime: Scoped ImplementationType: Industrial.Adam.Oee.Domain.Services.SimpleJobQueueService': Unable to resolve service for type 'Industrial.Adam.Oee.Domain.Interfaces.ISimpleJobQueueRepository' while attempting to activate 'Industrial.Adam.Oee.Domain.Services.SimpleJobQueueService'.)
---- System.InvalidOperationException : Error while validating the service descriptor 'ServiceType: Industrial.Adam.Oee.Domain.Interfaces.IJobSequencingService Lifetime: Scoped ImplementationType: Industrial.Adam.Oee.Domain.Services.JobSequencingService': Unable to resolve service for type 'Industrial.Adam.Oee.Domain.Interfaces.IEquipmentLineRepository' while attempting to activate 'Industrial.Adam.Oee.Domain.Services.JobSequencingService'.
-------- System.InvalidOperationException : Unable to resolve service for type 'Industrial.Adam.Oee.Domain.Interfaces.IEquipmentLineRepository' while attempting to activate 'Industrial.Adam.Oee.Domain.Services.JobSequencingService'.
---- System.InvalidOperationException : Error while validating the service descriptor 'ServiceType: Industrial.Adam.Oee.Domain.Interfaces.IEquipmentLineService Lifetime: Scoped ImplementationType: Industrial.Adam.Oee.Domain.Services.EquipmentLineService': Unable to resolve service for type 'Industrial.Adam.Oee.Domain.Interfaces.IEquipmentLineRepository' while attempting to activate 'Industrial.Adam.Oee.Domain.Services.EquipmentLineService'.
-------- System.InvalidOperationException : Unable to resolve service for type 'Industrial.Adam.Oee.Domain.Interfaces.IEquipmentLineRepository' while attempting to activate 'Industrial.Adam.Oee.Domain.Services.EquipmentLineService'.
---- System.InvalidOperationException : Error while validating the service descriptor 'ServiceType: Industrial.Adam.Oee.Domain.Interfaces.IStoppageDetectionService Lifetime: Scoped ImplementationType: Industrial.Adam.Oee.Domain.Services.StoppageDetectionService': Unable to resolve service for type 'Industrial.Adam.Oee.Domain.Interfaces.IEquipmentLineRepository' while attempting to activate 'Industrial.Adam.Oee.Domain.Services.StoppageDetectionService'.
-------- System.InvalidOperationException : Unable to resolve service for type 'Industrial.Adam.Oee.Domain.Interfaces.IEquipmentLineRepository' while attempting to activate 'Industrial.Adam.Oee.Domain.Services.StoppageDetectionService'.
---- System.InvalidOperationException : Error while validating the service descriptor 'ServiceType: MediatR.IRequestHandler`2[Industrial.Adam.Oee.Application.Commands.StartWorkOrderCommand,System.String] Lifetime: Transient ImplementationType: Industrial.Adam.Oee.Application.Commands.Handlers.StartWorkOrderCommandHandler': Unable to resolve service for type 'Industrial.Adam.Oee.Domain.Interfaces.IEquipmentLineRepository' while attempting to activate 'Industrial.Adam.Oee.Domain.Services.JobSequencingService'.
-------- System.InvalidOperationException : Unable to resolve service for type 'Industrial.Adam.Oee.Domain.Interfaces.IEquipmentLineRepository' while attempting to activate 'Industrial.Adam.Oee.Domain.Services.JobSequencingService'.
---- System.InvalidOperationException : Error while validating the service descriptor 'ServiceType: Industrial.Adam.Oee.Domain.Interfaces.ISimpleJobQueueService Lifetime: Scoped ImplementationType: Industrial.Adam.Oee.Domain.Services.SimpleJobQueueService': Unable to resolve service for type 'Industrial.Adam.Oee.Domain.Interfaces.ISimpleJobQueueRepository' while attempting to activate 'Industrial.Adam.Oee.Domain.Services.SimpleJobQueueService'.
-------- System.InvalidOperationException : Unable to resolve service for type 'Industrial.Adam.Oee.Domain.Interfaces.ISimpleJobQueueRepository' while attempting to activate 'Industrial.Adam.Oee.Domain.Services.SimpleJobQueueService'.
  Stack Trace:
     at Microsoft.Extensions.DependencyInjection.ServiceProvider..ctor(ICollection`1 serviceDescriptors, ServiceProviderOptions options)
   at Microsoft.Extensions.DependencyInjection.ServiceCollectionContainerBuilderExtensions.BuildServiceProvider(IServiceCollection services, ServiceProviderOptions options)
   at Microsoft.Extensions.Hosting.HostApplicationBuilder.Build()
   at Microsoft.AspNetCore.Builder.WebApplicationBuilder.Build()
   at Program.<Main>$(String[] args) in /home/grant/adam-6000-counter/src/Industrial.Adam.Oee/WebApi/Program.cs:line 89
   at InvokeStub_Program.<Main>$(Object, Span`1)
   at System.Reflection.MethodBaseInvoker.InvokeWithOneArg(Object obj, BindingFlags invokeAttr, Binder binder, Object[] parameters, CultureInfo culture)
--- End of stack trace from previous location ---
   at Microsoft.Extensions.Hosting.HostFactoryResolver.HostingListener.CreateHost()
   at Microsoft.Extensions.Hosting.HostFactoryResolver.<>c__DisplayClass10_0.<ResolveHostFactory>b__0(String[] args)
   at Microsoft.AspNetCore.Mvc.Testing.DeferredHostBuilder.Build()
   at Microsoft.AspNetCore.Mvc.Testing.WebApplicationFactory`1.CreateHost(IHostBuilder builder)
   at Microsoft.AspNetCore.Mvc.Testing.WebApplicationFactory`1.ConfigureHostBuilder(IHostBuilder hostBuilder)
   at Microsoft.AspNetCore.Mvc.Testing.WebApplicationFactory`1.EnsureServer()
   at Microsoft.AspNetCore.Mvc.Testing.WebApplicationFactory`1.CreateDefaultClient(DelegatingHandler[] handlers)
   at Microsoft.AspNetCore.Mvc.Testing.WebApplicationFactory`1.CreateDefaultClient(Uri baseAddress, DelegatingHandler[] handlers)
   at Microsoft.AspNetCore.Mvc.Testing.WebApplicationFactory`1.CreateClient(WebApplicationFactoryClientOptions options)
   at Microsoft.AspNetCore.Mvc.Testing.WebApplicationFactory`1.CreateClient()
   at Industrial.Adam.Oee.Tests.Integration.SignalR.StoppageNotificationHubTests.CreateConnectionAsync() in /home/grant/adam-6000-counter/src/Industrial.Adam.Oee/Tests/Integration/SignalR/StoppageNotificationHubTests.cs:line 254
   at Industrial.Adam.Oee.Tests.Integration.SignalR.StoppageNotificationHubTests.Hub_CanReceiveStoppageNotification_WhenSubscribed() in /home/grant/adam-6000-counter/src/Industrial.Adam.Oee/Tests/Integration/SignalR/StoppageNotificationHubTests.cs:line 203
--- End of stack trace from previous location ---
----- Inner Stack Trace #1 (System.InvalidOperationException) -----
   at Microsoft.Extensions.DependencyInjection.ServiceProvider.ValidateService(ServiceDescriptor descriptor)
   at Microsoft.Extensions.DependencyInjection.ServiceProvider..ctor(ICollection`1 serviceDescriptors, ServiceProviderOptions options)
----- Inner Stack Trace -----
   at Microsoft.Extensions.DependencyInjection.ServiceLookup.CallSiteFactory.CreateArgumentCallSites(ServiceIdentifier serviceIdentifier, Type implementationType, CallSiteChain callSiteChain, ParameterInfo[] parameters, Boolean throwIfCallSiteNotFound)
   at Microsoft.Extensions.DependencyInjection.ServiceLookup.CallSiteFactory.CreateConstructorCallSite(ResultCache lifetime, ServiceIdentifier serviceIdentifier, Type implementationType, CallSiteChain callSiteChain)
   at Microsoft.Extensions.DependencyInjection.ServiceLookup.CallSiteFactory.TryCreateExact(ServiceDescriptor descriptor, ServiceIdentifier serviceIdentifier, CallSiteChain callSiteChain, Int32 slot)
   at Microsoft.Extensions.DependencyInjection.ServiceLookup.CallSiteFactory.GetCallSite(ServiceDescriptor serviceDescriptor, CallSiteChain callSiteChain)
   at Microsoft.Extensions.DependencyInjection.ServiceProvider.ValidateService(ServiceDescriptor descriptor)
----- Inner Stack Trace #2 (System.InvalidOperationException) -----
   at Microsoft.Extensions.DependencyInjection.ServiceProvider.ValidateService(ServiceDescriptor descriptor)
   at Microsoft.Extensions.DependencyInjection.ServiceProvider..ctor(ICollection`1 serviceDescriptors, ServiceProviderOptions options)
----- Inner Stack Trace -----
   at Microsoft.Extensions.DependencyInjection.ServiceLookup.CallSiteFactory.CreateArgumentCallSites(ServiceIdentifier serviceIdentifier, Type implementationType, CallSiteChain callSiteChain, ParameterInfo[] parameters, Boolean throwIfCallSiteNotFound)
   at Microsoft.Extensions.DependencyInjection.ServiceLookup.CallSiteFactory.CreateConstructorCallSite(ResultCache lifetime, ServiceIdentifier serviceIdentifier, Type implementationType, CallSiteChain callSiteChain)
   at Microsoft.Extensions.DependencyInjection.ServiceLookup.CallSiteFactory.TryCreateExact(ServiceDescriptor descriptor, ServiceIdentifier serviceIdentifier, CallSiteChain callSiteChain, Int32 slot)
   at Microsoft.Extensions.DependencyInjection.ServiceLookup.CallSiteFactory.GetCallSite(ServiceDescriptor serviceDescriptor, CallSiteChain callSiteChain)
   at Microsoft.Extensions.DependencyInjection.ServiceProvider.ValidateService(ServiceDescriptor descriptor)
----- Inner Stack Trace #3 (System.InvalidOperationException) -----
   at Microsoft.Extensions.DependencyInjection.ServiceProvider.ValidateService(ServiceDescriptor descriptor)
   at Microsoft.Extensions.DependencyInjection.ServiceProvider..ctor(ICollection`1 serviceDescriptors, ServiceProviderOptions options)
----- Inner Stack Trace -----
   at Microsoft.Extensions.DependencyInjection.ServiceLookup.CallSiteFactory.CreateArgumentCallSites(ServiceIdentifier serviceIdentifier, Type implementationType, CallSiteChain callSiteChain, ParameterInfo[] parameters, Boolean throwIfCallSiteNotFound)
   at Microsoft.Extensions.DependencyInjection.ServiceLookup.CallSiteFactory.CreateConstructorCallSite(ResultCache lifetime, ServiceIdentifier serviceIdentifier, Type implementationType, CallSiteChain callSiteChain)
   at Microsoft.Extensions.DependencyInjection.ServiceLookup.CallSiteFactory.TryCreateExact(ServiceDescriptor descriptor, ServiceIdentifier serviceIdentifier, CallSiteChain callSiteChain, Int32 slot)
   at Microsoft.Extensions.DependencyInjection.ServiceLookup.CallSiteFactory.GetCallSite(ServiceDescriptor serviceDescriptor, CallSiteChain callSiteChain)
   at Microsoft.Extensions.DependencyInjection.ServiceProvider.ValidateService(ServiceDescriptor descriptor)
----- Inner Stack Trace #4 (System.InvalidOperationException) -----
   at Microsoft.Extensions.DependencyInjection.ServiceProvider.ValidateService(ServiceDescriptor descriptor)
   at Microsoft.Extensions.DependencyInjection.ServiceProvider..ctor(ICollection`1 serviceDescriptors, ServiceProviderOptions options)
----- Inner Stack Trace -----
   at Microsoft.Extensions.DependencyInjection.ServiceLookup.CallSiteFactory.CreateArgumentCallSites(ServiceIdentifier serviceIdentifier, Type implementationType, CallSiteChain callSiteChain, ParameterInfo[] parameters, Boolean throwIfCallSiteNotFound)
   at Microsoft.Extensions.DependencyInjection.ServiceLookup.CallSiteFactory.CreateConstructorCallSite(ResultCache lifetime, ServiceIdentifier serviceIdentifier, Type implementationType, CallSiteChain callSiteChain)
   at Microsoft.Extensions.DependencyInjection.ServiceLookup.CallSiteFactory.TryCreateExact(ServiceDescriptor descriptor, ServiceIdentifier serviceIdentifier, CallSiteChain callSiteChain, Int32 slot)
   at Microsoft.Extensions.DependencyInjection.ServiceLookup.CallSiteFactory.TryCreateExact(ServiceIdentifier serviceIdentifier, CallSiteChain callSiteChain)
   at Microsoft.Extensions.DependencyInjection.ServiceLookup.CallSiteFactory.CreateCallSite(ServiceIdentifier serviceIdentifier, CallSiteChain callSiteChain)
   at Microsoft.Extensions.DependencyInjection.ServiceLookup.CallSiteFactory.CreateArgumentCallSites(ServiceIdentifier serviceIdentifier, Type implementationType, CallSiteChain callSiteChain, ParameterInfo[] parameters, Boolean throwIfCallSiteNotFound)
   at Microsoft.Extensions.DependencyInjection.ServiceLookup.CallSiteFactory.CreateConstructorCallSite(ResultCache lifetime, ServiceIdentifier serviceIdentifier, Type implementationType, CallSiteChain callSiteChain)
   at Microsoft.Extensions.DependencyInjection.ServiceLookup.CallSiteFactory.TryCreateExact(ServiceDescriptor descriptor, ServiceIdentifier serviceIdentifier, CallSiteChain callSiteChain, Int32 slot)
   at Microsoft.Extensions.DependencyInjection.ServiceLookup.CallSiteFactory.GetCallSite(ServiceDescriptor serviceDescriptor, CallSiteChain callSiteChain)
   at Microsoft.Extensions.DependencyInjection.ServiceProvider.ValidateService(ServiceDescriptor descriptor)
----- Inner Stack Trace #5 (System.InvalidOperationException) -----
   at Microsoft.Extensions.DependencyInjection.ServiceProvider.ValidateService(ServiceDescriptor descriptor)
   at Microsoft.Extensions.DependencyInjection.ServiceProvider..ctor(ICollection`1 serviceDescriptors, ServiceProviderOptions options)
----- Inner Stack Trace -----
   at Microsoft.Extensions.DependencyInjection.ServiceLookup.CallSiteFactory.CreateArgumentCallSites(ServiceIdentifier serviceIdentifier, Type implementationType, CallSiteChain callSiteChain, ParameterInfo[] parameters, Boolean throwIfCallSiteNotFound)
   at Microsoft.Extensions.DependencyInjection.ServiceLookup.CallSiteFactory.CreateConstructorCallSite(ResultCache lifetime, ServiceIdentifier serviceIdentifier, Type implementationType, CallSiteChain callSiteChain)
   at Microsoft.Extensions.DependencyInjection.ServiceLookup.CallSiteFactory.TryCreateExact(ServiceDescriptor descriptor, ServiceIdentifier serviceIdentifier, CallSiteChain callSiteChain, Int32 slot)
   at Microsoft.Extensions.DependencyInjection.ServiceLookup.CallSiteFactory.GetCallSite(ServiceDescriptor serviceDescriptor, CallSiteChain callSiteChain)
   at Microsoft.Extensions.DependencyInjection.ServiceProvider.ValidateService(ServiceDescriptor descriptor)
[xUnit.net 00:00:02.99]     Industrial.Adam.Oee.Tests.Integration.StoppagesControllerIntegrationTests.GetStoppageHistory_WithInvalidMinimumMinutes_ReturnsBadRequest(minimumMinutes: 0) [FAIL]
[xUnit.net 00:00:03.02]     Industrial.Adam.Oee.Tests.Integration.OeeControllerIntegrationTests.GetOeeHistory_WithInvalidPeriod_ReturnsBadRequest [FAIL]
[xUnit.net 00:00:03.02]     Industrial.Adam.Oee.Tests.Integration.JobsControllerIntegrationTests.GetWorkOrder_WithValidId_ReturnsWorkOrderOrNotFound [FAIL]
  Failed Industrial.Adam.Oee.Tests.Integration.StoppagesControllerIntegrationTests.GetStoppageHistory_WithInvalidMinimumMinutes_ReturnsBadRequest(minimumMinutes: 0) [1 ms]
  Error Message:
   System.AggregateException : Some services are not able to be constructed (Error while validating the service descriptor 'ServiceType: Industrial.Adam.Oee.Domain.Interfaces.IJobSequencingService Lifetime: Scoped ImplementationType: Industrial.Adam.Oee.Domain.Services.JobSequencingService': Unable to resolve service for type 'Industrial.Adam.Oee.Domain.Interfaces.IEquipmentLineRepository' while attempting to activate 'Industrial.Adam.Oee.Domain.Services.JobSequencingService'.) (Error while validating the service descriptor 'ServiceType: Industrial.Adam.Oee.Domain.Interfaces.IEquipmentLineService Lifetime: Scoped ImplementationType: Industrial.Adam.Oee.Domain.Services.EquipmentLineService': Unable to resolve service for type 'Industrial.Adam.Oee.Domain.Interfaces.IEquipmentLineRepository' while attempting to activate 'Industrial.Adam.Oee.Domain.Services.EquipmentLineService'.) (Error while validating the service descriptor 'ServiceType: Industrial.Adam.Oee.Domain.Interfaces.IStoppageDetectionService Lifetime: Scoped ImplementationType: Industrial.Adam.Oee.Domain.Services.StoppageDetectionService': Unable to resolve service for type 'Industrial.Adam.Oee.Domain.Interfaces.IEquipmentLineRepository' while attempting to activate 'Industrial.Adam.Oee.Domain.Services.StoppageDetectionService'.) (Error while validating the service descriptor 'ServiceType: MediatR.IRequestHandler`2[Industrial.Adam.Oee.Application.Commands.StartWorkOrderCommand,System.String] Lifetime: Transient ImplementationType: Industrial.Adam.Oee.Application.Commands.Handlers.StartWorkOrderCommandHandler': Unable to resolve service for type 'Industrial.Adam.Oee.Domain.Interfaces.IEquipmentLineRepository' while attempting to activate 'Industrial.Adam.Oee.Domain.Services.JobSequencingService'.) (Error while validating the service descriptor 'ServiceType: Industrial.Adam.Oee.Domain.Interfaces.ISimpleJobQueueService Lifetime: Scoped ImplementationType: Industrial.Adam.Oee.Domain.Services.SimpleJobQueueService': Unable to resolve service for type 'Industrial.Adam.Oee.Domain.Interfaces.ISimpleJobQueueRepository' while attempting to activate 'Industrial.Adam.Oee.Domain.Services.SimpleJobQueueService'.)
---- System.InvalidOperationException : Error while validating the service descriptor 'ServiceType: Industrial.Adam.Oee.Domain.Interfaces.IJobSequencingService Lifetime: Scoped ImplementationType: Industrial.Adam.Oee.Domain.Services.JobSequencingService': Unable to resolve service for type 'Industrial.Adam.Oee.Domain.Interfaces.IEquipmentLineRepository' while attempting to activate 'Industrial.Adam.Oee.Domain.Services.JobSequencingService'.
-------- System.InvalidOperationException : Unable to resolve service for type 'Industrial.Adam.Oee.Domain.Interfaces.IEquipmentLineRepository' while attempting to activate 'Industrial.Adam.Oee.Domain.Services.JobSequencingService'.
---- System.InvalidOperationException : Error while validating the service descriptor 'ServiceType: Industrial.Adam.Oee.Domain.Interfaces.IEquipmentLineService Lifetime: Scoped ImplementationType: Industrial.Adam.Oee.Domain.Services.EquipmentLineService': Unable to resolve service for type 'Industrial.Adam.Oee.Domain.Interfaces.IEquipmentLineRepository' while attempting to activate 'Industrial.Adam.Oee.Domain.Services.EquipmentLineService'.
-------- System.InvalidOperationException : Unable to resolve service for type 'Industrial.Adam.Oee.Domain.Interfaces.IEquipmentLineRepository' while attempting to activate 'Industrial.Adam.Oee.Domain.Services.EquipmentLineService'.
---- System.InvalidOperationException : Error while validating the service descriptor 'ServiceType: Industrial.Adam.Oee.Domain.Interfaces.IStoppageDetectionService Lifetime: Scoped ImplementationType: Industrial.Adam.Oee.Domain.Services.StoppageDetectionService': Unable to resolve service for type 'Industrial.Adam.Oee.Domain.Interfaces.IEquipmentLineRepository' while attempting to activate 'Industrial.Adam.Oee.Domain.Services.StoppageDetectionService'.
-------- System.InvalidOperationException : Unable to resolve service for type 'Industrial.Adam.Oee.Domain.Interfaces.IEquipmentLineRepository' while attempting to activate 'Industrial.Adam.Oee.Domain.Services.StoppageDetectionService'.
---- System.InvalidOperationException : Error while validating the service descriptor 'ServiceType: MediatR.IRequestHandler`2[Industrial.Adam.Oee.Application.Commands.StartWorkOrderCommand,System.String] Lifetime: Transient ImplementationType: Industrial.Adam.Oee.Application.Commands.Handlers.StartWorkOrderCommandHandler': Unable to resolve service for type 'Industrial.Adam.Oee.Domain.Interfaces.IEquipmentLineRepository' while attempting to activate 'Industrial.Adam.Oee.Domain.Services.JobSequencingService'.
-------- System.InvalidOperationException : Unable to resolve service for type 'Industrial.Adam.Oee.Domain.Interfaces.IEquipmentLineRepository' while attempting to activate 'Industrial.Adam.Oee.Domain.Services.JobSequencingService'.
---- System.InvalidOperationException : Error while validating the service descriptor 'ServiceType: Industrial.Adam.Oee.Domain.Interfaces.ISimpleJobQueueService Lifetime: Scoped ImplementationType: Industrial.Adam.Oee.Domain.Services.SimpleJobQueueService': Unable to resolve service for type 'Industrial.Adam.Oee.Domain.Interfaces.ISimpleJobQueueRepository' while attempting to activate 'Industrial.Adam.Oee.Domain.Services.SimpleJobQueueService'.
-------- System.InvalidOperationException : Unable to resolve service for type 'Industrial.Adam.Oee.Domain.Interfaces.ISimpleJobQueueRepository' while attempting to activate 'Industrial.Adam.Oee.Domain.Services.SimpleJobQueueService'.
  Stack Trace:
     at Microsoft.Extensions.DependencyInjection.ServiceProvider..ctor(ICollection`1 serviceDescriptors, ServiceProviderOptions options)
   at Microsoft.Extensions.DependencyInjection.ServiceCollectionContainerBuilderExtensions.BuildServiceProvider(IServiceCollection services, ServiceProviderOptions options)
   at Microsoft.Extensions.Hosting.HostApplicationBuilder.Build()
   at Microsoft.AspNetCore.Builder.WebApplicationBuilder.Build()
   at Program.<Main>$(String[] args) in /home/grant/adam-6000-counter/src/Industrial.Adam.Oee/WebApi/Program.cs:line 89
   at InvokeStub_Program.<Main>$(Object, Span`1)
   at System.Reflection.MethodBaseInvoker.InvokeWithOneArg(Object obj, BindingFlags invokeAttr, Binder binder, Object[] parameters, CultureInfo culture)
--- End of stack trace from previous location ---
   at Microsoft.Extensions.Hosting.HostFactoryResolver.HostingListener.CreateHost()
   at Microsoft.Extensions.Hosting.HostFactoryResolver.<>c__DisplayClass10_0.<ResolveHostFactory>b__0(String[] args)
   at Microsoft.AspNetCore.Mvc.Testing.DeferredHostBuilder.Build()
   at Microsoft.AspNetCore.Mvc.Testing.WebApplicationFactory`1.CreateHost(IHostBuilder builder)
   at Microsoft.AspNetCore.Mvc.Testing.WebApplicationFactory`1.ConfigureHostBuilder(IHostBuilder hostBuilder)
   at Microsoft.AspNetCore.Mvc.Testing.WebApplicationFactory`1.EnsureServer()
   at Microsoft.AspNetCore.Mvc.Testing.WebApplicationFactory`1.CreateDefaultClient(DelegatingHandler[] handlers)
   at Microsoft.AspNetCore.Mvc.Testing.WebApplicationFactory`1.CreateDefaultClient(Uri baseAddress, DelegatingHandler[] handlers)
   at Microsoft.AspNetCore.Mvc.Testing.WebApplicationFactory`1.CreateClient(WebApplicationFactoryClientOptions options)
   at Microsoft.AspNetCore.Mvc.Testing.WebApplicationFactory`1.CreateClient()
   at Industrial.Adam.Oee.Tests.Integration.StoppagesControllerIntegrationTests..ctor(WebApplicationFactory`1 factory) in /home/grant/adam-6000-counter/src/Industrial.Adam.Oee/Tests/Integration/StoppagesControllerIntegrationTests.cs:line 21
   at InvokeStub_StoppagesControllerIntegrationTests..ctor(Object, Span`1)
   at System.Reflection.MethodBaseInvoker.InvokeWithOneArg(Object obj, BindingFlags invokeAttr, Binder binder, Object[] parameters, CultureInfo culture)
----- Inner Stack Trace #1 (System.InvalidOperationException) -----
   at Microsoft.Extensions.DependencyInjection.ServiceProvider.ValidateService(ServiceDescriptor descriptor)
   at Microsoft.Extensions.DependencyInjection.ServiceProvider..ctor(ICollection`1 serviceDescriptors, ServiceProviderOptions options)
----- Inner Stack Trace -----
   at Microsoft.Extensions.DependencyInjection.ServiceLookup.CallSiteFactory.CreateArgumentCallSites(ServiceIdentifier serviceIdentifier, Type implementationType, CallSiteChain callSiteChain, ParameterInfo[] parameters, Boolean throwIfCallSiteNotFound)
   at Microsoft.Extensions.DependencyInjection.ServiceLookup.CallSiteFactory.CreateConstructorCallSite(ResultCache lifetime, ServiceIdentifier serviceIdentifier, Type implementationType, CallSiteChain callSiteChain)
   at Microsoft.Extensions.DependencyInjection.ServiceLookup.CallSiteFactory.TryCreateExact(ServiceDescriptor descriptor, ServiceIdentifier serviceIdentifier, CallSiteChain callSiteChain, Int32 slot)
   at Microsoft.Extensions.DependencyInjection.ServiceLookup.CallSiteFactory.GetCallSite(ServiceDescriptor serviceDescriptor, CallSiteChain callSiteChain)
   at Microsoft.Extensions.DependencyInjection.ServiceProvider.ValidateService(ServiceDescriptor descriptor)
----- Inner Stack Trace #2 (System.InvalidOperationException) -----
   at Microsoft.Extensions.DependencyInjection.ServiceProvider.ValidateService(ServiceDescriptor descriptor)
   at Microsoft.Extensions.DependencyInjection.ServiceProvider..ctor(ICollection`1 serviceDescriptors, ServiceProviderOptions options)
----- Inner Stack Trace -----
   at Microsoft.Extensions.DependencyInjection.ServiceLookup.CallSiteFactory.CreateArgumentCallSites(ServiceIdentifier serviceIdentifier, Type implementationType, CallSiteChain callSiteChain, ParameterInfo[] parameters, Boolean throwIfCallSiteNotFound)
   at Microsoft.Extensions.DependencyInjection.ServiceLookup.CallSiteFactory.CreateConstructorCallSite(ResultCache lifetime, ServiceIdentifier serviceIdentifier, Type implementationType, CallSiteChain callSiteChain)
   at Microsoft.Extensions.DependencyInjection.ServiceLookup.CallSiteFactory.TryCreateExact(ServiceDescriptor descriptor, ServiceIdentifier serviceIdentifier, CallSiteChain callSiteChain, Int32 slot)
   at Microsoft.Extensions.DependencyInjection.ServiceLookup.CallSiteFactory.GetCallSite(ServiceDescriptor serviceDescriptor, CallSiteChain callSiteChain)
   at Microsoft.Extensions.DependencyInjection.ServiceProvider.ValidateService(ServiceDescriptor descriptor)
----- Inner Stack Trace #3 (System.InvalidOperationException) -----
   at Microsoft.Extensions.DependencyInjection.ServiceProvider.ValidateService(ServiceDescriptor descriptor)
   at Microsoft.Extensions.DependencyInjection.ServiceProvider..ctor(ICollection`1 serviceDescriptors, ServiceProviderOptions options)
----- Inner Stack Trace -----
   at Microsoft.Extensions.DependencyInjection.ServiceLookup.CallSiteFactory.CreateArgumentCallSites(ServiceIdentifier serviceIdentifier, Type implementationType, CallSiteChain callSiteChain, ParameterInfo[] parameters, Boolean throwIfCallSiteNotFound)
   at Microsoft.Extensions.DependencyInjection.ServiceLookup.CallSiteFactory.CreateConstructorCallSite(ResultCache lifetime, ServiceIdentifier serviceIdentifier, Type implementationType, CallSiteChain callSiteChain)
   at Microsoft.Extensions.DependencyInjection.ServiceLookup.CallSiteFactory.TryCreateExact(ServiceDescriptor descriptor, ServiceIdentifier serviceIdentifier, CallSiteChain callSiteChain, Int32 slot)
   at Microsoft.Extensions.DependencyInjection.ServiceLookup.CallSiteFactory.GetCallSite(ServiceDescriptor serviceDescriptor, CallSiteChain callSiteChain)
   at Microsoft.Extensions.DependencyInjection.ServiceProvider.ValidateService(ServiceDescriptor descriptor)
----- Inner Stack Trace #4 (System.InvalidOperationException) -----
   at Microsoft.Extensions.DependencyInjection.ServiceProvider.ValidateService(ServiceDescriptor descriptor)
   at Microsoft.Extensions.DependencyInjection.ServiceProvider..ctor(ICollection`1 serviceDescriptors, ServiceProviderOptions options)
----- Inner Stack Trace -----
   at Microsoft.Extensions.DependencyInjection.ServiceLookup.CallSiteFactory.CreateArgumentCallSites(ServiceIdentifier serviceIdentifier, Type implementationType, CallSiteChain callSiteChain, ParameterInfo[] parameters, Boolean throwIfCallSiteNotFound)
   at Microsoft.Extensions.DependencyInjection.ServiceLookup.CallSiteFactory.CreateConstructorCallSite(ResultCache lifetime, ServiceIdentifier serviceIdentifier, Type implementationType, CallSiteChain callSiteChain)
   at Microsoft.Extensions.DependencyInjection.ServiceLookup.CallSiteFactory.TryCreateExact(ServiceDescriptor descriptor, ServiceIdentifier serviceIdentifier, CallSiteChain callSiteChain, Int32 slot)
   at Microsoft.Extensions.DependencyInjection.ServiceLookup.CallSiteFactory.TryCreateExact(ServiceIdentifier serviceIdentifier, CallSiteChain callSiteChain)
   at Microsoft.Extensions.DependencyInjection.ServiceLookup.CallSiteFactory.CreateCallSite(ServiceIdentifier serviceIdentifier, CallSiteChain callSiteChain)
   at Microsoft.Extensions.DependencyInjection.ServiceLookup.CallSiteFactory.CreateArgumentCallSites(ServiceIdentifier serviceIdentifier, Type implementationType, CallSiteChain callSiteChain, ParameterInfo[] parameters, Boolean throwIfCallSiteNotFound)
   at Microsoft.Extensions.DependencyInjection.ServiceLookup.CallSiteFactory.CreateConstructorCallSite(ResultCache lifetime, ServiceIdentifier serviceIdentifier, Type implementationType, CallSiteChain callSiteChain)
   at Microsoft.Extensions.DependencyInjection.ServiceLookup.CallSiteFactory.TryCreateExact(ServiceDescriptor descriptor, ServiceIdentifier serviceIdentifier, CallSiteChain callSiteChain, Int32 slot)
   at Microsoft.Extensions.DependencyInjection.ServiceLookup.CallSiteFactory.GetCallSite(ServiceDescriptor serviceDescriptor, CallSiteChain callSiteChain)
   at Microsoft.Extensions.DependencyInjection.ServiceProvider.ValidateService(ServiceDescriptor descriptor)
----- Inner Stack Trace #5 (System.InvalidOperationException) -----
   at Microsoft.Extensions.DependencyInjection.ServiceProvider.ValidateService(ServiceDescriptor descriptor)
   at Microsoft.Extensions.DependencyInjection.ServiceProvider..ctor(ICollection`1 serviceDescriptors, ServiceProviderOptions options)
----- Inner Stack Trace -----
   at Microsoft.Extensions.DependencyInjection.ServiceLookup.CallSiteFactory.CreateArgumentCallSites(ServiceIdentifier serviceIdentifier, Type implementationType, CallSiteChain callSiteChain, ParameterInfo[] parameters, Boolean throwIfCallSiteNotFound)
   at Microsoft.Extensions.DependencyInjection.ServiceLookup.CallSiteFactory.CreateConstructorCallSite(ResultCache lifetime, ServiceIdentifier serviceIdentifier, Type implementationType, CallSiteChain callSiteChain)
   at Microsoft.Extensions.DependencyInjection.ServiceLookup.CallSiteFactory.TryCreateExact(ServiceDescriptor descriptor, ServiceIdentifier serviceIdentifier, CallSiteChain callSiteChain, Int32 slot)
   at Microsoft.Extensions.DependencyInjection.ServiceLookup.CallSiteFactory.GetCallSite(ServiceDescriptor serviceDescriptor, CallSiteChain callSiteChain)
   at Microsoft.Extensions.DependencyInjection.ServiceProvider.ValidateService(ServiceDescriptor descriptor)
  Failed Industrial.Adam.Oee.Tests.Integration.OeeControllerIntegrationTests.GetOeeHistory_WithInvalidPeriod_ReturnsBadRequest [1 ms]
  Error Message:
   System.AggregateException : Some services are not able to be constructed (Error while validating the service descriptor 'ServiceType: Industrial.Adam.Oee.Domain.Interfaces.IJobSequencingService Lifetime: Scoped ImplementationType: Industrial.Adam.Oee.Domain.Services.JobSequencingService': Unable to resolve service for type 'Industrial.Adam.Oee.Domain.Interfaces.IEquipmentLineRepository' while attempting to activate 'Industrial.Adam.Oee.Domain.Services.JobSequencingService'.) (Error while validating the service descriptor 'ServiceType: Industrial.Adam.Oee.Domain.Interfaces.IEquipmentLineService Lifetime: Scoped ImplementationType: Industrial.Adam.Oee.Domain.Services.EquipmentLineService': Unable to resolve service for type 'Industrial.Adam.Oee.Domain.Interfaces.IEquipmentLineRepository' while attempting to activate 'Industrial.Adam.Oee.Domain.Services.EquipmentLineService'.) (Error while validating the service descriptor 'ServiceType: Industrial.Adam.Oee.Domain.Interfaces.IStoppageDetectionService Lifetime: Scoped ImplementationType: Industrial.Adam.Oee.Domain.Services.StoppageDetectionService': Unable to resolve service for type 'Industrial.Adam.Oee.Domain.Interfaces.IEquipmentLineRepository' while attempting to activate 'Industrial.Adam.Oee.Domain.Services.StoppageDetectionService'.) (Error while validating the service descriptor 'ServiceType: MediatR.IRequestHandler`2[Industrial.Adam.Oee.Application.Commands.StartWorkOrderCommand,System.String] Lifetime: Transient ImplementationType: Industrial.Adam.Oee.Application.Commands.Handlers.StartWorkOrderCommandHandler': Unable to resolve service for type 'Industrial.Adam.Oee.Domain.Interfaces.IEquipmentLineRepository' while attempting to activate 'Industrial.Adam.Oee.Domain.Services.JobSequencingService'.) (Error while validating the service descriptor 'ServiceType: Industrial.Adam.Oee.Domain.Interfaces.ISimpleJobQueueService Lifetime: Scoped ImplementationType: Industrial.Adam.Oee.Domain.Services.SimpleJobQueueService': Unable to resolve service for type 'Industrial.Adam.Oee.Domain.Interfaces.ISimpleJobQueueRepository' while attempting to activate 'Industrial.Adam.Oee.Domain.Services.SimpleJobQueueService'.)
---- System.InvalidOperationException : Error while validating the service descriptor 'ServiceType: Industrial.Adam.Oee.Domain.Interfaces.IJobSequencingService Lifetime: Scoped ImplementationType: Industrial.Adam.Oee.Domain.Services.JobSequencingService': Unable to resolve service for type 'Industrial.Adam.Oee.Domain.Interfaces.IEquipmentLineRepository' while attempting to activate 'Industrial.Adam.Oee.Domain.Services.JobSequencingService'.
-------- System.InvalidOperationException : Unable to resolve service for type 'Industrial.Adam.Oee.Domain.Interfaces.IEquipmentLineRepository' while attempting to activate 'Industrial.Adam.Oee.Domain.Services.JobSequencingService'.
---- System.InvalidOperationException : Error while validating the service descriptor 'ServiceType: Industrial.Adam.Oee.Domain.Interfaces.IEquipmentLineService Lifetime: Scoped ImplementationType: Industrial.Adam.Oee.Domain.Services.EquipmentLineService': Unable to resolve service for type 'Industrial.Adam.Oee.Domain.Interfaces.IEquipmentLineRepository' while attempting to activate 'Industrial.Adam.Oee.Domain.Services.EquipmentLineService'.
-------- System.InvalidOperationException : Unable to resolve service for type 'Industrial.Adam.Oee.Domain.Interfaces.IEquipmentLineRepository' while attempting to activate 'Industrial.Adam.Oee.Domain.Services.EquipmentLineService'.
---- System.InvalidOperationException : Error while validating the service descriptor 'ServiceType: Industrial.Adam.Oee.Domain.Interfaces.IStoppageDetectionService Lifetime: Scoped ImplementationType: Industrial.Adam.Oee.Domain.Services.StoppageDetectionService': Unable to resolve service for type 'Industrial.Adam.Oee.Domain.Interfaces.IEquipmentLineRepository' while attempting to activate 'Industrial.Adam.Oee.Domain.Services.StoppageDetectionService'.
-------- System.InvalidOperationException : Unable to resolve service for type 'Industrial.Adam.Oee.Domain.Interfaces.IEquipmentLineRepository' while attempting to activate 'Industrial.Adam.Oee.Domain.Services.StoppageDetectionService'.
---- System.InvalidOperationException : Error while validating the service descriptor 'ServiceType: MediatR.IRequestHandler`2[Industrial.Adam.Oee.Application.Commands.StartWorkOrderCommand,System.String] Lifetime: Transient ImplementationType: Industrial.Adam.Oee.Application.Commands.Handlers.StartWorkOrderCommandHandler': Unable to resolve service for type 'Industrial.Adam.Oee.Domain.Interfaces.IEquipmentLineRepository' while attempting to activate 'Industrial.Adam.Oee.Domain.Services.JobSequencingService'.
-------- System.InvalidOperationException : Unable to resolve service for type 'Industrial.Adam.Oee.Domain.Interfaces.IEquipmentLineRepository' while attempting to activate 'Industrial.Adam.Oee.Domain.Services.JobSequencingService'.
---- System.InvalidOperationException : Error while validating the service descriptor 'ServiceType: Industrial.Adam.Oee.Domain.Interfaces.ISimpleJobQueueService Lifetime: Scoped ImplementationType: Industrial.Adam.Oee.Domain.Services.SimpleJobQueueService': Unable to resolve service for type 'Industrial.Adam.Oee.Domain.Interfaces.ISimpleJobQueueRepository' while attempting to activate 'Industrial.Adam.Oee.Domain.Services.SimpleJobQueueService'.
-------- System.InvalidOperationException : Unable to resolve service for type 'Industrial.Adam.Oee.Domain.Interfaces.ISimpleJobQueueRepository' while attempting to activate 'Industrial.Adam.Oee.Domain.Services.SimpleJobQueueService'.
  Stack Trace:
     at Microsoft.Extensions.DependencyInjection.ServiceProvider..ctor(ICollection`1 serviceDescriptors, ServiceProviderOptions options)
   at Microsoft.Extensions.DependencyInjection.ServiceCollectionContainerBuilderExtensions.BuildServiceProvider(IServiceCollection services, ServiceProviderOptions options)
   at Microsoft.Extensions.Hosting.HostApplicationBuilder.Build()
   at Microsoft.AspNetCore.Builder.WebApplicationBuilder.Build()
   at Program.<Main>$(String[] args) in /home/grant/adam-6000-counter/src/Industrial.Adam.Oee/WebApi/Program.cs:line 89
   at InvokeStub_Program.<Main>$(Object, Span`1)
   at System.Reflection.MethodBaseInvoker.InvokeWithOneArg(Object obj, BindingFlags invokeAttr, Binder binder, Object[] parameters, CultureInfo culture)
--- End of stack trace from previous location ---
   at Microsoft.Extensions.Hosting.HostFactoryResolver.HostingListener.CreateHost()
   at Microsoft.Extensions.Hosting.HostFactoryResolver.<>c__DisplayClass10_0.<ResolveHostFactory>b__0(String[] args)
   at Microsoft.AspNetCore.Mvc.Testing.DeferredHostBuilder.Build()
   at Microsoft.AspNetCore.Mvc.Testing.WebApplicationFactory`1.CreateHost(IHostBuilder builder)
   at Microsoft.AspNetCore.Mvc.Testing.WebApplicationFactory`1.ConfigureHostBuilder(IHostBuilder hostBuilder)
   at Microsoft.AspNetCore.Mvc.Testing.WebApplicationFactory`1.EnsureServer()
   at Microsoft.AspNetCore.Mvc.Testing.WebApplicationFactory`1.CreateDefaultClient(DelegatingHandler[] handlers)
   at Microsoft.AspNetCore.Mvc.Testing.WebApplicationFactory`1.CreateDefaultClient(Uri baseAddress, DelegatingHandler[] handlers)
   at Microsoft.AspNetCore.Mvc.Testing.WebApplicationFactory`1.CreateClient(WebApplicationFactoryClientOptions options)
   at Microsoft.AspNetCore.Mvc.Testing.WebApplicationFactory`1.CreateClient()
   at Industrial.Adam.Oee.Tests.Integration.OeeControllerIntegrationTests..ctor(WebApplicationFactory`1 factory) in /home/grant/adam-6000-counter/src/Industrial.Adam.Oee/Tests/Integration/OeeControllerIntegrationTests.cs:line 21
   at InvokeStub_OeeControllerIntegrationTests..ctor(Object, Span`1)
   at System.Reflection.MethodBaseInvoker.InvokeWithOneArg(Object obj, BindingFlags invokeAttr, Binder binder, Object[] parameters, CultureInfo culture)
----- Inner Stack Trace #1 (System.InvalidOperationException) -----
   at Microsoft.Extensions.DependencyInjection.ServiceProvider.ValidateService(ServiceDescriptor descriptor)
   at Microsoft.Extensions.DependencyInjection.ServiceProvider..ctor(ICollection`1 serviceDescriptors, ServiceProviderOptions options)
----- Inner Stack Trace -----
   at Microsoft.Extensions.DependencyInjection.ServiceLookup.CallSiteFactory.CreateArgumentCallSites(ServiceIdentifier serviceIdentifier, Type implementationType, CallSiteChain callSiteChain, ParameterInfo[] parameters, Boolean throwIfCallSiteNotFound)
   at Microsoft.Extensions.DependencyInjection.ServiceLookup.CallSiteFactory.CreateConstructorCallSite(ResultCache lifetime, ServiceIdentifier serviceIdentifier, Type implementationType, CallSiteChain callSiteChain)
   at Microsoft.Extensions.DependencyInjection.ServiceLookup.CallSiteFactory.TryCreateExact(ServiceDescriptor descriptor, ServiceIdentifier serviceIdentifier, CallSiteChain callSiteChain, Int32 slot)
   at Microsoft.Extensions.DependencyInjection.ServiceLookup.CallSiteFactory.GetCallSite(ServiceDescriptor serviceDescriptor, CallSiteChain callSiteChain)
   at Microsoft.Extensions.DependencyInjection.ServiceProvider.ValidateService(ServiceDescriptor descriptor)
----- Inner Stack Trace #2 (System.InvalidOperationException) -----
   at Microsoft.Extensions.DependencyInjection.ServiceProvider.ValidateService(ServiceDescriptor descriptor)
   at Microsoft.Extensions.DependencyInjection.ServiceProvider..ctor(ICollection`1 serviceDescriptors, ServiceProviderOptions options)
----- Inner Stack Trace -----
   at Microsoft.Extensions.DependencyInjection.ServiceLookup.CallSiteFactory.CreateArgumentCallSites(ServiceIdentifier serviceIdentifier, Type implementationType, CallSiteChain callSiteChain, ParameterInfo[] parameters, Boolean throwIfCallSiteNotFound)
   at Microsoft.Extensions.DependencyInjection.ServiceLookup.CallSiteFactory.CreateConstructorCallSite(ResultCache lifetime, ServiceIdentifier serviceIdentifier, Type implementationType, CallSiteChain callSiteChain)
   at Microsoft.Extensions.DependencyInjection.ServiceLookup.CallSiteFactory.TryCreateExact(ServiceDescriptor descriptor, ServiceIdentifier serviceIdentifier, CallSiteChain callSiteChain, Int32 slot)
   at Microsoft.Extensions.DependencyInjection.ServiceLookup.CallSiteFactory.GetCallSite(ServiceDescriptor serviceDescriptor, CallSiteChain callSiteChain)
   at Microsoft.Extensions.DependencyInjection.ServiceProvider.ValidateService(ServiceDescriptor descriptor)
----- Inner Stack Trace #3 (System.InvalidOperationException) -----
   at Microsoft.Extensions.DependencyInjection.ServiceProvider.ValidateService(ServiceDescriptor descriptor)
   at Microsoft.Extensions.DependencyInjection.ServiceProvider..ctor(ICollection`1 serviceDescriptors, ServiceProviderOptions options)
----- Inner Stack Trace -----
   at Microsoft.Extensions.DependencyInjection.ServiceLookup.CallSiteFactory.CreateArgumentCallSites(ServiceIdentifier serviceIdentifier, Type implementationType, CallSiteChain callSiteChain, ParameterInfo[] parameters, Boolean throwIfCallSiteNotFound)
   at Microsoft.Extensions.DependencyInjection.ServiceLookup.CallSiteFactory.CreateConstructorCallSite(ResultCache lifetime, ServiceIdentifier serviceIdentifier, Type implementationType, CallSiteChain callSiteChain)
   at Microsoft.Extensions.DependencyInjection.ServiceLookup.CallSiteFactory.TryCreateExact(ServiceDescriptor descriptor, ServiceIdentifier serviceIdentifier, CallSiteChain callSiteChain, Int32 slot)
   at Microsoft.Extensions.DependencyInjection.ServiceLookup.CallSiteFactory.GetCallSite(ServiceDescriptor serviceDescriptor, CallSiteChain callSiteChain)
   at Microsoft.Extensions.DependencyInjection.ServiceProvider.ValidateService(ServiceDescriptor descriptor)
----- Inner Stack Trace #4 (System.InvalidOperationException) -----
   at Microsoft.Extensions.DependencyInjection.ServiceProvider.ValidateService(ServiceDescriptor descriptor)
   at Microsoft.Extensions.DependencyInjection.ServiceProvider..ctor(ICollection`1 serviceDescriptors, ServiceProviderOptions options)
----- Inner Stack Trace -----
   at Microsoft.Extensions.DependencyInjection.ServiceLookup.CallSiteFactory.CreateArgumentCallSites(ServiceIdentifier serviceIdentifier, Type implementationType, CallSiteChain callSiteChain, ParameterInfo[] parameters, Boolean throwIfCallSiteNotFound)
   at Microsoft.Extensions.DependencyInjection.ServiceLookup.CallSiteFactory.CreateConstructorCallSite(ResultCache lifetime, ServiceIdentifier serviceIdentifier, Type implementationType, CallSiteChain callSiteChain)
   at Microsoft.Extensions.DependencyInjection.ServiceLookup.CallSiteFactory.TryCreateExact(ServiceDescriptor descriptor, ServiceIdentifier serviceIdentifier, CallSiteChain callSiteChain, Int32 slot)
   at Microsoft.Extensions.DependencyInjection.ServiceLookup.CallSiteFactory.TryCreateExact(ServiceIdentifier serviceIdentifier, CallSiteChain callSiteChain)
   at Microsoft.Extensions.DependencyInjection.ServiceLookup.CallSiteFactory.CreateCallSite(ServiceIdentifier serviceIdentifier, CallSiteChain callSiteChain)
   at Microsoft.Extensions.DependencyInjection.ServiceLookup.CallSiteFactory.CreateArgumentCallSites(ServiceIdentifier serviceIdentifier, Type implementationType, CallSiteChain callSiteChain, ParameterInfo[] parameters, Boolean throwIfCallSiteNotFound)
   at Microsoft.Extensions.DependencyInjection.ServiceLookup.CallSiteFactory.CreateConstructorCallSite(ResultCache lifetime, ServiceIdentifier serviceIdentifier, Type implementationType, CallSiteChain callSiteChain)
   at Microsoft.Extensions.DependencyInjection.ServiceLookup.CallSiteFactory.TryCreateExact(ServiceDescriptor descriptor, ServiceIdentifier serviceIdentifier, CallSiteChain callSiteChain, Int32 slot)
   at Microsoft.Extensions.DependencyInjection.ServiceLookup.CallSiteFactory.GetCallSite(ServiceDescriptor serviceDescriptor, CallSiteChain callSiteChain)
   at Microsoft.Extensions.DependencyInjection.ServiceProvider.ValidateService(ServiceDescriptor descriptor)
----- Inner Stack Trace #5 (System.InvalidOperationException) -----
   at Microsoft.Extensions.DependencyInjection.ServiceProvider.ValidateService(ServiceDescriptor descriptor)
   at Microsoft.Extensions.DependencyInjection.ServiceProvider..ctor(ICollection`1 serviceDescriptors, ServiceProviderOptions options)
----- Inner Stack Trace -----
   at Microsoft.Extensions.DependencyInjection.ServiceLookup.CallSiteFactory.CreateArgumentCallSites(ServiceIdentifier serviceIdentifier, Type implementationType, CallSiteChain callSiteChain, ParameterInfo[] parameters, Boolean throwIfCallSiteNotFound)
   at Microsoft.Extensions.DependencyInjection.ServiceLookup.CallSiteFactory.CreateConstructorCallSite(ResultCache lifetime, ServiceIdentifier serviceIdentifier, Type implementationType, CallSiteChain callSiteChain)
   at Microsoft.Extensions.DependencyInjection.ServiceLookup.CallSiteFactory.TryCreateExact(ServiceDescriptor descriptor, ServiceIdentifier serviceIdentifier, CallSiteChain callSiteChain, Int32 slot)
   at Microsoft.Extensions.DependencyInjection.ServiceLookup.CallSiteFactory.GetCallSite(ServiceDescriptor serviceDescriptor, CallSiteChain callSiteChain)
   at Microsoft.Extensions.DependencyInjection.ServiceProvider.ValidateService(ServiceDescriptor descriptor)
  Failed Industrial.Adam.Oee.Tests.Integration.JobsControllerIntegrationTests.GetWorkOrder_WithValidId_ReturnsWorkOrderOrNotFound [1 ms]
  Error Message:
   System.AggregateException : Some services are not able to be constructed (Error while validating the service descriptor 'ServiceType: Industrial.Adam.Oee.Domain.Interfaces.IJobSequencingService Lifetime: Scoped ImplementationType: Industrial.Adam.Oee.Domain.Services.JobSequencingService': Unable to resolve service for type 'Industrial.Adam.Oee.Domain.Interfaces.IEquipmentLineRepository' while attempting to activate 'Industrial.Adam.Oee.Domain.Services.JobSequencingService'.) (Error while validating the service descriptor 'ServiceType: Industrial.Adam.Oee.Domain.Interfaces.IEquipmentLineService Lifetime: Scoped ImplementationType: Industrial.Adam.Oee.Domain.Services.EquipmentLineService': Unable to resolve service for type 'Industrial.Adam.Oee.Domain.Interfaces.IEquipmentLineRepository' while attempting to activate 'Industrial.Adam.Oee.Domain.Services.EquipmentLineService'.) (Error while validating the service descriptor 'ServiceType: Industrial.Adam.Oee.Domain.Interfaces.IStoppageDetectionService Lifetime: Scoped ImplementationType: Industrial.Adam.Oee.Domain.Services.StoppageDetectionService': Unable to resolve service for type 'Industrial.Adam.Oee.Domain.Interfaces.IEquipmentLineRepository' while attempting to activate 'Industrial.Adam.Oee.Domain.Services.StoppageDetectionService'.) (Error while validating the service descriptor 'ServiceType: MediatR.IRequestHandler`2[Industrial.Adam.Oee.Application.Commands.StartWorkOrderCommand,System.String] Lifetime: Transient ImplementationType: Industrial.Adam.Oee.Application.Commands.Handlers.StartWorkOrderCommandHandler': Unable to resolve service for type 'Industrial.Adam.Oee.Domain.Interfaces.IEquipmentLineRepository' while attempting to activate 'Industrial.Adam.Oee.Domain.Services.JobSequencingService'.) (Error while validating the service descriptor 'ServiceType: Industrial.Adam.Oee.Domain.Interfaces.ISimpleJobQueueService Lifetime: Scoped ImplementationType: Industrial.Adam.Oee.Domain.Services.SimpleJobQueueService': Unable to resolve service for type 'Industrial.Adam.Oee.Domain.Interfaces.ISimpleJobQueueRepository' while attempting to activate 'Industrial.Adam.Oee.Domain.Services.SimpleJobQueueService'.)
---- System.InvalidOperationException : Error while validating the service descriptor 'ServiceType: Industrial.Adam.Oee.Domain.Interfaces.IJobSequencingService Lifetime: Scoped ImplementationType: Industrial.Adam.Oee.Domain.Services.JobSequencingService': Unable to resolve service for type 'Industrial.Adam.Oee.Domain.Interfaces.IEquipmentLineRepository' while attempting to activate 'Industrial.Adam.Oee.Domain.Services.JobSequencingService'.
-------- System.InvalidOperationException : Unable to resolve service for type 'Industrial.Adam.Oee.Domain.Interfaces.IEquipmentLineRepository' while attempting to activate 'Industrial.Adam.Oee.Domain.Services.JobSequencingService'.
---- System.InvalidOperationException : Error while validating the service descriptor 'ServiceType: Industrial.Adam.Oee.Domain.Interfaces.IEquipmentLineService Lifetime: Scoped ImplementationType: Industrial.Adam.Oee.Domain.Services.EquipmentLineService': Unable to resolve service for type 'Industrial.Adam.Oee.Domain.Interfaces.IEquipmentLineRepository' while attempting to activate 'Industrial.Adam.Oee.Domain.Services.EquipmentLineService'.
-------- System.InvalidOperationException : Unable to resolve service for type 'Industrial.Adam.Oee.Domain.Interfaces.IEquipmentLineRepository' while attempting to activate 'Industrial.Adam.Oee.Domain.Services.EquipmentLineService'.
---- System.InvalidOperationException : Error while validating the service descriptor 'ServiceType: Industrial.Adam.Oee.Domain.Interfaces.IStoppageDetectionService Lifetime: Scoped ImplementationType: Industrial.Adam.Oee.Domain.Services.StoppageDetectionService': Unable to resolve service for type 'Industrial.Adam.Oee.Domain.Interfaces.IEquipmentLineRepository' while attempting to activate 'Industrial.Adam.Oee.Domain.Services.StoppageDetectionService'.
-------- System.InvalidOperationException : Unable to resolve service for type 'Industrial.Adam.Oee.Domain.Interfaces.IEquipmentLineRepository' while attempting to activate 'Industrial.Adam.Oee.Domain.Services.StoppageDetectionService'.
---- System.InvalidOperationException : Error while validating the service descriptor 'ServiceType: MediatR.IRequestHandler`2[Industrial.Adam.Oee.Application.Commands.StartWorkOrderCommand,System.String] Lifetime: Transient ImplementationType: Industrial.Adam.Oee.Application.Commands.Handlers.StartWorkOrderCommandHandler': Unable to resolve service for type 'Industrial.Adam.Oee.Domain.Interfaces.IEquipmentLineRepository' while attempting to activate 'Industrial.Adam.Oee.Domain.Services.JobSequencingService'.
-------- System.InvalidOperationException : Unable to resolve service for type 'Industrial.Adam.Oee.Domain.Interfaces.IEquipmentLineRepository' while attempting to activate 'Industrial.Adam.Oee.Domain.Services.JobSequencingService'.
---- System.InvalidOperationException : Error while validating the service descriptor 'ServiceType: Industrial.Adam.Oee.Domain.Interfaces.ISimpleJobQueueService Lifetime: Scoped ImplementationType: Industrial.Adam.Oee.Domain.Services.SimpleJobQueueService': Unable to resolve service for type 'Industrial.Adam.Oee.Domain.Interfaces.ISimpleJobQueueRepository' while attempting to activate 'Industrial.Adam.Oee.Domain.Services.SimpleJobQueueService'.
-------- System.InvalidOperationException : Unable to resolve service for type 'Industrial.Adam.Oee.Domain.Interfaces.ISimpleJobQueueRepository' while attempting to activate 'Industrial.Adam.Oee.Domain.Services.SimpleJobQueueService'.
  Stack Trace:
     at Microsoft.Extensions.DependencyInjection.ServiceProvider..ctor(ICollection`1 serviceDescriptors, ServiceProviderOptions options)
   at Microsoft.Extensions.DependencyInjection.ServiceCollectionContainerBuilderExtensions.BuildServiceProvider(IServiceCollection services, ServiceProviderOptions options)
   at Microsoft.Extensions.Hosting.HostApplicationBuilder.Build()
   at Microsoft.AspNetCore.Builder.WebApplicationBuilder.Build()
   at Program.<Main>$(String[] args) in /home/grant/adam-6000-counter/src/Industrial.Adam.Oee/WebApi/Program.cs:line 89
   at InvokeStub_Program.<Main>$(Object, Span`1)
   at System.Reflection.MethodBaseInvoker.InvokeWithOneArg(Object obj, BindingFlags invokeAttr, Binder binder, Object[] parameters, CultureInfo culture)
--- End of stack trace from previous location ---
   at Microsoft.Extensions.Hosting.HostFactoryResolver.HostingListener.CreateHost()
   at Microsoft.Extensions.Hosting.HostFactoryResolver.<>c__DisplayClass10_0.<ResolveHostFactory>b__0(String[] args)
   at Microsoft.AspNetCore.Mvc.Testing.DeferredHostBuilder.Build()
   at Microsoft.AspNetCore.Mvc.Testing.WebApplicationFactory`1.CreateHost(IHostBuilder builder)
   at Microsoft.AspNetCore.Mvc.Testing.WebApplicationFactory`1.ConfigureHostBuilder(IHostBuilder hostBuilder)
   at Microsoft.AspNetCore.Mvc.Testing.WebApplicationFactory`1.EnsureServer()
   at Microsoft.AspNetCore.Mvc.Testing.WebApplicationFactory`1.CreateDefaultClient(DelegatingHandler[] handlers)
   at Microsoft.AspNetCore.Mvc.Testing.WebApplicationFactory`1.CreateDefaultClient(Uri baseAddress, DelegatingHandler[] handlers)
   at Microsoft.AspNetCore.Mvc.Testing.WebApplicationFactory`1.CreateClient(WebApplicationFactoryClientOptions options)
   at Microsoft.AspNetCore.Mvc.Testing.WebApplicationFactory`1.CreateClient()
   at Industrial.Adam.Oee.Tests.Integration.JobsControllerIntegrationTests..ctor(WebApplicationFactory`1 factory) in /home/grant/adam-6000-counter/src/Industrial.Adam.Oee/Tests/Integration/JobsControllerIntegrationTests.cs:line 24
   at InvokeStub_JobsControllerIntegrationTests..ctor(Object, Span`1)
   at System.Reflection.MethodBaseInvoker.InvokeWithOneArg(Object obj, BindingFlags invokeAttr, Binder binder, Object[] parameters, CultureInfo culture)
----- Inner Stack Trace #1 (System.InvalidOperationException) -----
   at Microsoft.Extensions.DependencyInjection.ServiceProvider.ValidateService(ServiceDescriptor descriptor)
   at Microsoft.Extensions.DependencyInjection.ServiceProvider..ctor(ICollection`1 serviceDescriptors, ServiceProviderOptions options)
----- Inner Stack Trace -----
   at Microsoft.Extensions.DependencyInjection.ServiceLookup.CallSiteFactory.CreateArgumentCallSites(ServiceIdentifier serviceIdentifier, Type implementationType, CallSiteChain callSiteChain, ParameterInfo[] parameters, Boolean throwIfCallSiteNotFound)
   at Microsoft.Extensions.DependencyInjection.ServiceLookup.CallSiteFactory.CreateConstructorCallSite(ResultCache lifetime, ServiceIdentifier serviceIdentifier, Type implementationType, CallSiteChain callSiteChain)
   at Microsoft.Extensions.DependencyInjection.ServiceLookup.CallSiteFactory.TryCreateExact(ServiceDescriptor descriptor, ServiceIdentifier serviceIdentifier, CallSiteChain callSiteChain, Int32 slot)
   at Microsoft.Extensions.DependencyInjection.ServiceLookup.CallSiteFactory.GetCallSite(ServiceDescriptor serviceDescriptor, CallSiteChain callSiteChain)
   at Microsoft.Extensions.DependencyInjection.ServiceProvider.ValidateService(ServiceDescriptor descriptor)
----- Inner Stack Trace #2 (System.InvalidOperationException) -----
   at Microsoft.Extensions.DependencyInjection.ServiceProvider.ValidateService(ServiceDescriptor descriptor)
   at Microsoft.Extensions.DependencyInjection.ServiceProvider..ctor(ICollection`1 serviceDescriptors, ServiceProviderOptions options)
----- Inner Stack Trace -----
   at Microsoft.Extensions.DependencyInjection.ServiceLookup.CallSiteFactory.CreateArgumentCallSites(ServiceIdentifier serviceIdentifier, Type implementationType, CallSiteChain callSiteChain, ParameterInfo[] parameters, Boolean throwIfCallSiteNotFound)
   at Microsoft.Extensions.DependencyInjection.ServiceLookup.CallSiteFactory.CreateConstructorCallSite(ResultCache lifetime, ServiceIdentifier serviceIdentifier, Type implementationType, CallSiteChain callSiteChain)
   at Microsoft.Extensions.DependencyInjection.ServiceLookup.CallSiteFactory.TryCreateExact(ServiceDescriptor descriptor, ServiceIdentifier serviceIdentifier, CallSiteChain callSiteChain, Int32 slot)
   at Microsoft.Extensions.DependencyInjection.ServiceLookup.CallSiteFactory.GetCallSite(ServiceDescriptor serviceDescriptor, CallSiteChain callSiteChain)
   at Microsoft.Extensions.DependencyInjection.ServiceProvider.ValidateService(ServiceDescriptor descriptor)
----- Inner Stack Trace #3 (System.InvalidOperationException) -----
   at Microsoft.Extensions.DependencyInjection.ServiceProvider.ValidateService(ServiceDescriptor descriptor)
   at Microsoft.Extensions.DependencyInjection.ServiceProvider..ctor(ICollection`1 serviceDescriptors, ServiceProviderOptions options)
----- Inner Stack Trace -----
   at Microsoft.Extensions.DependencyInjection.ServiceLookup.CallSiteFactory.CreateArgumentCallSites(ServiceIdentifier serviceIdentifier, Type implementationType, CallSiteChain callSiteChain, ParameterInfo[] parameters, Boolean throwIfCallSiteNotFound)
   at Microsoft.Extensions.DependencyInjection.ServiceLookup.CallSiteFactory.CreateConstructorCallSite(ResultCache lifetime, ServiceIdentifier serviceIdentifier, Type implementationType, CallSiteChain callSiteChain)
   at Microsoft.Extensions.DependencyInjection.ServiceLookup.CallSiteFactory.TryCreateExact(ServiceDescriptor descriptor, ServiceIdentifier serviceIdentifier, CallSiteChain callSiteChain, Int32 slot)
   at Microsoft.Extensions.DependencyInjection.ServiceLookup.CallSiteFactory.GetCallSite(ServiceDescriptor serviceDescriptor, CallSiteChain callSiteChain)
   at Microsoft.Extensions.DependencyInjection.ServiceProvider.ValidateService(ServiceDescriptor descriptor)
----- Inner Stack Trace #4 (System.InvalidOperationException) -----
   at Microsoft.Extensions.DependencyInjection.ServiceProvider.ValidateService(ServiceDescriptor descriptor)
   at Microsoft.Extensions.DependencyInjection.ServiceProvider..ctor(ICollection`1 serviceDescriptors, ServiceProviderOptions options)
----- Inner Stack Trace -----
   at Microsoft.Extensions.DependencyInjection.ServiceLookup.CallSiteFactory.CreateArgumentCallSites(ServiceIdentifier serviceIdentifier, Type implementationType, CallSiteChain callSiteChain, ParameterInfo[] parameters, Boolean throwIfCallSiteNotFound)
   at Microsoft.Extensions.DependencyInjection.ServiceLookup.CallSiteFactory.CreateConstructorCallSite(ResultCache lifetime, ServiceIdentifier serviceIdentifier, Type implementationType, CallSiteChain callSiteChain)
   at Microsoft.Extensions.DependencyInjection.ServiceLookup.CallSiteFactory.TryCreateExact(ServiceDescriptor descriptor, ServiceIdentifier serviceIdentifier, CallSiteChain callSiteChain, Int32 slot)
   at Microsoft.Extensions.DependencyInjection.ServiceLookup.CallSiteFactory.TryCreateExact(ServiceIdentifier serviceIdentifier, CallSiteChain callSiteChain)
   at Microsoft.Extensions.DependencyInjection.ServiceLookup.CallSiteFactory.CreateCallSite(ServiceIdentifier serviceIdentifier, CallSiteChain callSiteChain)
   at Microsoft.Extensions.DependencyInjection.ServiceLookup.CallSiteFactory.CreateArgumentCallSites(ServiceIdentifier serviceIdentifier, Type implementationType, CallSiteChain callSiteChain, ParameterInfo[] parameters, Boolean throwIfCallSiteNotFound)
   at Microsoft.Extensions.DependencyInjection.ServiceLookup.CallSiteFactory.CreateConstructorCallSite(ResultCache lifetime, ServiceIdentifier serviceIdentifier, Type implementationType, CallSiteChain callSiteChain)
   at Microsoft.Extensions.DependencyInjection.ServiceLookup.CallSiteFactory.TryCreateExact(ServiceDescriptor descriptor, ServiceIdentifier serviceIdentifier, CallSiteChain callSiteChain, Int32 slot)
   at Microsoft.Extensions.DependencyInjection.ServiceLookup.CallSiteFactory.GetCallSite(ServiceDescriptor serviceDescriptor, CallSiteChain callSiteChain)
   at Microsoft.Extensions.DependencyInjection.ServiceProvider.ValidateService(ServiceDescriptor descriptor)
----- Inner Stack Trace #5 (System.InvalidOperationException) -----
   at Microsoft.Extensions.DependencyInjection.ServiceProvider.ValidateService(ServiceDescriptor descriptor)
   at Microsoft.Extensions.DependencyInjection.ServiceProvider..ctor(ICollection`1 serviceDescriptors, ServiceProviderOptions options)
----- Inner Stack Trace -----
   at Microsoft.Extensions.DependencyInjection.ServiceLookup.CallSiteFactory.CreateArgumentCallSites(ServiceIdentifier serviceIdentifier, Type implementationType, CallSiteChain callSiteChain, ParameterInfo[] parameters, Boolean throwIfCallSiteNotFound)
   at Microsoft.Extensions.DependencyInjection.ServiceLookup.CallSiteFactory.CreateConstructorCallSite(ResultCache lifetime, ServiceIdentifier serviceIdentifier, Type implementationType, CallSiteChain callSiteChain)
   at Microsoft.Extensions.DependencyInjection.ServiceLookup.CallSiteFactory.TryCreateExact(ServiceDescriptor descriptor, ServiceIdentifier serviceIdentifier, CallSiteChain callSiteChain, Int32 slot)
   at Microsoft.Extensions.DependencyInjection.ServiceLookup.CallSiteFactory.GetCallSite(ServiceDescriptor serviceDescriptor, CallSiteChain callSiteChain)
   at Microsoft.Extensions.DependencyInjection.ServiceProvider.ValidateService(ServiceDescriptor descriptor)
[xUnit.net 00:00:03.03]     Industrial.Adam.Oee.Tests.Integration.StoppagesControllerIntegrationTests.GetStoppageHistory_WithInvalidMinimumMinutes_ReturnsBadRequest(minimumMinutes: -1) [FAIL]
[xUnit.net 00:00:03.08]     Industrial.Adam.Oee.Tests.Integration.JobsControllerIntegrationTests.GetActiveJob_WithMissingDeviceId_ReturnsBadRequest [FAIL]
[xUnit.net 00:00:03.09]     Industrial.Adam.Oee.Tests.Integration.StoppagesControllerIntegrationTests.GetStoppageHistory_WithInvalidMinimumMinutes_ReturnsBadRequest(minimumMinutes: 61) [FAIL]
[xUnit.net 00:00:03.12]     Industrial.Adam.Oee.Tests.Integration.OeeControllerIntegrationTests.GetCurrentOee_WithEmptyDeviceId_ReturnsBadRequest [FAIL]
  Failed Industrial.Adam.Oee.Tests.Integration.StoppagesControllerIntegrationTests.GetStoppageHistory_WithInvalidMinimumMinutes_ReturnsBadRequest(minimumMinutes: -1) [1 ms]
  Error Message:
   System.AggregateException : Some services are not able to be constructed (Error while validating the service descriptor 'ServiceType: Industrial.Adam.Oee.Domain.Interfaces.IJobSequencingService Lifetime: Scoped ImplementationType: Industrial.Adam.Oee.Domain.Services.JobSequencingService': Unable to resolve service for type 'Industrial.Adam.Oee.Domain.Interfaces.IEquipmentLineRepository' while attempting to activate 'Industrial.Adam.Oee.Domain.Services.JobSequencingService'.) (Error while validating the service descriptor 'ServiceType: Industrial.Adam.Oee.Domain.Interfaces.IEquipmentLineService Lifetime: Scoped ImplementationType: Industrial.Adam.Oee.Domain.Services.EquipmentLineService': Unable to resolve service for type 'Industrial.Adam.Oee.Domain.Interfaces.IEquipmentLineRepository' while attempting to activate 'Industrial.Adam.Oee.Domain.Services.EquipmentLineService'.) (Error while validating the service descriptor 'ServiceType: Industrial.Adam.Oee.Domain.Interfaces.IStoppageDetectionService Lifetime: Scoped ImplementationType: Industrial.Adam.Oee.Domain.Services.StoppageDetectionService': Unable to resolve service for type 'Industrial.Adam.Oee.Domain.Interfaces.IEquipmentLineRepository' while attempting to activate 'Industrial.Adam.Oee.Domain.Services.StoppageDetectionService'.) (Error while validating the service descriptor 'ServiceType: MediatR.IRequestHandler`2[Industrial.Adam.Oee.Application.Commands.StartWorkOrderCommand,System.String] Lifetime: Transient ImplementationType: Industrial.Adam.Oee.Application.Commands.Handlers.StartWorkOrderCommandHandler': Unable to resolve service for type 'Industrial.Adam.Oee.Domain.Interfaces.IEquipmentLineRepository' while attempting to activate 'Industrial.Adam.Oee.Domain.Services.JobSequencingService'.) (Error while validating the service descriptor 'ServiceType: Industrial.Adam.Oee.Domain.Interfaces.ISimpleJobQueueService Lifetime: Scoped ImplementationType: Industrial.Adam.Oee.Domain.Services.SimpleJobQueueService': Unable to resolve service for type 'Industrial.Adam.Oee.Domain.Interfaces.ISimpleJobQueueRepository' while attempting to activate 'Industrial.Adam.Oee.Domain.Services.SimpleJobQueueService'.)
---- System.InvalidOperationException : Error while validating the service descriptor 'ServiceType: Industrial.Adam.Oee.Domain.Interfaces.IJobSequencingService Lifetime: Scoped ImplementationType: Industrial.Adam.Oee.Domain.Services.JobSequencingService': Unable to resolve service for type 'Industrial.Adam.Oee.Domain.Interfaces.IEquipmentLineRepository' while attempting to activate 'Industrial.Adam.Oee.Domain.Services.JobSequencingService'.
-------- System.InvalidOperationException : Unable to resolve service for type 'Industrial.Adam.Oee.Domain.Interfaces.IEquipmentLineRepository' while attempting to activate 'Industrial.Adam.Oee.Domain.Services.JobSequencingService'.
---- System.InvalidOperationException : Error while validating the service descriptor 'ServiceType: Industrial.Adam.Oee.Domain.Interfaces.IEquipmentLineService Lifetime: Scoped ImplementationType: Industrial.Adam.Oee.Domain.Services.EquipmentLineService': Unable to resolve service for type 'Industrial.Adam.Oee.Domain.Interfaces.IEquipmentLineRepository' while attempting to activate 'Industrial.Adam.Oee.Domain.Services.EquipmentLineService'.
-------- System.InvalidOperationException : Unable to resolve service for type 'Industrial.Adam.Oee.Domain.Interfaces.IEquipmentLineRepository' while attempting to activate 'Industrial.Adam.Oee.Domain.Services.EquipmentLineService'.
---- System.InvalidOperationException : Error while validating the service descriptor 'ServiceType: Industrial.Adam.Oee.Domain.Interfaces.IStoppageDetectionService Lifetime: Scoped ImplementationType: Industrial.Adam.Oee.Domain.Services.StoppageDetectionService': Unable to resolve service for type 'Industrial.Adam.Oee.Domain.Interfaces.IEquipmentLineRepository' while attempting to activate 'Industrial.Adam.Oee.Domain.Services.StoppageDetectionService'.
-------- System.InvalidOperationException : Unable to resolve service for type 'Industrial.Adam.Oee.Domain.Interfaces.IEquipmentLineRepository' while attempting to activate 'Industrial.Adam.Oee.Domain.Services.StoppageDetectionService'.
---- System.InvalidOperationException : Error while validating the service descriptor 'ServiceType: MediatR.IRequestHandler`2[Industrial.Adam.Oee.Application.Commands.StartWorkOrderCommand,System.String] Lifetime: Transient ImplementationType: Industrial.Adam.Oee.Application.Commands.Handlers.StartWorkOrderCommandHandler': Unable to resolve service for type 'Industrial.Adam.Oee.Domain.Interfaces.IEquipmentLineRepository' while attempting to activate 'Industrial.Adam.Oee.Domain.Services.JobSequencingService'.
-------- System.InvalidOperationException : Unable to resolve service for type 'Industrial.Adam.Oee.Domain.Interfaces.IEquipmentLineRepository' while attempting to activate 'Industrial.Adam.Oee.Domain.Services.JobSequencingService'.
---- System.InvalidOperationException : Error while validating the service descriptor 'ServiceType: Industrial.Adam.Oee.Domain.Interfaces.ISimpleJobQueueService Lifetime: Scoped ImplementationType: Industrial.Adam.Oee.Domain.Services.SimpleJobQueueService': Unable to resolve service for type 'Industrial.Adam.Oee.Domain.Interfaces.ISimpleJobQueueRepository' while attempting to activate 'Industrial.Adam.Oee.Domain.Services.SimpleJobQueueService'.
-------- System.InvalidOperationException : Unable to resolve service for type 'Industrial.Adam.Oee.Domain.Interfaces.ISimpleJobQueueRepository' while attempting to activate 'Industrial.Adam.Oee.Domain.Services.SimpleJobQueueService'.
  Stack Trace:
     at Microsoft.Extensions.DependencyInjection.ServiceProvider..ctor(ICollection`1 serviceDescriptors, ServiceProviderOptions options)
   at Microsoft.Extensions.DependencyInjection.ServiceCollectionContainerBuilderExtensions.BuildServiceProvider(IServiceCollection services, ServiceProviderOptions options)
   at Microsoft.Extensions.Hosting.HostApplicationBuilder.Build()
   at Microsoft.AspNetCore.Builder.WebApplicationBuilder.Build()
   at Program.<Main>$(String[] args) in /home/grant/adam-6000-counter/src/Industrial.Adam.Oee/WebApi/Program.cs:line 89
   at InvokeStub_Program.<Main>$(Object, Span`1)
   at System.Reflection.MethodBaseInvoker.InvokeWithOneArg(Object obj, BindingFlags invokeAttr, Binder binder, Object[] parameters, CultureInfo culture)
--- End of stack trace from previous location ---
   at Microsoft.Extensions.Hosting.HostFactoryResolver.HostingListener.CreateHost()
   at Microsoft.Extensions.Hosting.HostFactoryResolver.<>c__DisplayClass10_0.<ResolveHostFactory>b__0(String[] args)
   at Microsoft.AspNetCore.Mvc.Testing.DeferredHostBuilder.Build()
   at Microsoft.AspNetCore.Mvc.Testing.WebApplicationFactory`1.CreateHost(IHostBuilder builder)
   at Microsoft.AspNetCore.Mvc.Testing.WebApplicationFactory`1.ConfigureHostBuilder(IHostBuilder hostBuilder)
   at Microsoft.AspNetCore.Mvc.Testing.WebApplicationFactory`1.EnsureServer()
   at Microsoft.AspNetCore.Mvc.Testing.WebApplicationFactory`1.CreateDefaultClient(DelegatingHandler[] handlers)
   at Microsoft.AspNetCore.Mvc.Testing.WebApplicationFactory`1.CreateDefaultClient(Uri baseAddress, DelegatingHandler[] handlers)
   at Microsoft.AspNetCore.Mvc.Testing.WebApplicationFactory`1.CreateClient(WebApplicationFactoryClientOptions options)
   at Microsoft.AspNetCore.Mvc.Testing.WebApplicationFactory`1.CreateClient()
   at Industrial.Adam.Oee.Tests.Integration.StoppagesControllerIntegrationTests..ctor(WebApplicationFactory`1 factory) in /home/grant/adam-6000-counter/src/Industrial.Adam.Oee/Tests/Integration/StoppagesControllerIntegrationTests.cs:line 21
   at InvokeStub_StoppagesControllerIntegrationTests..ctor(Object, Span`1)
   at System.Reflection.MethodBaseInvoker.InvokeWithOneArg(Object obj, BindingFlags invokeAttr, Binder binder, Object[] parameters, CultureInfo culture)
----- Inner Stack Trace #1 (System.InvalidOperationException) -----
   at Microsoft.Extensions.DependencyInjection.ServiceProvider.ValidateService(ServiceDescriptor descriptor)
   at Microsoft.Extensions.DependencyInjection.ServiceProvider..ctor(ICollection`1 serviceDescriptors, ServiceProviderOptions options)
----- Inner Stack Trace -----
   at Microsoft.Extensions.DependencyInjection.ServiceLookup.CallSiteFactory.CreateArgumentCallSites(ServiceIdentifier serviceIdentifier, Type implementationType, CallSiteChain callSiteChain, ParameterInfo[] parameters, Boolean throwIfCallSiteNotFound)
   at Microsoft.Extensions.DependencyInjection.ServiceLookup.CallSiteFactory.CreateConstructorCallSite(ResultCache lifetime, ServiceIdentifier serviceIdentifier, Type implementationType, CallSiteChain callSiteChain)
   at Microsoft.Extensions.DependencyInjection.ServiceLookup.CallSiteFactory.TryCreateExact(ServiceDescriptor descriptor, ServiceIdentifier serviceIdentifier, CallSiteChain callSiteChain, Int32 slot)
   at Microsoft.Extensions.DependencyInjection.ServiceLookup.CallSiteFactory.GetCallSite(ServiceDescriptor serviceDescriptor, CallSiteChain callSiteChain)
   at Microsoft.Extensions.DependencyInjection.ServiceProvider.ValidateService(ServiceDescriptor descriptor)
----- Inner Stack Trace #2 (System.InvalidOperationException) -----
   at Microsoft.Extensions.DependencyInjection.ServiceProvider.ValidateService(ServiceDescriptor descriptor)
   at Microsoft.Extensions.DependencyInjection.ServiceProvider..ctor(ICollection`1 serviceDescriptors, ServiceProviderOptions options)
----- Inner Stack Trace -----
   at Microsoft.Extensions.DependencyInjection.ServiceLookup.CallSiteFactory.CreateArgumentCallSites(ServiceIdentifier serviceIdentifier, Type implementationType, CallSiteChain callSiteChain, ParameterInfo[] parameters, Boolean throwIfCallSiteNotFound)
   at Microsoft.Extensions.DependencyInjection.ServiceLookup.CallSiteFactory.CreateConstructorCallSite(ResultCache lifetime, ServiceIdentifier serviceIdentifier, Type implementationType, CallSiteChain callSiteChain)
   at Microsoft.Extensions.DependencyInjection.ServiceLookup.CallSiteFactory.TryCreateExact(ServiceDescriptor descriptor, ServiceIdentifier serviceIdentifier, CallSiteChain callSiteChain, Int32 slot)
   at Microsoft.Extensions.DependencyInjection.ServiceLookup.CallSiteFactory.GetCallSite(ServiceDescriptor serviceDescriptor, CallSiteChain callSiteChain)
   at Microsoft.Extensions.DependencyInjection.ServiceProvider.ValidateService(ServiceDescriptor descriptor)
----- Inner Stack Trace #3 (System.InvalidOperationException) -----
   at Microsoft.Extensions.DependencyInjection.ServiceProvider.ValidateService(ServiceDescriptor descriptor)
   at Microsoft.Extensions.DependencyInjection.ServiceProvider..ctor(ICollection`1 serviceDescriptors, ServiceProviderOptions options)
----- Inner Stack Trace -----
   at Microsoft.Extensions.DependencyInjection.ServiceLookup.CallSiteFactory.CreateArgumentCallSites(ServiceIdentifier serviceIdentifier, Type implementationType, CallSiteChain callSiteChain, ParameterInfo[] parameters, Boolean throwIfCallSiteNotFound)
   at Microsoft.Extensions.DependencyInjection.ServiceLookup.CallSiteFactory.CreateConstructorCallSite(ResultCache lifetime, ServiceIdentifier serviceIdentifier, Type implementationType, CallSiteChain callSiteChain)
   at Microsoft.Extensions.DependencyInjection.ServiceLookup.CallSiteFactory.TryCreateExact(ServiceDescriptor descriptor, ServiceIdentifier serviceIdentifier, CallSiteChain callSiteChain, Int32 slot)
   at Microsoft.Extensions.DependencyInjection.ServiceLookup.CallSiteFactory.GetCallSite(ServiceDescriptor serviceDescriptor, CallSiteChain callSiteChain)
   at Microsoft.Extensions.DependencyInjection.ServiceProvider.ValidateService(ServiceDescriptor descriptor)
----- Inner Stack Trace #4 (System.InvalidOperationException) -----
   at Microsoft.Extensions.DependencyInjection.ServiceProvider.ValidateService(ServiceDescriptor descriptor)
   at Microsoft.Extensions.DependencyInjection.ServiceProvider..ctor(ICollection`1 serviceDescriptors, ServiceProviderOptions options)
----- Inner Stack Trace -----
   at Microsoft.Extensions.DependencyInjection.ServiceLookup.CallSiteFactory.CreateArgumentCallSites(ServiceIdentifier serviceIdentifier, Type implementationType, CallSiteChain callSiteChain, ParameterInfo[] parameters, Boolean throwIfCallSiteNotFound)
   at Microsoft.Extensions.DependencyInjection.ServiceLookup.CallSiteFactory.CreateConstructorCallSite(ResultCache lifetime, ServiceIdentifier serviceIdentifier, Type implementationType, CallSiteChain callSiteChain)
   at Microsoft.Extensions.DependencyInjection.ServiceLookup.CallSiteFactory.TryCreateExact(ServiceDescriptor descriptor, ServiceIdentifier serviceIdentifier, CallSiteChain callSiteChain, Int32 slot)
   at Microsoft.Extensions.DependencyInjection.ServiceLookup.CallSiteFactory.TryCreateExact(ServiceIdentifier serviceIdentifier, CallSiteChain callSiteChain)
   at Microsoft.Extensions.DependencyInjection.ServiceLookup.CallSiteFactory.CreateCallSite(ServiceIdentifier serviceIdentifier, CallSiteChain callSiteChain)
   at Microsoft.Extensions.DependencyInjection.ServiceLookup.CallSiteFactory.CreateArgumentCallSites(ServiceIdentifier serviceIdentifier, Type implementationType, CallSiteChain callSiteChain, ParameterInfo[] parameters, Boolean throwIfCallSiteNotFound)
   at Microsoft.Extensions.DependencyInjection.ServiceLookup.CallSiteFactory.CreateConstructorCallSite(ResultCache lifetime, ServiceIdentifier serviceIdentifier, Type implementationType, CallSiteChain callSiteChain)
   at Microsoft.Extensions.DependencyInjection.ServiceLookup.CallSiteFactory.TryCreateExact(ServiceDescriptor descriptor, ServiceIdentifier serviceIdentifier, CallSiteChain callSiteChain, Int32 slot)
   at Microsoft.Extensions.DependencyInjection.ServiceLookup.CallSiteFactory.GetCallSite(ServiceDescriptor serviceDescriptor, CallSiteChain callSiteChain)
   at Microsoft.Extensions.DependencyInjection.ServiceProvider.ValidateService(ServiceDescriptor descriptor)
----- Inner Stack Trace #5 (System.InvalidOperationException) -----
   at Microsoft.Extensions.DependencyInjection.ServiceProvider.ValidateService(ServiceDescriptor descriptor)
   at Microsoft.Extensions.DependencyInjection.ServiceProvider..ctor(ICollection`1 serviceDescriptors, ServiceProviderOptions options)
----- Inner Stack Trace -----
   at Microsoft.Extensions.DependencyInjection.ServiceLookup.CallSiteFactory.CreateArgumentCallSites(ServiceIdentifier serviceIdentifier, Type implementationType, CallSiteChain callSiteChain, ParameterInfo[] parameters, Boolean throwIfCallSiteNotFound)
   at Microsoft.Extensions.DependencyInjection.ServiceLookup.CallSiteFactory.CreateConstructorCallSite(ResultCache lifetime, ServiceIdentifier serviceIdentifier, Type implementationType, CallSiteChain callSiteChain)
   at Microsoft.Extensions.DependencyInjection.ServiceLookup.CallSiteFactory.TryCreateExact(ServiceDescriptor descriptor, ServiceIdentifier serviceIdentifier, CallSiteChain callSiteChain, Int32 slot)
   at Microsoft.Extensions.DependencyInjection.ServiceLookup.CallSiteFactory.GetCallSite(ServiceDescriptor serviceDescriptor, CallSiteChain callSiteChain)
   at Microsoft.Extensions.DependencyInjection.ServiceProvider.ValidateService(ServiceDescriptor descriptor)
  Failed Industrial.Adam.Oee.Tests.Integration.JobsControllerIntegrationTests.GetActiveJob_WithMissingDeviceId_ReturnsBadRequest [1 ms]
  Error Message:
   System.AggregateException : Some services are not able to be constructed (Error while validating the service descriptor 'ServiceType: Industrial.Adam.Oee.Domain.Interfaces.IJobSequencingService Lifetime: Scoped ImplementationType: Industrial.Adam.Oee.Domain.Services.JobSequencingService': Unable to resolve service for type 'Industrial.Adam.Oee.Domain.Interfaces.IEquipmentLineRepository' while attempting to activate 'Industrial.Adam.Oee.Domain.Services.JobSequencingService'.) (Error while validating the service descriptor 'ServiceType: Industrial.Adam.Oee.Domain.Interfaces.IEquipmentLineService Lifetime: Scoped ImplementationType: Industrial.Adam.Oee.Domain.Services.EquipmentLineService': Unable to resolve service for type 'Industrial.Adam.Oee.Domain.Interfaces.IEquipmentLineRepository' while attempting to activate 'Industrial.Adam.Oee.Domain.Services.EquipmentLineService'.) (Error while validating the service descriptor 'ServiceType: Industrial.Adam.Oee.Domain.Interfaces.IStoppageDetectionService Lifetime: Scoped ImplementationType: Industrial.Adam.Oee.Domain.Services.StoppageDetectionService': Unable to resolve service for type 'Industrial.Adam.Oee.Domain.Interfaces.IEquipmentLineRepository' while attempting to activate 'Industrial.Adam.Oee.Domain.Services.StoppageDetectionService'.) (Error while validating the service descriptor 'ServiceType: MediatR.IRequestHandler`2[Industrial.Adam.Oee.Application.Commands.StartWorkOrderCommand,System.String] Lifetime: Transient ImplementationType: Industrial.Adam.Oee.Application.Commands.Handlers.StartWorkOrderCommandHandler': Unable to resolve service for type 'Industrial.Adam.Oee.Domain.Interfaces.IEquipmentLineRepository' while attempting to activate 'Industrial.Adam.Oee.Domain.Services.JobSequencingService'.) (Error while validating the service descriptor 'ServiceType: Industrial.Adam.Oee.Domain.Interfaces.ISimpleJobQueueService Lifetime: Scoped ImplementationType: Industrial.Adam.Oee.Domain.Services.SimpleJobQueueService': Unable to resolve service for type 'Industrial.Adam.Oee.Domain.Interfaces.ISimpleJobQueueRepository' while attempting to activate 'Industrial.Adam.Oee.Domain.Services.SimpleJobQueueService'.)
---- System.InvalidOperationException : Error while validating the service descriptor 'ServiceType: Industrial.Adam.Oee.Domain.Interfaces.IJobSequencingService Lifetime: Scoped ImplementationType: Industrial.Adam.Oee.Domain.Services.JobSequencingService': Unable to resolve service for type 'Industrial.Adam.Oee.Domain.Interfaces.IEquipmentLineRepository' while attempting to activate 'Industrial.Adam.Oee.Domain.Services.JobSequencingService'.
-------- System.InvalidOperationException : Unable to resolve service for type 'Industrial.Adam.Oee.Domain.Interfaces.IEquipmentLineRepository' while attempting to activate 'Industrial.Adam.Oee.Domain.Services.JobSequencingService'.
---- System.InvalidOperationException : Error while validating the service descriptor 'ServiceType: Industrial.Adam.Oee.Domain.Interfaces.IEquipmentLineService Lifetime: Scoped ImplementationType: Industrial.Adam.Oee.Domain.Services.EquipmentLineService': Unable to resolve service for type 'Industrial.Adam.Oee.Domain.Interfaces.IEquipmentLineRepository' while attempting to activate 'Industrial.Adam.Oee.Domain.Services.EquipmentLineService'.
-------- System.InvalidOperationException : Unable to resolve service for type 'Industrial.Adam.Oee.Domain.Interfaces.IEquipmentLineRepository' while attempting to activate 'Industrial.Adam.Oee.Domain.Services.EquipmentLineService'.
---- System.InvalidOperationException : Error while validating the service descriptor 'ServiceType: Industrial.Adam.Oee.Domain.Interfaces.IStoppageDetectionService Lifetime: Scoped ImplementationType: Industrial.Adam.Oee.Domain.Services.StoppageDetectionService': Unable to resolve service for type 'Industrial.Adam.Oee.Domain.Interfaces.IEquipmentLineRepository' while attempting to activate 'Industrial.Adam.Oee.Domain.Services.StoppageDetectionService'.
-------- System.InvalidOperationException : Unable to resolve service for type 'Industrial.Adam.Oee.Domain.Interfaces.IEquipmentLineRepository' while attempting to activate 'Industrial.Adam.Oee.Domain.Services.StoppageDetectionService'.
---- System.InvalidOperationException : Error while validating the service descriptor 'ServiceType: MediatR.IRequestHandler`2[Industrial.Adam.Oee.Application.Commands.StartWorkOrderCommand,System.String] Lifetime: Transient ImplementationType: Industrial.Adam.Oee.Application.Commands.Handlers.StartWorkOrderCommandHandler': Unable to resolve service for type 'Industrial.Adam.Oee.Domain.Interfaces.IEquipmentLineRepository' while attempting to activate 'Industrial.Adam.Oee.Domain.Services.JobSequencingService'.
-------- System.InvalidOperationException : Unable to resolve service for type 'Industrial.Adam.Oee.Domain.Interfaces.IEquipmentLineRepository' while attempting to activate 'Industrial.Adam.Oee.Domain.Services.JobSequencingService'.
---- System.InvalidOperationException : Error while validating the service descriptor 'ServiceType: Industrial.Adam.Oee.Domain.Interfaces.ISimpleJobQueueService Lifetime: Scoped ImplementationType: Industrial.Adam.Oee.Domain.Services.SimpleJobQueueService': Unable to resolve service for type 'Industrial.Adam.Oee.Domain.Interfaces.ISimpleJobQueueRepository' while attempting to activate 'Industrial.Adam.Oee.Domain.Services.SimpleJobQueueService'.
-------- System.InvalidOperationException : Unable to resolve service for type 'Industrial.Adam.Oee.Domain.Interfaces.ISimpleJobQueueRepository' while attempting to activate 'Industrial.Adam.Oee.Domain.Services.SimpleJobQueueService'.
  Stack Trace:
     at Microsoft.Extensions.DependencyInjection.ServiceProvider..ctor(ICollection`1 serviceDescriptors, ServiceProviderOptions options)
   at Microsoft.Extensions.DependencyInjection.ServiceCollectionContainerBuilderExtensions.BuildServiceProvider(IServiceCollection services, ServiceProviderOptions options)
   at Microsoft.Extensions.Hosting.HostApplicationBuilder.Build()
   at Microsoft.AspNetCore.Builder.WebApplicationBuilder.Build()
   at Program.<Main>$(String[] args) in /home/grant/adam-6000-counter/src/Industrial.Adam.Oee/WebApi/Program.cs:line 89
   at InvokeStub_Program.<Main>$(Object, Span`1)
   at System.Reflection.MethodBaseInvoker.InvokeWithOneArg(Object obj, BindingFlags invokeAttr, Binder binder, Object[] parameters, CultureInfo culture)
--- End of stack trace from previous location ---
   at Microsoft.Extensions.Hosting.HostFactoryResolver.HostingListener.CreateHost()
   at Microsoft.Extensions.Hosting.HostFactoryResolver.<>c__DisplayClass10_0.<ResolveHostFactory>b__0(String[] args)
   at Microsoft.AspNetCore.Mvc.Testing.DeferredHostBuilder.Build()
   at Microsoft.AspNetCore.Mvc.Testing.WebApplicationFactory`1.CreateHost(IHostBuilder builder)
   at Microsoft.AspNetCore.Mvc.Testing.WebApplicationFactory`1.ConfigureHostBuilder(IHostBuilder hostBuilder)
   at Microsoft.AspNetCore.Mvc.Testing.WebApplicationFactory`1.EnsureServer()
   at Microsoft.AspNetCore.Mvc.Testing.WebApplicationFactory`1.CreateDefaultClient(DelegatingHandler[] handlers)
   at Microsoft.AspNetCore.Mvc.Testing.WebApplicationFactory`1.CreateDefaultClient(Uri baseAddress, DelegatingHandler[] handlers)
   at Microsoft.AspNetCore.Mvc.Testing.WebApplicationFactory`1.CreateClient(WebApplicationFactoryClientOptions options)
   at Microsoft.AspNetCore.Mvc.Testing.WebApplicationFactory`1.CreateClient()
   at Industrial.Adam.Oee.Tests.Integration.JobsControllerIntegrationTests..ctor(WebApplicationFactory`1 factory) in /home/grant/adam-6000-counter/src/Industrial.Adam.Oee/Tests/Integration/JobsControllerIntegrationTests.cs:line 24
   at InvokeStub_JobsControllerIntegrationTests..ctor(Object, Span`1)
   at System.Reflection.MethodBaseInvoker.InvokeWithOneArg(Object obj, BindingFlags invokeAttr, Binder binder, Object[] parameters, CultureInfo culture)
----- Inner Stack Trace #1 (System.InvalidOperationException) -----
   at Microsoft.Extensions.DependencyInjection.ServiceProvider.ValidateService(ServiceDescriptor descriptor)
   at Microsoft.Extensions.DependencyInjection.ServiceProvider..ctor(ICollection`1 serviceDescriptors, ServiceProviderOptions options)
----- Inner Stack Trace -----
   at Microsoft.Extensions.DependencyInjection.ServiceLookup.CallSiteFactory.CreateArgumentCallSites(ServiceIdentifier serviceIdentifier, Type implementationType, CallSiteChain callSiteChain, ParameterInfo[] parameters, Boolean throwIfCallSiteNotFound)
   at Microsoft.Extensions.DependencyInjection.ServiceLookup.CallSiteFactory.CreateConstructorCallSite(ResultCache lifetime, ServiceIdentifier serviceIdentifier, Type implementationType, CallSiteChain callSiteChain)
   at Microsoft.Extensions.DependencyInjection.ServiceLookup.CallSiteFactory.TryCreateExact(ServiceDescriptor descriptor, ServiceIdentifier serviceIdentifier, CallSiteChain callSiteChain, Int32 slot)
   at Microsoft.Extensions.DependencyInjection.ServiceLookup.CallSiteFactory.GetCallSite(ServiceDescriptor serviceDescriptor, CallSiteChain callSiteChain)
   at Microsoft.Extensions.DependencyInjection.ServiceProvider.ValidateService(ServiceDescriptor descriptor)
----- Inner Stack Trace #2 (System.InvalidOperationException) -----
   at Microsoft.Extensions.DependencyInjection.ServiceProvider.ValidateService(ServiceDescriptor descriptor)
   at Microsoft.Extensions.DependencyInjection.ServiceProvider..ctor(ICollection`1 serviceDescriptors, ServiceProviderOptions options)
----- Inner Stack Trace -----
   at Microsoft.Extensions.DependencyInjection.ServiceLookup.CallSiteFactory.CreateArgumentCallSites(ServiceIdentifier serviceIdentifier, Type implementationType, CallSiteChain callSiteChain, ParameterInfo[] parameters, Boolean throwIfCallSiteNotFound)
   at Microsoft.Extensions.DependencyInjection.ServiceLookup.CallSiteFactory.CreateConstructorCallSite(ResultCache lifetime, ServiceIdentifier serviceIdentifier, Type implementationType, CallSiteChain callSiteChain)
   at Microsoft.Extensions.DependencyInjection.ServiceLookup.CallSiteFactory.TryCreateExact(ServiceDescriptor descriptor, ServiceIdentifier serviceIdentifier, CallSiteChain callSiteChain, Int32 slot)
   at Microsoft.Extensions.DependencyInjection.ServiceLookup.CallSiteFactory.GetCallSite(ServiceDescriptor serviceDescriptor, CallSiteChain callSiteChain)
   at Microsoft.Extensions.DependencyInjection.ServiceProvider.ValidateService(ServiceDescriptor descriptor)
----- Inner Stack Trace #3 (System.InvalidOperationException) -----
   at Microsoft.Extensions.DependencyInjection.ServiceProvider.ValidateService(ServiceDescriptor descriptor)
   at Microsoft.Extensions.DependencyInjection.ServiceProvider..ctor(ICollection`1 serviceDescriptors, ServiceProviderOptions options)
----- Inner Stack Trace -----
   at Microsoft.Extensions.DependencyInjection.ServiceLookup.CallSiteFactory.CreateArgumentCallSites(ServiceIdentifier serviceIdentifier, Type implementationType, CallSiteChain callSiteChain, ParameterInfo[] parameters, Boolean throwIfCallSiteNotFound)
   at Microsoft.Extensions.DependencyInjection.ServiceLookup.CallSiteFactory.CreateConstructorCallSite(ResultCache lifetime, ServiceIdentifier serviceIdentifier, Type implementationType, CallSiteChain callSiteChain)
   at Microsoft.Extensions.DependencyInjection.ServiceLookup.CallSiteFactory.TryCreateExact(ServiceDescriptor descriptor, ServiceIdentifier serviceIdentifier, CallSiteChain callSiteChain, Int32 slot)
   at Microsoft.Extensions.DependencyInjection.ServiceLookup.CallSiteFactory.GetCallSite(ServiceDescriptor serviceDescriptor, CallSiteChain callSiteChain)
   at Microsoft.Extensions.DependencyInjection.ServiceProvider.ValidateService(ServiceDescriptor descriptor)
----- Inner Stack Trace #4 (System.InvalidOperationException) -----
   at Microsoft.Extensions.DependencyInjection.ServiceProvider.ValidateService(ServiceDescriptor descriptor)
   at Microsoft.Extensions.DependencyInjection.ServiceProvider..ctor(ICollection`1 serviceDescriptors, ServiceProviderOptions options)
----- Inner Stack Trace -----
   at Microsoft.Extensions.DependencyInjection.ServiceLookup.CallSiteFactory.CreateArgumentCallSites(ServiceIdentifier serviceIdentifier, Type implementationType, CallSiteChain callSiteChain, ParameterInfo[] parameters, Boolean throwIfCallSiteNotFound)
   at Microsoft.Extensions.DependencyInjection.ServiceLookup.CallSiteFactory.CreateConstructorCallSite(ResultCache lifetime, ServiceIdentifier serviceIdentifier, Type implementationType, CallSiteChain callSiteChain)
   at Microsoft.Extensions.DependencyInjection.ServiceLookup.CallSiteFactory.TryCreateExact(ServiceDescriptor descriptor, ServiceIdentifier serviceIdentifier, CallSiteChain callSiteChain, Int32 slot)
   at Microsoft.Extensions.DependencyInjection.ServiceLookup.CallSiteFactory.TryCreateExact(ServiceIdentifier serviceIdentifier, CallSiteChain callSiteChain)
   at Microsoft.Extensions.DependencyInjection.ServiceLookup.CallSiteFactory.CreateCallSite(ServiceIdentifier serviceIdentifier, CallSiteChain callSiteChain)
   at Microsoft.Extensions.DependencyInjection.ServiceLookup.CallSiteFactory.CreateArgumentCallSites(ServiceIdentifier serviceIdentifier, Type implementationType, CallSiteChain callSiteChain, ParameterInfo[] parameters, Boolean throwIfCallSiteNotFound)
   at Microsoft.Extensions.DependencyInjection.ServiceLookup.CallSiteFactory.CreateConstructorCallSite(ResultCache lifetime, ServiceIdentifier serviceIdentifier, Type implementationType, CallSiteChain callSiteChain)
   at Microsoft.Extensions.DependencyInjection.ServiceLookup.CallSiteFactory.TryCreateExact(ServiceDescriptor descriptor, ServiceIdentifier serviceIdentifier, CallSiteChain callSiteChain, Int32 slot)
   at Microsoft.Extensions.DependencyInjection.ServiceLookup.CallSiteFactory.GetCallSite(ServiceDescriptor serviceDescriptor, CallSiteChain callSiteChain)
   at Microsoft.Extensions.DependencyInjection.ServiceProvider.ValidateService(ServiceDescriptor descriptor)
----- Inner Stack Trace #5 (System.InvalidOperationException) -----
   at Microsoft.Extensions.DependencyInjection.ServiceProvider.ValidateService(ServiceDescriptor descriptor)
   at Microsoft.Extensions.DependencyInjection.ServiceProvider..ctor(ICollection`1 serviceDescriptors, ServiceProviderOptions options)
----- Inner Stack Trace -----
   at Microsoft.Extensions.DependencyInjection.ServiceLookup.CallSiteFactory.CreateArgumentCallSites(ServiceIdentifier serviceIdentifier, Type implementationType, CallSiteChain callSiteChain, ParameterInfo[] parameters, Boolean throwIfCallSiteNotFound)
   at Microsoft.Extensions.DependencyInjection.ServiceLookup.CallSiteFactory.CreateConstructorCallSite(ResultCache lifetime, ServiceIdentifier serviceIdentifier, Type implementationType, CallSiteChain callSiteChain)
   at Microsoft.Extensions.DependencyInjection.ServiceLookup.CallSiteFactory.TryCreateExact(ServiceDescriptor descriptor, ServiceIdentifier serviceIdentifier, CallSiteChain callSiteChain, Int32 slot)
   at Microsoft.Extensions.DependencyInjection.ServiceLookup.CallSiteFactory.GetCallSite(ServiceDescriptor serviceDescriptor, CallSiteChain callSiteChain)
   at Microsoft.Extensions.DependencyInjection.ServiceProvider.ValidateService(ServiceDescriptor descriptor)
  Failed Industrial.Adam.Oee.Tests.Integration.StoppagesControllerIntegrationTests.GetStoppageHistory_WithInvalidMinimumMinutes_ReturnsBadRequest(minimumMinutes: 61) [1 ms]
  Error Message:
   System.AggregateException : Some services are not able to be constructed (Error while validating the service descriptor 'ServiceType: Industrial.Adam.Oee.Domain.Interfaces.IJobSequencingService Lifetime: Scoped ImplementationType: Industrial.Adam.Oee.Domain.Services.JobSequencingService': Unable to resolve service for type 'Industrial.Adam.Oee.Domain.Interfaces.IEquipmentLineRepository' while attempting to activate 'Industrial.Adam.Oee.Domain.Services.JobSequencingService'.) (Error while validating the service descriptor 'ServiceType: Industrial.Adam.Oee.Domain.Interfaces.IEquipmentLineService Lifetime: Scoped ImplementationType: Industrial.Adam.Oee.Domain.Services.EquipmentLineService': Unable to resolve service for type 'Industrial.Adam.Oee.Domain.Interfaces.IEquipmentLineRepository' while attempting to activate 'Industrial.Adam.Oee.Domain.Services.EquipmentLineService'.) (Error while validating the service descriptor 'ServiceType: Industrial.Adam.Oee.Domain.Interfaces.IStoppageDetectionService Lifetime: Scoped ImplementationType: Industrial.Adam.Oee.Domain.Services.StoppageDetectionService': Unable to resolve service for type 'Industrial.Adam.Oee.Domain.Interfaces.IEquipmentLineRepository' while attempting to activate 'Industrial.Adam.Oee.Domain.Services.StoppageDetectionService'.) (Error while validating the service descriptor 'ServiceType: MediatR.IRequestHandler`2[Industrial.Adam.Oee.Application.Commands.StartWorkOrderCommand,System.String] Lifetime: Transient ImplementationType: Industrial.Adam.Oee.Application.Commands.Handlers.StartWorkOrderCommandHandler': Unable to resolve service for type 'Industrial.Adam.Oee.Domain.Interfaces.IEquipmentLineRepository' while attempting to activate 'Industrial.Adam.Oee.Domain.Services.JobSequencingService'.) (Error while validating the service descriptor 'ServiceType: Industrial.Adam.Oee.Domain.Interfaces.ISimpleJobQueueService Lifetime: Scoped ImplementationType: Industrial.Adam.Oee.Domain.Services.SimpleJobQueueService': Unable to resolve service for type 'Industrial.Adam.Oee.Domain.Interfaces.ISimpleJobQueueRepository' while attempting to activate 'Industrial.Adam.Oee.Domain.Services.SimpleJobQueueService'.)
---- System.InvalidOperationException : Error while validating the service descriptor 'ServiceType: Industrial.Adam.Oee.Domain.Interfaces.IJobSequencingService Lifetime: Scoped ImplementationType: Industrial.Adam.Oee.Domain.Services.JobSequencingService': Unable to resolve service for type 'Industrial.Adam.Oee.Domain.Interfaces.IEquipmentLineRepository' while attempting to activate 'Industrial.Adam.Oee.Domain.Services.JobSequencingService'.
-------- System.InvalidOperationException : Unable to resolve service for type 'Industrial.Adam.Oee.Domain.Interfaces.IEquipmentLineRepository' while attempting to activate 'Industrial.Adam.Oee.Domain.Services.JobSequencingService'.
---- System.InvalidOperationException : Error while validating the service descriptor 'ServiceType: Industrial.Adam.Oee.Domain.Interfaces.IEquipmentLineService Lifetime: Scoped ImplementationType: Industrial.Adam.Oee.Domain.Services.EquipmentLineService': Unable to resolve service for type 'Industrial.Adam.Oee.Domain.Interfaces.IEquipmentLineRepository' while attempting to activate 'Industrial.Adam.Oee.Domain.Services.EquipmentLineService'.
-------- System.InvalidOperationException : Unable to resolve service for type 'Industrial.Adam.Oee.Domain.Interfaces.IEquipmentLineRepository' while attempting to activate 'Industrial.Adam.Oee.Domain.Services.EquipmentLineService'.
---- System.InvalidOperationException : Error while validating the service descriptor 'ServiceType: Industrial.Adam.Oee.Domain.Interfaces.IStoppageDetectionService Lifetime: Scoped ImplementationType: Industrial.Adam.Oee.Domain.Services.StoppageDetectionService': Unable to resolve service for type 'Industrial.Adam.Oee.Domain.Interfaces.IEquipmentLineRepository' while attempting to activate 'Industrial.Adam.Oee.Domain.Services.StoppageDetectionService'.
-------- System.InvalidOperationException : Unable to resolve service for type 'Industrial.Adam.Oee.Domain.Interfaces.IEquipmentLineRepository' while attempting to activate 'Industrial.Adam.Oee.Domain.Services.StoppageDetectionService'.
---- System.InvalidOperationException : Error while validating the service descriptor 'ServiceType: MediatR.IRequestHandler`2[Industrial.Adam.Oee.Application.Commands.StartWorkOrderCommand,System.String] Lifetime: Transient ImplementationType: Industrial.Adam.Oee.Application.Commands.Handlers.StartWorkOrderCommandHandler': Unable to resolve service for type 'Industrial.Adam.Oee.Domain.Interfaces.IEquipmentLineRepository' while attempting to activate 'Industrial.Adam.Oee.Domain.Services.JobSequencingService'.
-------- System.InvalidOperationException : Unable to resolve service for type 'Industrial.Adam.Oee.Domain.Interfaces.IEquipmentLineRepository' while attempting to activate 'Industrial.Adam.Oee.Domain.Services.JobSequencingService'.
---- System.InvalidOperationException : Error while validating the service descriptor 'ServiceType: Industrial.Adam.Oee.Domain.Interfaces.ISimpleJobQueueService Lifetime: Scoped ImplementationType: Industrial.Adam.Oee.Domain.Services.SimpleJobQueueService': Unable to resolve service for type 'Industrial.Adam.Oee.Domain.Interfaces.ISimpleJobQueueRepository' while attempting to activate 'Industrial.Adam.Oee.Domain.Services.SimpleJobQueueService'.
-------- System.InvalidOperationException : Unable to resolve service for type 'Industrial.Adam.Oee.Domain.Interfaces.ISimpleJobQueueRepository' while attempting to activate 'Industrial.Adam.Oee.Domain.Services.SimpleJobQueueService'.
  Stack Trace:
     at Microsoft.Extensions.DependencyInjection.ServiceProvider..ctor(ICollection`1 serviceDescriptors, ServiceProviderOptions options)
   at Microsoft.Extensions.DependencyInjection.ServiceCollectionContainerBuilderExtensions.BuildServiceProvider(IServiceCollection services, ServiceProviderOptions options)
   at Microsoft.Extensions.Hosting.HostApplicationBuilder.Build()
   at Microsoft.AspNetCore.Builder.WebApplicationBuilder.Build()
   at Program.<Main>$(String[] args) in /home/grant/adam-6000-counter/src/Industrial.Adam.Oee/WebApi/Program.cs:line 89
   at InvokeStub_Program.<Main>$(Object, Span`1)
   at System.Reflection.MethodBaseInvoker.InvokeWithOneArg(Object obj, BindingFlags invokeAttr, Binder binder, Object[] parameters, CultureInfo culture)
--- End of stack trace from previous location ---
   at Microsoft.Extensions.Hosting.HostFactoryResolver.HostingListener.CreateHost()
   at Microsoft.Extensions.Hosting.HostFactoryResolver.<>c__DisplayClass10_0.<ResolveHostFactory>b__0(String[] args)
   at Microsoft.AspNetCore.Mvc.Testing.DeferredHostBuilder.Build()
   at Microsoft.AspNetCore.Mvc.Testing.WebApplicationFactory`1.CreateHost(IHostBuilder builder)
   at Microsoft.AspNetCore.Mvc.Testing.WebApplicationFactory`1.ConfigureHostBuilder(IHostBuilder hostBuilder)
   at Microsoft.AspNetCore.Mvc.Testing.WebApplicationFactory`1.EnsureServer()
   at Microsoft.AspNetCore.Mvc.Testing.WebApplicationFactory`1.CreateDefaultClient(DelegatingHandler[] handlers)
   at Microsoft.AspNetCore.Mvc.Testing.WebApplicationFactory`1.CreateDefaultClient(Uri baseAddress, DelegatingHandler[] handlers)
   at Microsoft.AspNetCore.Mvc.Testing.WebApplicationFactory`1.CreateClient(WebApplicationFactoryClientOptions options)
   at Microsoft.AspNetCore.Mvc.Testing.WebApplicationFactory`1.CreateClient()
   at Industrial.Adam.Oee.Tests.Integration.StoppagesControllerIntegrationTests..ctor(WebApplicationFactory`1 factory) in /home/grant/adam-6000-counter/src/Industrial.Adam.Oee/Tests/Integration/StoppagesControllerIntegrationTests.cs:line 21
   at InvokeStub_StoppagesControllerIntegrationTests..ctor(Object, Span`1)
   at System.Reflection.MethodBaseInvoker.InvokeWithOneArg(Object obj, BindingFlags invokeAttr, Binder binder, Object[] parameters, CultureInfo culture)
----- Inner Stack Trace #1 (System.InvalidOperationException) -----
   at Microsoft.Extensions.DependencyInjection.ServiceProvider.ValidateService(ServiceDescriptor descriptor)
   at Microsoft.Extensions.DependencyInjection.ServiceProvider..ctor(ICollection`1 serviceDescriptors, ServiceProviderOptions options)
----- Inner Stack Trace -----
   at Microsoft.Extensions.DependencyInjection.ServiceLookup.CallSiteFactory.CreateArgumentCallSites(ServiceIdentifier serviceIdentifier, Type implementationType, CallSiteChain callSiteChain, ParameterInfo[] parameters, Boolean throwIfCallSiteNotFound)
   at Microsoft.Extensions.DependencyInjection.ServiceLookup.CallSiteFactory.CreateConstructorCallSite(ResultCache lifetime, ServiceIdentifier serviceIdentifier, Type implementationType, CallSiteChain callSiteChain)
   at Microsoft.Extensions.DependencyInjection.ServiceLookup.CallSiteFactory.TryCreateExact(ServiceDescriptor descriptor, ServiceIdentifier serviceIdentifier, CallSiteChain callSiteChain, Int32 slot)
   at Microsoft.Extensions.DependencyInjection.ServiceLookup.CallSiteFactory.GetCallSite(ServiceDescriptor serviceDescriptor, CallSiteChain callSiteChain)
   at Microsoft.Extensions.DependencyInjection.ServiceProvider.ValidateService(ServiceDescriptor descriptor)
----- Inner Stack Trace #2 (System.InvalidOperationException) -----
   at Microsoft.Extensions.DependencyInjection.ServiceProvider.ValidateService(ServiceDescriptor descriptor)
   at Microsoft.Extensions.DependencyInjection.ServiceProvider..ctor(ICollection`1 serviceDescriptors, ServiceProviderOptions options)
----- Inner Stack Trace -----
   at Microsoft.Extensions.DependencyInjection.ServiceLookup.CallSiteFactory.CreateArgumentCallSites(ServiceIdentifier serviceIdentifier, Type implementationType, CallSiteChain callSiteChain, ParameterInfo[] parameters, Boolean throwIfCallSiteNotFound)
   at Microsoft.Extensions.DependencyInjection.ServiceLookup.CallSiteFactory.CreateConstructorCallSite(ResultCache lifetime, ServiceIdentifier serviceIdentifier, Type implementationType, CallSiteChain callSiteChain)
   at Microsoft.Extensions.DependencyInjection.ServiceLookup.CallSiteFactory.TryCreateExact(ServiceDescriptor descriptor, ServiceIdentifier serviceIdentifier, CallSiteChain callSiteChain, Int32 slot)
   at Microsoft.Extensions.DependencyInjection.ServiceLookup.CallSiteFactory.GetCallSite(ServiceDescriptor serviceDescriptor, CallSiteChain callSiteChain)
   at Microsoft.Extensions.DependencyInjection.ServiceProvider.ValidateService(ServiceDescriptor descriptor)
----- Inner Stack Trace #3 (System.InvalidOperationException) -----
   at Microsoft.Extensions.DependencyInjection.ServiceProvider.ValidateService(ServiceDescriptor descriptor)
   at Microsoft.Extensions.DependencyInjection.ServiceProvider..ctor(ICollection`1 serviceDescriptors, ServiceProviderOptions options)
----- Inner Stack Trace -----
   at Microsoft.Extensions.DependencyInjection.ServiceLookup.CallSiteFactory.CreateArgumentCallSites(ServiceIdentifier serviceIdentifier, Type implementationType, CallSiteChain callSiteChain, ParameterInfo[] parameters, Boolean throwIfCallSiteNotFound)
   at Microsoft.Extensions.DependencyInjection.ServiceLookup.CallSiteFactory.CreateConstructorCallSite(ResultCache lifetime, ServiceIdentifier serviceIdentifier, Type implementationType, CallSiteChain callSiteChain)
   at Microsoft.Extensions.DependencyInjection.ServiceLookup.CallSiteFactory.TryCreateExact(ServiceDescriptor descriptor, ServiceIdentifier serviceIdentifier, CallSiteChain callSiteChain, Int32 slot)
   at Microsoft.Extensions.DependencyInjection.ServiceLookup.CallSiteFactory.GetCallSite(ServiceDescriptor serviceDescriptor, CallSiteChain callSiteChain)
   at Microsoft.Extensions.DependencyInjection.ServiceProvider.ValidateService(ServiceDescriptor descriptor)
----- Inner Stack Trace #4 (System.InvalidOperationException) -----
   at Microsoft.Extensions.DependencyInjection.ServiceProvider.ValidateService(ServiceDescriptor descriptor)
   at Microsoft.Extensions.DependencyInjection.ServiceProvider..ctor(ICollection`1 serviceDescriptors, ServiceProviderOptions options)
----- Inner Stack Trace -----
   at Microsoft.Extensions.DependencyInjection.ServiceLookup.CallSiteFactory.CreateArgumentCallSites(ServiceIdentifier serviceIdentifier, Type implementationType, CallSiteChain callSiteChain, ParameterInfo[] parameters, Boolean throwIfCallSiteNotFound)
   at Microsoft.Extensions.DependencyInjection.ServiceLookup.CallSiteFactory.CreateConstructorCallSite(ResultCache lifetime, ServiceIdentifier serviceIdentifier, Type implementationType, CallSiteChain callSiteChain)
   at Microsoft.Extensions.DependencyInjection.ServiceLookup.CallSiteFactory.TryCreateExact(ServiceDescriptor descriptor, ServiceIdentifier serviceIdentifier, CallSiteChain callSiteChain, Int32 slot)
   at Microsoft.Extensions.DependencyInjection.ServiceLookup.CallSiteFactory.TryCreateExact(ServiceIdentifier serviceIdentifier, CallSiteChain callSiteChain)
   at Microsoft.Extensions.DependencyInjection.ServiceLookup.CallSiteFactory.CreateCallSite(ServiceIdentifier serviceIdentifier, CallSiteChain callSiteChain)
   at Microsoft.Extensions.DependencyInjection.ServiceLookup.CallSiteFactory.CreateArgumentCallSites(ServiceIdentifier serviceIdentifier, Type implementationType, CallSiteChain callSiteChain, ParameterInfo[] parameters, Boolean throwIfCallSiteNotFound)
   at Microsoft.Extensions.DependencyInjection.ServiceLookup.CallSiteFactory.CreateConstructorCallSite(ResultCache lifetime, ServiceIdentifier serviceIdentifier, Type implementationType, CallSiteChain callSiteChain)
   at Microsoft.Extensions.DependencyInjection.ServiceLookup.CallSiteFactory.TryCreateExact(ServiceDescriptor descriptor, ServiceIdentifier serviceIdentifier, CallSiteChain callSiteChain, Int32 slot)
   at Microsoft.Extensions.DependencyInjection.ServiceLookup.CallSiteFactory.GetCallSite(ServiceDescriptor serviceDescriptor, CallSiteChain callSiteChain)
   at Microsoft.Extensions.DependencyInjection.ServiceProvider.ValidateService(ServiceDescriptor descriptor)
----- Inner Stack Trace #5 (System.InvalidOperationException) -----
   at Microsoft.Extensions.DependencyInjection.ServiceProvider.ValidateService(ServiceDescriptor descriptor)
   at Microsoft.Extensions.DependencyInjection.ServiceProvider..ctor(ICollection`1 serviceDescriptors, ServiceProviderOptions options)
----- Inner Stack Trace -----
   at Microsoft.Extensions.DependencyInjection.ServiceLookup.CallSiteFactory.CreateArgumentCallSites(ServiceIdentifier serviceIdentifier, Type implementationType, CallSiteChain callSiteChain, ParameterInfo[] parameters, Boolean throwIfCallSiteNotFound)
   at Microsoft.Extensions.DependencyInjection.ServiceLookup.CallSiteFactory.CreateConstructorCallSite(ResultCache lifetime, ServiceIdentifier serviceIdentifier, Type implementationType, CallSiteChain callSiteChain)
   at Microsoft.Extensions.DependencyInjection.ServiceLookup.CallSiteFactory.TryCreateExact(ServiceDescriptor descriptor, ServiceIdentifier serviceIdentifier, CallSiteChain callSiteChain, Int32 slot)
   at Microsoft.Extensions.DependencyInjection.ServiceLookup.CallSiteFactory.GetCallSite(ServiceDescriptor serviceDescriptor, CallSiteChain callSiteChain)
   at Microsoft.Extensions.DependencyInjection.ServiceProvider.ValidateService(ServiceDescriptor descriptor)
  Failed Industrial.Adam.Oee.Tests.Integration.OeeControllerIntegrationTests.GetCurrentOee_WithEmptyDeviceId_ReturnsBadRequest [1 ms]
  Error Message:
   System.AggregateException : Some services are not able to be constructed (Error while validating the service descriptor 'ServiceType: Industrial.Adam.Oee.Domain.Interfaces.IJobSequencingService Lifetime: Scoped ImplementationType: Industrial.Adam.Oee.Domain.Services.JobSequencingService': Unable to resolve service for type 'Industrial.Adam.Oee.Domain.Interfaces.IEquipmentLineRepository' while attempting to activate 'Industrial.Adam.Oee.Domain.Services.JobSequencingService'.) (Error while validating the service descriptor 'ServiceType: Industrial.Adam.Oee.Domain.Interfaces.IEquipmentLineService Lifetime: Scoped ImplementationType: Industrial.Adam.Oee.Domain.Services.EquipmentLineService': Unable to resolve service for type 'Industrial.Adam.Oee.Domain.Interfaces.IEquipmentLineRepository' while attempting to activate 'Industrial.Adam.Oee.Domain.Services.EquipmentLineService'.) (Error while validating the service descriptor 'ServiceType: Industrial.Adam.Oee.Domain.Interfaces.IStoppageDetectionService Lifetime: Scoped ImplementationType: Industrial.Adam.Oee.Domain.Services.StoppageDetectionService': Unable to resolve service for type 'Industrial.Adam.Oee.Domain.Interfaces.IEquipmentLineRepository' while attempting to activate 'Industrial.Adam.Oee.Domain.Services.StoppageDetectionService'.) (Error while validating the service descriptor 'ServiceType: MediatR.IRequestHandler`2[Industrial.Adam.Oee.Application.Commands.StartWorkOrderCommand,System.String] Lifetime: Transient ImplementationType: Industrial.Adam.Oee.Application.Commands.Handlers.StartWorkOrderCommandHandler': Unable to resolve service for type 'Industrial.Adam.Oee.Domain.Interfaces.IEquipmentLineRepository' while attempting to activate 'Industrial.Adam.Oee.Domain.Services.JobSequencingService'.) (Error while validating the service descriptor 'ServiceType: Industrial.Adam.Oee.Domain.Interfaces.ISimpleJobQueueService Lifetime: Scoped ImplementationType: Industrial.Adam.Oee.Domain.Services.SimpleJobQueueService': Unable to resolve service for type 'Industrial.Adam.Oee.Domain.Interfaces.ISimpleJobQueueRepository' while attempting to activate 'Industrial.Adam.Oee.Domain.Services.SimpleJobQueueService'.)
---- System.InvalidOperationException : Error while validating the service descriptor 'ServiceType: Industrial.Adam.Oee.Domain.Interfaces.IJobSequencingService Lifetime: Scoped ImplementationType: Industrial.Adam.Oee.Domain.Services.JobSequencingService': Unable to resolve service for type 'Industrial.Adam.Oee.Domain.Interfaces.IEquipmentLineRepository' while attempting to activate 'Industrial.Adam.Oee.Domain.Services.JobSequencingService'.
-------- System.InvalidOperationException : Unable to resolve service for type 'Industrial.Adam.Oee.Domain.Interfaces.IEquipmentLineRepository' while attempting to activate 'Industrial.Adam.Oee.Domain.Services.JobSequencingService'.
---- System.InvalidOperationException : Error while validating the service descriptor 'ServiceType: Industrial.Adam.Oee.Domain.Interfaces.IEquipmentLineService Lifetime: Scoped ImplementationType: Industrial.Adam.Oee.Domain.Services.EquipmentLineService': Unable to resolve service for type 'Industrial.Adam.Oee.Domain.Interfaces.IEquipmentLineRepository' while attempting to activate 'Industrial.Adam.Oee.Domain.Services.EquipmentLineService'.
-------- System.InvalidOperationException : Unable to resolve service for type 'Industrial.Adam.Oee.Domain.Interfaces.IEquipmentLineRepository' while attempting to activate 'Industrial.Adam.Oee.Domain.Services.EquipmentLineService'.
---- System.InvalidOperationException : Error while validating the service descriptor 'ServiceType: Industrial.Adam.Oee.Domain.Interfaces.IStoppageDetectionService Lifetime: Scoped ImplementationType: Industrial.Adam.Oee.Domain.Services.StoppageDetectionService': Unable to resolve service for type 'Industrial.Adam.Oee.Domain.Interfaces.IEquipmentLineRepository' while attempting to activate 'Industrial.Adam.Oee.Domain.Services.StoppageDetectionService'.
-------- System.InvalidOperationException : Unable to resolve service for type 'Industrial.Adam.Oee.Domain.Interfaces.IEquipmentLineRepository' while attempting to activate 'Industrial.Adam.Oee.Domain.Services.StoppageDetectionService'.
---- System.InvalidOperationException : Error while validating the service descriptor 'ServiceType: MediatR.IRequestHandler`2[Industrial.Adam.Oee.Application.Commands.StartWorkOrderCommand,System.String] Lifetime: Transient ImplementationType: Industrial.Adam.Oee.Application.Commands.Handlers.StartWorkOrderCommandHandler': Unable to resolve service for type 'Industrial.Adam.Oee.Domain.Interfaces.IEquipmentLineRepository' while attempting to activate 'Industrial.Adam.Oee.Domain.Services.JobSequencingService'.
-------- System.InvalidOperationException : Unable to resolve service for type 'Industrial.Adam.Oee.Domain.Interfaces.IEquipmentLineRepository' while attempting to activate 'Industrial.Adam.Oee.Domain.Services.JobSequencingService'.
---- System.InvalidOperationException : Error while validating the service descriptor 'ServiceType: Industrial.Adam.Oee.Domain.Interfaces.ISimpleJobQueueService Lifetime: Scoped ImplementationType: Industrial.Adam.Oee.Domain.Services.SimpleJobQueueService': Unable to resolve service for type 'Industrial.Adam.Oee.Domain.Interfaces.ISimpleJobQueueRepository' while attempting to activate 'Industrial.Adam.Oee.Domain.Services.SimpleJobQueueService'.
-------- System.InvalidOperationException : Unable to resolve service for type 'Industrial.Adam.Oee.Domain.Interfaces.ISimpleJobQueueRepository' while attempting to activate 'Industrial.Adam.Oee.Domain.Services.SimpleJobQueueService'.
  Stack Trace:
     at Microsoft.Extensions.DependencyInjection.ServiceProvider..ctor(ICollection`1 serviceDescriptors, ServiceProviderOptions options)
   at Microsoft.Extensions.DependencyInjection.ServiceCollectionContainerBuilderExtensions.BuildServiceProvider(IServiceCollection services, ServiceProviderOptions options)
   at Microsoft.Extensions.Hosting.HostApplicationBuilder.Build()
   at Microsoft.AspNetCore.Builder.WebApplicationBuilder.Build()
   at Program.<Main>$(String[] args) in /home/grant/adam-6000-counter/src/Industrial.Adam.Oee/WebApi/Program.cs:line 89
   at InvokeStub_Program.<Main>$(Object, Span`1)
   at System.Reflection.MethodBaseInvoker.InvokeWithOneArg(Object obj, BindingFlags invokeAttr, Binder binder, Object[] parameters, CultureInfo culture)
--- End of stack trace from previous location ---
   at Microsoft.Extensions.Hosting.HostFactoryResolver.HostingListener.CreateHost()
   at Microsoft.Extensions.Hosting.HostFactoryResolver.<>c__DisplayClass10_0.<ResolveHostFactory>b__0(String[] args)
   at Microsoft.AspNetCore.Mvc.Testing.DeferredHostBuilder.Build()
   at Microsoft.AspNetCore.Mvc.Testing.WebApplicationFactory`1.CreateHost(IHostBuilder builder)
   at Microsoft.AspNetCore.Mvc.Testing.WebApplicationFactory`1.ConfigureHostBuilder(IHostBuilder hostBuilder)
   at Microsoft.AspNetCore.Mvc.Testing.WebApplicationFactory`1.EnsureServer()
   at Microsoft.AspNetCore.Mvc.Testing.WebApplicationFactory`1.CreateDefaultClient(DelegatingHandler[] handlers)
   at Microsoft.AspNetCore.Mvc.Testing.WebApplicationFactory`1.CreateDefaultClient(Uri baseAddress, DelegatingHandler[] handlers)
   at Microsoft.AspNetCore.Mvc.Testing.WebApplicationFactory`1.CreateClient(WebApplicationFactoryClientOptions options)
   at Microsoft.AspNetCore.Mvc.Testing.WebApplicationFactory`1.CreateClient()
   at Industrial.Adam.Oee.Tests.Integration.OeeControllerIntegrationTests..ctor(WebApplicationFactory`1 factory) in /home/grant/adam-6000-counter/src/Industrial.Adam.Oee/Tests/Integration/OeeControllerIntegrationTests.cs:line 21
   at InvokeStub_OeeControllerIntegrationTests..ctor(Object, Span`1)
   at System.Reflection.MethodBaseInvoker.InvokeWithOneArg(Object obj, BindingFlags invokeAttr, Binder binder, Object[] parameters, CultureInfo culture)
----- Inner Stack Trace #1 (System.InvalidOperationException) -----
   at Microsoft.Extensions.DependencyInjection.ServiceProvider.ValidateService(ServiceDescriptor descriptor)
   at Microsoft.Extensions.DependencyInjection.ServiceProvider..ctor(ICollection`1 serviceDescriptors, ServiceProviderOptions options)
----- Inner Stack Trace -----
   at Microsoft.Extensions.DependencyInjection.ServiceLookup.CallSiteFactory.CreateArgumentCallSites(ServiceIdentifier serviceIdentifier, Type implementationType, CallSiteChain callSiteChain, ParameterInfo[] parameters, Boolean throwIfCallSiteNotFound)
   at Microsoft.Extensions.DependencyInjection.ServiceLookup.CallSiteFactory.CreateConstructorCallSite(ResultCache lifetime, ServiceIdentifier serviceIdentifier, Type implementationType, CallSiteChain callSiteChain)
   at Microsoft.Extensions.DependencyInjection.ServiceLookup.CallSiteFactory.TryCreateExact(ServiceDescriptor descriptor, ServiceIdentifier serviceIdentifier, CallSiteChain callSiteChain, Int32 slot)
   at Microsoft.Extensions.DependencyInjection.ServiceLookup.CallSiteFactory.GetCallSite(ServiceDescriptor serviceDescriptor, CallSiteChain callSiteChain)
   at Microsoft.Extensions.DependencyInjection.ServiceProvider.ValidateService(ServiceDescriptor descriptor)
----- Inner Stack Trace #2 (System.InvalidOperationException) -----
   at Microsoft.Extensions.DependencyInjection.ServiceProvider.ValidateService(ServiceDescriptor descriptor)
   at Microsoft.Extensions.DependencyInjection.ServiceProvider..ctor(ICollection`1 serviceDescriptors, ServiceProviderOptions options)
----- Inner Stack Trace -----
   at Microsoft.Extensions.DependencyInjection.ServiceLookup.CallSiteFactory.CreateArgumentCallSites(ServiceIdentifier serviceIdentifier, Type implementationType, CallSiteChain callSiteChain, ParameterInfo[] parameters, Boolean throwIfCallSiteNotFound)
   at Microsoft.Extensions.DependencyInjection.ServiceLookup.CallSiteFactory.CreateConstructorCallSite(ResultCache lifetime, ServiceIdentifier serviceIdentifier, Type implementationType, CallSiteChain callSiteChain)
   at Microsoft.Extensions.DependencyInjection.ServiceLookup.CallSiteFactory.TryCreateExact(ServiceDescriptor descriptor, ServiceIdentifier serviceIdentifier, CallSiteChain callSiteChain, Int32 slot)
   at Microsoft.Extensions.DependencyInjection.ServiceLookup.CallSiteFactory.GetCallSite(ServiceDescriptor serviceDescriptor, CallSiteChain callSiteChain)
   at Microsoft.Extensions.DependencyInjection.ServiceProvider.ValidateService(ServiceDescriptor descriptor)
----- Inner Stack Trace #3 (System.InvalidOperationException) -----
   at Microsoft.Extensions.DependencyInjection.ServiceProvider.ValidateService(ServiceDescriptor descriptor)
   at Microsoft.Extensions.DependencyInjection.ServiceProvider..ctor(ICollection`1 serviceDescriptors, ServiceProviderOptions options)
----- Inner Stack Trace -----
   at Microsoft.Extensions.DependencyInjection.ServiceLookup.CallSiteFactory.CreateArgumentCallSites(ServiceIdentifier serviceIdentifier, Type implementationType, CallSiteChain callSiteChain, ParameterInfo[] parameters, Boolean throwIfCallSiteNotFound)
   at Microsoft.Extensions.DependencyInjection.ServiceLookup.CallSiteFactory.CreateConstructorCallSite(ResultCache lifetime, ServiceIdentifier serviceIdentifier, Type implementationType, CallSiteChain callSiteChain)
   at Microsoft.Extensions.DependencyInjection.ServiceLookup.CallSiteFactory.TryCreateExact(ServiceDescriptor descriptor, ServiceIdentifier serviceIdentifier, CallSiteChain callSiteChain, Int32 slot)
   at Microsoft.Extensions.DependencyInjection.ServiceLookup.CallSiteFactory.GetCallSite(ServiceDescriptor serviceDescriptor, CallSiteChain callSiteChain)
   at Microsoft.Extensions.DependencyInjection.ServiceProvider.ValidateService(ServiceDescriptor descriptor)
----- Inner Stack Trace #4 (System.InvalidOperationException) -----
   at Microsoft.Extensions.DependencyInjection.ServiceProvider.ValidateService(ServiceDescriptor descriptor)
   at Microsoft.Extensions.DependencyInjection.ServiceProvider..ctor(ICollection`1 serviceDescriptors, ServiceProviderOptions options)
----- Inner Stack Trace -----
   at Microsoft.Extensions.DependencyInjection.ServiceLookup.CallSiteFactory.CreateArgumentCallSites(ServiceIdentifier serviceIdentifier, Type implementationType, CallSiteChain callSiteChain, ParameterInfo[] parameters, Boolean throwIfCallSiteNotFound)
   at Microsoft.Extensions.DependencyInjection.ServiceLookup.CallSiteFactory.CreateConstructorCallSite(ResultCache lifetime, ServiceIdentifier serviceIdentifier, Type implementationType, CallSiteChain callSiteChain)
   at Microsoft.Extensions.DependencyInjection.ServiceLookup.CallSiteFactory.TryCreateExact(ServiceDescriptor descriptor, ServiceIdentifier serviceIdentifier, CallSiteChain callSiteChain, Int32 slot)
   at Microsoft.Extensions.DependencyInjection.ServiceLookup.CallSiteFactory.TryCreateExact(ServiceIdentifier serviceIdentifier, CallSiteChain callSiteChain)
   at Microsoft.Extensions.DependencyInjection.ServiceLookup.CallSiteFactory.CreateCallSite(ServiceIdentifier serviceIdentifier, CallSiteChain callSiteChain)
   at Microsoft.Extensions.DependencyInjection.ServiceLookup.CallSiteFactory.CreateArgumentCallSites(ServiceIdentifier serviceIdentifier, Type implementationType, CallSiteChain callSiteChain, ParameterInfo[] parameters, Boolean throwIfCallSiteNotFound)
   at Microsoft.Extensions.DependencyInjection.ServiceLookup.CallSiteFactory.CreateConstructorCallSite(ResultCache lifetime, ServiceIdentifier serviceIdentifier, Type implementationType, CallSiteChain callSiteChain)
   at Microsoft.Extensions.DependencyInjection.ServiceLookup.CallSiteFactory.TryCreateExact(ServiceDescriptor descriptor, ServiceIdentifier serviceIdentifier, CallSiteChain callSiteChain, Int32 slot)
   at Microsoft.Extensions.DependencyInjection.ServiceLookup.CallSiteFactory.GetCallSite(ServiceDescriptor serviceDescriptor, CallSiteChain callSiteChain)
   at Microsoft.Extensions.DependencyInjection.ServiceProvider.ValidateService(ServiceDescriptor descriptor)
----- Inner Stack Trace #5 (System.InvalidOperationException) -----
   at Microsoft.Extensions.DependencyInjection.ServiceProvider.ValidateService(ServiceDescriptor descriptor)
   at Microsoft.Extensions.DependencyInjection.ServiceProvider..ctor(ICollection`1 serviceDescriptors, ServiceProviderOptions options)
----- Inner Stack Trace -----
   at Microsoft.Extensions.DependencyInjection.ServiceLookup.CallSiteFactory.CreateArgumentCallSites(ServiceIdentifier serviceIdentifier, Type implementationType, CallSiteChain callSiteChain, ParameterInfo[] parameters, Boolean throwIfCallSiteNotFound)
   at Microsoft.Extensions.DependencyInjection.ServiceLookup.CallSiteFactory.CreateConstructorCallSite(ResultCache lifetime, ServiceIdentifier serviceIdentifier, Type implementationType, CallSiteChain callSiteChain)
   at Microsoft.Extensions.DependencyInjection.ServiceLookup.CallSiteFactory.TryCreateExact(ServiceDescriptor descriptor, ServiceIdentifier serviceIdentifier, CallSiteChain callSiteChain, Int32 slot)
   at Microsoft.Extensions.DependencyInjection.ServiceLookup.CallSiteFactory.GetCallSite(ServiceDescriptor serviceDescriptor, CallSiteChain callSiteChain)
   at Microsoft.Extensions.DependencyInjection.ServiceProvider.ValidateService(ServiceDescriptor descriptor)
[xUnit.net 00:00:03.15]     Industrial.Adam.Oee.Tests.Integration.SignalR.StoppageNotificationHubTests.Hub_CanUnsubscribeFromLine_Successfully [FAIL]
[xUnit.net 00:00:03.19]     Industrial.Adam.Oee.Tests.Integration.JobsControllerIntegrationTests.GetActiveJob_WithInvalidDeviceId_ReturnsBadRequest(deviceId: "") [FAIL]
[xUnit.net 00:00:03.20]     Industrial.Adam.Oee.Tests.Integration.OeeControllerIntegrationTests.GetOeeBreakdown_WithValidDeviceId_ReturnsDetailedMetrics [FAIL]
[xUnit.net 00:00:03.24]     Industrial.Adam.Oee.Tests.Integration.StoppagesControllerIntegrationTests.GetCurrentStoppage_WithInvalidDeviceId_ReturnsBadRequest(deviceId: "") [FAIL]
  Failed Industrial.Adam.Oee.Tests.Integration.SignalR.StoppageNotificationHubTests.Hub_CanUnsubscribeFromLine_Successfully [201 ms]
  Error Message:
   System.AggregateException : Some services are not able to be constructed (Error while validating the service descriptor 'ServiceType: Industrial.Adam.Oee.Domain.Interfaces.IJobSequencingService Lifetime: Scoped ImplementationType: Industrial.Adam.Oee.Domain.Services.JobSequencingService': Unable to resolve service for type 'Industrial.Adam.Oee.Domain.Interfaces.IEquipmentLineRepository' while attempting to activate 'Industrial.Adam.Oee.Domain.Services.JobSequencingService'.) (Error while validating the service descriptor 'ServiceType: Industrial.Adam.Oee.Domain.Interfaces.IEquipmentLineService Lifetime: Scoped ImplementationType: Industrial.Adam.Oee.Domain.Services.EquipmentLineService': Unable to resolve service for type 'Industrial.Adam.Oee.Domain.Interfaces.IEquipmentLineRepository' while attempting to activate 'Industrial.Adam.Oee.Domain.Services.EquipmentLineService'.) (Error while validating the service descriptor 'ServiceType: Industrial.Adam.Oee.Domain.Interfaces.IStoppageDetectionService Lifetime: Scoped ImplementationType: Industrial.Adam.Oee.Domain.Services.StoppageDetectionService': Unable to resolve service for type 'Industrial.Adam.Oee.Domain.Interfaces.IEquipmentLineRepository' while attempting to activate 'Industrial.Adam.Oee.Domain.Services.StoppageDetectionService'.) (Error while validating the service descriptor 'ServiceType: MediatR.IRequestHandler`2[Industrial.Adam.Oee.Application.Commands.StartWorkOrderCommand,System.String] Lifetime: Transient ImplementationType: Industrial.Adam.Oee.Application.Commands.Handlers.StartWorkOrderCommandHandler': Unable to resolve service for type 'Industrial.Adam.Oee.Domain.Interfaces.IEquipmentLineRepository' while attempting to activate 'Industrial.Adam.Oee.Domain.Services.JobSequencingService'.) (Error while validating the service descriptor 'ServiceType: Industrial.Adam.Oee.Domain.Interfaces.ISimpleJobQueueService Lifetime: Scoped ImplementationType: Industrial.Adam.Oee.Domain.Services.SimpleJobQueueService': Unable to resolve service for type 'Industrial.Adam.Oee.Domain.Interfaces.ISimpleJobQueueRepository' while attempting to activate 'Industrial.Adam.Oee.Domain.Services.SimpleJobQueueService'.)
---- System.InvalidOperationException : Error while validating the service descriptor 'ServiceType: Industrial.Adam.Oee.Domain.Interfaces.IJobSequencingService Lifetime: Scoped ImplementationType: Industrial.Adam.Oee.Domain.Services.JobSequencingService': Unable to resolve service for type 'Industrial.Adam.Oee.Domain.Interfaces.IEquipmentLineRepository' while attempting to activate 'Industrial.Adam.Oee.Domain.Services.JobSequencingService'.
-------- System.InvalidOperationException : Unable to resolve service for type 'Industrial.Adam.Oee.Domain.Interfaces.IEquipmentLineRepository' while attempting to activate 'Industrial.Adam.Oee.Domain.Services.JobSequencingService'.
---- System.InvalidOperationException : Error while validating the service descriptor 'ServiceType: Industrial.Adam.Oee.Domain.Interfaces.IEquipmentLineService Lifetime: Scoped ImplementationType: Industrial.Adam.Oee.Domain.Services.EquipmentLineService': Unable to resolve service for type 'Industrial.Adam.Oee.Domain.Interfaces.IEquipmentLineRepository' while attempting to activate 'Industrial.Adam.Oee.Domain.Services.EquipmentLineService'.
-------- System.InvalidOperationException : Unable to resolve service for type 'Industrial.Adam.Oee.Domain.Interfaces.IEquipmentLineRepository' while attempting to activate 'Industrial.Adam.Oee.Domain.Services.EquipmentLineService'.
---- System.InvalidOperationException : Error while validating the service descriptor 'ServiceType: Industrial.Adam.Oee.Domain.Interfaces.IStoppageDetectionService Lifetime: Scoped ImplementationType: Industrial.Adam.Oee.Domain.Services.StoppageDetectionService': Unable to resolve service for type 'Industrial.Adam.Oee.Domain.Interfaces.IEquipmentLineRepository' while attempting to activate 'Industrial.Adam.Oee.Domain.Services.StoppageDetectionService'.
-------- System.InvalidOperationException : Unable to resolve service for type 'Industrial.Adam.Oee.Domain.Interfaces.IEquipmentLineRepository' while attempting to activate 'Industrial.Adam.Oee.Domain.Services.StoppageDetectionService'.
---- System.InvalidOperationException : Error while validating the service descriptor 'ServiceType: MediatR.IRequestHandler`2[Industrial.Adam.Oee.Application.Commands.StartWorkOrderCommand,System.String] Lifetime: Transient ImplementationType: Industrial.Adam.Oee.Application.Commands.Handlers.StartWorkOrderCommandHandler': Unable to resolve service for type 'Industrial.Adam.Oee.Domain.Interfaces.IEquipmentLineRepository' while attempting to activate 'Industrial.Adam.Oee.Domain.Services.JobSequencingService'.
-------- System.InvalidOperationException : Unable to resolve service for type 'Industrial.Adam.Oee.Domain.Interfaces.IEquipmentLineRepository' while attempting to activate 'Industrial.Adam.Oee.Domain.Services.JobSequencingService'.
---- System.InvalidOperationException : Error while validating the service descriptor 'ServiceType: Industrial.Adam.Oee.Domain.Interfaces.ISimpleJobQueueService Lifetime: Scoped ImplementationType: Industrial.Adam.Oee.Domain.Services.SimpleJobQueueService': Unable to resolve service for type 'Industrial.Adam.Oee.Domain.Interfaces.ISimpleJobQueueRepository' while attempting to activate 'Industrial.Adam.Oee.Domain.Services.SimpleJobQueueService'.
-------- System.InvalidOperationException : Unable to resolve service for type 'Industrial.Adam.Oee.Domain.Interfaces.ISimpleJobQueueRepository' while attempting to activate 'Industrial.Adam.Oee.Domain.Services.SimpleJobQueueService'.
  Stack Trace:
     at Microsoft.Extensions.DependencyInjection.ServiceProvider..ctor(ICollection`1 serviceDescriptors, ServiceProviderOptions options)
   at Microsoft.Extensions.DependencyInjection.ServiceCollectionContainerBuilderExtensions.BuildServiceProvider(IServiceCollection services, ServiceProviderOptions options)
   at Microsoft.Extensions.Hosting.HostApplicationBuilder.Build()
   at Microsoft.AspNetCore.Builder.WebApplicationBuilder.Build()
   at Program.<Main>$(String[] args) in /home/grant/adam-6000-counter/src/Industrial.Adam.Oee/WebApi/Program.cs:line 89
   at InvokeStub_Program.<Main>$(Object, Span`1)
   at System.Reflection.MethodBaseInvoker.InvokeWithOneArg(Object obj, BindingFlags invokeAttr, Binder binder, Object[] parameters, CultureInfo culture)
--- End of stack trace from previous location ---
   at Microsoft.Extensions.Hosting.HostFactoryResolver.HostingListener.CreateHost()
   at Microsoft.Extensions.Hosting.HostFactoryResolver.<>c__DisplayClass10_0.<ResolveHostFactory>b__0(String[] args)
   at Microsoft.AspNetCore.Mvc.Testing.DeferredHostBuilder.Build()
   at Microsoft.AspNetCore.Mvc.Testing.WebApplicationFactory`1.CreateHost(IHostBuilder builder)
   at Microsoft.AspNetCore.Mvc.Testing.WebApplicationFactory`1.ConfigureHostBuilder(IHostBuilder hostBuilder)
   at Microsoft.AspNetCore.Mvc.Testing.WebApplicationFactory`1.EnsureServer()
   at Microsoft.AspNetCore.Mvc.Testing.WebApplicationFactory`1.CreateDefaultClient(DelegatingHandler[] handlers)
   at Microsoft.AspNetCore.Mvc.Testing.WebApplicationFactory`1.CreateDefaultClient(Uri baseAddress, DelegatingHandler[] handlers)
   at Microsoft.AspNetCore.Mvc.Testing.WebApplicationFactory`1.CreateClient(WebApplicationFactoryClientOptions options)
   at Microsoft.AspNetCore.Mvc.Testing.WebApplicationFactory`1.CreateClient()
   at Industrial.Adam.Oee.Tests.Integration.SignalR.StoppageNotificationHubTests.CreateConnectionAsync() in /home/grant/adam-6000-counter/src/Industrial.Adam.Oee/Tests/Integration/SignalR/StoppageNotificationHubTests.cs:line 254
   at Industrial.Adam.Oee.Tests.Integration.SignalR.StoppageNotificationHubTests.Hub_CanUnsubscribeFromLine_Successfully() in /home/grant/adam-6000-counter/src/Industrial.Adam.Oee/Tests/Integration/SignalR/StoppageNotificationHubTests.cs:line 121
--- End of stack trace from previous location ---
----- Inner Stack Trace #1 (System.InvalidOperationException) -----
   at Microsoft.Extensions.DependencyInjection.ServiceProvider.ValidateService(ServiceDescriptor descriptor)
   at Microsoft.Extensions.DependencyInjection.ServiceProvider..ctor(ICollection`1 serviceDescriptors, ServiceProviderOptions options)
----- Inner Stack Trace -----
   at Microsoft.Extensions.DependencyInjection.ServiceLookup.CallSiteFactory.CreateArgumentCallSites(ServiceIdentifier serviceIdentifier, Type implementationType, CallSiteChain callSiteChain, ParameterInfo[] parameters, Boolean throwIfCallSiteNotFound)
   at Microsoft.Extensions.DependencyInjection.ServiceLookup.CallSiteFactory.CreateConstructorCallSite(ResultCache lifetime, ServiceIdentifier serviceIdentifier, Type implementationType, CallSiteChain callSiteChain)
   at Microsoft.Extensions.DependencyInjection.ServiceLookup.CallSiteFactory.TryCreateExact(ServiceDescriptor descriptor, ServiceIdentifier serviceIdentifier, CallSiteChain callSiteChain, Int32 slot)
   at Microsoft.Extensions.DependencyInjection.ServiceLookup.CallSiteFactory.GetCallSite(ServiceDescriptor serviceDescriptor, CallSiteChain callSiteChain)
   at Microsoft.Extensions.DependencyInjection.ServiceProvider.ValidateService(ServiceDescriptor descriptor)
----- Inner Stack Trace #2 (System.InvalidOperationException) -----
   at Microsoft.Extensions.DependencyInjection.ServiceProvider.ValidateService(ServiceDescriptor descriptor)
   at Microsoft.Extensions.DependencyInjection.ServiceProvider..ctor(ICollection`1 serviceDescriptors, ServiceProviderOptions options)
----- Inner Stack Trace -----
   at Microsoft.Extensions.DependencyInjection.ServiceLookup.CallSiteFactory.CreateArgumentCallSites(ServiceIdentifier serviceIdentifier, Type implementationType, CallSiteChain callSiteChain, ParameterInfo[] parameters, Boolean throwIfCallSiteNotFound)
   at Microsoft.Extensions.DependencyInjection.ServiceLookup.CallSiteFactory.CreateConstructorCallSite(ResultCache lifetime, ServiceIdentifier serviceIdentifier, Type implementationType, CallSiteChain callSiteChain)
   at Microsoft.Extensions.DependencyInjection.ServiceLookup.CallSiteFactory.TryCreateExact(ServiceDescriptor descriptor, ServiceIdentifier serviceIdentifier, CallSiteChain callSiteChain, Int32 slot)
   at Microsoft.Extensions.DependencyInjection.ServiceLookup.CallSiteFactory.GetCallSite(ServiceDescriptor serviceDescriptor, CallSiteChain callSiteChain)
   at Microsoft.Extensions.DependencyInjection.ServiceProvider.ValidateService(ServiceDescriptor descriptor)
----- Inner Stack Trace #3 (System.InvalidOperationException) -----
   at Microsoft.Extensions.DependencyInjection.ServiceProvider.ValidateService(ServiceDescriptor descriptor)
   at Microsoft.Extensions.DependencyInjection.ServiceProvider..ctor(ICollection`1 serviceDescriptors, ServiceProviderOptions options)
----- Inner Stack Trace -----
   at Microsoft.Extensions.DependencyInjection.ServiceLookup.CallSiteFactory.CreateArgumentCallSites(ServiceIdentifier serviceIdentifier, Type implementationType, CallSiteChain callSiteChain, ParameterInfo[] parameters, Boolean throwIfCallSiteNotFound)
   at Microsoft.Extensions.DependencyInjection.ServiceLookup.CallSiteFactory.CreateConstructorCallSite(ResultCache lifetime, ServiceIdentifier serviceIdentifier, Type implementationType, CallSiteChain callSiteChain)
   at Microsoft.Extensions.DependencyInjection.ServiceLookup.CallSiteFactory.TryCreateExact(ServiceDescriptor descriptor, ServiceIdentifier serviceIdentifier, CallSiteChain callSiteChain, Int32 slot)
   at Microsoft.Extensions.DependencyInjection.ServiceLookup.CallSiteFactory.GetCallSite(ServiceDescriptor serviceDescriptor, CallSiteChain callSiteChain)
   at Microsoft.Extensions.DependencyInjection.ServiceProvider.ValidateService(ServiceDescriptor descriptor)
----- Inner Stack Trace #4 (System.InvalidOperationException) -----
   at Microsoft.Extensions.DependencyInjection.ServiceProvider.ValidateService(ServiceDescriptor descriptor)
   at Microsoft.Extensions.DependencyInjection.ServiceProvider..ctor(ICollection`1 serviceDescriptors, ServiceProviderOptions options)
----- Inner Stack Trace -----
   at Microsoft.Extensions.DependencyInjection.ServiceLookup.CallSiteFactory.CreateArgumentCallSites(ServiceIdentifier serviceIdentifier, Type implementationType, CallSiteChain callSiteChain, ParameterInfo[] parameters, Boolean throwIfCallSiteNotFound)
   at Microsoft.Extensions.DependencyInjection.ServiceLookup.CallSiteFactory.CreateConstructorCallSite(ResultCache lifetime, ServiceIdentifier serviceIdentifier, Type implementationType, CallSiteChain callSiteChain)
   at Microsoft.Extensions.DependencyInjection.ServiceLookup.CallSiteFactory.TryCreateExact(ServiceDescriptor descriptor, ServiceIdentifier serviceIdentifier, CallSiteChain callSiteChain, Int32 slot)
   at Microsoft.Extensions.DependencyInjection.ServiceLookup.CallSiteFactory.TryCreateExact(ServiceIdentifier serviceIdentifier, CallSiteChain callSiteChain)
   at Microsoft.Extensions.DependencyInjection.ServiceLookup.CallSiteFactory.CreateCallSite(ServiceIdentifier serviceIdentifier, CallSiteChain callSiteChain)
   at Microsoft.Extensions.DependencyInjection.ServiceLookup.CallSiteFactory.CreateArgumentCallSites(ServiceIdentifier serviceIdentifier, Type implementationType, CallSiteChain callSiteChain, ParameterInfo[] parameters, Boolean throwIfCallSiteNotFound)
   at Microsoft.Extensions.DependencyInjection.ServiceLookup.CallSiteFactory.CreateConstructorCallSite(ResultCache lifetime, ServiceIdentifier serviceIdentifier, Type implementationType, CallSiteChain callSiteChain)
   at Microsoft.Extensions.DependencyInjection.ServiceLookup.CallSiteFactory.TryCreateExact(ServiceDescriptor descriptor, ServiceIdentifier serviceIdentifier, CallSiteChain callSiteChain, Int32 slot)
   at Microsoft.Extensions.DependencyInjection.ServiceLookup.CallSiteFactory.GetCallSite(ServiceDescriptor serviceDescriptor, CallSiteChain callSiteChain)
   at Microsoft.Extensions.DependencyInjection.ServiceProvider.ValidateService(ServiceDescriptor descriptor)
----- Inner Stack Trace #5 (System.InvalidOperationException) -----
   at Microsoft.Extensions.DependencyInjection.ServiceProvider.ValidateService(ServiceDescriptor descriptor)
   at Microsoft.Extensions.DependencyInjection.ServiceProvider..ctor(ICollection`1 serviceDescriptors, ServiceProviderOptions options)
----- Inner Stack Trace -----
   at Microsoft.Extensions.DependencyInjection.ServiceLookup.CallSiteFactory.CreateArgumentCallSites(ServiceIdentifier serviceIdentifier, Type implementationType, CallSiteChain callSiteChain, ParameterInfo[] parameters, Boolean throwIfCallSiteNotFound)
   at Microsoft.Extensions.DependencyInjection.ServiceLookup.CallSiteFactory.CreateConstructorCallSite(ResultCache lifetime, ServiceIdentifier serviceIdentifier, Type implementationType, CallSiteChain callSiteChain)
   at Microsoft.Extensions.DependencyInjection.ServiceLookup.CallSiteFactory.TryCreateExact(ServiceDescriptor descriptor, ServiceIdentifier serviceIdentifier, CallSiteChain callSiteChain, Int32 slot)
   at Microsoft.Extensions.DependencyInjection.ServiceLookup.CallSiteFactory.GetCallSite(ServiceDescriptor serviceDescriptor, CallSiteChain callSiteChain)
   at Microsoft.Extensions.DependencyInjection.ServiceProvider.ValidateService(ServiceDescriptor descriptor)
  Failed Industrial.Adam.Oee.Tests.Integration.JobsControllerIntegrationTests.GetActiveJob_WithInvalidDeviceId_ReturnsBadRequest(deviceId: "") [1 ms]
  Error Message:
   System.AggregateException : Some services are not able to be constructed (Error while validating the service descriptor 'ServiceType: Industrial.Adam.Oee.Domain.Interfaces.IJobSequencingService Lifetime: Scoped ImplementationType: Industrial.Adam.Oee.Domain.Services.JobSequencingService': Unable to resolve service for type 'Industrial.Adam.Oee.Domain.Interfaces.IEquipmentLineRepository' while attempting to activate 'Industrial.Adam.Oee.Domain.Services.JobSequencingService'.) (Error while validating the service descriptor 'ServiceType: Industrial.Adam.Oee.Domain.Interfaces.IEquipmentLineService Lifetime: Scoped ImplementationType: Industrial.Adam.Oee.Domain.Services.EquipmentLineService': Unable to resolve service for type 'Industrial.Adam.Oee.Domain.Interfaces.IEquipmentLineRepository' while attempting to activate 'Industrial.Adam.Oee.Domain.Services.EquipmentLineService'.) (Error while validating the service descriptor 'ServiceType: Industrial.Adam.Oee.Domain.Interfaces.IStoppageDetectionService Lifetime: Scoped ImplementationType: Industrial.Adam.Oee.Domain.Services.StoppageDetectionService': Unable to resolve service for type 'Industrial.Adam.Oee.Domain.Interfaces.IEquipmentLineRepository' while attempting to activate 'Industrial.Adam.Oee.Domain.Services.StoppageDetectionService'.) (Error while validating the service descriptor 'ServiceType: MediatR.IRequestHandler`2[Industrial.Adam.Oee.Application.Commands.StartWorkOrderCommand,System.String] Lifetime: Transient ImplementationType: Industrial.Adam.Oee.Application.Commands.Handlers.StartWorkOrderCommandHandler': Unable to resolve service for type 'Industrial.Adam.Oee.Domain.Interfaces.IEquipmentLineRepository' while attempting to activate 'Industrial.Adam.Oee.Domain.Services.JobSequencingService'.) (Error while validating the service descriptor 'ServiceType: Industrial.Adam.Oee.Domain.Interfaces.ISimpleJobQueueService Lifetime: Scoped ImplementationType: Industrial.Adam.Oee.Domain.Services.SimpleJobQueueService': Unable to resolve service for type 'Industrial.Adam.Oee.Domain.Interfaces.ISimpleJobQueueRepository' while attempting to activate 'Industrial.Adam.Oee.Domain.Services.SimpleJobQueueService'.)
---- System.InvalidOperationException : Error while validating the service descriptor 'ServiceType: Industrial.Adam.Oee.Domain.Interfaces.IJobSequencingService Lifetime: Scoped ImplementationType: Industrial.Adam.Oee.Domain.Services.JobSequencingService': Unable to resolve service for type 'Industrial.Adam.Oee.Domain.Interfaces.IEquipmentLineRepository' while attempting to activate 'Industrial.Adam.Oee.Domain.Services.JobSequencingService'.
-------- System.InvalidOperationException : Unable to resolve service for type 'Industrial.Adam.Oee.Domain.Interfaces.IEquipmentLineRepository' while attempting to activate 'Industrial.Adam.Oee.Domain.Services.JobSequencingService'.
---- System.InvalidOperationException : Error while validating the service descriptor 'ServiceType: Industrial.Adam.Oee.Domain.Interfaces.IEquipmentLineService Lifetime: Scoped ImplementationType: Industrial.Adam.Oee.Domain.Services.EquipmentLineService': Unable to resolve service for type 'Industrial.Adam.Oee.Domain.Interfaces.IEquipmentLineRepository' while attempting to activate 'Industrial.Adam.Oee.Domain.Services.EquipmentLineService'.
-------- System.InvalidOperationException : Unable to resolve service for type 'Industrial.Adam.Oee.Domain.Interfaces.IEquipmentLineRepository' while attempting to activate 'Industrial.Adam.Oee.Domain.Services.EquipmentLineService'.
---- System.InvalidOperationException : Error while validating the service descriptor 'ServiceType: Industrial.Adam.Oee.Domain.Interfaces.IStoppageDetectionService Lifetime: Scoped ImplementationType: Industrial.Adam.Oee.Domain.Services.StoppageDetectionService': Unable to resolve service for type 'Industrial.Adam.Oee.Domain.Interfaces.IEquipmentLineRepository' while attempting to activate 'Industrial.Adam.Oee.Domain.Services.StoppageDetectionService'.
-------- System.InvalidOperationException : Unable to resolve service for type 'Industrial.Adam.Oee.Domain.Interfaces.IEquipmentLineRepository' while attempting to activate 'Industrial.Adam.Oee.Domain.Services.StoppageDetectionService'.
---- System.InvalidOperationException : Error while validating the service descriptor 'ServiceType: MediatR.IRequestHandler`2[Industrial.Adam.Oee.Application.Commands.StartWorkOrderCommand,System.String] Lifetime: Transient ImplementationType: Industrial.Adam.Oee.Application.Commands.Handlers.StartWorkOrderCommandHandler': Unable to resolve service for type 'Industrial.Adam.Oee.Domain.Interfaces.IEquipmentLineRepository' while attempting to activate 'Industrial.Adam.Oee.Domain.Services.JobSequencingService'.
-------- System.InvalidOperationException : Unable to resolve service for type 'Industrial.Adam.Oee.Domain.Interfaces.IEquipmentLineRepository' while attempting to activate 'Industrial.Adam.Oee.Domain.Services.JobSequencingService'.
---- System.InvalidOperationException : Error while validating the service descriptor 'ServiceType: Industrial.Adam.Oee.Domain.Interfaces.ISimpleJobQueueService Lifetime: Scoped ImplementationType: Industrial.Adam.Oee.Domain.Services.SimpleJobQueueService': Unable to resolve service for type 'Industrial.Adam.Oee.Domain.Interfaces.ISimpleJobQueueRepository' while attempting to activate 'Industrial.Adam.Oee.Domain.Services.SimpleJobQueueService'.
-------- System.InvalidOperationException : Unable to resolve service for type 'Industrial.Adam.Oee.Domain.Interfaces.ISimpleJobQueueRepository' while attempting to activate 'Industrial.Adam.Oee.Domain.Services.SimpleJobQueueService'.
  Stack Trace:
     at Microsoft.Extensions.DependencyInjection.ServiceProvider..ctor(ICollection`1 serviceDescriptors, ServiceProviderOptions options)
   at Microsoft.Extensions.DependencyInjection.ServiceCollectionContainerBuilderExtensions.BuildServiceProvider(IServiceCollection services, ServiceProviderOptions options)
   at Microsoft.Extensions.Hosting.HostApplicationBuilder.Build()
   at Microsoft.AspNetCore.Builder.WebApplicationBuilder.Build()
   at Program.<Main>$(String[] args) in /home/grant/adam-6000-counter/src/Industrial.Adam.Oee/WebApi/Program.cs:line 89
   at InvokeStub_Program.<Main>$(Object, Span`1)
   at System.Reflection.MethodBaseInvoker.InvokeWithOneArg(Object obj, BindingFlags invokeAttr, Binder binder, Object[] parameters, CultureInfo culture)
--- End of stack trace from previous location ---
   at Microsoft.Extensions.Hosting.HostFactoryResolver.HostingListener.CreateHost()
   at Microsoft.Extensions.Hosting.HostFactoryResolver.<>c__DisplayClass10_0.<ResolveHostFactory>b__0(String[] args)
   at Microsoft.AspNetCore.Mvc.Testing.DeferredHostBuilder.Build()
   at Microsoft.AspNetCore.Mvc.Testing.WebApplicationFactory`1.CreateHost(IHostBuilder builder)
   at Microsoft.AspNetCore.Mvc.Testing.WebApplicationFactory`1.ConfigureHostBuilder(IHostBuilder hostBuilder)
   at Microsoft.AspNetCore.Mvc.Testing.WebApplicationFactory`1.EnsureServer()
   at Microsoft.AspNetCore.Mvc.Testing.WebApplicationFactory`1.CreateDefaultClient(DelegatingHandler[] handlers)
   at Microsoft.AspNetCore.Mvc.Testing.WebApplicationFactory`1.CreateDefaultClient(Uri baseAddress, DelegatingHandler[] handlers)
   at Microsoft.AspNetCore.Mvc.Testing.WebApplicationFactory`1.CreateClient(WebApplicationFactoryClientOptions options)
   at Microsoft.AspNetCore.Mvc.Testing.WebApplicationFactory`1.CreateClient()
   at Industrial.Adam.Oee.Tests.Integration.JobsControllerIntegrationTests..ctor(WebApplicationFactory`1 factory) in /home/grant/adam-6000-counter/src/Industrial.Adam.Oee/Tests/Integration/JobsControllerIntegrationTests.cs:line 24
   at InvokeStub_JobsControllerIntegrationTests..ctor(Object, Span`1)
   at System.Reflection.MethodBaseInvoker.InvokeWithOneArg(Object obj, BindingFlags invokeAttr, Binder binder, Object[] parameters, CultureInfo culture)
----- Inner Stack Trace #1 (System.InvalidOperationException) -----
   at Microsoft.Extensions.DependencyInjection.ServiceProvider.ValidateService(ServiceDescriptor descriptor)
   at Microsoft.Extensions.DependencyInjection.ServiceProvider..ctor(ICollection`1 serviceDescriptors, ServiceProviderOptions options)
----- Inner Stack Trace -----
   at Microsoft.Extensions.DependencyInjection.ServiceLookup.CallSiteFactory.CreateArgumentCallSites(ServiceIdentifier serviceIdentifier, Type implementationType, CallSiteChain callSiteChain, ParameterInfo[] parameters, Boolean throwIfCallSiteNotFound)
   at Microsoft.Extensions.DependencyInjection.ServiceLookup.CallSiteFactory.CreateConstructorCallSite(ResultCache lifetime, ServiceIdentifier serviceIdentifier, Type implementationType, CallSiteChain callSiteChain)
   at Microsoft.Extensions.DependencyInjection.ServiceLookup.CallSiteFactory.TryCreateExact(ServiceDescriptor descriptor, ServiceIdentifier serviceIdentifier, CallSiteChain callSiteChain, Int32 slot)
   at Microsoft.Extensions.DependencyInjection.ServiceLookup.CallSiteFactory.GetCallSite(ServiceDescriptor serviceDescriptor, CallSiteChain callSiteChain)
   at Microsoft.Extensions.DependencyInjection.ServiceProvider.ValidateService(ServiceDescriptor descriptor)
----- Inner Stack Trace #2 (System.InvalidOperationException) -----
   at Microsoft.Extensions.DependencyInjection.ServiceProvider.ValidateService(ServiceDescriptor descriptor)
   at Microsoft.Extensions.DependencyInjection.ServiceProvider..ctor(ICollection`1 serviceDescriptors, ServiceProviderOptions options)
----- Inner Stack Trace -----
   at Microsoft.Extensions.DependencyInjection.ServiceLookup.CallSiteFactory.CreateArgumentCallSites(ServiceIdentifier serviceIdentifier, Type implementationType, CallSiteChain callSiteChain, ParameterInfo[] parameters, Boolean throwIfCallSiteNotFound)
   at Microsoft.Extensions.DependencyInjection.ServiceLookup.CallSiteFactory.CreateConstructorCallSite(ResultCache lifetime, ServiceIdentifier serviceIdentifier, Type implementationType, CallSiteChain callSiteChain)
   at Microsoft.Extensions.DependencyInjection.ServiceLookup.CallSiteFactory.TryCreateExact(ServiceDescriptor descriptor, ServiceIdentifier serviceIdentifier, CallSiteChain callSiteChain, Int32 slot)
   at Microsoft.Extensions.DependencyInjection.ServiceLookup.CallSiteFactory.GetCallSite(ServiceDescriptor serviceDescriptor, CallSiteChain callSiteChain)
   at Microsoft.Extensions.DependencyInjection.ServiceProvider.ValidateService(ServiceDescriptor descriptor)
----- Inner Stack Trace #3 (System.InvalidOperationException) -----
   at Microsoft.Extensions.DependencyInjection.ServiceProvider.ValidateService(ServiceDescriptor descriptor)
   at Microsoft.Extensions.DependencyInjection.ServiceProvider..ctor(ICollection`1 serviceDescriptors, ServiceProviderOptions options)
----- Inner Stack Trace -----
   at Microsoft.Extensions.DependencyInjection.ServiceLookup.CallSiteFactory.CreateArgumentCallSites(ServiceIdentifier serviceIdentifier, Type implementationType, CallSiteChain callSiteChain, ParameterInfo[] parameters, Boolean throwIfCallSiteNotFound)
   at Microsoft.Extensions.DependencyInjection.ServiceLookup.CallSiteFactory.CreateConstructorCallSite(ResultCache lifetime, ServiceIdentifier serviceIdentifier, Type implementationType, CallSiteChain callSiteChain)
   at Microsoft.Extensions.DependencyInjection.ServiceLookup.CallSiteFactory.TryCreateExact(ServiceDescriptor descriptor, ServiceIdentifier serviceIdentifier, CallSiteChain callSiteChain, Int32 slot)
   at Microsoft.Extensions.DependencyInjection.ServiceLookup.CallSiteFactory.GetCallSite(ServiceDescriptor serviceDescriptor, CallSiteChain callSiteChain)
   at Microsoft.Extensions.DependencyInjection.ServiceProvider.ValidateService(ServiceDescriptor descriptor)
----- Inner Stack Trace #4 (System.InvalidOperationException) -----
   at Microsoft.Extensions.DependencyInjection.ServiceProvider.ValidateService(ServiceDescriptor descriptor)
   at Microsoft.Extensions.DependencyInjection.ServiceProvider..ctor(ICollection`1 serviceDescriptors, ServiceProviderOptions options)
----- Inner Stack Trace -----
   at Microsoft.Extensions.DependencyInjection.ServiceLookup.CallSiteFactory.CreateArgumentCallSites(ServiceIdentifier serviceIdentifier, Type implementationType, CallSiteChain callSiteChain, ParameterInfo[] parameters, Boolean throwIfCallSiteNotFound)
   at Microsoft.Extensions.DependencyInjection.ServiceLookup.CallSiteFactory.CreateConstructorCallSite(ResultCache lifetime, ServiceIdentifier serviceIdentifier, Type implementationType, CallSiteChain callSiteChain)
   at Microsoft.Extensions.DependencyInjection.ServiceLookup.CallSiteFactory.TryCreateExact(ServiceDescriptor descriptor, ServiceIdentifier serviceIdentifier, CallSiteChain callSiteChain, Int32 slot)
   at Microsoft.Extensions.DependencyInjection.ServiceLookup.CallSiteFactory.TryCreateExact(ServiceIdentifier serviceIdentifier, CallSiteChain callSiteChain)
   at Microsoft.Extensions.DependencyInjection.ServiceLookup.CallSiteFactory.CreateCallSite(ServiceIdentifier serviceIdentifier, CallSiteChain callSiteChain)
   at Microsoft.Extensions.DependencyInjection.ServiceLookup.CallSiteFactory.CreateArgumentCallSites(ServiceIdentifier serviceIdentifier, Type implementationType, CallSiteChain callSiteChain, ParameterInfo[] parameters, Boolean throwIfCallSiteNotFound)
   at Microsoft.Extensions.DependencyInjection.ServiceLookup.CallSiteFactory.CreateConstructorCallSite(ResultCache lifetime, ServiceIdentifier serviceIdentifier, Type implementationType, CallSiteChain callSiteChain)
   at Microsoft.Extensions.DependencyInjection.ServiceLookup.CallSiteFactory.TryCreateExact(ServiceDescriptor descriptor, ServiceIdentifier serviceIdentifier, CallSiteChain callSiteChain, Int32 slot)
   at Microsoft.Extensions.DependencyInjection.ServiceLookup.CallSiteFactory.GetCallSite(ServiceDescriptor serviceDescriptor, CallSiteChain callSiteChain)
   at Microsoft.Extensions.DependencyInjection.ServiceProvider.ValidateService(ServiceDescriptor descriptor)
----- Inner Stack Trace #5 (System.InvalidOperationException) -----
   at Microsoft.Extensions.DependencyInjection.ServiceProvider.ValidateService(ServiceDescriptor descriptor)
   at Microsoft.Extensions.DependencyInjection.ServiceProvider..ctor(ICollection`1 serviceDescriptors, ServiceProviderOptions options)
----- Inner Stack Trace -----
   at Microsoft.Extensions.DependencyInjection.ServiceLookup.CallSiteFactory.CreateArgumentCallSites(ServiceIdentifier serviceIdentifier, Type implementationType, CallSiteChain callSiteChain, ParameterInfo[] parameters, Boolean throwIfCallSiteNotFound)
   at Microsoft.Extensions.DependencyInjection.ServiceLookup.CallSiteFactory.CreateConstructorCallSite(ResultCache lifetime, ServiceIdentifier serviceIdentifier, Type implementationType, CallSiteChain callSiteChain)
   at Microsoft.Extensions.DependencyInjection.ServiceLookup.CallSiteFactory.TryCreateExact(ServiceDescriptor descriptor, ServiceIdentifier serviceIdentifier, CallSiteChain callSiteChain, Int32 slot)
   at Microsoft.Extensions.DependencyInjection.ServiceLookup.CallSiteFactory.GetCallSite(ServiceDescriptor serviceDescriptor, CallSiteChain callSiteChain)
   at Microsoft.Extensions.DependencyInjection.ServiceProvider.ValidateService(ServiceDescriptor descriptor)
  Failed Industrial.Adam.Oee.Tests.Integration.OeeControllerIntegrationTests.GetOeeBreakdown_WithValidDeviceId_ReturnsDetailedMetrics [1 ms]
  Error Message:
   System.AggregateException : Some services are not able to be constructed (Error while validating the service descriptor 'ServiceType: Industrial.Adam.Oee.Domain.Interfaces.IJobSequencingService Lifetime: Scoped ImplementationType: Industrial.Adam.Oee.Domain.Services.JobSequencingService': Unable to resolve service for type 'Industrial.Adam.Oee.Domain.Interfaces.IEquipmentLineRepository' while attempting to activate 'Industrial.Adam.Oee.Domain.Services.JobSequencingService'.) (Error while validating the service descriptor 'ServiceType: Industrial.Adam.Oee.Domain.Interfaces.IEquipmentLineService Lifetime: Scoped ImplementationType: Industrial.Adam.Oee.Domain.Services.EquipmentLineService': Unable to resolve service for type 'Industrial.Adam.Oee.Domain.Interfaces.IEquipmentLineRepository' while attempting to activate 'Industrial.Adam.Oee.Domain.Services.EquipmentLineService'.) (Error while validating the service descriptor 'ServiceType: Industrial.Adam.Oee.Domain.Interfaces.IStoppageDetectionService Lifetime: Scoped ImplementationType: Industrial.Adam.Oee.Domain.Services.StoppageDetectionService': Unable to resolve service for type 'Industrial.Adam.Oee.Domain.Interfaces.IEquipmentLineRepository' while attempting to activate 'Industrial.Adam.Oee.Domain.Services.StoppageDetectionService'.) (Error while validating the service descriptor 'ServiceType: MediatR.IRequestHandler`2[Industrial.Adam.Oee.Application.Commands.StartWorkOrderCommand,System.String] Lifetime: Transient ImplementationType: Industrial.Adam.Oee.Application.Commands.Handlers.StartWorkOrderCommandHandler': Unable to resolve service for type 'Industrial.Adam.Oee.Domain.Interfaces.IEquipmentLineRepository' while attempting to activate 'Industrial.Adam.Oee.Domain.Services.JobSequencingService'.) (Error while validating the service descriptor 'ServiceType: Industrial.Adam.Oee.Domain.Interfaces.ISimpleJobQueueService Lifetime: Scoped ImplementationType: Industrial.Adam.Oee.Domain.Services.SimpleJobQueueService': Unable to resolve service for type 'Industrial.Adam.Oee.Domain.Interfaces.ISimpleJobQueueRepository' while attempting to activate 'Industrial.Adam.Oee.Domain.Services.SimpleJobQueueService'.)
---- System.InvalidOperationException : Error while validating the service descriptor 'ServiceType: Industrial.Adam.Oee.Domain.Interfaces.IJobSequencingService Lifetime: Scoped ImplementationType: Industrial.Adam.Oee.Domain.Services.JobSequencingService': Unable to resolve service for type 'Industrial.Adam.Oee.Domain.Interfaces.IEquipmentLineRepository' while attempting to activate 'Industrial.Adam.Oee.Domain.Services.JobSequencingService'.
-------- System.InvalidOperationException : Unable to resolve service for type 'Industrial.Adam.Oee.Domain.Interfaces.IEquipmentLineRepository' while attempting to activate 'Industrial.Adam.Oee.Domain.Services.JobSequencingService'.
---- System.InvalidOperationException : Error while validating the service descriptor 'ServiceType: Industrial.Adam.Oee.Domain.Interfaces.IEquipmentLineService Lifetime: Scoped ImplementationType: Industrial.Adam.Oee.Domain.Services.EquipmentLineService': Unable to resolve service for type 'Industrial.Adam.Oee.Domain.Interfaces.IEquipmentLineRepository' while attempting to activate 'Industrial.Adam.Oee.Domain.Services.EquipmentLineService'.
-------- System.InvalidOperationException : Unable to resolve service for type 'Industrial.Adam.Oee.Domain.Interfaces.IEquipmentLineRepository' while attempting to activate 'Industrial.Adam.Oee.Domain.Services.EquipmentLineService'.
---- System.InvalidOperationException : Error while validating the service descriptor 'ServiceType: Industrial.Adam.Oee.Domain.Interfaces.IStoppageDetectionService Lifetime: Scoped ImplementationType: Industrial.Adam.Oee.Domain.Services.StoppageDetectionService': Unable to resolve service for type 'Industrial.Adam.Oee.Domain.Interfaces.IEquipmentLineRepository' while attempting to activate 'Industrial.Adam.Oee.Domain.Services.StoppageDetectionService'.
-------- System.InvalidOperationException : Unable to resolve service for type 'Industrial.Adam.Oee.Domain.Interfaces.IEquipmentLineRepository' while attempting to activate 'Industrial.Adam.Oee.Domain.Services.StoppageDetectionService'.
---- System.InvalidOperationException : Error while validating the service descriptor 'ServiceType: MediatR.IRequestHandler`2[Industrial.Adam.Oee.Application.Commands.StartWorkOrderCommand,System.String] Lifetime: Transient ImplementationType: Industrial.Adam.Oee.Application.Commands.Handlers.StartWorkOrderCommandHandler': Unable to resolve service for type 'Industrial.Adam.Oee.Domain.Interfaces.IEquipmentLineRepository' while attempting to activate 'Industrial.Adam.Oee.Domain.Services.JobSequencingService'.
-------- System.InvalidOperationException : Unable to resolve service for type 'Industrial.Adam.Oee.Domain.Interfaces.IEquipmentLineRepository' while attempting to activate 'Industrial.Adam.Oee.Domain.Services.JobSequencingService'.
---- System.InvalidOperationException : Error while validating the service descriptor 'ServiceType: Industrial.Adam.Oee.Domain.Interfaces.ISimpleJobQueueService Lifetime: Scoped ImplementationType: Industrial.Adam.Oee.Domain.Services.SimpleJobQueueService': Unable to resolve service for type 'Industrial.Adam.Oee.Domain.Interfaces.ISimpleJobQueueRepository' while attempting to activate 'Industrial.Adam.Oee.Domain.Services.SimpleJobQueueService'.
-------- System.InvalidOperationException : Unable to resolve service for type 'Industrial.Adam.Oee.Domain.Interfaces.ISimpleJobQueueRepository' while attempting to activate 'Industrial.Adam.Oee.Domain.Services.SimpleJobQueueService'.
  Stack Trace:
     at Microsoft.Extensions.DependencyInjection.ServiceProvider..ctor(ICollection`1 serviceDescriptors, ServiceProviderOptions options)
   at Microsoft.Extensions.DependencyInjection.ServiceCollectionContainerBuilderExtensions.BuildServiceProvider(IServiceCollection services, ServiceProviderOptions options)
   at Microsoft.Extensions.Hosting.HostApplicationBuilder.Build()
   at Microsoft.AspNetCore.Builder.WebApplicationBuilder.Build()
   at Program.<Main>$(String[] args) in /home/grant/adam-6000-counter/src/Industrial.Adam.Oee/WebApi/Program.cs:line 89
   at InvokeStub_Program.<Main>$(Object, Span`1)
   at System.Reflection.MethodBaseInvoker.InvokeWithOneArg(Object obj, BindingFlags invokeAttr, Binder binder, Object[] parameters, CultureInfo culture)
--- End of stack trace from previous location ---
   at Microsoft.Extensions.Hosting.HostFactoryResolver.HostingListener.CreateHost()
   at Microsoft.Extensions.Hosting.HostFactoryResolver.<>c__DisplayClass10_0.<ResolveHostFactory>b__0(String[] args)
   at Microsoft.AspNetCore.Mvc.Testing.DeferredHostBuilder.Build()
   at Microsoft.AspNetCore.Mvc.Testing.WebApplicationFactory`1.CreateHost(IHostBuilder builder)
   at Microsoft.AspNetCore.Mvc.Testing.WebApplicationFactory`1.ConfigureHostBuilder(IHostBuilder hostBuilder)
   at Microsoft.AspNetCore.Mvc.Testing.WebApplicationFactory`1.EnsureServer()
   at Microsoft.AspNetCore.Mvc.Testing.WebApplicationFactory`1.CreateDefaultClient(DelegatingHandler[] handlers)
   at Microsoft.AspNetCore.Mvc.Testing.WebApplicationFactory`1.CreateDefaultClient(Uri baseAddress, DelegatingHandler[] handlers)
   at Microsoft.AspNetCore.Mvc.Testing.WebApplicationFactory`1.CreateClient(WebApplicationFactoryClientOptions options)
   at Microsoft.AspNetCore.Mvc.Testing.WebApplicationFactory`1.CreateClient()
   at Industrial.Adam.Oee.Tests.Integration.OeeControllerIntegrationTests..ctor(WebApplicationFactory`1 factory) in /home/grant/adam-6000-counter/src/Industrial.Adam.Oee/Tests/Integration/OeeControllerIntegrationTests.cs:line 21
   at InvokeStub_OeeControllerIntegrationTests..ctor(Object, Span`1)
   at System.Reflection.MethodBaseInvoker.InvokeWithOneArg(Object obj, BindingFlags invokeAttr, Binder binder, Object[] parameters, CultureInfo culture)
----- Inner Stack Trace #1 (System.InvalidOperationException) -----
   at Microsoft.Extensions.DependencyInjection.ServiceProvider.ValidateService(ServiceDescriptor descriptor)
   at Microsoft.Extensions.DependencyInjection.ServiceProvider..ctor(ICollection`1 serviceDescriptors, ServiceProviderOptions options)
----- Inner Stack Trace -----
   at Microsoft.Extensions.DependencyInjection.ServiceLookup.CallSiteFactory.CreateArgumentCallSites(ServiceIdentifier serviceIdentifier, Type implementationType, CallSiteChain callSiteChain, ParameterInfo[] parameters, Boolean throwIfCallSiteNotFound)
   at Microsoft.Extensions.DependencyInjection.ServiceLookup.CallSiteFactory.CreateConstructorCallSite(ResultCache lifetime, ServiceIdentifier serviceIdentifier, Type implementationType, CallSiteChain callSiteChain)
   at Microsoft.Extensions.DependencyInjection.ServiceLookup.CallSiteFactory.TryCreateExact(ServiceDescriptor descriptor, ServiceIdentifier serviceIdentifier, CallSiteChain callSiteChain, Int32 slot)
   at Microsoft.Extensions.DependencyInjection.ServiceLookup.CallSiteFactory.GetCallSite(ServiceDescriptor serviceDescriptor, CallSiteChain callSiteChain)
   at Microsoft.Extensions.DependencyInjection.ServiceProvider.ValidateService(ServiceDescriptor descriptor)
----- Inner Stack Trace #2 (System.InvalidOperationException) -----
   at Microsoft.Extensions.DependencyInjection.ServiceProvider.ValidateService(ServiceDescriptor descriptor)
   at Microsoft.Extensions.DependencyInjection.ServiceProvider..ctor(ICollection`1 serviceDescriptors, ServiceProviderOptions options)
----- Inner Stack Trace -----
   at Microsoft.Extensions.DependencyInjection.ServiceLookup.CallSiteFactory.CreateArgumentCallSites(ServiceIdentifier serviceIdentifier, Type implementationType, CallSiteChain callSiteChain, ParameterInfo[] parameters, Boolean throwIfCallSiteNotFound)
   at Microsoft.Extensions.DependencyInjection.ServiceLookup.CallSiteFactory.CreateConstructorCallSite(ResultCache lifetime, ServiceIdentifier serviceIdentifier, Type implementationType, CallSiteChain callSiteChain)
   at Microsoft.Extensions.DependencyInjection.ServiceLookup.CallSiteFactory.TryCreateExact(ServiceDescriptor descriptor, ServiceIdentifier serviceIdentifier, CallSiteChain callSiteChain, Int32 slot)
   at Microsoft.Extensions.DependencyInjection.ServiceLookup.CallSiteFactory.GetCallSite(ServiceDescriptor serviceDescriptor, CallSiteChain callSiteChain)
   at Microsoft.Extensions.DependencyInjection.ServiceProvider.ValidateService(ServiceDescriptor descriptor)
----- Inner Stack Trace #3 (System.InvalidOperationException) -----
   at Microsoft.Extensions.DependencyInjection.ServiceProvider.ValidateService(ServiceDescriptor descriptor)
   at Microsoft.Extensions.DependencyInjection.ServiceProvider..ctor(ICollection`1 serviceDescriptors, ServiceProviderOptions options)
----- Inner Stack Trace -----
   at Microsoft.Extensions.DependencyInjection.ServiceLookup.CallSiteFactory.CreateArgumentCallSites(ServiceIdentifier serviceIdentifier, Type implementationType, CallSiteChain callSiteChain, ParameterInfo[] parameters, Boolean throwIfCallSiteNotFound)
   at Microsoft.Extensions.DependencyInjection.ServiceLookup.CallSiteFactory.CreateConstructorCallSite(ResultCache lifetime, ServiceIdentifier serviceIdentifier, Type implementationType, CallSiteChain callSiteChain)
   at Microsoft.Extensions.DependencyInjection.ServiceLookup.CallSiteFactory.TryCreateExact(ServiceDescriptor descriptor, ServiceIdentifier serviceIdentifier, CallSiteChain callSiteChain, Int32 slot)
   at Microsoft.Extensions.DependencyInjection.ServiceLookup.CallSiteFactory.GetCallSite(ServiceDescriptor serviceDescriptor, CallSiteChain callSiteChain)
   at Microsoft.Extensions.DependencyInjection.ServiceProvider.ValidateService(ServiceDescriptor descriptor)
----- Inner Stack Trace #4 (System.InvalidOperationException) -----
   at Microsoft.Extensions.DependencyInjection.ServiceProvider.ValidateService(ServiceDescriptor descriptor)
   at Microsoft.Extensions.DependencyInjection.ServiceProvider..ctor(ICollection`1 serviceDescriptors, ServiceProviderOptions options)
----- Inner Stack Trace -----
   at Microsoft.Extensions.DependencyInjection.ServiceLookup.CallSiteFactory.CreateArgumentCallSites(ServiceIdentifier serviceIdentifier, Type implementationType, CallSiteChain callSiteChain, ParameterInfo[] parameters, Boolean throwIfCallSiteNotFound)
   at Microsoft.Extensions.DependencyInjection.ServiceLookup.CallSiteFactory.CreateConstructorCallSite(ResultCache lifetime, ServiceIdentifier serviceIdentifier, Type implementationType, CallSiteChain callSiteChain)
   at Microsoft.Extensions.DependencyInjection.ServiceLookup.CallSiteFactory.TryCreateExact(ServiceDescriptor descriptor, ServiceIdentifier serviceIdentifier, CallSiteChain callSiteChain, Int32 slot)
   at Microsoft.Extensions.DependencyInjection.ServiceLookup.CallSiteFactory.TryCreateExact(ServiceIdentifier serviceIdentifier, CallSiteChain callSiteChain)
   at Microsoft.Extensions.DependencyInjection.ServiceLookup.CallSiteFactory.CreateCallSite(ServiceIdentifier serviceIdentifier, CallSiteChain callSiteChain)
   at Microsoft.Extensions.DependencyInjection.ServiceLookup.CallSiteFactory.CreateArgumentCallSites(ServiceIdentifier serviceIdentifier, Type implementationType, CallSiteChain callSiteChain, ParameterInfo[] parameters, Boolean throwIfCallSiteNotFound)
   at Microsoft.Extensions.DependencyInjection.ServiceLookup.CallSiteFactory.CreateConstructorCallSite(ResultCache lifetime, ServiceIdentifier serviceIdentifier, Type implementationType, CallSiteChain callSiteChain)
   at Microsoft.Extensions.DependencyInjection.ServiceLookup.CallSiteFactory.TryCreateExact(ServiceDescriptor descriptor, ServiceIdentifier serviceIdentifier, CallSiteChain callSiteChain, Int32 slot)
   at Microsoft.Extensions.DependencyInjection.ServiceLookup.CallSiteFactory.GetCallSite(ServiceDescriptor serviceDescriptor, CallSiteChain callSiteChain)
   at Microsoft.Extensions.DependencyInjection.ServiceProvider.ValidateService(ServiceDescriptor descriptor)
----- Inner Stack Trace #5 (System.InvalidOperationException) -----
   at Microsoft.Extensions.DependencyInjection.ServiceProvider.ValidateService(ServiceDescriptor descriptor)
   at Microsoft.Extensions.DependencyInjection.ServiceProvider..ctor(ICollection`1 serviceDescriptors, ServiceProviderOptions options)
----- Inner Stack Trace -----
   at Microsoft.Extensions.DependencyInjection.ServiceLookup.CallSiteFactory.CreateArgumentCallSites(ServiceIdentifier serviceIdentifier, Type implementationType, CallSiteChain callSiteChain, ParameterInfo[] parameters, Boolean throwIfCallSiteNotFound)
   at Microsoft.Extensions.DependencyInjection.ServiceLookup.CallSiteFactory.CreateConstructorCallSite(ResultCache lifetime, ServiceIdentifier serviceIdentifier, Type implementationType, CallSiteChain callSiteChain)
   at Microsoft.Extensions.DependencyInjection.ServiceLookup.CallSiteFactory.TryCreateExact(ServiceDescriptor descriptor, ServiceIdentifier serviceIdentifier, CallSiteChain callSiteChain, Int32 slot)
   at Microsoft.Extensions.DependencyInjection.ServiceLookup.CallSiteFactory.GetCallSite(ServiceDescriptor serviceDescriptor, CallSiteChain callSiteChain)
   at Microsoft.Extensions.DependencyInjection.ServiceProvider.ValidateService(ServiceDescriptor descriptor)
  Failed Industrial.Adam.Oee.Tests.Integration.StoppagesControllerIntegrationTests.GetCurrentStoppage_WithInvalidDeviceId_ReturnsBadRequest(deviceId: "") [1 ms]
  Error Message:
   System.AggregateException : Some services are not able to be constructed (Error while validating the service descriptor 'ServiceType: Industrial.Adam.Oee.Domain.Interfaces.IJobSequencingService Lifetime: Scoped ImplementationType: Industrial.Adam.Oee.Domain.Services.JobSequencingService': Unable to resolve service for type 'Industrial.Adam.Oee.Domain.Interfaces.IEquipmentLineRepository' while attempting to activate 'Industrial.Adam.Oee.Domain.Services.JobSequencingService'.) (Error while validating the service descriptor 'ServiceType: Industrial.Adam.Oee.Domain.Interfaces.IEquipmentLineService Lifetime: Scoped ImplementationType: Industrial.Adam.Oee.Domain.Services.EquipmentLineService': Unable to resolve service for type 'Industrial.Adam.Oee.Domain.Interfaces.IEquipmentLineRepository' while attempting to activate 'Industrial.Adam.Oee.Domain.Services.EquipmentLineService'.) (Error while validating the service descriptor 'ServiceType: Industrial.Adam.Oee.Domain.Interfaces.IStoppageDetectionService Lifetime: Scoped ImplementationType: Industrial.Adam.Oee.Domain.Services.StoppageDetectionService': Unable to resolve service for type 'Industrial.Adam.Oee.Domain.Interfaces.IEquipmentLineRepository' while attempting to activate 'Industrial.Adam.Oee.Domain.Services.StoppageDetectionService'.) (Error while validating the service descriptor 'ServiceType: MediatR.IRequestHandler`2[Industrial.Adam.Oee.Application.Commands.StartWorkOrderCommand,System.String] Lifetime: Transient ImplementationType: Industrial.Adam.Oee.Application.Commands.Handlers.StartWorkOrderCommandHandler': Unable to resolve service for type 'Industrial.Adam.Oee.Domain.Interfaces.IEquipmentLineRepository' while attempting to activate 'Industrial.Adam.Oee.Domain.Services.JobSequencingService'.) (Error while validating the service descriptor 'ServiceType: Industrial.Adam.Oee.Domain.Interfaces.ISimpleJobQueueService Lifetime: Scoped ImplementationType: Industrial.Adam.Oee.Domain.Services.SimpleJobQueueService': Unable to resolve service for type 'Industrial.Adam.Oee.Domain.Interfaces.ISimpleJobQueueRepository' while attempting to activate 'Industrial.Adam.Oee.Domain.Services.SimpleJobQueueService'.)
---- System.InvalidOperationException : Error while validating the service descriptor 'ServiceType: Industrial.Adam.Oee.Domain.Interfaces.IJobSequencingService Lifetime: Scoped ImplementationType: Industrial.Adam.Oee.Domain.Services.JobSequencingService': Unable to resolve service for type 'Industrial.Adam.Oee.Domain.Interfaces.IEquipmentLineRepository' while attempting to activate 'Industrial.Adam.Oee.Domain.Services.JobSequencingService'.
-------- System.InvalidOperationException : Unable to resolve service for type 'Industrial.Adam.Oee.Domain.Interfaces.IEquipmentLineRepository' while attempting to activate 'Industrial.Adam.Oee.Domain.Services.JobSequencingService'.
---- System.InvalidOperationException : Error while validating the service descriptor 'ServiceType: Industrial.Adam.Oee.Domain.Interfaces.IEquipmentLineService Lifetime: Scoped ImplementationType: Industrial.Adam.Oee.Domain.Services.EquipmentLineService': Unable to resolve service for type 'Industrial.Adam.Oee.Domain.Interfaces.IEquipmentLineRepository' while attempting to activate 'Industrial.Adam.Oee.Domain.Services.EquipmentLineService'.
-------- System.InvalidOperationException : Unable to resolve service for type 'Industrial.Adam.Oee.Domain.Interfaces.IEquipmentLineRepository' while attempting to activate 'Industrial.Adam.Oee.Domain.Services.EquipmentLineService'.
---- System.InvalidOperationException : Error while validating the service descriptor 'ServiceType: Industrial.Adam.Oee.Domain.Interfaces.IStoppageDetectionService Lifetime: Scoped ImplementationType: Industrial.Adam.Oee.Domain.Services.StoppageDetectionService': Unable to resolve service for type 'Industrial.Adam.Oee.Domain.Interfaces.IEquipmentLineRepository' while attempting to activate 'Industrial.Adam.Oee.Domain.Services.StoppageDetectionService'.
-------- System.InvalidOperationException : Unable to resolve service for type 'Industrial.Adam.Oee.Domain.Interfaces.IEquipmentLineRepository' while attempting to activate 'Industrial.Adam.Oee.Domain.Services.StoppageDetectionService'.
---- System.InvalidOperationException : Error while validating the service descriptor 'ServiceType: MediatR.IRequestHandler`2[Industrial.Adam.Oee.Application.Commands.StartWorkOrderCommand,System.String] Lifetime: Transient ImplementationType: Industrial.Adam.Oee.Application.Commands.Handlers.StartWorkOrderCommandHandler': Unable to resolve service for type 'Industrial.Adam.Oee.Domain.Interfaces.IEquipmentLineRepository' while attempting to activate 'Industrial.Adam.Oee.Domain.Services.JobSequencingService'.
-------- System.InvalidOperationException : Unable to resolve service for type 'Industrial.Adam.Oee.Domain.Interfaces.IEquipmentLineRepository' while attempting to activate 'Industrial.Adam.Oee.Domain.Services.JobSequencingService'.
---- System.InvalidOperationException : Error while validating the service descriptor 'ServiceType: Industrial.Adam.Oee.Domain.Interfaces.ISimpleJobQueueService Lifetime: Scoped ImplementationType: Industrial.Adam.Oee.Domain.Services.SimpleJobQueueService': Unable to resolve service for type 'Industrial.Adam.Oee.Domain.Interfaces.ISimpleJobQueueRepository' while attempting to activate 'Industrial.Adam.Oee.Domain.Services.SimpleJobQueueService'.
-------- System.InvalidOperationException : Unable to resolve service for type 'Industrial.Adam.Oee.Domain.Interfaces.ISimpleJobQueueRepository' while attempting to activate 'Industrial.Adam.Oee.Domain.Services.SimpleJobQueueService'.
  Stack Trace:
     at Microsoft.Extensions.DependencyInjection.ServiceProvider..ctor(ICollection`1 serviceDescriptors, ServiceProviderOptions options)
   at Microsoft.Extensions.DependencyInjection.ServiceCollectionContainerBuilderExtensions.BuildServiceProvider(IServiceCollection services, ServiceProviderOptions options)
   at Microsoft.Extensions.Hosting.HostApplicationBuilder.Build()
   at Microsoft.AspNetCore.Builder.WebApplicationBuilder.Build()
   at Program.<Main>$(String[] args) in /home/grant/adam-6000-counter/src/Industrial.Adam.Oee/WebApi/Program.cs:line 89
   at InvokeStub_Program.<Main>$(Object, Span`1)
   at System.Reflection.MethodBaseInvoker.InvokeWithOneArg(Object obj, BindingFlags invokeAttr, Binder binder, Object[] parameters, CultureInfo culture)
--- End of stack trace from previous location ---
   at Microsoft.Extensions.Hosting.HostFactoryResolver.HostingListener.CreateHost()
   at Microsoft.Extensions.Hosting.HostFactoryResolver.<>c__DisplayClass10_0.<ResolveHostFactory>b__0(String[] args)
   at Microsoft.AspNetCore.Mvc.Testing.DeferredHostBuilder.Build()
   at Microsoft.AspNetCore.Mvc.Testing.WebApplicationFactory`1.CreateHost(IHostBuilder builder)
   at Microsoft.AspNetCore.Mvc.Testing.WebApplicationFactory`1.ConfigureHostBuilder(IHostBuilder hostBuilder)
   at Microsoft.AspNetCore.Mvc.Testing.WebApplicationFactory`1.EnsureServer()
   at Microsoft.AspNetCore.Mvc.Testing.WebApplicationFactory`1.CreateDefaultClient(DelegatingHandler[] handlers)
   at Microsoft.AspNetCore.Mvc.Testing.WebApplicationFactory`1.CreateDefaultClient(Uri baseAddress, DelegatingHandler[] handlers)
   at Microsoft.AspNetCore.Mvc.Testing.WebApplicationFactory`1.CreateClient(WebApplicationFactoryClientOptions options)
   at Microsoft.AspNetCore.Mvc.Testing.WebApplicationFactory`1.CreateClient()
   at Industrial.Adam.Oee.Tests.Integration.StoppagesControllerIntegrationTests..ctor(WebApplicationFactory`1 factory) in /home/grant/adam-6000-counter/src/Industrial.Adam.Oee/Tests/Integration/StoppagesControllerIntegrationTests.cs:line 21
   at InvokeStub_StoppagesControllerIntegrationTests..ctor(Object, Span`1)
   at System.Reflection.MethodBaseInvoker.InvokeWithOneArg(Object obj, BindingFlags invokeAttr, Binder binder, Object[] parameters, CultureInfo culture)
----- Inner Stack Trace #1 (System.InvalidOperationException) -----
   at Microsoft.Extensions.DependencyInjection.ServiceProvider.ValidateService(ServiceDescriptor descriptor)
   at Microsoft.Extensions.DependencyInjection.ServiceProvider..ctor(ICollection`1 serviceDescriptors, ServiceProviderOptions options)
----- Inner Stack Trace -----
   at Microsoft.Extensions.DependencyInjection.ServiceLookup.CallSiteFactory.CreateArgumentCallSites(ServiceIdentifier serviceIdentifier, Type implementationType, CallSiteChain callSiteChain, ParameterInfo[] parameters, Boolean throwIfCallSiteNotFound)
   at Microsoft.Extensions.DependencyInjection.ServiceLookup.CallSiteFactory.CreateConstructorCallSite(ResultCache lifetime, ServiceIdentifier serviceIdentifier, Type implementationType, CallSiteChain callSiteChain)
   at Microsoft.Extensions.DependencyInjection.ServiceLookup.CallSiteFactory.TryCreateExact(ServiceDescriptor descriptor, ServiceIdentifier serviceIdentifier, CallSiteChain callSiteChain, Int32 slot)
   at Microsoft.Extensions.DependencyInjection.ServiceLookup.CallSiteFactory.GetCallSite(ServiceDescriptor serviceDescriptor, CallSiteChain callSiteChain)
   at Microsoft.Extensions.DependencyInjection.ServiceProvider.ValidateService(ServiceDescriptor descriptor)
----- Inner Stack Trace #2 (System.InvalidOperationException) -----
   at Microsoft.Extensions.DependencyInjection.ServiceProvider.ValidateService(ServiceDescriptor descriptor)
   at Microsoft.Extensions.DependencyInjection.ServiceProvider..ctor(ICollection`1 serviceDescriptors, ServiceProviderOptions options)
----- Inner Stack Trace -----
   at Microsoft.Extensions.DependencyInjection.ServiceLookup.CallSiteFactory.CreateArgumentCallSites(ServiceIdentifier serviceIdentifier, Type implementationType, CallSiteChain callSiteChain, ParameterInfo[] parameters, Boolean throwIfCallSiteNotFound)
   at Microsoft.Extensions.DependencyInjection.ServiceLookup.CallSiteFactory.CreateConstructorCallSite(ResultCache lifetime, ServiceIdentifier serviceIdentifier, Type implementationType, CallSiteChain callSiteChain)
   at Microsoft.Extensions.DependencyInjection.ServiceLookup.CallSiteFactory.TryCreateExact(ServiceDescriptor descriptor, ServiceIdentifier serviceIdentifier, CallSiteChain callSiteChain, Int32 slot)
   at Microsoft.Extensions.DependencyInjection.ServiceLookup.CallSiteFactory.GetCallSite(ServiceDescriptor serviceDescriptor, CallSiteChain callSiteChain)
   at Microsoft.Extensions.DependencyInjection.ServiceProvider.ValidateService(ServiceDescriptor descriptor)
----- Inner Stack Trace #3 (System.InvalidOperationException) -----
   at Microsoft.Extensions.DependencyInjection.ServiceProvider.ValidateService(ServiceDescriptor descriptor)
   at Microsoft.Extensions.DependencyInjection.ServiceProvider..ctor(ICollection`1 serviceDescriptors, ServiceProviderOptions options)
----- Inner Stack Trace -----
   at Microsoft.Extensions.DependencyInjection.ServiceLookup.CallSiteFactory.CreateArgumentCallSites(ServiceIdentifier serviceIdentifier, Type implementationType, CallSiteChain callSiteChain, ParameterInfo[] parameters, Boolean throwIfCallSiteNotFound)
   at Microsoft.Extensions.DependencyInjection.ServiceLookup.CallSiteFactory.CreateConstructorCallSite(ResultCache lifetime, ServiceIdentifier serviceIdentifier, Type implementationType, CallSiteChain callSiteChain)
   at Microsoft.Extensions.DependencyInjection.ServiceLookup.CallSiteFactory.TryCreateExact(ServiceDescriptor descriptor, ServiceIdentifier serviceIdentifier, CallSiteChain callSiteChain, Int32 slot)
   at Microsoft.Extensions.DependencyInjection.ServiceLookup.CallSiteFactory.GetCallSite(ServiceDescriptor serviceDescriptor, CallSiteChain callSiteChain)
   at Microsoft.Extensions.DependencyInjection.ServiceProvider.ValidateService(ServiceDescriptor descriptor)
----- Inner Stack Trace #4 (System.InvalidOperationException) -----
   at Microsoft.Extensions.DependencyInjection.ServiceProvider.ValidateService(ServiceDescriptor descriptor)
   at Microsoft.Extensions.DependencyInjection.ServiceProvider..ctor(ICollection`1 serviceDescriptors, ServiceProviderOptions options)
----- Inner Stack Trace -----
   at Microsoft.Extensions.DependencyInjection.ServiceLookup.CallSiteFactory.CreateArgumentCallSites(ServiceIdentifier serviceIdentifier, Type implementationType, CallSiteChain callSiteChain, ParameterInfo[] parameters, Boolean throwIfCallSiteNotFound)
   at Microsoft.Extensions.DependencyInjection.ServiceLookup.CallSiteFactory.CreateConstructorCallSite(ResultCache lifetime, ServiceIdentifier serviceIdentifier, Type implementationType, CallSiteChain callSiteChain)
   at Microsoft.Extensions.DependencyInjection.ServiceLookup.CallSiteFactory.TryCreateExact(ServiceDescriptor descriptor, ServiceIdentifier serviceIdentifier, CallSiteChain callSiteChain, Int32 slot)
   at Microsoft.Extensions.DependencyInjection.ServiceLookup.CallSiteFactory.TryCreateExact(ServiceIdentifier serviceIdentifier, CallSiteChain callSiteChain)
   at Microsoft.Extensions.DependencyInjection.ServiceLookup.CallSiteFactory.CreateCallSite(ServiceIdentifier serviceIdentifier, CallSiteChain callSiteChain)
   at Microsoft.Extensions.DependencyInjection.ServiceLookup.CallSiteFactory.CreateArgumentCallSites(ServiceIdentifier serviceIdentifier, Type implementationType, CallSiteChain callSiteChain, ParameterInfo[] parameters, Boolean throwIfCallSiteNotFound)
   at Microsoft.Extensions.DependencyInjection.ServiceLookup.CallSiteFactory.CreateConstructorCallSite(ResultCache lifetime, ServiceIdentifier serviceIdentifier, Type implementationType, CallSiteChain callSiteChain)
   at Microsoft.Extensions.DependencyInjection.ServiceLookup.CallSiteFactory.TryCreateExact(ServiceDescriptor descriptor, ServiceIdentifier serviceIdentifier, CallSiteChain callSiteChain, Int32 slot)
   at Microsoft.Extensions.DependencyInjection.ServiceLookup.CallSiteFactory.GetCallSite(ServiceDescriptor serviceDescriptor, CallSiteChain callSiteChain)
   at Microsoft.Extensions.DependencyInjection.ServiceProvider.ValidateService(ServiceDescriptor descriptor)
----- Inner Stack Trace #5 (System.InvalidOperationException) -----
   at Microsoft.Extensions.DependencyInjection.ServiceProvider.ValidateService(ServiceDescriptor descriptor)
   at Microsoft.Extensions.DependencyInjection.ServiceProvider..ctor(ICollection`1 serviceDescriptors, ServiceProviderOptions options)
----- Inner Stack Trace -----
   at Microsoft.Extensions.DependencyInjection.ServiceLookup.CallSiteFactory.CreateArgumentCallSites(ServiceIdentifier serviceIdentifier, Type implementationType, CallSiteChain callSiteChain, ParameterInfo[] parameters, Boolean throwIfCallSiteNotFound)
   at Microsoft.Extensions.DependencyInjection.ServiceLookup.CallSiteFactory.CreateConstructorCallSite(ResultCache lifetime, ServiceIdentifier serviceIdentifier, Type implementationType, CallSiteChain callSiteChain)
   at Microsoft.Extensions.DependencyInjection.ServiceLookup.CallSiteFactory.TryCreateExact(ServiceDescriptor descriptor, ServiceIdentifier serviceIdentifier, CallSiteChain callSiteChain, Int32 slot)
   at Microsoft.Extensions.DependencyInjection.ServiceLookup.CallSiteFactory.GetCallSite(ServiceDescriptor serviceDescriptor, CallSiteChain callSiteChain)
   at Microsoft.Extensions.DependencyInjection.ServiceProvider.ValidateService(ServiceDescriptor descriptor)
[xUnit.net 00:00:03.28]     Industrial.Adam.Oee.Tests.Integration.JobsControllerIntegrationTests.GetActiveJob_WithInvalidDeviceId_ReturnsBadRequest(deviceId: " ") [FAIL]
[xUnit.net 00:00:03.32]     Industrial.Adam.Oee.Tests.Integration.SignalR.StoppageNotificationHubTests.Hub_CanSubscribeToLine_Successfully [FAIL]
  Failed Industrial.Adam.Oee.Tests.Integration.JobsControllerIntegrationTests.GetActiveJob_WithInvalidDeviceId_ReturnsBadRequest(deviceId: " ") [1 ms]
  Error Message:
   System.AggregateException : Some services are not able to be constructed (Error while validating the service descriptor 'ServiceType: Industrial.Adam.Oee.Domain.Interfaces.IJobSequencingService Lifetime: Scoped ImplementationType: Industrial.Adam.Oee.Domain.Services.JobSequencingService': Unable to resolve service for type 'Industrial.Adam.Oee.Domain.Interfaces.IEquipmentLineRepository' while attempting to activate 'Industrial.Adam.Oee.Domain.Services.JobSequencingService'.) (Error while validating the service descriptor 'ServiceType: Industrial.Adam.Oee.Domain.Interfaces.IEquipmentLineService Lifetime: Scoped ImplementationType: Industrial.Adam.Oee.Domain.Services.EquipmentLineService': Unable to resolve service for type 'Industrial.Adam.Oee.Domain.Interfaces.IEquipmentLineRepository' while attempting to activate 'Industrial.Adam.Oee.Domain.Services.EquipmentLineService'.) (Error while validating the service descriptor 'ServiceType: Industrial.Adam.Oee.Domain.Interfaces.IStoppageDetectionService Lifetime: Scoped ImplementationType: Industrial.Adam.Oee.Domain.Services.StoppageDetectionService': Unable to resolve service for type 'Industrial.Adam.Oee.Domain.Interfaces.IEquipmentLineRepository' while attempting to activate 'Industrial.Adam.Oee.Domain.Services.StoppageDetectionService'.) (Error while validating the service descriptor 'ServiceType: MediatR.IRequestHandler`2[Industrial.Adam.Oee.Application.Commands.StartWorkOrderCommand,System.String] Lifetime: Transient ImplementationType: Industrial.Adam.Oee.Application.Commands.Handlers.StartWorkOrderCommandHandler': Unable to resolve service for type 'Industrial.Adam.Oee.Domain.Interfaces.IEquipmentLineRepository' while attempting to activate 'Industrial.Adam.Oee.Domain.Services.JobSequencingService'.) (Error while validating the service descriptor 'ServiceType: Industrial.Adam.Oee.Domain.Interfaces.ISimpleJobQueueService Lifetime: Scoped ImplementationType: Industrial.Adam.Oee.Domain.Services.SimpleJobQueueService': Unable to resolve service for type 'Industrial.Adam.Oee.Domain.Interfaces.ISimpleJobQueueRepository' while attempting to activate 'Industrial.Adam.Oee.Domain.Services.SimpleJobQueueService'.)
---- System.InvalidOperationException : Error while validating the service descriptor 'ServiceType: Industrial.Adam.Oee.Domain.Interfaces.IJobSequencingService Lifetime: Scoped ImplementationType: Industrial.Adam.Oee.Domain.Services.JobSequencingService': Unable to resolve service for type 'Industrial.Adam.Oee.Domain.Interfaces.IEquipmentLineRepository' while attempting to activate 'Industrial.Adam.Oee.Domain.Services.JobSequencingService'.
-------- System.InvalidOperationException : Unable to resolve service for type 'Industrial.Adam.Oee.Domain.Interfaces.IEquipmentLineRepository' while attempting to activate 'Industrial.Adam.Oee.Domain.Services.JobSequencingService'.
---- System.InvalidOperationException : Error while validating the service descriptor 'ServiceType: Industrial.Adam.Oee.Domain.Interfaces.IEquipmentLineService Lifetime: Scoped ImplementationType: Industrial.Adam.Oee.Domain.Services.EquipmentLineService': Unable to resolve service for type 'Industrial.Adam.Oee.Domain.Interfaces.IEquipmentLineRepository' while attempting to activate 'Industrial.Adam.Oee.Domain.Services.EquipmentLineService'.
-------- System.InvalidOperationException : Unable to resolve service for type 'Industrial.Adam.Oee.Domain.Interfaces.IEquipmentLineRepository' while attempting to activate 'Industrial.Adam.Oee.Domain.Services.EquipmentLineService'.
---- System.InvalidOperationException : Error while validating the service descriptor 'ServiceType: Industrial.Adam.Oee.Domain.Interfaces.IStoppageDetectionService Lifetime: Scoped ImplementationType: Industrial.Adam.Oee.Domain.Services.StoppageDetectionService': Unable to resolve service for type 'Industrial.Adam.Oee.Domain.Interfaces.IEquipmentLineRepository' while attempting to activate 'Industrial.Adam.Oee.Domain.Services.StoppageDetectionService'.
-------- System.InvalidOperationException : Unable to resolve service for type 'Industrial.Adam.Oee.Domain.Interfaces.IEquipmentLineRepository' while attempting to activate 'Industrial.Adam.Oee.Domain.Services.StoppageDetectionService'.
---- System.InvalidOperationException : Error while validating the service descriptor 'ServiceType: MediatR.IRequestHandler`2[Industrial.Adam.Oee.Application.Commands.StartWorkOrderCommand,System.String] Lifetime: Transient ImplementationType: Industrial.Adam.Oee.Application.Commands.Handlers.StartWorkOrderCommandHandler': Unable to resolve service for type 'Industrial.Adam.Oee.Domain.Interfaces.IEquipmentLineRepository' while attempting to activate 'Industrial.Adam.Oee.Domain.Services.JobSequencingService'.
-------- System.InvalidOperationException : Unable to resolve service for type 'Industrial.Adam.Oee.Domain.Interfaces.IEquipmentLineRepository' while attempting to activate 'Industrial.Adam.Oee.Domain.Services.JobSequencingService'.
---- System.InvalidOperationException : Error while validating the service descriptor 'ServiceType: Industrial.Adam.Oee.Domain.Interfaces.ISimpleJobQueueService Lifetime: Scoped ImplementationType: Industrial.Adam.Oee.Domain.Services.SimpleJobQueueService': Unable to resolve service for type 'Industrial.Adam.Oee.Domain.Interfaces.ISimpleJobQueueRepository' while attempting to activate 'Industrial.Adam.Oee.Domain.Services.SimpleJobQueueService'.
-------- System.InvalidOperationException : Unable to resolve service for type 'Industrial.Adam.Oee.Domain.Interfaces.ISimpleJobQueueRepository' while attempting to activate 'Industrial.Adam.Oee.Domain.Services.SimpleJobQueueService'.
  Stack Trace:
     at Microsoft.Extensions.DependencyInjection.ServiceProvider..ctor(ICollection`1 serviceDescriptors, ServiceProviderOptions options)
   at Microsoft.Extensions.DependencyInjection.ServiceCollectionContainerBuilderExtensions.BuildServiceProvider(IServiceCollection services, ServiceProviderOptions options)
   at Microsoft.Extensions.Hosting.HostApplicationBuilder.Build()
   at Microsoft.AspNetCore.Builder.WebApplicationBuilder.Build()
   at Program.<Main>$(String[] args) in /home/grant/adam-6000-counter/src/Industrial.Adam.Oee/WebApi/Program.cs:line 89
   at InvokeStub_Program.<Main>$(Object, Span`1)
   at System.Reflection.MethodBaseInvoker.InvokeWithOneArg(Object obj, BindingFlags invokeAttr, Binder binder, Object[] parameters, CultureInfo culture)
--- End of stack trace from previous location ---
   at Microsoft.Extensions.Hosting.HostFactoryResolver.HostingListener.CreateHost()
   at Microsoft.Extensions.Hosting.HostFactoryResolver.<>c__DisplayClass10_0.<ResolveHostFactory>b__0(String[] args)
   at Microsoft.AspNetCore.Mvc.Testing.DeferredHostBuilder.Build()
   at Microsoft.AspNetCore.Mvc.Testing.WebApplicationFactory`1.CreateHost(IHostBuilder builder)
   at Microsoft.AspNetCore.Mvc.Testing.WebApplicationFactory`1.ConfigureHostBuilder(IHostBuilder hostBuilder)
   at Microsoft.AspNetCore.Mvc.Testing.WebApplicationFactory`1.EnsureServer()
   at Microsoft.AspNetCore.Mvc.Testing.WebApplicationFactory`1.CreateDefaultClient(DelegatingHandler[] handlers)
   at Microsoft.AspNetCore.Mvc.Testing.WebApplicationFactory`1.CreateDefaultClient(Uri baseAddress, DelegatingHandler[] handlers)
   at Microsoft.AspNetCore.Mvc.Testing.WebApplicationFactory`1.CreateClient(WebApplicationFactoryClientOptions options)
   at Microsoft.AspNetCore.Mvc.Testing.WebApplicationFactory`1.CreateClient()
   at Industrial.Adam.Oee.Tests.Integration.JobsControllerIntegrationTests..ctor(WebApplicationFactory`1 factory) in /home/grant/adam-6000-counter/src/Industrial.Adam.Oee/Tests/Integration/JobsControllerIntegrationTests.cs:line 24
   at InvokeStub_JobsControllerIntegrationTests..ctor(Object, Span`1)
   at System.Reflection.MethodBaseInvoker.InvokeWithOneArg(Object obj, BindingFlags invokeAttr, Binder binder, Object[] parameters, CultureInfo culture)
----- Inner Stack Trace #1 (System.InvalidOperationException) -----
   at Microsoft.Extensions.DependencyInjection.ServiceProvider.ValidateService(ServiceDescriptor descriptor)
   at Microsoft.Extensions.DependencyInjection.ServiceProvider..ctor(ICollection`1 serviceDescriptors, ServiceProviderOptions options)
----- Inner Stack Trace -----
   at Microsoft.Extensions.DependencyInjection.ServiceLookup.CallSiteFactory.CreateArgumentCallSites(ServiceIdentifier serviceIdentifier, Type implementationType, CallSiteChain callSiteChain, ParameterInfo[] parameters, Boolean throwIfCallSiteNotFound)
   at Microsoft.Extensions.DependencyInjection.ServiceLookup.CallSiteFactory.CreateConstructorCallSite(ResultCache lifetime, ServiceIdentifier serviceIdentifier, Type implementationType, CallSiteChain callSiteChain)
   at Microsoft.Extensions.DependencyInjection.ServiceLookup.CallSiteFactory.TryCreateExact(ServiceDescriptor descriptor, ServiceIdentifier serviceIdentifier, CallSiteChain callSiteChain, Int32 slot)
   at Microsoft.Extensions.DependencyInjection.ServiceLookup.CallSiteFactory.GetCallSite(ServiceDescriptor serviceDescriptor, CallSiteChain callSiteChain)
   at Microsoft.Extensions.DependencyInjection.ServiceProvider.ValidateService(ServiceDescriptor descriptor)
----- Inner Stack Trace #2 (System.InvalidOperationException) -----
   at Microsoft.Extensions.DependencyInjection.ServiceProvider.ValidateService(ServiceDescriptor descriptor)
   at Microsoft.Extensions.DependencyInjection.ServiceProvider..ctor(ICollection`1 serviceDescriptors, ServiceProviderOptions options)
----- Inner Stack Trace -----
   at Microsoft.Extensions.DependencyInjection.ServiceLookup.CallSiteFactory.CreateArgumentCallSites(ServiceIdentifier serviceIdentifier, Type implementationType, CallSiteChain callSiteChain, ParameterInfo[] parameters, Boolean throwIfCallSiteNotFound)
   at Microsoft.Extensions.DependencyInjection.ServiceLookup.CallSiteFactory.CreateConstructorCallSite(ResultCache lifetime, ServiceIdentifier serviceIdentifier, Type implementationType, CallSiteChain callSiteChain)
   at Microsoft.Extensions.DependencyInjection.ServiceLookup.CallSiteFactory.TryCreateExact(ServiceDescriptor descriptor, ServiceIdentifier serviceIdentifier, CallSiteChain callSiteChain, Int32 slot)
   at Microsoft.Extensions.DependencyInjection.ServiceLookup.CallSiteFactory.GetCallSite(ServiceDescriptor serviceDescriptor, CallSiteChain callSiteChain)
   at Microsoft.Extensions.DependencyInjection.ServiceProvider.ValidateService(ServiceDescriptor descriptor)
----- Inner Stack Trace #3 (System.InvalidOperationException) -----
   at Microsoft.Extensions.DependencyInjection.ServiceProvider.ValidateService(ServiceDescriptor descriptor)
   at Microsoft.Extensions.DependencyInjection.ServiceProvider..ctor(ICollection`1 serviceDescriptors, ServiceProviderOptions options)
----- Inner Stack Trace -----
   at Microsoft.Extensions.DependencyInjection.ServiceLookup.CallSiteFactory.CreateArgumentCallSites(ServiceIdentifier serviceIdentifier, Type implementationType, CallSiteChain callSiteChain, ParameterInfo[] parameters, Boolean throwIfCallSiteNotFound)
   at Microsoft.Extensions.DependencyInjection.ServiceLookup.CallSiteFactory.CreateConstructorCallSite(ResultCache lifetime, ServiceIdentifier serviceIdentifier, Type implementationType, CallSiteChain callSiteChain)
   at Microsoft.Extensions.DependencyInjection.ServiceLookup.CallSiteFactory.TryCreateExact(ServiceDescriptor descriptor, ServiceIdentifier serviceIdentifier, CallSiteChain callSiteChain, Int32 slot)
   at Microsoft.Extensions.DependencyInjection.ServiceLookup.CallSiteFactory.GetCallSite(ServiceDescriptor serviceDescriptor, CallSiteChain callSiteChain)
   at Microsoft.Extensions.DependencyInjection.ServiceProvider.ValidateService(ServiceDescriptor descriptor)
----- Inner Stack Trace #4 (System.InvalidOperationException) -----
   at Microsoft.Extensions.DependencyInjection.ServiceProvider.ValidateService(ServiceDescriptor descriptor)
   at Microsoft.Extensions.DependencyInjection.ServiceProvider..ctor(ICollection`1 serviceDescriptors, ServiceProviderOptions options)
----- Inner Stack Trace -----
   at Microsoft.Extensions.DependencyInjection.ServiceLookup.CallSiteFactory.CreateArgumentCallSites(ServiceIdentifier serviceIdentifier, Type implementationType, CallSiteChain callSiteChain, ParameterInfo[] parameters, Boolean throwIfCallSiteNotFound)
   at Microsoft.Extensions.DependencyInjection.ServiceLookup.CallSiteFactory.CreateConstructorCallSite(ResultCache lifetime, ServiceIdentifier serviceIdentifier, Type implementationType, CallSiteChain callSiteChain)
   at Microsoft.Extensions.DependencyInjection.ServiceLookup.CallSiteFactory.TryCreateExact(ServiceDescriptor descriptor, ServiceIdentifier serviceIdentifier, CallSiteChain callSiteChain, Int32 slot)
   at Microsoft.Extensions.DependencyInjection.ServiceLookup.CallSiteFactory.TryCreateExact(ServiceIdentifier serviceIdentifier, CallSiteChain callSiteChain)
   at Microsoft.Extensions.DependencyInjection.ServiceLookup.CallSiteFactory.CreateCallSite(ServiceIdentifier serviceIdentifier, CallSiteChain callSiteChain)
   at Microsoft.Extensions.DependencyInjection.ServiceLookup.CallSiteFactory.CreateArgumentCallSites(ServiceIdentifier serviceIdentifier, Type implementationType, CallSiteChain callSiteChain, ParameterInfo[] parameters, Boolean throwIfCallSiteNotFound)
   at Microsoft.Extensions.DependencyInjection.ServiceLookup.CallSiteFactory.CreateConstructorCallSite(ResultCache lifetime, ServiceIdentifier serviceIdentifier, Type implementationType, CallSiteChain callSiteChain)
   at Microsoft.Extensions.DependencyInjection.ServiceLookup.CallSiteFactory.TryCreateExact(ServiceDescriptor descriptor, ServiceIdentifier serviceIdentifier, CallSiteChain callSiteChain, Int32 slot)
   at Microsoft.Extensions.DependencyInjection.ServiceLookup.CallSiteFactory.GetCallSite(ServiceDescriptor serviceDescriptor, CallSiteChain callSiteChain)
   at Microsoft.Extensions.DependencyInjection.ServiceProvider.ValidateService(ServiceDescriptor descriptor)
----- Inner Stack Trace #5 (System.InvalidOperationException) -----
   at Microsoft.Extensions.DependencyInjection.ServiceProvider.ValidateService(ServiceDescriptor descriptor)
   at Microsoft.Extensions.DependencyInjection.ServiceProvider..ctor(ICollection`1 serviceDescriptors, ServiceProviderOptions options)
----- Inner Stack Trace -----
   at Microsoft.Extensions.DependencyInjection.ServiceLookup.CallSiteFactory.CreateArgumentCallSites(ServiceIdentifier serviceIdentifier, Type implementationType, CallSiteChain callSiteChain, ParameterInfo[] parameters, Boolean throwIfCallSiteNotFound)
   at Microsoft.Extensions.DependencyInjection.ServiceLookup.CallSiteFactory.CreateConstructorCallSite(ResultCache lifetime, ServiceIdentifier serviceIdentifier, Type implementationType, CallSiteChain callSiteChain)
   at Microsoft.Extensions.DependencyInjection.ServiceLookup.CallSiteFactory.TryCreateExact(ServiceDescriptor descriptor, ServiceIdentifier serviceIdentifier, CallSiteChain callSiteChain, Int32 slot)
   at Microsoft.Extensions.DependencyInjection.ServiceLookup.CallSiteFactory.GetCallSite(ServiceDescriptor serviceDescriptor, CallSiteChain callSiteChain)
   at Microsoft.Extensions.DependencyInjection.ServiceProvider.ValidateService(ServiceDescriptor descriptor)
  Failed Industrial.Adam.Oee.Tests.Integration.SignalR.StoppageNotificationHubTests.Hub_CanSubscribeToLine_Successfully [205 ms]
  Error Message:
   System.AggregateException : Some services are not able to be constructed (Error while validating the service descriptor 'ServiceType: Industrial.Adam.Oee.Domain.Interfaces.IJobSequencingService Lifetime: Scoped ImplementationType: Industrial.Adam.Oee.Domain.Services.JobSequencingService': Unable to resolve service for type 'Industrial.Adam.Oee.Domain.Interfaces.IEquipmentLineRepository' while attempting to activate 'Industrial.Adam.Oee.Domain.Services.JobSequencingService'.) (Error while validating the service descriptor 'ServiceType: Industrial.Adam.Oee.Domain.Interfaces.IEquipmentLineService Lifetime: Scoped ImplementationType: Industrial.Adam.Oee.Domain.Services.EquipmentLineService': Unable to resolve service for type 'Industrial.Adam.Oee.Domain.Interfaces.IEquipmentLineRepository' while attempting to activate 'Industrial.Adam.Oee.Domain.Services.EquipmentLineService'.) (Error while validating the service descriptor 'ServiceType: Industrial.Adam.Oee.Domain.Interfaces.IStoppageDetectionService Lifetime: Scoped ImplementationType: Industrial.Adam.Oee.Domain.Services.StoppageDetectionService': Unable to resolve service for type 'Industrial.Adam.Oee.Domain.Interfaces.IEquipmentLineRepository' while attempting to activate 'Industrial.Adam.Oee.Domain.Services.StoppageDetectionService'.) (Error while validating the service descriptor 'ServiceType: MediatR.IRequestHandler`2[Industrial.Adam.Oee.Application.Commands.StartWorkOrderCommand,System.String] Lifetime: Transient ImplementationType: Industrial.Adam.Oee.Application.Commands.Handlers.StartWorkOrderCommandHandler': Unable to resolve service for type 'Industrial.Adam.Oee.Domain.Interfaces.IEquipmentLineRepository' while attempting to activate 'Industrial.Adam.Oee.Domain.Services.JobSequencingService'.) (Error while validating the service descriptor 'ServiceType: Industrial.Adam.Oee.Domain.Interfaces.ISimpleJobQueueService Lifetime: Scoped ImplementationType: Industrial.Adam.Oee.Domain.Services.SimpleJobQueueService': Unable to resolve service for type 'Industrial.Adam.Oee.Domain.Interfaces.ISimpleJobQueueRepository' while attempting to activate 'Industrial.Adam.Oee.Domain.Services.SimpleJobQueueService'.)
---- System.InvalidOperationException : Error while validating the service descriptor 'ServiceType: Industrial.Adam.Oee.Domain.Interfaces.IJobSequencingService Lifetime: Scoped ImplementationType: Industrial.Adam.Oee.Domain.Services.JobSequencingService': Unable to resolve service for type 'Industrial.Adam.Oee.Domain.Interfaces.IEquipmentLineRepository' while attempting to activate 'Industrial.Adam.Oee.Domain.Services.JobSequencingService'.
-------- System.InvalidOperationException : Unable to resolve service for type 'Industrial.Adam.Oee.Domain.Interfaces.IEquipmentLineRepository' while attempting to activate 'Industrial.Adam.Oee.Domain.Services.JobSequencingService'.
---- System.InvalidOperationException : Error while validating the service descriptor 'ServiceType: Industrial.Adam.Oee.Domain.Interfaces.IEquipmentLineService Lifetime: Scoped ImplementationType: Industrial.Adam.Oee.Domain.Services.EquipmentLineService': Unable to resolve service for type 'Industrial.Adam.Oee.Domain.Interfaces.IEquipmentLineRepository' while attempting to activate 'Industrial.Adam.Oee.Domain.Services.EquipmentLineService'.
-------- System.InvalidOperationException : Unable to resolve service for type 'Industrial.Adam.Oee.Domain.Interfaces.IEquipmentLineRepository' while attempting to activate 'Industrial.Adam.Oee.Domain.Services.EquipmentLineService'.
---- System.InvalidOperationException : Error while validating the service descriptor 'ServiceType: Industrial.Adam.Oee.Domain.Interfaces.IStoppageDetectionService Lifetime: Scoped ImplementationType: Industrial.Adam.Oee.Domain.Services.StoppageDetectionService': Unable to resolve service for type 'Industrial.Adam.Oee.Domain.Interfaces.IEquipmentLineRepository' while attempting to activate 'Industrial.Adam.Oee.Domain.Services.StoppageDetectionService'.
-------- System.InvalidOperationException : Unable to resolve service for type 'Industrial.Adam.Oee.Domain.Interfaces.IEquipmentLineRepository' while attempting to activate 'Industrial.Adam.Oee.Domain.Services.StoppageDetectionService'.
---- System.InvalidOperationException : Error while validating the service descriptor 'ServiceType: MediatR.IRequestHandler`2[Industrial.Adam.Oee.Application.Commands.StartWorkOrderCommand,System.String] Lifetime: Transient ImplementationType: Industrial.Adam.Oee.Application.Commands.Handlers.StartWorkOrderCommandHandler': Unable to resolve service for type 'Industrial.Adam.Oee.Domain.Interfaces.IEquipmentLineRepository' while attempting to activate 'Industrial.Adam.Oee.Domain.Services.JobSequencingService'.
-------- System.InvalidOperationException : Unable to resolve service for type 'Industrial.Adam.Oee.Domain.Interfaces.IEquipmentLineRepository' while attempting to activate 'Industrial.Adam.Oee.Domain.Services.JobSequencingService'.
---- System.InvalidOperationException : Error while validating the service descriptor 'ServiceType: Industrial.Adam.Oee.Domain.Interfaces.ISimpleJobQueueService Lifetime: Scoped ImplementationType: Industrial.Adam.Oee.Domain.Services.SimpleJobQueueService': Unable to resolve service for type 'Industrial.Adam.Oee.Domain.Interfaces.ISimpleJobQueueRepository' while attempting to activate 'Industrial.Adam.Oee.Domain.Services.SimpleJobQueueService'.
-------- System.InvalidOperationException : Unable to resolve service for type 'Industrial.Adam.Oee.Domain.Interfaces.ISimpleJobQueueRepository' while attempting to activate 'Industrial.Adam.Oee.Domain.Services.SimpleJobQueueService'.
  Stack Trace:
     at Microsoft.Extensions.DependencyInjection.ServiceProvider..ctor(ICollection`1 serviceDescriptors, ServiceProviderOptions options)
   at Microsoft.Extensions.DependencyInjection.ServiceCollectionContainerBuilderExtensions.BuildServiceProvider(IServiceCollection services, ServiceProviderOptions options)
   at Microsoft.Extensions.Hosting.HostApplicationBuilder.Build()
   at Microsoft.AspNetCore.Builder.WebApplicationBuilder.Build()
   at Program.<Main>$(String[] args) in /home/grant/adam-6000-counter/src/Industrial.Adam.Oee/WebApi/Program.cs:line 89
   at InvokeStub_Program.<Main>$(Object, Span`1)
   at System.Reflection.MethodBaseInvoker.InvokeWithOneArg(Object obj, BindingFlags invokeAttr, Binder binder, Object[] parameters, CultureInfo culture)
--- End of stack trace from previous location ---
   at Microsoft.Extensions.Hosting.HostFactoryResolver.HostingListener.CreateHost()
   at Microsoft.Extensions.Hosting.HostFactoryResolver.<>c__DisplayClass10_0.<ResolveHostFactory>b__0(String[] args)
   at Microsoft.AspNetCore.Mvc.Testing.DeferredHostBuilder.Build()
   at Microsoft.AspNetCore.Mvc.Testing.WebApplicationFactory`1.CreateHost(IHostBuilder builder)
   at Microsoft.AspNetCore.Mvc.Testing.WebApplicationFactory`1.ConfigureHostBuilder(IHostBuilder hostBuilder)
   at Microsoft.AspNetCore.Mvc.Testing.WebApplicationFactory`1.EnsureServer()
   at Microsoft.AspNetCore.Mvc.Testing.WebApplicationFactory`1.CreateDefaultClient(DelegatingHandler[] handlers)
   at Microsoft.AspNetCore.Mvc.Testing.WebApplicationFactory`1.CreateDefaultClient(Uri baseAddress, DelegatingHandler[] handlers)
   at Microsoft.AspNetCore.Mvc.Testing.WebApplicationFactory`1.CreateClient(WebApplicationFactoryClientOptions options)
   at Microsoft.AspNetCore.Mvc.Testing.WebApplicationFactory`1.CreateClient()
   at Industrial.Adam.Oee.Tests.Integration.SignalR.StoppageNotificationHubTests.CreateConnectionAsync() in /home/grant/adam-6000-counter/src/Industrial.Adam.Oee/Tests/Integration/SignalR/StoppageNotificationHubTests.cs:line 254
   at Industrial.Adam.Oee.Tests.Integration.SignalR.StoppageNotificationHubTests.Hub_CanSubscribeToLine_Successfully() in /home/grant/adam-6000-counter/src/Industrial.Adam.Oee/Tests/Integration/SignalR/StoppageNotificationHubTests.cs:line 42
--- End of stack trace from previous location ---
----- Inner Stack Trace #1 (System.InvalidOperationException) -----
   at Microsoft.Extensions.DependencyInjection.ServiceProvider.ValidateService(ServiceDescriptor descriptor)
   at Microsoft.Extensions.DependencyInjection.ServiceProvider..ctor(ICollection`1 serviceDescriptors, ServiceProviderOptions options)
----- Inner Stack Trace -----
   at Microsoft.Extensions.DependencyInjection.ServiceLookup.CallSiteFactory.CreateArgumentCallSites(ServiceIdentifier serviceIdentifier, Type implementationType, CallSiteChain callSiteChain, ParameterInfo[] parameters, Boolean throwIfCallSiteNotFound)
   at Microsoft.Extensions.DependencyInjection.ServiceLookup.CallSiteFactory.CreateConstructorCallSite(ResultCache lifetime, ServiceIdentifier serviceIdentifier, Type implementationType, CallSiteChain callSiteChain)
   at Microsoft.Extensions.DependencyInjection.ServiceLookup.CallSiteFactory.TryCreateExact(ServiceDescriptor descriptor, ServiceIdentifier serviceIdentifier, CallSiteChain callSiteChain, Int32 slot)
   at Microsoft.Extensions.DependencyInjection.ServiceLookup.CallSiteFactory.GetCallSite(ServiceDescriptor serviceDescriptor, CallSiteChain callSiteChain)
   at Microsoft.Extensions.DependencyInjection.ServiceProvider.ValidateService(ServiceDescriptor descriptor)
----- Inner Stack Trace #2 (System.InvalidOperationException) -----
   at Microsoft.Extensions.DependencyInjection.ServiceProvider.ValidateService(ServiceDescriptor descriptor)
   at Microsoft.Extensions.DependencyInjection.ServiceProvider..ctor(ICollection`1 serviceDescriptors, ServiceProviderOptions options)
----- Inner Stack Trace -----
   at Microsoft.Extensions.DependencyInjection.ServiceLookup.CallSiteFactory.CreateArgumentCallSites(ServiceIdentifier serviceIdentifier, Type implementationType, CallSiteChain callSiteChain, ParameterInfo[] parameters, Boolean throwIfCallSiteNotFound)
   at Microsoft.Extensions.DependencyInjection.ServiceLookup.CallSiteFactory.CreateConstructorCallSite(ResultCache lifetime, ServiceIdentifier serviceIdentifier, Type implementationType, CallSiteChain callSiteChain)
   at Microsoft.Extensions.DependencyInjection.ServiceLookup.CallSiteFactory.TryCreateExact(ServiceDescriptor descriptor, ServiceIdentifier serviceIdentifier, CallSiteChain callSiteChain, Int32 slot)
   at Microsoft.Extensions.DependencyInjection.ServiceLookup.CallSiteFactory.GetCallSite(ServiceDescriptor serviceDescriptor, CallSiteChain callSiteChain)
   at Microsoft.Extensions.DependencyInjection.ServiceProvider.ValidateService(ServiceDescriptor descriptor)
----- Inner Stack Trace #3 (System.InvalidOperationException) -----
   at Microsoft.Extensions.DependencyInjection.ServiceProvider.ValidateService(ServiceDescriptor descriptor)
   at Microsoft.Extensions.DependencyInjection.ServiceProvider..ctor(ICollection`1 serviceDescriptors, ServiceProviderOptions options)
----- Inner Stack Trace -----
   at Microsoft.Extensions.DependencyInjection.ServiceLookup.CallSiteFactory.CreateArgumentCallSites(ServiceIdentifier serviceIdentifier, Type implementationType, CallSiteChain callSiteChain, ParameterInfo[] parameters, Boolean throwIfCallSiteNotFound)
   at Microsoft.Extensions.DependencyInjection.ServiceLookup.CallSiteFactory.CreateConstructorCallSite(ResultCache lifetime, ServiceIdentifier serviceIdentifier, Type implementationType, CallSiteChain callSiteChain)
   at Microsoft.Extensions.DependencyInjection.ServiceLookup.CallSiteFactory.TryCreateExact(ServiceDescriptor descriptor, ServiceIdentifier serviceIdentifier, CallSiteChain callSiteChain, Int32 slot)
   at Microsoft.Extensions.DependencyInjection.ServiceLookup.CallSiteFactory.GetCallSite(ServiceDescriptor serviceDescriptor, CallSiteChain callSiteChain)
   at Microsoft.Extensions.DependencyInjection.ServiceProvider.ValidateService(ServiceDescriptor descriptor)
----- Inner Stack Trace #4 (System.InvalidOperationException) -----
   at Microsoft.Extensions.DependencyInjection.ServiceProvider.ValidateService(ServiceDescriptor descriptor)
   at Microsoft.Extensions.DependencyInjection.ServiceProvider..ctor(ICollection`1 serviceDescriptors, ServiceProviderOptions options)
----- Inner Stack Trace -----
   at Microsoft.Extensions.DependencyInjection.ServiceLookup.CallSiteFactory.CreateArgumentCallSites(ServiceIdentifier serviceIdentifier, Type implementationType, CallSiteChain callSiteChain, ParameterInfo[] parameters, Boolean throwIfCallSiteNotFound)
   at Microsoft.Extensions.DependencyInjection.ServiceLookup.CallSiteFactory.CreateConstructorCallSite(ResultCache lifetime, ServiceIdentifier serviceIdentifier, Type implementationType, CallSiteChain callSiteChain)
   at Microsoft.Extensions.DependencyInjection.ServiceLookup.CallSiteFactory.TryCreateExact(ServiceDescriptor descriptor, ServiceIdentifier serviceIdentifier, CallSiteChain callSiteChain, Int32 slot)
   at Microsoft.Extensions.DependencyInjection.ServiceLookup.CallSiteFactory.TryCreateExact(ServiceIdentifier serviceIdentifier, CallSiteChain callSiteChain)
   at Microsoft.Extensions.DependencyInjection.ServiceLookup.CallSiteFactory.CreateCallSite(ServiceIdentifier serviceIdentifier, CallSiteChain callSiteChain)
   at Microsoft.Extensions.DependencyInjection.ServiceLookup.CallSiteFactory.CreateArgumentCallSites(ServiceIdentifier serviceIdentifier, Type implementationType, CallSiteChain callSiteChain, ParameterInfo[] parameters, Boolean throwIfCallSiteNotFound)
   at Microsoft.Extensions.DependencyInjection.ServiceLookup.CallSiteFactory.CreateConstructorCallSite(ResultCache lifetime, ServiceIdentifier serviceIdentifier, Type implementationType, CallSiteChain callSiteChain)
   at Microsoft.Extensions.DependencyInjection.ServiceLookup.CallSiteFactory.TryCreateExact(ServiceDescriptor descriptor, ServiceIdentifier serviceIdentifier, CallSiteChain callSiteChain, Int32 slot)
   at Microsoft.Extensions.DependencyInjection.ServiceLookup.CallSiteFactory.GetCallSite(ServiceDescriptor serviceDescriptor, CallSiteChain callSiteChain)
   at Microsoft.Extensions.DependencyInjection.ServiceProvider.ValidateService(ServiceDescriptor descriptor)
----- Inner Stack Trace #5 (System.InvalidOperationException) -----
   at Microsoft.Extensions.DependencyInjection.ServiceProvider.ValidateService(ServiceDescriptor descriptor)
   at Microsoft.Extensions.DependencyInjection.ServiceProvider..ctor(ICollection`1 serviceDescriptors, ServiceProviderOptions options)
----- Inner Stack Trace -----
   at Microsoft.Extensions.DependencyInjection.ServiceLookup.CallSiteFactory.CreateArgumentCallSites(ServiceIdentifier serviceIdentifier, Type implementationType, CallSiteChain callSiteChain, ParameterInfo[] parameters, Boolean throwIfCallSiteNotFound)
   at Microsoft.Extensions.DependencyInjection.ServiceLookup.CallSiteFactory.CreateConstructorCallSite(ResultCache lifetime, ServiceIdentifier serviceIdentifier, Type implementationType, CallSiteChain callSiteChain)
   at Microsoft.Extensions.DependencyInjection.ServiceLookup.CallSiteFactory.TryCreateExact(ServiceDescriptor descriptor, ServiceIdentifier serviceIdentifier, CallSiteChain callSiteChain, Int32 slot)
   at Microsoft.Extensions.DependencyInjection.ServiceLookup.CallSiteFactory.GetCallSite(ServiceDescriptor serviceDescriptor, CallSiteChain callSiteChain)
   at Microsoft.Extensions.DependencyInjection.ServiceProvider.ValidateService(ServiceDescriptor descriptor)
[xUnit.net 00:00:03.36]     Industrial.Adam.Oee.Tests.Integration.OeeControllerIntegrationTests.GetCurrentOee_WithMissingDeviceId_ReturnsBadRequest [FAIL]
[xUnit.net 00:00:03.38]     Industrial.Adam.Oee.Tests.Integration.JobsControllerIntegrationTests.GetWorkOrderProgress_WithValidId_ReturnsProgressOrNotFound [FAIL]
[xUnit.net 00:00:03.38]     Industrial.Adam.Oee.Tests.Integration.StoppagesControllerIntegrationTests.GetCurrentStoppage_WithInvalidDeviceId_ReturnsBadRequest(deviceId: " ") [FAIL]
  Failed Industrial.Adam.Oee.Tests.Integration.OeeControllerIntegrationTests.GetCurrentOee_WithMissingDeviceId_ReturnsBadRequest [1 ms]
  Error Message:
   System.AggregateException : Some services are not able to be constructed (Error while validating the service descriptor 'ServiceType: Industrial.Adam.Oee.Domain.Interfaces.IJobSequencingService Lifetime: Scoped ImplementationType: Industrial.Adam.Oee.Domain.Services.JobSequencingService': Unable to resolve service for type 'Industrial.Adam.Oee.Domain.Interfaces.IEquipmentLineRepository' while attempting to activate 'Industrial.Adam.Oee.Domain.Services.JobSequencingService'.) (Error while validating the service descriptor 'ServiceType: Industrial.Adam.Oee.Domain.Interfaces.IEquipmentLineService Lifetime: Scoped ImplementationType: Industrial.Adam.Oee.Domain.Services.EquipmentLineService': Unable to resolve service for type 'Industrial.Adam.Oee.Domain.Interfaces.IEquipmentLineRepository' while attempting to activate 'Industrial.Adam.Oee.Domain.Services.EquipmentLineService'.) (Error while validating the service descriptor 'ServiceType: Industrial.Adam.Oee.Domain.Interfaces.IStoppageDetectionService Lifetime: Scoped ImplementationType: Industrial.Adam.Oee.Domain.Services.StoppageDetectionService': Unable to resolve service for type 'Industrial.Adam.Oee.Domain.Interfaces.IEquipmentLineRepository' while attempting to activate 'Industrial.Adam.Oee.Domain.Services.StoppageDetectionService'.) (Error while validating the service descriptor 'ServiceType: MediatR.IRequestHandler`2[Industrial.Adam.Oee.Application.Commands.StartWorkOrderCommand,System.String] Lifetime: Transient ImplementationType: Industrial.Adam.Oee.Application.Commands.Handlers.StartWorkOrderCommandHandler': Unable to resolve service for type 'Industrial.Adam.Oee.Domain.Interfaces.IEquipmentLineRepository' while attempting to activate 'Industrial.Adam.Oee.Domain.Services.JobSequencingService'.) (Error while validating the service descriptor 'ServiceType: Industrial.Adam.Oee.Domain.Interfaces.ISimpleJobQueueService Lifetime: Scoped ImplementationType: Industrial.Adam.Oee.Domain.Services.SimpleJobQueueService': Unable to resolve service for type 'Industrial.Adam.Oee.Domain.Interfaces.ISimpleJobQueueRepository' while attempting to activate 'Industrial.Adam.Oee.Domain.Services.SimpleJobQueueService'.)
---- System.InvalidOperationException : Error while validating the service descriptor 'ServiceType: Industrial.Adam.Oee.Domain.Interfaces.IJobSequencingService Lifetime: Scoped ImplementationType: Industrial.Adam.Oee.Domain.Services.JobSequencingService': Unable to resolve service for type 'Industrial.Adam.Oee.Domain.Interfaces.IEquipmentLineRepository' while attempting to activate 'Industrial.Adam.Oee.Domain.Services.JobSequencingService'.
-------- System.InvalidOperationException : Unable to resolve service for type 'Industrial.Adam.Oee.Domain.Interfaces.IEquipmentLineRepository' while attempting to activate 'Industrial.Adam.Oee.Domain.Services.JobSequencingService'.
---- System.InvalidOperationException : Error while validating the service descriptor 'ServiceType: Industrial.Adam.Oee.Domain.Interfaces.IEquipmentLineService Lifetime: Scoped ImplementationType: Industrial.Adam.Oee.Domain.Services.EquipmentLineService': Unable to resolve service for type 'Industrial.Adam.Oee.Domain.Interfaces.IEquipmentLineRepository' while attempting to activate 'Industrial.Adam.Oee.Domain.Services.EquipmentLineService'.
-------- System.InvalidOperationException : Unable to resolve service for type 'Industrial.Adam.Oee.Domain.Interfaces.IEquipmentLineRepository' while attempting to activate 'Industrial.Adam.Oee.Domain.Services.EquipmentLineService'.
---- System.InvalidOperationException : Error while validating the service descriptor 'ServiceType: Industrial.Adam.Oee.Domain.Interfaces.IStoppageDetectionService Lifetime: Scoped ImplementationType: Industrial.Adam.Oee.Domain.Services.StoppageDetectionService': Unable to resolve service for type 'Industrial.Adam.Oee.Domain.Interfaces.IEquipmentLineRepository' while attempting to activate 'Industrial.Adam.Oee.Domain.Services.StoppageDetectionService'.
-------- System.InvalidOperationException : Unable to resolve service for type 'Industrial.Adam.Oee.Domain.Interfaces.IEquipmentLineRepository' while attempting to activate 'Industrial.Adam.Oee.Domain.Services.StoppageDetectionService'.
---- System.InvalidOperationException : Error while validating the service descriptor 'ServiceType: MediatR.IRequestHandler`2[Industrial.Adam.Oee.Application.Commands.StartWorkOrderCommand,System.String] Lifetime: Transient ImplementationType: Industrial.Adam.Oee.Application.Commands.Handlers.StartWorkOrderCommandHandler': Unable to resolve service for type 'Industrial.Adam.Oee.Domain.Interfaces.IEquipmentLineRepository' while attempting to activate 'Industrial.Adam.Oee.Domain.Services.JobSequencingService'.
-------- System.InvalidOperationException : Unable to resolve service for type 'Industrial.Adam.Oee.Domain.Interfaces.IEquipmentLineRepository' while attempting to activate 'Industrial.Adam.Oee.Domain.Services.JobSequencingService'.
---- System.InvalidOperationException : Error while validating the service descriptor 'ServiceType: Industrial.Adam.Oee.Domain.Interfaces.ISimpleJobQueueService Lifetime: Scoped ImplementationType: Industrial.Adam.Oee.Domain.Services.SimpleJobQueueService': Unable to resolve service for type 'Industrial.Adam.Oee.Domain.Interfaces.ISimpleJobQueueRepository' while attempting to activate 'Industrial.Adam.Oee.Domain.Services.SimpleJobQueueService'.
-------- System.InvalidOperationException : Unable to resolve service for type 'Industrial.Adam.Oee.Domain.Interfaces.ISimpleJobQueueRepository' while attempting to activate 'Industrial.Adam.Oee.Domain.Services.SimpleJobQueueService'.
  Stack Trace:
     at Microsoft.Extensions.DependencyInjection.ServiceProvider..ctor(ICollection`1 serviceDescriptors, ServiceProviderOptions options)
   at Microsoft.Extensions.DependencyInjection.ServiceCollectionContainerBuilderExtensions.BuildServiceProvider(IServiceCollection services, ServiceProviderOptions options)
   at Microsoft.Extensions.Hosting.HostApplicationBuilder.Build()
   at Microsoft.AspNetCore.Builder.WebApplicationBuilder.Build()
   at Program.<Main>$(String[] args) in /home/grant/adam-6000-counter/src/Industrial.Adam.Oee/WebApi/Program.cs:line 89
   at InvokeStub_Program.<Main>$(Object, Span`1)
   at System.Reflection.MethodBaseInvoker.InvokeWithOneArg(Object obj, BindingFlags invokeAttr, Binder binder, Object[] parameters, CultureInfo culture)
--- End of stack trace from previous location ---
   at Microsoft.Extensions.Hosting.HostFactoryResolver.HostingListener.CreateHost()
   at Microsoft.Extensions.Hosting.HostFactoryResolver.<>c__DisplayClass10_0.<ResolveHostFactory>b__0(String[] args)
   at Microsoft.AspNetCore.Mvc.Testing.DeferredHostBuilder.Build()
   at Microsoft.AspNetCore.Mvc.Testing.WebApplicationFactory`1.CreateHost(IHostBuilder builder)
   at Microsoft.AspNetCore.Mvc.Testing.WebApplicationFactory`1.ConfigureHostBuilder(IHostBuilder hostBuilder)
   at Microsoft.AspNetCore.Mvc.Testing.WebApplicationFactory`1.EnsureServer()
   at Microsoft.AspNetCore.Mvc.Testing.WebApplicationFactory`1.CreateDefaultClient(DelegatingHandler[] handlers)
   at Microsoft.AspNetCore.Mvc.Testing.WebApplicationFactory`1.CreateDefaultClient(Uri baseAddress, DelegatingHandler[] handlers)
   at Microsoft.AspNetCore.Mvc.Testing.WebApplicationFactory`1.CreateClient(WebApplicationFactoryClientOptions options)
   at Microsoft.AspNetCore.Mvc.Testing.WebApplicationFactory`1.CreateClient()
   at Industrial.Adam.Oee.Tests.Integration.OeeControllerIntegrationTests..ctor(WebApplicationFactory`1 factory) in /home/grant/adam-6000-counter/src/Industrial.Adam.Oee/Tests/Integration/OeeControllerIntegrationTests.cs:line 21
   at InvokeStub_OeeControllerIntegrationTests..ctor(Object, Span`1)
   at System.Reflection.MethodBaseInvoker.InvokeWithOneArg(Object obj, BindingFlags invokeAttr, Binder binder, Object[] parameters, CultureInfo culture)
----- Inner Stack Trace #1 (System.InvalidOperationException) -----
   at Microsoft.Extensions.DependencyInjection.ServiceProvider.ValidateService(ServiceDescriptor descriptor)
   at Microsoft.Extensions.DependencyInjection.ServiceProvider..ctor(ICollection`1 serviceDescriptors, ServiceProviderOptions options)
----- Inner Stack Trace -----
   at Microsoft.Extensions.DependencyInjection.ServiceLookup.CallSiteFactory.CreateArgumentCallSites(ServiceIdentifier serviceIdentifier, Type implementationType, CallSiteChain callSiteChain, ParameterInfo[] parameters, Boolean throwIfCallSiteNotFound)
   at Microsoft.Extensions.DependencyInjection.ServiceLookup.CallSiteFactory.CreateConstructorCallSite(ResultCache lifetime, ServiceIdentifier serviceIdentifier, Type implementationType, CallSiteChain callSiteChain)
   at Microsoft.Extensions.DependencyInjection.ServiceLookup.CallSiteFactory.TryCreateExact(ServiceDescriptor descriptor, ServiceIdentifier serviceIdentifier, CallSiteChain callSiteChain, Int32 slot)
   at Microsoft.Extensions.DependencyInjection.ServiceLookup.CallSiteFactory.GetCallSite(ServiceDescriptor serviceDescriptor, CallSiteChain callSiteChain)
   at Microsoft.Extensions.DependencyInjection.ServiceProvider.ValidateService(ServiceDescriptor descriptor)
----- Inner Stack Trace #2 (System.InvalidOperationException) -----
   at Microsoft.Extensions.DependencyInjection.ServiceProvider.ValidateService(ServiceDescriptor descriptor)
   at Microsoft.Extensions.DependencyInjection.ServiceProvider..ctor(ICollection`1 serviceDescriptors, ServiceProviderOptions options)
----- Inner Stack Trace -----
   at Microsoft.Extensions.DependencyInjection.ServiceLookup.CallSiteFactory.CreateArgumentCallSites(ServiceIdentifier serviceIdentifier, Type implementationType, CallSiteChain callSiteChain, ParameterInfo[] parameters, Boolean throwIfCallSiteNotFound)
   at Microsoft.Extensions.DependencyInjection.ServiceLookup.CallSiteFactory.CreateConstructorCallSite(ResultCache lifetime, ServiceIdentifier serviceIdentifier, Type implementationType, CallSiteChain callSiteChain)
   at Microsoft.Extensions.DependencyInjection.ServiceLookup.CallSiteFactory.TryCreateExact(ServiceDescriptor descriptor, ServiceIdentifier serviceIdentifier, CallSiteChain callSiteChain, Int32 slot)
   at Microsoft.Extensions.DependencyInjection.ServiceLookup.CallSiteFactory.GetCallSite(ServiceDescriptor serviceDescriptor, CallSiteChain callSiteChain)
   at Microsoft.Extensions.DependencyInjection.ServiceProvider.ValidateService(ServiceDescriptor descriptor)
----- Inner Stack Trace #3 (System.InvalidOperationException) -----
   at Microsoft.Extensions.DependencyInjection.ServiceProvider.ValidateService(ServiceDescriptor descriptor)
   at Microsoft.Extensions.DependencyInjection.ServiceProvider..ctor(ICollection`1 serviceDescriptors, ServiceProviderOptions options)
----- Inner Stack Trace -----
   at Microsoft.Extensions.DependencyInjection.ServiceLookup.CallSiteFactory.CreateArgumentCallSites(ServiceIdentifier serviceIdentifier, Type implementationType, CallSiteChain callSiteChain, ParameterInfo[] parameters, Boolean throwIfCallSiteNotFound)
   at Microsoft.Extensions.DependencyInjection.ServiceLookup.CallSiteFactory.CreateConstructorCallSite(ResultCache lifetime, ServiceIdentifier serviceIdentifier, Type implementationType, CallSiteChain callSiteChain)
   at Microsoft.Extensions.DependencyInjection.ServiceLookup.CallSiteFactory.TryCreateExact(ServiceDescriptor descriptor, ServiceIdentifier serviceIdentifier, CallSiteChain callSiteChain, Int32 slot)
   at Microsoft.Extensions.DependencyInjection.ServiceLookup.CallSiteFactory.GetCallSite(ServiceDescriptor serviceDescriptor, CallSiteChain callSiteChain)
   at Microsoft.Extensions.DependencyInjection.ServiceProvider.ValidateService(ServiceDescriptor descriptor)
----- Inner Stack Trace #4 (System.InvalidOperationException) -----
   at Microsoft.Extensions.DependencyInjection.ServiceProvider.ValidateService(ServiceDescriptor descriptor)
   at Microsoft.Extensions.DependencyInjection.ServiceProvider..ctor(ICollection`1 serviceDescriptors, ServiceProviderOptions options)
----- Inner Stack Trace -----
   at Microsoft.Extensions.DependencyInjection.ServiceLookup.CallSiteFactory.CreateArgumentCallSites(ServiceIdentifier serviceIdentifier, Type implementationType, CallSiteChain callSiteChain, ParameterInfo[] parameters, Boolean throwIfCallSiteNotFound)
   at Microsoft.Extensions.DependencyInjection.ServiceLookup.CallSiteFactory.CreateConstructorCallSite(ResultCache lifetime, ServiceIdentifier serviceIdentifier, Type implementationType, CallSiteChain callSiteChain)
   at Microsoft.Extensions.DependencyInjection.ServiceLookup.CallSiteFactory.TryCreateExact(ServiceDescriptor descriptor, ServiceIdentifier serviceIdentifier, CallSiteChain callSiteChain, Int32 slot)
   at Microsoft.Extensions.DependencyInjection.ServiceLookup.CallSiteFactory.TryCreateExact(ServiceIdentifier serviceIdentifier, CallSiteChain callSiteChain)
   at Microsoft.Extensions.DependencyInjection.ServiceLookup.CallSiteFactory.CreateCallSite(ServiceIdentifier serviceIdentifier, CallSiteChain callSiteChain)
   at Microsoft.Extensions.DependencyInjection.ServiceLookup.CallSiteFactory.CreateArgumentCallSites(ServiceIdentifier serviceIdentifier, Type implementationType, CallSiteChain callSiteChain, ParameterInfo[] parameters, Boolean throwIfCallSiteNotFound)
   at Microsoft.Extensions.DependencyInjection.ServiceLookup.CallSiteFactory.CreateConstructorCallSite(ResultCache lifetime, ServiceIdentifier serviceIdentifier, Type implementationType, CallSiteChain callSiteChain)
   at Microsoft.Extensions.DependencyInjection.ServiceLookup.CallSiteFactory.TryCreateExact(ServiceDescriptor descriptor, ServiceIdentifier serviceIdentifier, CallSiteChain callSiteChain, Int32 slot)
   at Microsoft.Extensions.DependencyInjection.ServiceLookup.CallSiteFactory.GetCallSite(ServiceDescriptor serviceDescriptor, CallSiteChain callSiteChain)
   at Microsoft.Extensions.DependencyInjection.ServiceProvider.ValidateService(ServiceDescriptor descriptor)
----- Inner Stack Trace #5 (System.InvalidOperationException) -----
   at Microsoft.Extensions.DependencyInjection.ServiceProvider.ValidateService(ServiceDescriptor descriptor)
   at Microsoft.Extensions.DependencyInjection.ServiceProvider..ctor(ICollection`1 serviceDescriptors, ServiceProviderOptions options)
----- Inner Stack Trace -----
   at Microsoft.Extensions.DependencyInjection.ServiceLookup.CallSiteFactory.CreateArgumentCallSites(ServiceIdentifier serviceIdentifier, Type implementationType, CallSiteChain callSiteChain, ParameterInfo[] parameters, Boolean throwIfCallSiteNotFound)
   at Microsoft.Extensions.DependencyInjection.ServiceLookup.CallSiteFactory.CreateConstructorCallSite(ResultCache lifetime, ServiceIdentifier serviceIdentifier, Type implementationType, CallSiteChain callSiteChain)
   at Microsoft.Extensions.DependencyInjection.ServiceLookup.CallSiteFactory.TryCreateExact(ServiceDescriptor descriptor, ServiceIdentifier serviceIdentifier, CallSiteChain callSiteChain, Int32 slot)
   at Microsoft.Extensions.DependencyInjection.ServiceLookup.CallSiteFactory.GetCallSite(ServiceDescriptor serviceDescriptor, CallSiteChain callSiteChain)
   at Microsoft.Extensions.DependencyInjection.ServiceProvider.ValidateService(ServiceDescriptor descriptor)
  Failed Industrial.Adam.Oee.Tests.Integration.JobsControllerIntegrationTests.GetWorkOrderProgress_WithValidId_ReturnsProgressOrNotFound [1 ms]
  Error Message:
   System.AggregateException : Some services are not able to be constructed (Error while validating the service descriptor 'ServiceType: Industrial.Adam.Oee.Domain.Interfaces.IJobSequencingService Lifetime: Scoped ImplementationType: Industrial.Adam.Oee.Domain.Services.JobSequencingService': Unable to resolve service for type 'Industrial.Adam.Oee.Domain.Interfaces.IEquipmentLineRepository' while attempting to activate 'Industrial.Adam.Oee.Domain.Services.JobSequencingService'.) (Error while validating the service descriptor 'ServiceType: Industrial.Adam.Oee.Domain.Interfaces.IEquipmentLineService Lifetime: Scoped ImplementationType: Industrial.Adam.Oee.Domain.Services.EquipmentLineService': Unable to resolve service for type 'Industrial.Adam.Oee.Domain.Interfaces.IEquipmentLineRepository' while attempting to activate 'Industrial.Adam.Oee.Domain.Services.EquipmentLineService'.) (Error while validating the service descriptor 'ServiceType: Industrial.Adam.Oee.Domain.Interfaces.IStoppageDetectionService Lifetime: Scoped ImplementationType: Industrial.Adam.Oee.Domain.Services.StoppageDetectionService': Unable to resolve service for type 'Industrial.Adam.Oee.Domain.Interfaces.IEquipmentLineRepository' while attempting to activate 'Industrial.Adam.Oee.Domain.Services.StoppageDetectionService'.) (Error while validating the service descriptor 'ServiceType: MediatR.IRequestHandler`2[Industrial.Adam.Oee.Application.Commands.StartWorkOrderCommand,System.String] Lifetime: Transient ImplementationType: Industrial.Adam.Oee.Application.Commands.Handlers.StartWorkOrderCommandHandler': Unable to resolve service for type 'Industrial.Adam.Oee.Domain.Interfaces.IEquipmentLineRepository' while attempting to activate 'Industrial.Adam.Oee.Domain.Services.JobSequencingService'.) (Error while validating the service descriptor 'ServiceType: Industrial.Adam.Oee.Domain.Interfaces.ISimpleJobQueueService Lifetime: Scoped ImplementationType: Industrial.Adam.Oee.Domain.Services.SimpleJobQueueService': Unable to resolve service for type 'Industrial.Adam.Oee.Domain.Interfaces.ISimpleJobQueueRepository' while attempting to activate 'Industrial.Adam.Oee.Domain.Services.SimpleJobQueueService'.)
---- System.InvalidOperationException : Error while validating the service descriptor 'ServiceType: Industrial.Adam.Oee.Domain.Interfaces.IJobSequencingService Lifetime: Scoped ImplementationType: Industrial.Adam.Oee.Domain.Services.JobSequencingService': Unable to resolve service for type 'Industrial.Adam.Oee.Domain.Interfaces.IEquipmentLineRepository' while attempting to activate 'Industrial.Adam.Oee.Domain.Services.JobSequencingService'.
-------- System.InvalidOperationException : Unable to resolve service for type 'Industrial.Adam.Oee.Domain.Interfaces.IEquipmentLineRepository' while attempting to activate 'Industrial.Adam.Oee.Domain.Services.JobSequencingService'.
---- System.InvalidOperationException : Error while validating the service descriptor 'ServiceType: Industrial.Adam.Oee.Domain.Interfaces.IEquipmentLineService Lifetime: Scoped ImplementationType: Industrial.Adam.Oee.Domain.Services.EquipmentLineService': Unable to resolve service for type 'Industrial.Adam.Oee.Domain.Interfaces.IEquipmentLineRepository' while attempting to activate 'Industrial.Adam.Oee.Domain.Services.EquipmentLineService'.
-------- System.InvalidOperationException : Unable to resolve service for type 'Industrial.Adam.Oee.Domain.Interfaces.IEquipmentLineRepository' while attempting to activate 'Industrial.Adam.Oee.Domain.Services.EquipmentLineService'.
---- System.InvalidOperationException : Error while validating the service descriptor 'ServiceType: Industrial.Adam.Oee.Domain.Interfaces.IStoppageDetectionService Lifetime: Scoped ImplementationType: Industrial.Adam.Oee.Domain.Services.StoppageDetectionService': Unable to resolve service for type 'Industrial.Adam.Oee.Domain.Interfaces.IEquipmentLineRepository' while attempting to activate 'Industrial.Adam.Oee.Domain.Services.StoppageDetectionService'.
-------- System.InvalidOperationException : Unable to resolve service for type 'Industrial.Adam.Oee.Domain.Interfaces.IEquipmentLineRepository' while attempting to activate 'Industrial.Adam.Oee.Domain.Services.StoppageDetectionService'.
---- System.InvalidOperationException : Error while validating the service descriptor 'ServiceType: MediatR.IRequestHandler`2[Industrial.Adam.Oee.Application.Commands.StartWorkOrderCommand,System.String] Lifetime: Transient ImplementationType: Industrial.Adam.Oee.Application.Commands.Handlers.StartWorkOrderCommandHandler': Unable to resolve service for type 'Industrial.Adam.Oee.Domain.Interfaces.IEquipmentLineRepository' while attempting to activate 'Industrial.Adam.Oee.Domain.Services.JobSequencingService'.
-------- System.InvalidOperationException : Unable to resolve service for type 'Industrial.Adam.Oee.Domain.Interfaces.IEquipmentLineRepository' while attempting to activate 'Industrial.Adam.Oee.Domain.Services.JobSequencingService'.
---- System.InvalidOperationException : Error while validating the service descriptor 'ServiceType: Industrial.Adam.Oee.Domain.Interfaces.ISimpleJobQueueService Lifetime: Scoped ImplementationType: Industrial.Adam.Oee.Domain.Services.SimpleJobQueueService': Unable to resolve service for type 'Industrial.Adam.Oee.Domain.Interfaces.ISimpleJobQueueRepository' while attempting to activate 'Industrial.Adam.Oee.Domain.Services.SimpleJobQueueService'.
-------- System.InvalidOperationException : Unable to resolve service for type 'Industrial.Adam.Oee.Domain.Interfaces.ISimpleJobQueueRepository' while attempting to activate 'Industrial.Adam.Oee.Domain.Services.SimpleJobQueueService'.
  Stack Trace:
     at Microsoft.Extensions.DependencyInjection.ServiceProvider..ctor(ICollection`1 serviceDescriptors, ServiceProviderOptions options)
   at Microsoft.Extensions.DependencyInjection.ServiceCollectionContainerBuilderExtensions.BuildServiceProvider(IServiceCollection services, ServiceProviderOptions options)
   at Microsoft.Extensions.Hosting.HostApplicationBuilder.Build()
   at Microsoft.AspNetCore.Builder.WebApplicationBuilder.Build()
   at Program.<Main>$(String[] args) in /home/grant/adam-6000-counter/src/Industrial.Adam.Oee/WebApi/Program.cs:line 89
   at InvokeStub_Program.<Main>$(Object, Span`1)
   at System.Reflection.MethodBaseInvoker.InvokeWithOneArg(Object obj, BindingFlags invokeAttr, Binder binder, Object[] parameters, CultureInfo culture)
--- End of stack trace from previous location ---
   at Microsoft.Extensions.Hosting.HostFactoryResolver.HostingListener.CreateHost()
   at Microsoft.Extensions.Hosting.HostFactoryResolver.<>c__DisplayClass10_0.<ResolveHostFactory>b__0(String[] args)
   at Microsoft.AspNetCore.Mvc.Testing.DeferredHostBuilder.Build()
   at Microsoft.AspNetCore.Mvc.Testing.WebApplicationFactory`1.CreateHost(IHostBuilder builder)
   at Microsoft.AspNetCore.Mvc.Testing.WebApplicationFactory`1.ConfigureHostBuilder(IHostBuilder hostBuilder)
   at Microsoft.AspNetCore.Mvc.Testing.WebApplicationFactory`1.EnsureServer()
   at Microsoft.AspNetCore.Mvc.Testing.WebApplicationFactory`1.CreateDefaultClient(DelegatingHandler[] handlers)
   at Microsoft.AspNetCore.Mvc.Testing.WebApplicationFactory`1.CreateDefaultClient(Uri baseAddress, DelegatingHandler[] handlers)
   at Microsoft.AspNetCore.Mvc.Testing.WebApplicationFactory`1.CreateClient(WebApplicationFactoryClientOptions options)
   at Microsoft.AspNetCore.Mvc.Testing.WebApplicationFactory`1.CreateClient()
   at Industrial.Adam.Oee.Tests.Integration.JobsControllerIntegrationTests..ctor(WebApplicationFactory`1 factory) in /home/grant/adam-6000-counter/src/Industrial.Adam.Oee/Tests/Integration/JobsControllerIntegrationTests.cs:line 24
   at InvokeStub_JobsControllerIntegrationTests..ctor(Object, Span`1)
   at System.Reflection.MethodBaseInvoker.InvokeWithOneArg(Object obj, BindingFlags invokeAttr, Binder binder, Object[] parameters, CultureInfo culture)
----- Inner Stack Trace #1 (System.InvalidOperationException) -----
   at Microsoft.Extensions.DependencyInjection.ServiceProvider.ValidateService(ServiceDescriptor descriptor)
   at Microsoft.Extensions.DependencyInjection.ServiceProvider..ctor(ICollection`1 serviceDescriptors, ServiceProviderOptions options)
----- Inner Stack Trace -----
   at Microsoft.Extensions.DependencyInjection.ServiceLookup.CallSiteFactory.CreateArgumentCallSites(ServiceIdentifier serviceIdentifier, Type implementationType, CallSiteChain callSiteChain, ParameterInfo[] parameters, Boolean throwIfCallSiteNotFound)
   at Microsoft.Extensions.DependencyInjection.ServiceLookup.CallSiteFactory.CreateConstructorCallSite(ResultCache lifetime, ServiceIdentifier serviceIdentifier, Type implementationType, CallSiteChain callSiteChain)
   at Microsoft.Extensions.DependencyInjection.ServiceLookup.CallSiteFactory.TryCreateExact(ServiceDescriptor descriptor, ServiceIdentifier serviceIdentifier, CallSiteChain callSiteChain, Int32 slot)
   at Microsoft.Extensions.DependencyInjection.ServiceLookup.CallSiteFactory.GetCallSite(ServiceDescriptor serviceDescriptor, CallSiteChain callSiteChain)
   at Microsoft.Extensions.DependencyInjection.ServiceProvider.ValidateService(ServiceDescriptor descriptor)
----- Inner Stack Trace #2 (System.InvalidOperationException) -----
   at Microsoft.Extensions.DependencyInjection.ServiceProvider.ValidateService(ServiceDescriptor descriptor)
   at Microsoft.Extensions.DependencyInjection.ServiceProvider..ctor(ICollection`1 serviceDescriptors, ServiceProviderOptions options)
----- Inner Stack Trace -----
   at Microsoft.Extensions.DependencyInjection.ServiceLookup.CallSiteFactory.CreateArgumentCallSites(ServiceIdentifier serviceIdentifier, Type implementationType, CallSiteChain callSiteChain, ParameterInfo[] parameters, Boolean throwIfCallSiteNotFound)
   at Microsoft.Extensions.DependencyInjection.ServiceLookup.CallSiteFactory.CreateConstructorCallSite(ResultCache lifetime, ServiceIdentifier serviceIdentifier, Type implementationType, CallSiteChain callSiteChain)
   at Microsoft.Extensions.DependencyInjection.ServiceLookup.CallSiteFactory.TryCreateExact(ServiceDescriptor descriptor, ServiceIdentifier serviceIdentifier, CallSiteChain callSiteChain, Int32 slot)
   at Microsoft.Extensions.DependencyInjection.ServiceLookup.CallSiteFactory.GetCallSite(ServiceDescriptor serviceDescriptor, CallSiteChain callSiteChain)
   at Microsoft.Extensions.DependencyInjection.ServiceProvider.ValidateService(ServiceDescriptor descriptor)
----- Inner Stack Trace #3 (System.InvalidOperationException) -----
   at Microsoft.Extensions.DependencyInjection.ServiceProvider.ValidateService(ServiceDescriptor descriptor)
   at Microsoft.Extensions.DependencyInjection.ServiceProvider..ctor(ICollection`1 serviceDescriptors, ServiceProviderOptions options)
----- Inner Stack Trace -----
   at Microsoft.Extensions.DependencyInjection.ServiceLookup.CallSiteFactory.CreateArgumentCallSites(ServiceIdentifier serviceIdentifier, Type implementationType, CallSiteChain callSiteChain, ParameterInfo[] parameters, Boolean throwIfCallSiteNotFound)
   at Microsoft.Extensions.DependencyInjection.ServiceLookup.CallSiteFactory.CreateConstructorCallSite(ResultCache lifetime, ServiceIdentifier serviceIdentifier, Type implementationType, CallSiteChain callSiteChain)
   at Microsoft.Extensions.DependencyInjection.ServiceLookup.CallSiteFactory.TryCreateExact(ServiceDescriptor descriptor, ServiceIdentifier serviceIdentifier, CallSiteChain callSiteChain, Int32 slot)
   at Microsoft.Extensions.DependencyInjection.ServiceLookup.CallSiteFactory.GetCallSite(ServiceDescriptor serviceDescriptor, CallSiteChain callSiteChain)
   at Microsoft.Extensions.DependencyInjection.ServiceProvider.ValidateService(ServiceDescriptor descriptor)
----- Inner Stack Trace #4 (System.InvalidOperationException) -----
   at Microsoft.Extensions.DependencyInjection.ServiceProvider.ValidateService(ServiceDescriptor descriptor)
   at Microsoft.Extensions.DependencyInjection.ServiceProvider..ctor(ICollection`1 serviceDescriptors, ServiceProviderOptions options)
----- Inner Stack Trace -----
   at Microsoft.Extensions.DependencyInjection.ServiceLookup.CallSiteFactory.CreateArgumentCallSites(ServiceIdentifier serviceIdentifier, Type implementationType, CallSiteChain callSiteChain, ParameterInfo[] parameters, Boolean throwIfCallSiteNotFound)
   at Microsoft.Extensions.DependencyInjection.ServiceLookup.CallSiteFactory.CreateConstructorCallSite(ResultCache lifetime, ServiceIdentifier serviceIdentifier, Type implementationType, CallSiteChain callSiteChain)
   at Microsoft.Extensions.DependencyInjection.ServiceLookup.CallSiteFactory.TryCreateExact(ServiceDescriptor descriptor, ServiceIdentifier serviceIdentifier, CallSiteChain callSiteChain, Int32 slot)
   at Microsoft.Extensions.DependencyInjection.ServiceLookup.CallSiteFactory.TryCreateExact(ServiceIdentifier serviceIdentifier, CallSiteChain callSiteChain)
   at Microsoft.Extensions.DependencyInjection.ServiceLookup.CallSiteFactory.CreateCallSite(ServiceIdentifier serviceIdentifier, CallSiteChain callSiteChain)
   at Microsoft.Extensions.DependencyInjection.ServiceLookup.CallSiteFactory.CreateArgumentCallSites(ServiceIdentifier serviceIdentifier, Type implementationType, CallSiteChain callSiteChain, ParameterInfo[] parameters, Boolean throwIfCallSiteNotFound)
   at Microsoft.Extensions.DependencyInjection.ServiceLookup.CallSiteFactory.CreateConstructorCallSite(ResultCache lifetime, ServiceIdentifier serviceIdentifier, Type implementationType, CallSiteChain callSiteChain)
   at Microsoft.Extensions.DependencyInjection.ServiceLookup.CallSiteFactory.TryCreateExact(ServiceDescriptor descriptor, ServiceIdentifier serviceIdentifier, CallSiteChain callSiteChain, Int32 slot)
   at Microsoft.Extensions.DependencyInjection.ServiceLookup.CallSiteFactory.GetCallSite(ServiceDescriptor serviceDescriptor, CallSiteChain callSiteChain)
   at Microsoft.Extensions.DependencyInjection.ServiceProvider.ValidateService(ServiceDescriptor descriptor)
----- Inner Stack Trace #5 (System.InvalidOperationException) -----
   at Microsoft.Extensions.DependencyInjection.ServiceProvider.ValidateService(ServiceDescriptor descriptor)
   at Microsoft.Extensions.DependencyInjection.ServiceProvider..ctor(ICollection`1 serviceDescriptors, ServiceProviderOptions options)
----- Inner Stack Trace -----
   at Microsoft.Extensions.DependencyInjection.ServiceLookup.CallSiteFactory.CreateArgumentCallSites(ServiceIdentifier serviceIdentifier, Type implementationType, CallSiteChain callSiteChain, ParameterInfo[] parameters, Boolean throwIfCallSiteNotFound)
   at Microsoft.Extensions.DependencyInjection.ServiceLookup.CallSiteFactory.CreateConstructorCallSite(ResultCache lifetime, ServiceIdentifier serviceIdentifier, Type implementationType, CallSiteChain callSiteChain)
   at Microsoft.Extensions.DependencyInjection.ServiceLookup.CallSiteFactory.TryCreateExact(ServiceDescriptor descriptor, ServiceIdentifier serviceIdentifier, CallSiteChain callSiteChain, Int32 slot)
   at Microsoft.Extensions.DependencyInjection.ServiceLookup.CallSiteFactory.GetCallSite(ServiceDescriptor serviceDescriptor, CallSiteChain callSiteChain)
   at Microsoft.Extensions.DependencyInjection.ServiceProvider.ValidateService(ServiceDescriptor descriptor)
  Failed Industrial.Adam.Oee.Tests.Integration.StoppagesControllerIntegrationTests.GetCurrentStoppage_WithInvalidDeviceId_ReturnsBadRequest(deviceId: " ") [1 ms]
  Error Message:
   System.AggregateException : Some services are not able to be constructed (Error while validating the service descriptor 'ServiceType: Industrial.Adam.Oee.Domain.Interfaces.IJobSequencingService Lifetime: Scoped ImplementationType: Industrial.Adam.Oee.Domain.Services.JobSequencingService': Unable to resolve service for type 'Industrial.Adam.Oee.Domain.Interfaces.IEquipmentLineRepository' while attempting to activate 'Industrial.Adam.Oee.Domain.Services.JobSequencingService'.) (Error while validating the service descriptor 'ServiceType: Industrial.Adam.Oee.Domain.Interfaces.IEquipmentLineService Lifetime: Scoped ImplementationType: Industrial.Adam.Oee.Domain.Services.EquipmentLineService': Unable to resolve service for type 'Industrial.Adam.Oee.Domain.Interfaces.IEquipmentLineRepository' while attempting to activate 'Industrial.Adam.Oee.Domain.Services.EquipmentLineService'.) (Error while validating the service descriptor 'ServiceType: Industrial.Adam.Oee.Domain.Interfaces.IStoppageDetectionService Lifetime: Scoped ImplementationType: Industrial.Adam.Oee.Domain.Services.StoppageDetectionService': Unable to resolve service for type 'Industrial.Adam.Oee.Domain.Interfaces.IEquipmentLineRepository' while attempting to activate 'Industrial.Adam.Oee.Domain.Services.StoppageDetectionService'.) (Error while validating the service descriptor 'ServiceType: MediatR.IRequestHandler`2[Industrial.Adam.Oee.Application.Commands.StartWorkOrderCommand,System.String] Lifetime: Transient ImplementationType: Industrial.Adam.Oee.Application.Commands.Handlers.StartWorkOrderCommandHandler': Unable to resolve service for type 'Industrial.Adam.Oee.Domain.Interfaces.IEquipmentLineRepository' while attempting to activate 'Industrial.Adam.Oee.Domain.Services.JobSequencingService'.) (Error while validating the service descriptor 'ServiceType: Industrial.Adam.Oee.Domain.Interfaces.ISimpleJobQueueService Lifetime: Scoped ImplementationType: Industrial.Adam.Oee.Domain.Services.SimpleJobQueueService': Unable to resolve service for type 'Industrial.Adam.Oee.Domain.Interfaces.ISimpleJobQueueRepository' while attempting to activate 'Industrial.Adam.Oee.Domain.Services.SimpleJobQueueService'.)
---- System.InvalidOperationException : Error while validating the service descriptor 'ServiceType: Industrial.Adam.Oee.Domain.Interfaces.IJobSequencingService Lifetime: Scoped ImplementationType: Industrial.Adam.Oee.Domain.Services.JobSequencingService': Unable to resolve service for type 'Industrial.Adam.Oee.Domain.Interfaces.IEquipmentLineRepository' while attempting to activate 'Industrial.Adam.Oee.Domain.Services.JobSequencingService'.
-------- System.InvalidOperationException : Unable to resolve service for type 'Industrial.Adam.Oee.Domain.Interfaces.IEquipmentLineRepository' while attempting to activate 'Industrial.Adam.Oee.Domain.Services.JobSequencingService'.
---- System.InvalidOperationException : Error while validating the service descriptor 'ServiceType: Industrial.Adam.Oee.Domain.Interfaces.IEquipmentLineService Lifetime: Scoped ImplementationType: Industrial.Adam.Oee.Domain.Services.EquipmentLineService': Unable to resolve service for type 'Industrial.Adam.Oee.Domain.Interfaces.IEquipmentLineRepository' while attempting to activate 'Industrial.Adam.Oee.Domain.Services.EquipmentLineService'.
-------- System.InvalidOperationException : Unable to resolve service for type 'Industrial.Adam.Oee.Domain.Interfaces.IEquipmentLineRepository' while attempting to activate 'Industrial.Adam.Oee.Domain.Services.EquipmentLineService'.
---- System.InvalidOperationException : Error while validating the service descriptor 'ServiceType: Industrial.Adam.Oee.Domain.Interfaces.IStoppageDetectionService Lifetime: Scoped ImplementationType: Industrial.Adam.Oee.Domain.Services.StoppageDetectionService': Unable to resolve service for type 'Industrial.Adam.Oee.Domain.Interfaces.IEquipmentLineRepository' while attempting to activate 'Industrial.Adam.Oee.Domain.Services.StoppageDetectionService'.
-------- System.InvalidOperationException : Unable to resolve service for type 'Industrial.Adam.Oee.Domain.Interfaces.IEquipmentLineRepository' while attempting to activate 'Industrial.Adam.Oee.Domain.Services.StoppageDetectionService'.
---- System.InvalidOperationException : Error while validating the service descriptor 'ServiceType: MediatR.IRequestHandler`2[Industrial.Adam.Oee.Application.Commands.StartWorkOrderCommand,System.String] Lifetime: Transient ImplementationType: Industrial.Adam.Oee.Application.Commands.Handlers.StartWorkOrderCommandHandler': Unable to resolve service for type 'Industrial.Adam.Oee.Domain.Interfaces.IEquipmentLineRepository' while attempting to activate 'Industrial.Adam.Oee.Domain.Services.JobSequencingService'.
-------- System.InvalidOperationException : Unable to resolve service for type 'Industrial.Adam.Oee.Domain.Interfaces.IEquipmentLineRepository' while attempting to activate 'Industrial.Adam.Oee.Domain.Services.JobSequencingService'.
---- System.InvalidOperationException : Error while validating the service descriptor 'ServiceType: Industrial.Adam.Oee.Domain.Interfaces.ISimpleJobQueueService Lifetime: Scoped ImplementationType: Industrial.Adam.Oee.Domain.Services.SimpleJobQueueService': Unable to resolve service for type 'Industrial.Adam.Oee.Domain.Interfaces.ISimpleJobQueueRepository' while attempting to activate 'Industrial.Adam.Oee.Domain.Services.SimpleJobQueueService'.
-------- System.InvalidOperationException : Unable to resolve service for type 'Industrial.Adam.Oee.Domain.Interfaces.ISimpleJobQueueRepository' while attempting to activate 'Industrial.Adam.Oee.Domain.Services.SimpleJobQueueService'.
  Stack Trace:
     at Microsoft.Extensions.DependencyInjection.ServiceProvider..ctor(ICollection`1 serviceDescriptors, ServiceProviderOptions options)
   at Microsoft.Extensions.DependencyInjection.ServiceCollectionContainerBuilderExtensions.BuildServiceProvider(IServiceCollection services, ServiceProviderOptions options)
   at Microsoft.Extensions.Hosting.HostApplicationBuilder.Build()
   at Microsoft.AspNetCore.Builder.WebApplicationBuilder.Build()
   at Program.<Main>$(String[] args) in /home/grant/adam-6000-counter/src/Industrial.Adam.Oee/WebApi/Program.cs:line 89
   at InvokeStub_Program.<Main>$(Object, Span`1)
   at System.Reflection.MethodBaseInvoker.InvokeWithOneArg(Object obj, BindingFlags invokeAttr, Binder binder, Object[] parameters, CultureInfo culture)
--- End of stack trace from previous location ---
   at Microsoft.Extensions.Hosting.HostFactoryResolver.HostingListener.CreateHost()
   at Microsoft.Extensions.Hosting.HostFactoryResolver.<>c__DisplayClass10_0.<ResolveHostFactory>b__0(String[] args)
   at Microsoft.AspNetCore.Mvc.Testing.DeferredHostBuilder.Build()
   at Microsoft.AspNetCore.Mvc.Testing.WebApplicationFactory`1.CreateHost(IHostBuilder builder)
   at Microsoft.AspNetCore.Mvc.Testing.WebApplicationFactory`1.ConfigureHostBuilder(IHostBuilder hostBuilder)
   at Microsoft.AspNetCore.Mvc.Testing.WebApplicationFactory`1.EnsureServer()
   at Microsoft.AspNetCore.Mvc.Testing.WebApplicationFactory`1.CreateDefaultClient(DelegatingHandler[] handlers)
   at Microsoft.AspNetCore.Mvc.Testing.WebApplicationFactory`1.CreateDefaultClient(Uri baseAddress, DelegatingHandler[] handlers)
   at Microsoft.AspNetCore.Mvc.Testing.WebApplicationFactory`1.CreateClient(WebApplicationFactoryClientOptions options)
   at Microsoft.AspNetCore.Mvc.Testing.WebApplicationFactory`1.CreateClient()
   at Industrial.Adam.Oee.Tests.Integration.StoppagesControllerIntegrationTests..ctor(WebApplicationFactory`1 factory) in /home/grant/adam-6000-counter/src/Industrial.Adam.Oee/Tests/Integration/StoppagesControllerIntegrationTests.cs:line 21
   at InvokeStub_StoppagesControllerIntegrationTests..ctor(Object, Span`1)
   at System.Reflection.MethodBaseInvoker.InvokeWithOneArg(Object obj, BindingFlags invokeAttr, Binder binder, Object[] parameters, CultureInfo culture)
----- Inner Stack Trace #1 (System.InvalidOperationException) -----
   at Microsoft.Extensions.DependencyInjection.ServiceProvider.ValidateService(ServiceDescriptor descriptor)
   at Microsoft.Extensions.DependencyInjection.ServiceProvider..ctor(ICollection`1 serviceDescriptors, ServiceProviderOptions options)
----- Inner Stack Trace -----
   at Microsoft.Extensions.DependencyInjection.ServiceLookup.CallSiteFactory.CreateArgumentCallSites(ServiceIdentifier serviceIdentifier, Type implementationType, CallSiteChain callSiteChain, ParameterInfo[] parameters, Boolean throwIfCallSiteNotFound)
   at Microsoft.Extensions.DependencyInjection.ServiceLookup.CallSiteFactory.CreateConstructorCallSite(ResultCache lifetime, ServiceIdentifier serviceIdentifier, Type implementationType, CallSiteChain callSiteChain)
   at Microsoft.Extensions.DependencyInjection.ServiceLookup.CallSiteFactory.TryCreateExact(ServiceDescriptor descriptor, ServiceIdentifier serviceIdentifier, CallSiteChain callSiteChain, Int32 slot)
   at Microsoft.Extensions.DependencyInjection.ServiceLookup.CallSiteFactory.GetCallSite(ServiceDescriptor serviceDescriptor, CallSiteChain callSiteChain)
   at Microsoft.Extensions.DependencyInjection.ServiceProvider.ValidateService(ServiceDescriptor descriptor)
----- Inner Stack Trace #2 (System.InvalidOperationException) -----
   at Microsoft.Extensions.DependencyInjection.ServiceProvider.ValidateService(ServiceDescriptor descriptor)
   at Microsoft.Extensions.DependencyInjection.ServiceProvider..ctor(ICollection`1 serviceDescriptors, ServiceProviderOptions options)
----- Inner Stack Trace -----
   at Microsoft.Extensions.DependencyInjection.ServiceLookup.CallSiteFactory.CreateArgumentCallSites(ServiceIdentifier serviceIdentifier, Type implementationType, CallSiteChain callSiteChain, ParameterInfo[] parameters, Boolean throwIfCallSiteNotFound)
   at Microsoft.Extensions.DependencyInjection.ServiceLookup.CallSiteFactory.CreateConstructorCallSite(ResultCache lifetime, ServiceIdentifier serviceIdentifier, Type implementationType, CallSiteChain callSiteChain)
   at Microsoft.Extensions.DependencyInjection.ServiceLookup.CallSiteFactory.TryCreateExact(ServiceDescriptor descriptor, ServiceIdentifier serviceIdentifier, CallSiteChain callSiteChain, Int32 slot)
   at Microsoft.Extensions.DependencyInjection.ServiceLookup.CallSiteFactory.GetCallSite(ServiceDescriptor serviceDescriptor, CallSiteChain callSiteChain)
   at Microsoft.Extensions.DependencyInjection.ServiceProvider.ValidateService(ServiceDescriptor descriptor)
----- Inner Stack Trace #3 (System.InvalidOperationException) -----
   at Microsoft.Extensions.DependencyInjection.ServiceProvider.ValidateService(ServiceDescriptor descriptor)
   at Microsoft.Extensions.DependencyInjection.ServiceProvider..ctor(ICollection`1 serviceDescriptors, ServiceProviderOptions options)
----- Inner Stack Trace -----
   at Microsoft.Extensions.DependencyInjection.ServiceLookup.CallSiteFactory.CreateArgumentCallSites(ServiceIdentifier serviceIdentifier, Type implementationType, CallSiteChain callSiteChain, ParameterInfo[] parameters, Boolean throwIfCallSiteNotFound)
   at Microsoft.Extensions.DependencyInjection.ServiceLookup.CallSiteFactory.CreateConstructorCallSite(ResultCache lifetime, ServiceIdentifier serviceIdentifier, Type implementationType, CallSiteChain callSiteChain)
   at Microsoft.Extensions.DependencyInjection.ServiceLookup.CallSiteFactory.TryCreateExact(ServiceDescriptor descriptor, ServiceIdentifier serviceIdentifier, CallSiteChain callSiteChain, Int32 slot)
   at Microsoft.Extensions.DependencyInjection.ServiceLookup.CallSiteFactory.GetCallSite(ServiceDescriptor serviceDescriptor, CallSiteChain callSiteChain)
   at Microsoft.Extensions.DependencyInjection.ServiceProvider.ValidateService(ServiceDescriptor descriptor)
----- Inner Stack Trace #4 (System.InvalidOperationException) -----
   at Microsoft.Extensions.DependencyInjection.ServiceProvider.ValidateService(ServiceDescriptor descriptor)
   at Microsoft.Extensions.DependencyInjection.ServiceProvider..ctor(ICollection`1 serviceDescriptors, ServiceProviderOptions options)
----- Inner Stack Trace -----
   at Microsoft.Extensions.DependencyInjection.ServiceLookup.CallSiteFactory.CreateArgumentCallSites(ServiceIdentifier serviceIdentifier, Type implementationType, CallSiteChain callSiteChain, ParameterInfo[] parameters, Boolean throwIfCallSiteNotFound)
   at Microsoft.Extensions.DependencyInjection.ServiceLookup.CallSiteFactory.CreateConstructorCallSite(ResultCache lifetime, ServiceIdentifier serviceIdentifier, Type implementationType, CallSiteChain callSiteChain)
   at Microsoft.Extensions.DependencyInjection.ServiceLookup.CallSiteFactory.TryCreateExact(ServiceDescriptor descriptor, ServiceIdentifier serviceIdentifier, CallSiteChain callSiteChain, Int32 slot)
   at Microsoft.Extensions.DependencyInjection.ServiceLookup.CallSiteFactory.TryCreateExact(ServiceIdentifier serviceIdentifier, CallSiteChain callSiteChain)
   at Microsoft.Extensions.DependencyInjection.ServiceLookup.CallSiteFactory.CreateCallSite(ServiceIdentifier serviceIdentifier, CallSiteChain callSiteChain)
   at Microsoft.Extensions.DependencyInjection.ServiceLookup.CallSiteFactory.CreateArgumentCallSites(ServiceIdentifier serviceIdentifier, Type implementationType, CallSiteChain callSiteChain, ParameterInfo[] parameters, Boolean throwIfCallSiteNotFound)
   at Microsoft.Extensions.DependencyInjection.ServiceLookup.CallSiteFactory.CreateConstructorCallSite(ResultCache lifetime, ServiceIdentifier serviceIdentifier, Type implementationType, CallSiteChain callSiteChain)
   at Microsoft.Extensions.DependencyInjection.ServiceLookup.CallSiteFactory.TryCreateExact(ServiceDescriptor descriptor, ServiceIdentifier serviceIdentifier, CallSiteChain callSiteChain, Int32 slot)
   at Microsoft.Extensions.DependencyInjection.ServiceLookup.CallSiteFactory.GetCallSite(ServiceDescriptor serviceDescriptor, CallSiteChain callSiteChain)
   at Microsoft.Extensions.DependencyInjection.ServiceProvider.ValidateService(ServiceDescriptor descriptor)
----- Inner Stack Trace #5 (System.InvalidOperationException) -----
   at Microsoft.Extensions.DependencyInjection.ServiceProvider.ValidateService(ServiceDescriptor descriptor)
   at Microsoft.Extensions.DependencyInjection.ServiceProvider..ctor(ICollection`1 serviceDescriptors, ServiceProviderOptions options)
----- Inner Stack Trace -----
   at Microsoft.Extensions.DependencyInjection.ServiceLookup.CallSiteFactory.CreateArgumentCallSites(ServiceIdentifier serviceIdentifier, Type implementationType, CallSiteChain callSiteChain, ParameterInfo[] parameters, Boolean throwIfCallSiteNotFound)
   at Microsoft.Extensions.DependencyInjection.ServiceLookup.CallSiteFactory.CreateConstructorCallSite(ResultCache lifetime, ServiceIdentifier serviceIdentifier, Type implementationType, CallSiteChain callSiteChain)
   at Microsoft.Extensions.DependencyInjection.ServiceLookup.CallSiteFactory.TryCreateExact(ServiceDescriptor descriptor, ServiceIdentifier serviceIdentifier, CallSiteChain callSiteChain, Int32 slot)
   at Microsoft.Extensions.DependencyInjection.ServiceLookup.CallSiteFactory.GetCallSite(ServiceDescriptor serviceDescriptor, CallSiteChain callSiteChain)
   at Microsoft.Extensions.DependencyInjection.ServiceProvider.ValidateService(ServiceDescriptor descriptor)
[xUnit.net 00:00:03.43]     Industrial.Adam.Oee.Tests.Integration.Configuration.ConfigurationValidationTests.DefaultConnectionFallback_Works [FAIL]
[xUnit.net 00:00:03.43]     Industrial.Adam.Oee.Tests.Integration.StoppagesControllerIntegrationTests.GetCurrentStoppage_WithMaximumAllowedMinutes_ReturnsCorrectResponse [FAIL]
[xUnit.net 00:00:03.45]     Industrial.Adam.Oee.Tests.Integration.JobsControllerIntegrationTests.JobsEndpoints_WithLargePayload_HandlesCorrectly [FAIL]
[xUnit.net 00:00:03.47]     Industrial.Adam.Oee.Tests.Integration.OeeControllerIntegrationTests.GetCurrentOee_WithValidDeviceId_ReturnsOeeMetrics [FAIL]
  Failed Industrial.Adam.Oee.Tests.Integration.Configuration.ConfigurationValidationTests.DefaultConnectionFallback_Works [18 ms]
  Error Message:
   Assert.Equal() Failure: Strings differ
           ↓ (pos 0)
Expected: "Host=localhost;Database=fallback_test;"
Actual:   ""
  Stack Trace:
     at Industrial.Adam.Oee.Tests.Integration.Configuration.ConfigurationValidationTests.DefaultConnectionFallback_Works() in /home/grant/adam-6000-counter/src/Industrial.Adam.Oee/Tests/Integration/Configuration/ConfigurationValidationTests.cs:line 169
   at System.RuntimeMethodHandle.InvokeMethod(Object target, Void** arguments, Signature sig, Boolean isConstructor)
   at System.Reflection.MethodBaseInvoker.InvokeWithNoArgs(Object obj, BindingFlags invokeAttr)
  Failed Industrial.Adam.Oee.Tests.Integration.StoppagesControllerIntegrationTests.GetCurrentStoppage_WithMaximumAllowedMinutes_ReturnsCorrectResponse [1 ms]
  Error Message:
   System.AggregateException : Some services are not able to be constructed (Error while validating the service descriptor 'ServiceType: Industrial.Adam.Oee.Domain.Interfaces.IJobSequencingService Lifetime: Scoped ImplementationType: Industrial.Adam.Oee.Domain.Services.JobSequencingService': Unable to resolve service for type 'Industrial.Adam.Oee.Domain.Interfaces.IEquipmentLineRepository' while attempting to activate 'Industrial.Adam.Oee.Domain.Services.JobSequencingService'.) (Error while validating the service descriptor 'ServiceType: Industrial.Adam.Oee.Domain.Interfaces.IEquipmentLineService Lifetime: Scoped ImplementationType: Industrial.Adam.Oee.Domain.Services.EquipmentLineService': Unable to resolve service for type 'Industrial.Adam.Oee.Domain.Interfaces.IEquipmentLineRepository' while attempting to activate 'Industrial.Adam.Oee.Domain.Services.EquipmentLineService'.) (Error while validating the service descriptor 'ServiceType: Industrial.Adam.Oee.Domain.Interfaces.IStoppageDetectionService Lifetime: Scoped ImplementationType: Industrial.Adam.Oee.Domain.Services.StoppageDetectionService': Unable to resolve service for type 'Industrial.Adam.Oee.Domain.Interfaces.IEquipmentLineRepository' while attempting to activate 'Industrial.Adam.Oee.Domain.Services.StoppageDetectionService'.) (Error while validating the service descriptor 'ServiceType: MediatR.IRequestHandler`2[Industrial.Adam.Oee.Application.Commands.StartWorkOrderCommand,System.String] Lifetime: Transient ImplementationType: Industrial.Adam.Oee.Application.Commands.Handlers.StartWorkOrderCommandHandler': Unable to resolve service for type 'Industrial.Adam.Oee.Domain.Interfaces.IEquipmentLineRepository' while attempting to activate 'Industrial.Adam.Oee.Domain.Services.JobSequencingService'.) (Error while validating the service descriptor 'ServiceType: Industrial.Adam.Oee.Domain.Interfaces.ISimpleJobQueueService Lifetime: Scoped ImplementationType: Industrial.Adam.Oee.Domain.Services.SimpleJobQueueService': Unable to resolve service for type 'Industrial.Adam.Oee.Domain.Interfaces.ISimpleJobQueueRepository' while attempting to activate 'Industrial.Adam.Oee.Domain.Services.SimpleJobQueueService'.)
---- System.InvalidOperationException : Error while validating the service descriptor 'ServiceType: Industrial.Adam.Oee.Domain.Interfaces.IJobSequencingService Lifetime: Scoped ImplementationType: Industrial.Adam.Oee.Domain.Services.JobSequencingService': Unable to resolve service for type 'Industrial.Adam.Oee.Domain.Interfaces.IEquipmentLineRepository' while attempting to activate 'Industrial.Adam.Oee.Domain.Services.JobSequencingService'.
-------- System.InvalidOperationException : Unable to resolve service for type 'Industrial.Adam.Oee.Domain.Interfaces.IEquipmentLineRepository' while attempting to activate 'Industrial.Adam.Oee.Domain.Services.JobSequencingService'.
---- System.InvalidOperationException : Error while validating the service descriptor 'ServiceType: Industrial.Adam.Oee.Domain.Interfaces.IEquipmentLineService Lifetime: Scoped ImplementationType: Industrial.Adam.Oee.Domain.Services.EquipmentLineService': Unable to resolve service for type 'Industrial.Adam.Oee.Domain.Interfaces.IEquipmentLineRepository' while attempting to activate 'Industrial.Adam.Oee.Domain.Services.EquipmentLineService'.
-------- System.InvalidOperationException : Unable to resolve service for type 'Industrial.Adam.Oee.Domain.Interfaces.IEquipmentLineRepository' while attempting to activate 'Industrial.Adam.Oee.Domain.Services.EquipmentLineService'.
---- System.InvalidOperationException : Error while validating the service descriptor 'ServiceType: Industrial.Adam.Oee.Domain.Interfaces.IStoppageDetectionService Lifetime: Scoped ImplementationType: Industrial.Adam.Oee.Domain.Services.StoppageDetectionService': Unable to resolve service for type 'Industrial.Adam.Oee.Domain.Interfaces.IEquipmentLineRepository' while attempting to activate 'Industrial.Adam.Oee.Domain.Services.StoppageDetectionService'.
-------- System.InvalidOperationException : Unable to resolve service for type 'Industrial.Adam.Oee.Domain.Interfaces.IEquipmentLineRepository' while attempting to activate 'Industrial.Adam.Oee.Domain.Services.StoppageDetectionService'.
---- System.InvalidOperationException : Error while validating the service descriptor 'ServiceType: MediatR.IRequestHandler`2[Industrial.Adam.Oee.Application.Commands.StartWorkOrderCommand,System.String] Lifetime: Transient ImplementationType: Industrial.Adam.Oee.Application.Commands.Handlers.StartWorkOrderCommandHandler': Unable to resolve service for type 'Industrial.Adam.Oee.Domain.Interfaces.IEquipmentLineRepository' while attempting to activate 'Industrial.Adam.Oee.Domain.Services.JobSequencingService'.
-------- System.InvalidOperationException : Unable to resolve service for type 'Industrial.Adam.Oee.Domain.Interfaces.IEquipmentLineRepository' while attempting to activate 'Industrial.Adam.Oee.Domain.Services.JobSequencingService'.
---- System.InvalidOperationException : Error while validating the service descriptor 'ServiceType: Industrial.Adam.Oee.Domain.Interfaces.ISimpleJobQueueService Lifetime: Scoped ImplementationType: Industrial.Adam.Oee.Domain.Services.SimpleJobQueueService': Unable to resolve service for type 'Industrial.Adam.Oee.Domain.Interfaces.ISimpleJobQueueRepository' while attempting to activate 'Industrial.Adam.Oee.Domain.Services.SimpleJobQueueService'.
-------- System.InvalidOperationException : Unable to resolve service for type 'Industrial.Adam.Oee.Domain.Interfaces.ISimpleJobQueueRepository' while attempting to activate 'Industrial.Adam.Oee.Domain.Services.SimpleJobQueueService'.
  Stack Trace:
     at Microsoft.Extensions.DependencyInjection.ServiceProvider..ctor(ICollection`1 serviceDescriptors, ServiceProviderOptions options)
   at Microsoft.Extensions.DependencyInjection.ServiceCollectionContainerBuilderExtensions.BuildServiceProvider(IServiceCollection services, ServiceProviderOptions options)
   at Microsoft.Extensions.Hosting.HostApplicationBuilder.Build()
   at Microsoft.AspNetCore.Builder.WebApplicationBuilder.Build()
   at Program.<Main>$(String[] args) in /home/grant/adam-6000-counter/src/Industrial.Adam.Oee/WebApi/Program.cs:line 89
   at InvokeStub_Program.<Main>$(Object, Span`1)
   at System.Reflection.MethodBaseInvoker.InvokeWithOneArg(Object obj, BindingFlags invokeAttr, Binder binder, Object[] parameters, CultureInfo culture)
--- End of stack trace from previous location ---
   at Microsoft.Extensions.Hosting.HostFactoryResolver.HostingListener.CreateHost()
   at Microsoft.Extensions.Hosting.HostFactoryResolver.<>c__DisplayClass10_0.<ResolveHostFactory>b__0(String[] args)
   at Microsoft.AspNetCore.Mvc.Testing.DeferredHostBuilder.Build()
   at Microsoft.AspNetCore.Mvc.Testing.WebApplicationFactory`1.CreateHost(IHostBuilder builder)
   at Microsoft.AspNetCore.Mvc.Testing.WebApplicationFactory`1.ConfigureHostBuilder(IHostBuilder hostBuilder)
   at Microsoft.AspNetCore.Mvc.Testing.WebApplicationFactory`1.EnsureServer()
   at Microsoft.AspNetCore.Mvc.Testing.WebApplicationFactory`1.CreateDefaultClient(DelegatingHandler[] handlers)
   at Microsoft.AspNetCore.Mvc.Testing.WebApplicationFactory`1.CreateDefaultClient(Uri baseAddress, DelegatingHandler[] handlers)
   at Microsoft.AspNetCore.Mvc.Testing.WebApplicationFactory`1.CreateClient(WebApplicationFactoryClientOptions options)
   at Microsoft.AspNetCore.Mvc.Testing.WebApplicationFactory`1.CreateClient()
   at Industrial.Adam.Oee.Tests.Integration.StoppagesControllerIntegrationTests..ctor(WebApplicationFactory`1 factory) in /home/grant/adam-6000-counter/src/Industrial.Adam.Oee/Tests/Integration/StoppagesControllerIntegrationTests.cs:line 21
   at InvokeStub_StoppagesControllerIntegrationTests..ctor(Object, Span`1)
   at System.Reflection.MethodBaseInvoker.InvokeWithOneArg(Object obj, BindingFlags invokeAttr, Binder binder, Object[] parameters, CultureInfo culture)
----- Inner Stack Trace #1 (System.InvalidOperationException) -----
   at Microsoft.Extensions.DependencyInjection.ServiceProvider.ValidateService(ServiceDescriptor descriptor)
   at Microsoft.Extensions.DependencyInjection.ServiceProvider..ctor(ICollection`1 serviceDescriptors, ServiceProviderOptions options)
----- Inner Stack Trace -----
   at Microsoft.Extensions.DependencyInjection.ServiceLookup.CallSiteFactory.CreateArgumentCallSites(ServiceIdentifier serviceIdentifier, Type implementationType, CallSiteChain callSiteChain, ParameterInfo[] parameters, Boolean throwIfCallSiteNotFound)
   at Microsoft.Extensions.DependencyInjection.ServiceLookup.CallSiteFactory.CreateConstructorCallSite(ResultCache lifetime, ServiceIdentifier serviceIdentifier, Type implementationType, CallSiteChain callSiteChain)
   at Microsoft.Extensions.DependencyInjection.ServiceLookup.CallSiteFactory.TryCreateExact(ServiceDescriptor descriptor, ServiceIdentifier serviceIdentifier, CallSiteChain callSiteChain, Int32 slot)
   at Microsoft.Extensions.DependencyInjection.ServiceLookup.CallSiteFactory.GetCallSite(ServiceDescriptor serviceDescriptor, CallSiteChain callSiteChain)
   at Microsoft.Extensions.DependencyInjection.ServiceProvider.ValidateService(ServiceDescriptor descriptor)
----- Inner Stack Trace #2 (System.InvalidOperationException) -----
   at Microsoft.Extensions.DependencyInjection.ServiceProvider.ValidateService(ServiceDescriptor descriptor)
   at Microsoft.Extensions.DependencyInjection.ServiceProvider..ctor(ICollection`1 serviceDescriptors, ServiceProviderOptions options)
----- Inner Stack Trace -----
   at Microsoft.Extensions.DependencyInjection.ServiceLookup.CallSiteFactory.CreateArgumentCallSites(ServiceIdentifier serviceIdentifier, Type implementationType, CallSiteChain callSiteChain, ParameterInfo[] parameters, Boolean throwIfCallSiteNotFound)
   at Microsoft.Extensions.DependencyInjection.ServiceLookup.CallSiteFactory.CreateConstructorCallSite(ResultCache lifetime, ServiceIdentifier serviceIdentifier, Type implementationType, CallSiteChain callSiteChain)
   at Microsoft.Extensions.DependencyInjection.ServiceLookup.CallSiteFactory.TryCreateExact(ServiceDescriptor descriptor, ServiceIdentifier serviceIdentifier, CallSiteChain callSiteChain, Int32 slot)
   at Microsoft.Extensions.DependencyInjection.ServiceLookup.CallSiteFactory.GetCallSite(ServiceDescriptor serviceDescriptor, CallSiteChain callSiteChain)
   at Microsoft.Extensions.DependencyInjection.ServiceProvider.ValidateService(ServiceDescriptor descriptor)
----- Inner Stack Trace #3 (System.InvalidOperationException) -----
   at Microsoft.Extensions.DependencyInjection.ServiceProvider.ValidateService(ServiceDescriptor descriptor)
   at Microsoft.Extensions.DependencyInjection.ServiceProvider..ctor(ICollection`1 serviceDescriptors, ServiceProviderOptions options)
----- Inner Stack Trace -----
   at Microsoft.Extensions.DependencyInjection.ServiceLookup.CallSiteFactory.CreateArgumentCallSites(ServiceIdentifier serviceIdentifier, Type implementationType, CallSiteChain callSiteChain, ParameterInfo[] parameters, Boolean throwIfCallSiteNotFound)
   at Microsoft.Extensions.DependencyInjection.ServiceLookup.CallSiteFactory.CreateConstructorCallSite(ResultCache lifetime, ServiceIdentifier serviceIdentifier, Type implementationType, CallSiteChain callSiteChain)
   at Microsoft.Extensions.DependencyInjection.ServiceLookup.CallSiteFactory.TryCreateExact(ServiceDescriptor descriptor, ServiceIdentifier serviceIdentifier, CallSiteChain callSiteChain, Int32 slot)
   at Microsoft.Extensions.DependencyInjection.ServiceLookup.CallSiteFactory.GetCallSite(ServiceDescriptor serviceDescriptor, CallSiteChain callSiteChain)
   at Microsoft.Extensions.DependencyInjection.ServiceProvider.ValidateService(ServiceDescriptor descriptor)
----- Inner Stack Trace #4 (System.InvalidOperationException) -----
   at Microsoft.Extensions.DependencyInjection.ServiceProvider.ValidateService(ServiceDescriptor descriptor)
   at Microsoft.Extensions.DependencyInjection.ServiceProvider..ctor(ICollection`1 serviceDescriptors, ServiceProviderOptions options)
----- Inner Stack Trace -----
   at Microsoft.Extensions.DependencyInjection.ServiceLookup.CallSiteFactory.CreateArgumentCallSites(ServiceIdentifier serviceIdentifier, Type implementationType, CallSiteChain callSiteChain, ParameterInfo[] parameters, Boolean throwIfCallSiteNotFound)
   at Microsoft.Extensions.DependencyInjection.ServiceLookup.CallSiteFactory.CreateConstructorCallSite(ResultCache lifetime, ServiceIdentifier serviceIdentifier, Type implementationType, CallSiteChain callSiteChain)
   at Microsoft.Extensions.DependencyInjection.ServiceLookup.CallSiteFactory.TryCreateExact(ServiceDescriptor descriptor, ServiceIdentifier serviceIdentifier, CallSiteChain callSiteChain, Int32 slot)
   at Microsoft.Extensions.DependencyInjection.ServiceLookup.CallSiteFactory.TryCreateExact(ServiceIdentifier serviceIdentifier, CallSiteChain callSiteChain)
   at Microsoft.Extensions.DependencyInjection.ServiceLookup.CallSiteFactory.CreateCallSite(ServiceIdentifier serviceIdentifier, CallSiteChain callSiteChain)
   at Microsoft.Extensions.DependencyInjection.ServiceLookup.CallSiteFactory.CreateArgumentCallSites(ServiceIdentifier serviceIdentifier, Type implementationType, CallSiteChain callSiteChain, ParameterInfo[] parameters, Boolean throwIfCallSiteNotFound)
   at Microsoft.Extensions.DependencyInjection.ServiceLookup.CallSiteFactory.CreateConstructorCallSite(ResultCache lifetime, ServiceIdentifier serviceIdentifier, Type implementationType, CallSiteChain callSiteChain)
   at Microsoft.Extensions.DependencyInjection.ServiceLookup.CallSiteFactory.TryCreateExact(ServiceDescriptor descriptor, ServiceIdentifier serviceIdentifier, CallSiteChain callSiteChain, Int32 slot)
   at Microsoft.Extensions.DependencyInjection.ServiceLookup.CallSiteFactory.GetCallSite(ServiceDescriptor serviceDescriptor, CallSiteChain callSiteChain)
   at Microsoft.Extensions.DependencyInjection.ServiceProvider.ValidateService(ServiceDescriptor descriptor)
----- Inner Stack Trace #5 (System.InvalidOperationException) -----
   at Microsoft.Extensions.DependencyInjection.ServiceProvider.ValidateService(ServiceDescriptor descriptor)
   at Microsoft.Extensions.DependencyInjection.ServiceProvider..ctor(ICollection`1 serviceDescriptors, ServiceProviderOptions options)
----- Inner Stack Trace -----
   at Microsoft.Extensions.DependencyInjection.ServiceLookup.CallSiteFactory.CreateArgumentCallSites(ServiceIdentifier serviceIdentifier, Type implementationType, CallSiteChain callSiteChain, ParameterInfo[] parameters, Boolean throwIfCallSiteNotFound)
   at Microsoft.Extensions.DependencyInjection.ServiceLookup.CallSiteFactory.CreateConstructorCallSite(ResultCache lifetime, ServiceIdentifier serviceIdentifier, Type implementationType, CallSiteChain callSiteChain)
   at Microsoft.Extensions.DependencyInjection.ServiceLookup.CallSiteFactory.TryCreateExact(ServiceDescriptor descriptor, ServiceIdentifier serviceIdentifier, CallSiteChain callSiteChain, Int32 slot)
   at Microsoft.Extensions.DependencyInjection.ServiceLookup.CallSiteFactory.GetCallSite(ServiceDescriptor serviceDescriptor, CallSiteChain callSiteChain)
   at Microsoft.Extensions.DependencyInjection.ServiceProvider.ValidateService(ServiceDescriptor descriptor)
  Failed Industrial.Adam.Oee.Tests.Integration.JobsControllerIntegrationTests.JobsEndpoints_WithLargePayload_HandlesCorrectly [1 ms]
  Error Message:
   System.AggregateException : Some services are not able to be constructed (Error while validating the service descriptor 'ServiceType: Industrial.Adam.Oee.Domain.Interfaces.IJobSequencingService Lifetime: Scoped ImplementationType: Industrial.Adam.Oee.Domain.Services.JobSequencingService': Unable to resolve service for type 'Industrial.Adam.Oee.Domain.Interfaces.IEquipmentLineRepository' while attempting to activate 'Industrial.Adam.Oee.Domain.Services.JobSequencingService'.) (Error while validating the service descriptor 'ServiceType: Industrial.Adam.Oee.Domain.Interfaces.IEquipmentLineService Lifetime: Scoped ImplementationType: Industrial.Adam.Oee.Domain.Services.EquipmentLineService': Unable to resolve service for type 'Industrial.Adam.Oee.Domain.Interfaces.IEquipmentLineRepository' while attempting to activate 'Industrial.Adam.Oee.Domain.Services.EquipmentLineService'.) (Error while validating the service descriptor 'ServiceType: Industrial.Adam.Oee.Domain.Interfaces.IStoppageDetectionService Lifetime: Scoped ImplementationType: Industrial.Adam.Oee.Domain.Services.StoppageDetectionService': Unable to resolve service for type 'Industrial.Adam.Oee.Domain.Interfaces.IEquipmentLineRepository' while attempting to activate 'Industrial.Adam.Oee.Domain.Services.StoppageDetectionService'.) (Error while validating the service descriptor 'ServiceType: MediatR.IRequestHandler`2[Industrial.Adam.Oee.Application.Commands.StartWorkOrderCommand,System.String] Lifetime: Transient ImplementationType: Industrial.Adam.Oee.Application.Commands.Handlers.StartWorkOrderCommandHandler': Unable to resolve service for type 'Industrial.Adam.Oee.Domain.Interfaces.IEquipmentLineRepository' while attempting to activate 'Industrial.Adam.Oee.Domain.Services.JobSequencingService'.) (Error while validating the service descriptor 'ServiceType: Industrial.Adam.Oee.Domain.Interfaces.ISimpleJobQueueService Lifetime: Scoped ImplementationType: Industrial.Adam.Oee.Domain.Services.SimpleJobQueueService': Unable to resolve service for type 'Industrial.Adam.Oee.Domain.Interfaces.ISimpleJobQueueRepository' while attempting to activate 'Industrial.Adam.Oee.Domain.Services.SimpleJobQueueService'.)
---- System.InvalidOperationException : Error while validating the service descriptor 'ServiceType: Industrial.Adam.Oee.Domain.Interfaces.IJobSequencingService Lifetime: Scoped ImplementationType: Industrial.Adam.Oee.Domain.Services.JobSequencingService': Unable to resolve service for type 'Industrial.Adam.Oee.Domain.Interfaces.IEquipmentLineRepository' while attempting to activate 'Industrial.Adam.Oee.Domain.Services.JobSequencingService'.
-------- System.InvalidOperationException : Unable to resolve service for type 'Industrial.Adam.Oee.Domain.Interfaces.IEquipmentLineRepository' while attempting to activate 'Industrial.Adam.Oee.Domain.Services.JobSequencingService'.
---- System.InvalidOperationException : Error while validating the service descriptor 'ServiceType: Industrial.Adam.Oee.Domain.Interfaces.IEquipmentLineService Lifetime: Scoped ImplementationType: Industrial.Adam.Oee.Domain.Services.EquipmentLineService': Unable to resolve service for type 'Industrial.Adam.Oee.Domain.Interfaces.IEquipmentLineRepository' while attempting to activate 'Industrial.Adam.Oee.Domain.Services.EquipmentLineService'.
-------- System.InvalidOperationException : Unable to resolve service for type 'Industrial.Adam.Oee.Domain.Interfaces.IEquipmentLineRepository' while attempting to activate 'Industrial.Adam.Oee.Domain.Services.EquipmentLineService'.
---- System.InvalidOperationException : Error while validating the service descriptor 'ServiceType: Industrial.Adam.Oee.Domain.Interfaces.IStoppageDetectionService Lifetime: Scoped ImplementationType: Industrial.Adam.Oee.Domain.Services.StoppageDetectionService': Unable to resolve service for type 'Industrial.Adam.Oee.Domain.Interfaces.IEquipmentLineRepository' while attempting to activate 'Industrial.Adam.Oee.Domain.Services.StoppageDetectionService'.
-------- System.InvalidOperationException : Unable to resolve service for type 'Industrial.Adam.Oee.Domain.Interfaces.IEquipmentLineRepository' while attempting to activate 'Industrial.Adam.Oee.Domain.Services.StoppageDetectionService'.
---- System.InvalidOperationException : Error while validating the service descriptor 'ServiceType: MediatR.IRequestHandler`2[Industrial.Adam.Oee.Application.Commands.StartWorkOrderCommand,System.String] Lifetime: Transient ImplementationType: Industrial.Adam.Oee.Application.Commands.Handlers.StartWorkOrderCommandHandler': Unable to resolve service for type 'Industrial.Adam.Oee.Domain.Interfaces.IEquipmentLineRepository' while attempting to activate 'Industrial.Adam.Oee.Domain.Services.JobSequencingService'.
-------- System.InvalidOperationException : Unable to resolve service for type 'Industrial.Adam.Oee.Domain.Interfaces.IEquipmentLineRepository' while attempting to activate 'Industrial.Adam.Oee.Domain.Services.JobSequencingService'.
---- System.InvalidOperationException : Error while validating the service descriptor 'ServiceType: Industrial.Adam.Oee.Domain.Interfaces.ISimpleJobQueueService Lifetime: Scoped ImplementationType: Industrial.Adam.Oee.Domain.Services.SimpleJobQueueService': Unable to resolve service for type 'Industrial.Adam.Oee.Domain.Interfaces.ISimpleJobQueueRepository' while attempting to activate 'Industrial.Adam.Oee.Domain.Services.SimpleJobQueueService'.
-------- System.InvalidOperationException : Unable to resolve service for type 'Industrial.Adam.Oee.Domain.Interfaces.ISimpleJobQueueRepository' while attempting to activate 'Industrial.Adam.Oee.Domain.Services.SimpleJobQueueService'.
  Stack Trace:
     at Microsoft.Extensions.DependencyInjection.ServiceProvider..ctor(ICollection`1 serviceDescriptors, ServiceProviderOptions options)
   at Microsoft.Extensions.DependencyInjection.ServiceCollectionContainerBuilderExtensions.BuildServiceProvider(IServiceCollection services, ServiceProviderOptions options)
   at Microsoft.Extensions.Hosting.HostApplicationBuilder.Build()
   at Microsoft.AspNetCore.Builder.WebApplicationBuilder.Build()
   at Program.<Main>$(String[] args) in /home/grant/adam-6000-counter/src/Industrial.Adam.Oee/WebApi/Program.cs:line 89
   at InvokeStub_Program.<Main>$(Object, Span`1)
   at System.Reflection.MethodBaseInvoker.InvokeWithOneArg(Object obj, BindingFlags invokeAttr, Binder binder, Object[] parameters, CultureInfo culture)
--- End of stack trace from previous location ---
   at Microsoft.Extensions.Hosting.HostFactoryResolver.HostingListener.CreateHost()
   at Microsoft.Extensions.Hosting.HostFactoryResolver.<>c__DisplayClass10_0.<ResolveHostFactory>b__0(String[] args)
   at Microsoft.AspNetCore.Mvc.Testing.DeferredHostBuilder.Build()
   at Microsoft.AspNetCore.Mvc.Testing.WebApplicationFactory`1.CreateHost(IHostBuilder builder)
   at Microsoft.AspNetCore.Mvc.Testing.WebApplicationFactory`1.ConfigureHostBuilder(IHostBuilder hostBuilder)
   at Microsoft.AspNetCore.Mvc.Testing.WebApplicationFactory`1.EnsureServer()
   at Microsoft.AspNetCore.Mvc.Testing.WebApplicationFactory`1.CreateDefaultClient(DelegatingHandler[] handlers)
   at Microsoft.AspNetCore.Mvc.Testing.WebApplicationFactory`1.CreateDefaultClient(Uri baseAddress, DelegatingHandler[] handlers)
   at Microsoft.AspNetCore.Mvc.Testing.WebApplicationFactory`1.CreateClient(WebApplicationFactoryClientOptions options)
   at Microsoft.AspNetCore.Mvc.Testing.WebApplicationFactory`1.CreateClient()
   at Industrial.Adam.Oee.Tests.Integration.JobsControllerIntegrationTests..ctor(WebApplicationFactory`1 factory) in /home/grant/adam-6000-counter/src/Industrial.Adam.Oee/Tests/Integration/JobsControllerIntegrationTests.cs:line 24
   at InvokeStub_JobsControllerIntegrationTests..ctor(Object, Span`1)
   at System.Reflection.MethodBaseInvoker.InvokeWithOneArg(Object obj, BindingFlags invokeAttr, Binder binder, Object[] parameters, CultureInfo culture)
----- Inner Stack Trace #1 (System.InvalidOperationException) -----
   at Microsoft.Extensions.DependencyInjection.ServiceProvider.ValidateService(ServiceDescriptor descriptor)
   at Microsoft.Extensions.DependencyInjection.ServiceProvider..ctor(ICollection`1 serviceDescriptors, ServiceProviderOptions options)
----- Inner Stack Trace -----
   at Microsoft.Extensions.DependencyInjection.ServiceLookup.CallSiteFactory.CreateArgumentCallSites(ServiceIdentifier serviceIdentifier, Type implementationType, CallSiteChain callSiteChain, ParameterInfo[] parameters, Boolean throwIfCallSiteNotFound)
   at Microsoft.Extensions.DependencyInjection.ServiceLookup.CallSiteFactory.CreateConstructorCallSite(ResultCache lifetime, ServiceIdentifier serviceIdentifier, Type implementationType, CallSiteChain callSiteChain)
   at Microsoft.Extensions.DependencyInjection.ServiceLookup.CallSiteFactory.TryCreateExact(ServiceDescriptor descriptor, ServiceIdentifier serviceIdentifier, CallSiteChain callSiteChain, Int32 slot)
   at Microsoft.Extensions.DependencyInjection.ServiceLookup.CallSiteFactory.GetCallSite(ServiceDescriptor serviceDescriptor, CallSiteChain callSiteChain)
   at Microsoft.Extensions.DependencyInjection.ServiceProvider.ValidateService(ServiceDescriptor descriptor)
----- Inner Stack Trace #2 (System.InvalidOperationException) -----
   at Microsoft.Extensions.DependencyInjection.ServiceProvider.ValidateService(ServiceDescriptor descriptor)
   at Microsoft.Extensions.DependencyInjection.ServiceProvider..ctor(ICollection`1 serviceDescriptors, ServiceProviderOptions options)
----- Inner Stack Trace -----
   at Microsoft.Extensions.DependencyInjection.ServiceLookup.CallSiteFactory.CreateArgumentCallSites(ServiceIdentifier serviceIdentifier, Type implementationType, CallSiteChain callSiteChain, ParameterInfo[] parameters, Boolean throwIfCallSiteNotFound)
   at Microsoft.Extensions.DependencyInjection.ServiceLookup.CallSiteFactory.CreateConstructorCallSite(ResultCache lifetime, ServiceIdentifier serviceIdentifier, Type implementationType, CallSiteChain callSiteChain)
   at Microsoft.Extensions.DependencyInjection.ServiceLookup.CallSiteFactory.TryCreateExact(ServiceDescriptor descriptor, ServiceIdentifier serviceIdentifier, CallSiteChain callSiteChain, Int32 slot)
   at Microsoft.Extensions.DependencyInjection.ServiceLookup.CallSiteFactory.GetCallSite(ServiceDescriptor serviceDescriptor, CallSiteChain callSiteChain)
   at Microsoft.Extensions.DependencyInjection.ServiceProvider.ValidateService(ServiceDescriptor descriptor)
----- Inner Stack Trace #3 (System.InvalidOperationException) -----
   at Microsoft.Extensions.DependencyInjection.ServiceProvider.ValidateService(ServiceDescriptor descriptor)
   at Microsoft.Extensions.DependencyInjection.ServiceProvider..ctor(ICollection`1 serviceDescriptors, ServiceProviderOptions options)
----- Inner Stack Trace -----
   at Microsoft.Extensions.DependencyInjection.ServiceLookup.CallSiteFactory.CreateArgumentCallSites(ServiceIdentifier serviceIdentifier, Type implementationType, CallSiteChain callSiteChain, ParameterInfo[] parameters, Boolean throwIfCallSiteNotFound)
   at Microsoft.Extensions.DependencyInjection.ServiceLookup.CallSiteFactory.CreateConstructorCallSite(ResultCache lifetime, ServiceIdentifier serviceIdentifier, Type implementationType, CallSiteChain callSiteChain)
   at Microsoft.Extensions.DependencyInjection.ServiceLookup.CallSiteFactory.TryCreateExact(ServiceDescriptor descriptor, ServiceIdentifier serviceIdentifier, CallSiteChain callSiteChain, Int32 slot)
   at Microsoft.Extensions.DependencyInjection.ServiceLookup.CallSiteFactory.GetCallSite(ServiceDescriptor serviceDescriptor, CallSiteChain callSiteChain)
   at Microsoft.Extensions.DependencyInjection.ServiceProvider.ValidateService(ServiceDescriptor descriptor)
----- Inner Stack Trace #4 (System.InvalidOperationException) -----
   at Microsoft.Extensions.DependencyInjection.ServiceProvider.ValidateService(ServiceDescriptor descriptor)
   at Microsoft.Extensions.DependencyInjection.ServiceProvider..ctor(ICollection`1 serviceDescriptors, ServiceProviderOptions options)
----- Inner Stack Trace -----
   at Microsoft.Extensions.DependencyInjection.ServiceLookup.CallSiteFactory.CreateArgumentCallSites(ServiceIdentifier serviceIdentifier, Type implementationType, CallSiteChain callSiteChain, ParameterInfo[] parameters, Boolean throwIfCallSiteNotFound)
   at Microsoft.Extensions.DependencyInjection.ServiceLookup.CallSiteFactory.CreateConstructorCallSite(ResultCache lifetime, ServiceIdentifier serviceIdentifier, Type implementationType, CallSiteChain callSiteChain)
   at Microsoft.Extensions.DependencyInjection.ServiceLookup.CallSiteFactory.TryCreateExact(ServiceDescriptor descriptor, ServiceIdentifier serviceIdentifier, CallSiteChain callSiteChain, Int32 slot)
   at Microsoft.Extensions.DependencyInjection.ServiceLookup.CallSiteFactory.TryCreateExact(ServiceIdentifier serviceIdentifier, CallSiteChain callSiteChain)
   at Microsoft.Extensions.DependencyInjection.ServiceLookup.CallSiteFactory.CreateCallSite(ServiceIdentifier serviceIdentifier, CallSiteChain callSiteChain)
   at Microsoft.Extensions.DependencyInjection.ServiceLookup.CallSiteFactory.CreateArgumentCallSites(ServiceIdentifier serviceIdentifier, Type implementationType, CallSiteChain callSiteChain, ParameterInfo[] parameters, Boolean throwIfCallSiteNotFound)
   at Microsoft.Extensions.DependencyInjection.ServiceLookup.CallSiteFactory.CreateConstructorCallSite(ResultCache lifetime, ServiceIdentifier serviceIdentifier, Type implementationType, CallSiteChain callSiteChain)
   at Microsoft.Extensions.DependencyInjection.ServiceLookup.CallSiteFactory.TryCreateExact(ServiceDescriptor descriptor, ServiceIdentifier serviceIdentifier, CallSiteChain callSiteChain, Int32 slot)
   at Microsoft.Extensions.DependencyInjection.ServiceLookup.CallSiteFactory.GetCallSite(ServiceDescriptor serviceDescriptor, CallSiteChain callSiteChain)
   at Microsoft.Extensions.DependencyInjection.ServiceProvider.ValidateService(ServiceDescriptor descriptor)
----- Inner Stack Trace #5 (System.InvalidOperationException) -----
   at Microsoft.Extensions.DependencyInjection.ServiceProvider.ValidateService(ServiceDescriptor descriptor)
   at Microsoft.Extensions.DependencyInjection.ServiceProvider..ctor(ICollection`1 serviceDescriptors, ServiceProviderOptions options)
----- Inner Stack Trace -----
   at Microsoft.Extensions.DependencyInjection.ServiceLookup.CallSiteFactory.CreateArgumentCallSites(ServiceIdentifier serviceIdentifier, Type implementationType, CallSiteChain callSiteChain, ParameterInfo[] parameters, Boolean throwIfCallSiteNotFound)
   at Microsoft.Extensions.DependencyInjection.ServiceLookup.CallSiteFactory.CreateConstructorCallSite(ResultCache lifetime, ServiceIdentifier serviceIdentifier, Type implementationType, CallSiteChain callSiteChain)
   at Microsoft.Extensions.DependencyInjection.ServiceLookup.CallSiteFactory.TryCreateExact(ServiceDescriptor descriptor, ServiceIdentifier serviceIdentifier, CallSiteChain callSiteChain, Int32 slot)
   at Microsoft.Extensions.DependencyInjection.ServiceLookup.CallSiteFactory.GetCallSite(ServiceDescriptor serviceDescriptor, CallSiteChain callSiteChain)
   at Microsoft.Extensions.DependencyInjection.ServiceProvider.ValidateService(ServiceDescriptor descriptor)
  Failed Industrial.Adam.Oee.Tests.Integration.OeeControllerIntegrationTests.GetCurrentOee_WithValidDeviceId_ReturnsOeeMetrics [1 ms]
  Error Message:
   System.AggregateException : Some services are not able to be constructed (Error while validating the service descriptor 'ServiceType: Industrial.Adam.Oee.Domain.Interfaces.IJobSequencingService Lifetime: Scoped ImplementationType: Industrial.Adam.Oee.Domain.Services.JobSequencingService': Unable to resolve service for type 'Industrial.Adam.Oee.Domain.Interfaces.IEquipmentLineRepository' while attempting to activate 'Industrial.Adam.Oee.Domain.Services.JobSequencingService'.) (Error while validating the service descriptor 'ServiceType: Industrial.Adam.Oee.Domain.Interfaces.IEquipmentLineService Lifetime: Scoped ImplementationType: Industrial.Adam.Oee.Domain.Services.EquipmentLineService': Unable to resolve service for type 'Industrial.Adam.Oee.Domain.Interfaces.IEquipmentLineRepository' while attempting to activate 'Industrial.Adam.Oee.Domain.Services.EquipmentLineService'.) (Error while validating the service descriptor 'ServiceType: Industrial.Adam.Oee.Domain.Interfaces.IStoppageDetectionService Lifetime: Scoped ImplementationType: Industrial.Adam.Oee.Domain.Services.StoppageDetectionService': Unable to resolve service for type 'Industrial.Adam.Oee.Domain.Interfaces.IEquipmentLineRepository' while attempting to activate 'Industrial.Adam.Oee.Domain.Services.StoppageDetectionService'.) (Error while validating the service descriptor 'ServiceType: MediatR.IRequestHandler`2[Industrial.Adam.Oee.Application.Commands.StartWorkOrderCommand,System.String] Lifetime: Transient ImplementationType: Industrial.Adam.Oee.Application.Commands.Handlers.StartWorkOrderCommandHandler': Unable to resolve service for type 'Industrial.Adam.Oee.Domain.Interfaces.IEquipmentLineRepository' while attempting to activate 'Industrial.Adam.Oee.Domain.Services.JobSequencingService'.) (Error while validating the service descriptor 'ServiceType: Industrial.Adam.Oee.Domain.Interfaces.ISimpleJobQueueService Lifetime: Scoped ImplementationType: Industrial.Adam.Oee.Domain.Services.SimpleJobQueueService': Unable to resolve service for type 'Industrial.Adam.Oee.Domain.Interfaces.ISimpleJobQueueRepository' while attempting to activate 'Industrial.Adam.Oee.Domain.Services.SimpleJobQueueService'.)
---- System.InvalidOperationException : Error while validating the service descriptor 'ServiceType: Industrial.Adam.Oee.Domain.Interfaces.IJobSequencingService Lifetime: Scoped ImplementationType: Industrial.Adam.Oee.Domain.Services.JobSequencingService': Unable to resolve service for type 'Industrial.Adam.Oee.Domain.Interfaces.IEquipmentLineRepository' while attempting to activate 'Industrial.Adam.Oee.Domain.Services.JobSequencingService'.
-------- System.InvalidOperationException : Unable to resolve service for type 'Industrial.Adam.Oee.Domain.Interfaces.IEquipmentLineRepository' while attempting to activate 'Industrial.Adam.Oee.Domain.Services.JobSequencingService'.
---- System.InvalidOperationException : Error while validating the service descriptor 'ServiceType: Industrial.Adam.Oee.Domain.Interfaces.IEquipmentLineService Lifetime: Scoped ImplementationType: Industrial.Adam.Oee.Domain.Services.EquipmentLineService': Unable to resolve service for type 'Industrial.Adam.Oee.Domain.Interfaces.IEquipmentLineRepository' while attempting to activate 'Industrial.Adam.Oee.Domain.Services.EquipmentLineService'.
-------- System.InvalidOperationException : Unable to resolve service for type 'Industrial.Adam.Oee.Domain.Interfaces.IEquipmentLineRepository' while attempting to activate 'Industrial.Adam.Oee.Domain.Services.EquipmentLineService'.
---- System.InvalidOperationException : Error while validating the service descriptor 'ServiceType: Industrial.Adam.Oee.Domain.Interfaces.IStoppageDetectionService Lifetime: Scoped ImplementationType: Industrial.Adam.Oee.Domain.Services.StoppageDetectionService': Unable to resolve service for type 'Industrial.Adam.Oee.Domain.Interfaces.IEquipmentLineRepository' while attempting to activate 'Industrial.Adam.Oee.Domain.Services.StoppageDetectionService'.
-------- System.InvalidOperationException : Unable to resolve service for type 'Industrial.Adam.Oee.Domain.Interfaces.IEquipmentLineRepository' while attempting to activate 'Industrial.Adam.Oee.Domain.Services.StoppageDetectionService'.
---- System.InvalidOperationException : Error while validating the service descriptor 'ServiceType: MediatR.IRequestHandler`2[Industrial.Adam.Oee.Application.Commands.StartWorkOrderCommand,System.String] Lifetime: Transient ImplementationType: Industrial.Adam.Oee.Application.Commands.Handlers.StartWorkOrderCommandHandler': Unable to resolve service for type 'Industrial.Adam.Oee.Domain.Interfaces.IEquipmentLineRepository' while attempting to activate 'Industrial.Adam.Oee.Domain.Services.JobSequencingService'.
-------- System.InvalidOperationException : Unable to resolve service for type 'Industrial.Adam.Oee.Domain.Interfaces.IEquipmentLineRepository' while attempting to activate 'Industrial.Adam.Oee.Domain.Services.JobSequencingService'.
---- System.InvalidOperationException : Error while validating the service descriptor 'ServiceType: Industrial.Adam.Oee.Domain.Interfaces.ISimpleJobQueueService Lifetime: Scoped ImplementationType: Industrial.Adam.Oee.Domain.Services.SimpleJobQueueService': Unable to resolve service for type 'Industrial.Adam.Oee.Domain.Interfaces.ISimpleJobQueueRepository' while attempting to activate 'Industrial.Adam.Oee.Domain.Services.SimpleJobQueueService'.
-------- System.InvalidOperationException : Unable to resolve service for type 'Industrial.Adam.Oee.Domain.Interfaces.ISimpleJobQueueRepository' while attempting to activate 'Industrial.Adam.Oee.Domain.Services.SimpleJobQueueService'.
  Stack Trace:
     at Microsoft.Extensions.DependencyInjection.ServiceProvider..ctor(ICollection`1 serviceDescriptors, ServiceProviderOptions options)
   at Microsoft.Extensions.DependencyInjection.ServiceCollectionContainerBuilderExtensions.BuildServiceProvider(IServiceCollection services, ServiceProviderOptions options)
   at Microsoft.Extensions.Hosting.HostApplicationBuilder.Build()
   at Microsoft.AspNetCore.Builder.WebApplicationBuilder.Build()
   at Program.<Main>$(String[] args) in /home/grant/adam-6000-counter/src/Industrial.Adam.Oee/WebApi/Program.cs:line 89
   at InvokeStub_Program.<Main>$(Object, Span`1)
   at System.Reflection.MethodBaseInvoker.InvokeWithOneArg(Object obj, BindingFlags invokeAttr, Binder binder, Object[] parameters, CultureInfo culture)
--- End of stack trace from previous location ---
   at Microsoft.Extensions.Hosting.HostFactoryResolver.HostingListener.CreateHost()
   at Microsoft.Extensions.Hosting.HostFactoryResolver.<>c__DisplayClass10_0.<ResolveHostFactory>b__0(String[] args)
   at Microsoft.AspNetCore.Mvc.Testing.DeferredHostBuilder.Build()
   at Microsoft.AspNetCore.Mvc.Testing.WebApplicationFactory`1.CreateHost(IHostBuilder builder)
   at Microsoft.AspNetCore.Mvc.Testing.WebApplicationFactory`1.ConfigureHostBuilder(IHostBuilder hostBuilder)
   at Microsoft.AspNetCore.Mvc.Testing.WebApplicationFactory`1.EnsureServer()
   at Microsoft.AspNetCore.Mvc.Testing.WebApplicationFactory`1.CreateDefaultClient(DelegatingHandler[] handlers)
   at Microsoft.AspNetCore.Mvc.Testing.WebApplicationFactory`1.CreateDefaultClient(Uri baseAddress, DelegatingHandler[] handlers)
   at Microsoft.AspNetCore.Mvc.Testing.WebApplicationFactory`1.CreateClient(WebApplicationFactoryClientOptions options)
   at Microsoft.AspNetCore.Mvc.Testing.WebApplicationFactory`1.CreateClient()
   at Industrial.Adam.Oee.Tests.Integration.OeeControllerIntegrationTests..ctor(WebApplicationFactory`1 factory) in /home/grant/adam-6000-counter/src/Industrial.Adam.Oee/Tests/Integration/OeeControllerIntegrationTests.cs:line 21
   at InvokeStub_OeeControllerIntegrationTests..ctor(Object, Span`1)
   at System.Reflection.MethodBaseInvoker.InvokeWithOneArg(Object obj, BindingFlags invokeAttr, Binder binder, Object[] parameters, CultureInfo culture)
----- Inner Stack Trace #1 (System.InvalidOperationException) -----
   at Microsoft.Extensions.DependencyInjection.ServiceProvider.ValidateService(ServiceDescriptor descriptor)
   at Microsoft.Extensions.DependencyInjection.ServiceProvider..ctor(ICollection`1 serviceDescriptors, ServiceProviderOptions options)
----- Inner Stack Trace -----
   at Microsoft.Extensions.DependencyInjection.ServiceLookup.CallSiteFactory.CreateArgumentCallSites(ServiceIdentifier serviceIdentifier, Type implementationType, CallSiteChain callSiteChain, ParameterInfo[] parameters, Boolean throwIfCallSiteNotFound)
   at Microsoft.Extensions.DependencyInjection.ServiceLookup.CallSiteFactory.CreateConstructorCallSite(ResultCache lifetime, ServiceIdentifier serviceIdentifier, Type implementationType, CallSiteChain callSiteChain)
   at Microsoft.Extensions.DependencyInjection.ServiceLookup.CallSiteFactory.TryCreateExact(ServiceDescriptor descriptor, ServiceIdentifier serviceIdentifier, CallSiteChain callSiteChain, Int32 slot)
   at Microsoft.Extensions.DependencyInjection.ServiceLookup.CallSiteFactory.GetCallSite(ServiceDescriptor serviceDescriptor, CallSiteChain callSiteChain)
   at Microsoft.Extensions.DependencyInjection.ServiceProvider.ValidateService(ServiceDescriptor descriptor)
----- Inner Stack Trace #2 (System.InvalidOperationException) -----
   at Microsoft.Extensions.DependencyInjection.ServiceProvider.ValidateService(ServiceDescriptor descriptor)
   at Microsoft.Extensions.DependencyInjection.ServiceProvider..ctor(ICollection`1 serviceDescriptors, ServiceProviderOptions options)
----- Inner Stack Trace -----
   at Microsoft.Extensions.DependencyInjection.ServiceLookup.CallSiteFactory.CreateArgumentCallSites(ServiceIdentifier serviceIdentifier, Type implementationType, CallSiteChain callSiteChain, ParameterInfo[] parameters, Boolean throwIfCallSiteNotFound)
   at Microsoft.Extensions.DependencyInjection.ServiceLookup.CallSiteFactory.CreateConstructorCallSite(ResultCache lifetime, ServiceIdentifier serviceIdentifier, Type implementationType, CallSiteChain callSiteChain)
   at Microsoft.Extensions.DependencyInjection.ServiceLookup.CallSiteFactory.TryCreateExact(ServiceDescriptor descriptor, ServiceIdentifier serviceIdentifier, CallSiteChain callSiteChain, Int32 slot)
   at Microsoft.Extensions.DependencyInjection.ServiceLookup.CallSiteFactory.GetCallSite(ServiceDescriptor serviceDescriptor, CallSiteChain callSiteChain)
   at Microsoft.Extensions.DependencyInjection.ServiceProvider.ValidateService(ServiceDescriptor descriptor)
----- Inner Stack Trace #3 (System.InvalidOperationException) -----
   at Microsoft.Extensions.DependencyInjection.ServiceProvider.ValidateService(ServiceDescriptor descriptor)
   at Microsoft.Extensions.DependencyInjection.ServiceProvider..ctor(ICollection`1 serviceDescriptors, ServiceProviderOptions options)
----- Inner Stack Trace -----
   at Microsoft.Extensions.DependencyInjection.ServiceLookup.CallSiteFactory.CreateArgumentCallSites(ServiceIdentifier serviceIdentifier, Type implementationType, CallSiteChain callSiteChain, ParameterInfo[] parameters, Boolean throwIfCallSiteNotFound)
   at Microsoft.Extensions.DependencyInjection.ServiceLookup.CallSiteFactory.CreateConstructorCallSite(ResultCache lifetime, ServiceIdentifier serviceIdentifier, Type implementationType, CallSiteChain callSiteChain)
   at Microsoft.Extensions.DependencyInjection.ServiceLookup.CallSiteFactory.TryCreateExact(ServiceDescriptor descriptor, ServiceIdentifier serviceIdentifier, CallSiteChain callSiteChain, Int32 slot)
   at Microsoft.Extensions.DependencyInjection.ServiceLookup.CallSiteFactory.GetCallSite(ServiceDescriptor serviceDescriptor, CallSiteChain callSiteChain)
   at Microsoft.Extensions.DependencyInjection.ServiceProvider.ValidateService(ServiceDescriptor descriptor)
----- Inner Stack Trace #4 (System.InvalidOperationException) -----
   at Microsoft.Extensions.DependencyInjection.ServiceProvider.ValidateService(ServiceDescriptor descriptor)
   at Microsoft.Extensions.DependencyInjection.ServiceProvider..ctor(ICollection`1 serviceDescriptors, ServiceProviderOptions options)
----- Inner Stack Trace -----
   at Microsoft.Extensions.DependencyInjection.ServiceLookup.CallSiteFactory.CreateArgumentCallSites(ServiceIdentifier serviceIdentifier, Type implementationType, CallSiteChain callSiteChain, ParameterInfo[] parameters, Boolean throwIfCallSiteNotFound)
   at Microsoft.Extensions.DependencyInjection.ServiceLookup.CallSiteFactory.CreateConstructorCallSite(ResultCache lifetime, ServiceIdentifier serviceIdentifier, Type implementationType, CallSiteChain callSiteChain)
   at Microsoft.Extensions.DependencyInjection.ServiceLookup.CallSiteFactory.TryCreateExact(ServiceDescriptor descriptor, ServiceIdentifier serviceIdentifier, CallSiteChain callSiteChain, Int32 slot)
   at Microsoft.Extensions.DependencyInjection.ServiceLookup.CallSiteFactory.TryCreateExact(ServiceIdentifier serviceIdentifier, CallSiteChain callSiteChain)
   at Microsoft.Extensions.DependencyInjection.ServiceLookup.CallSiteFactory.CreateCallSite(ServiceIdentifier serviceIdentifier, CallSiteChain callSiteChain)
   at Microsoft.Extensions.DependencyInjection.ServiceLookup.CallSiteFactory.CreateArgumentCallSites(ServiceIdentifier serviceIdentifier, Type implementationType, CallSiteChain callSiteChain, ParameterInfo[] parameters, Boolean throwIfCallSiteNotFound)
   at Microsoft.Extensions.DependencyInjection.ServiceLookup.CallSiteFactory.CreateConstructorCallSite(ResultCache lifetime, ServiceIdentifier serviceIdentifier, Type implementationType, CallSiteChain callSiteChain)
   at Microsoft.Extensions.DependencyInjection.ServiceLookup.CallSiteFactory.TryCreateExact(ServiceDescriptor descriptor, ServiceIdentifier serviceIdentifier, CallSiteChain callSiteChain, Int32 slot)
   at Microsoft.Extensions.DependencyInjection.ServiceLookup.CallSiteFactory.GetCallSite(ServiceDescriptor serviceDescriptor, CallSiteChain callSiteChain)
   at Microsoft.Extensions.DependencyInjection.ServiceProvider.ValidateService(ServiceDescriptor descriptor)
----- Inner Stack Trace #5 (System.InvalidOperationException) -----
   at Microsoft.Extensions.DependencyInjection.ServiceProvider.ValidateService(ServiceDescriptor descriptor)
   at Microsoft.Extensions.DependencyInjection.ServiceProvider..ctor(ICollection`1 serviceDescriptors, ServiceProviderOptions options)
----- Inner Stack Trace -----
   at Microsoft.Extensions.DependencyInjection.ServiceLookup.CallSiteFactory.CreateArgumentCallSites(ServiceIdentifier serviceIdentifier, Type implementationType, CallSiteChain callSiteChain, ParameterInfo[] parameters, Boolean throwIfCallSiteNotFound)
   at Microsoft.Extensions.DependencyInjection.ServiceLookup.CallSiteFactory.CreateConstructorCallSite(ResultCache lifetime, ServiceIdentifier serviceIdentifier, Type implementationType, CallSiteChain callSiteChain)
   at Microsoft.Extensions.DependencyInjection.ServiceLookup.CallSiteFactory.TryCreateExact(ServiceDescriptor descriptor, ServiceIdentifier serviceIdentifier, CallSiteChain callSiteChain, Int32 slot)
   at Microsoft.Extensions.DependencyInjection.ServiceLookup.CallSiteFactory.GetCallSite(ServiceDescriptor serviceDescriptor, CallSiteChain callSiteChain)
   at Microsoft.Extensions.DependencyInjection.ServiceProvider.ValidateService(ServiceDescriptor descriptor)
[xUnit.net 00:00:03.48]     Industrial.Adam.Oee.Tests.Integration.Infrastructure.DependencyInjectionTests.AddOeeInfrastructure_WithMinimalConfiguration_ResolvesAllServices [FAIL]
[xUnit.net 00:00:03.49]     Industrial.Adam.Oee.Tests.Integration.JobsControllerIntegrationTests.StartWorkOrder_WithFutureScheduledTimes_ReturnsCreatedOrConflict [FAIL]
  Failed Industrial.Adam.Oee.Tests.Integration.Infrastructure.DependencyInjectionTests.AddOeeInfrastructure_WithMinimalConfiguration_ResolvesAllServices [124 ms]
  Error Message:
   System.InvalidOperationException : Unable to resolve service for type 'Industrial.Adam.Oee.Domain.Interfaces.IOeeCalculationService' while attempting to activate 'Industrial.Adam.Oee.Application.Services.OeeApplicationService'.
  Stack Trace:
     at Microsoft.Extensions.DependencyInjection.ServiceLookup.CallSiteFactory.CreateArgumentCallSites(ServiceIdentifier serviceIdentifier, Type implementationType, CallSiteChain callSiteChain, ParameterInfo[] parameters, Boolean throwIfCallSiteNotFound)
   at Microsoft.Extensions.DependencyInjection.ServiceLookup.CallSiteFactory.CreateConstructorCallSite(ResultCache lifetime, ServiceIdentifier serviceIdentifier, Type implementationType, CallSiteChain callSiteChain)
   at Microsoft.Extensions.DependencyInjection.ServiceLookup.CallSiteFactory.TryCreateExact(ServiceDescriptor descriptor, ServiceIdentifier serviceIdentifier, CallSiteChain callSiteChain, Int32 slot)
   at Microsoft.Extensions.DependencyInjection.ServiceLookup.CallSiteFactory.TryCreateExact(ServiceIdentifier serviceIdentifier, CallSiteChain callSiteChain)
   at Microsoft.Extensions.DependencyInjection.ServiceLookup.CallSiteFactory.CreateCallSite(ServiceIdentifier serviceIdentifier, CallSiteChain callSiteChain)
   at Microsoft.Extensions.DependencyInjection.ServiceLookup.CallSiteFactory.GetCallSite(ServiceIdentifier serviceIdentifier, CallSiteChain callSiteChain)
   at Microsoft.Extensions.DependencyInjection.ServiceProvider.CreateServiceAccessor(ServiceIdentifier serviceIdentifier)
   at System.Collections.Concurrent.ConcurrentDictionary`2.GetOrAdd(TKey key, Func`2 valueFactory)
   at Microsoft.Extensions.DependencyInjection.ServiceProvider.GetService(ServiceIdentifier serviceIdentifier, ServiceProviderEngineScope serviceProviderEngineScope)
   at Microsoft.Extensions.DependencyInjection.ServiceProvider.GetService(Type serviceType)
   at Microsoft.Extensions.DependencyInjection.ServiceProviderServiceExtensions.GetRequiredService(IServiceProvider provider, Type serviceType)
   at Microsoft.Extensions.DependencyInjection.ServiceProviderServiceExtensions.GetRequiredService[T](IServiceProvider provider)
   at Industrial.Adam.Oee.Tests.Integration.Infrastructure.DependencyInjectionTests.AddOeeInfrastructure_WithMinimalConfiguration_ResolvesAllServices() in /home/grant/adam-6000-counter/src/Industrial.Adam.Oee/Tests/Integration/Infrastructure/DependencyInjectionTests.cs:line 43
   at System.RuntimeMethodHandle.InvokeMethod(Object target, Void** arguments, Signature sig, Boolean isConstructor)
   at System.Reflection.MethodBaseInvoker.InvokeWithNoArgs(Object obj, BindingFlags invokeAttr)
  Failed Industrial.Adam.Oee.Tests.Integration.JobsControllerIntegrationTests.StartWorkOrder_WithFutureScheduledTimes_ReturnsCreatedOrConflict [1 ms]
  Error Message:
   System.AggregateException : Some services are not able to be constructed (Error while validating the service descriptor 'ServiceType: Industrial.Adam.Oee.Domain.Interfaces.IJobSequencingService Lifetime: Scoped ImplementationType: Industrial.Adam.Oee.Domain.Services.JobSequencingService': Unable to resolve service for type 'Industrial.Adam.Oee.Domain.Interfaces.IEquipmentLineRepository' while attempting to activate 'Industrial.Adam.Oee.Domain.Services.JobSequencingService'.) (Error while validating the service descriptor 'ServiceType: Industrial.Adam.Oee.Domain.Interfaces.IEquipmentLineService Lifetime: Scoped ImplementationType: Industrial.Adam.Oee.Domain.Services.EquipmentLineService': Unable to resolve service for type 'Industrial.Adam.Oee.Domain.Interfaces.IEquipmentLineRepository' while attempting to activate 'Industrial.Adam.Oee.Domain.Services.EquipmentLineService'.) (Error while validating the service descriptor 'ServiceType: Industrial.Adam.Oee.Domain.Interfaces.IStoppageDetectionService Lifetime: Scoped ImplementationType: Industrial.Adam.Oee.Domain.Services.StoppageDetectionService': Unable to resolve service for type 'Industrial.Adam.Oee.Domain.Interfaces.IEquipmentLineRepository' while attempting to activate 'Industrial.Adam.Oee.Domain.Services.StoppageDetectionService'.) (Error while validating the service descriptor 'ServiceType: MediatR.IRequestHandler`2[Industrial.Adam.Oee.Application.Commands.StartWorkOrderCommand,System.String] Lifetime: Transient ImplementationType: Industrial.Adam.Oee.Application.Commands.Handlers.StartWorkOrderCommandHandler': Unable to resolve service for type 'Industrial.Adam.Oee.Domain.Interfaces.IEquipmentLineRepository' while attempting to activate 'Industrial.Adam.Oee.Domain.Services.JobSequencingService'.) (Error while validating the service descriptor 'ServiceType: Industrial.Adam.Oee.Domain.Interfaces.ISimpleJobQueueService Lifetime: Scoped ImplementationType: Industrial.Adam.Oee.Domain.Services.SimpleJobQueueService': Unable to resolve service for type 'Industrial.Adam.Oee.Domain.Interfaces.ISimpleJobQueueRepository' while attempting to activate 'Industrial.Adam.Oee.Domain.Services.SimpleJobQueueService'.)
---- System.InvalidOperationException : Error while validating the service descriptor 'ServiceType: Industrial.Adam.Oee.Domain.Interfaces.IJobSequencingService Lifetime: Scoped ImplementationType: Industrial.Adam.Oee.Domain.Services.JobSequencingService': Unable to resolve service for type 'Industrial.Adam.Oee.Domain.Interfaces.IEquipmentLineRepository' while attempting to activate 'Industrial.Adam.Oee.Domain.Services.JobSequencingService'.
-------- System.InvalidOperationException : Unable to resolve service for type 'Industrial.Adam.Oee.Domain.Interfaces.IEquipmentLineRepository' while attempting to activate 'Industrial.Adam.Oee.Domain.Services.JobSequencingService'.
---- System.InvalidOperationException : Error while validating the service descriptor 'ServiceType: Industrial.Adam.Oee.Domain.Interfaces.IEquipmentLineService Lifetime: Scoped ImplementationType: Industrial.Adam.Oee.Domain.Services.EquipmentLineService': Unable to resolve service for type 'Industrial.Adam.Oee.Domain.Interfaces.IEquipmentLineRepository' while attempting to activate 'Industrial.Adam.Oee.Domain.Services.EquipmentLineService'.
-------- System.InvalidOperationException : Unable to resolve service for type 'Industrial.Adam.Oee.Domain.Interfaces.IEquipmentLineRepository' while attempting to activate 'Industrial.Adam.Oee.Domain.Services.EquipmentLineService'.
---- System.InvalidOperationException : Error while validating the service descriptor 'ServiceType: Industrial.Adam.Oee.Domain.Interfaces.IStoppageDetectionService Lifetime: Scoped ImplementationType: Industrial.Adam.Oee.Domain.Services.StoppageDetectionService': Unable to resolve service for type 'Industrial.Adam.Oee.Domain.Interfaces.IEquipmentLineRepository' while attempting to activate 'Industrial.Adam.Oee.Domain.Services.StoppageDetectionService'.
-------- System.InvalidOperationException : Unable to resolve service for type 'Industrial.Adam.Oee.Domain.Interfaces.IEquipmentLineRepository' while attempting to activate 'Industrial.Adam.Oee.Domain.Services.StoppageDetectionService'.
---- System.InvalidOperationException : Error while validating the service descriptor 'ServiceType: MediatR.IRequestHandler`2[Industrial.Adam.Oee.Application.Commands.StartWorkOrderCommand,System.String] Lifetime: Transient ImplementationType: Industrial.Adam.Oee.Application.Commands.Handlers.StartWorkOrderCommandHandler': Unable to resolve service for type 'Industrial.Adam.Oee.Domain.Interfaces.IEquipmentLineRepository' while attempting to activate 'Industrial.Adam.Oee.Domain.Services.JobSequencingService'.
-------- System.InvalidOperationException : Unable to resolve service for type 'Industrial.Adam.Oee.Domain.Interfaces.IEquipmentLineRepository' while attempting to activate 'Industrial.Adam.Oee.Domain.Services.JobSequencingService'.
---- System.InvalidOperationException : Error while validating the service descriptor 'ServiceType: Industrial.Adam.Oee.Domain.Interfaces.ISimpleJobQueueService Lifetime: Scoped ImplementationType: Industrial.Adam.Oee.Domain.Services.SimpleJobQueueService': Unable to resolve service for type 'Industrial.Adam.Oee.Domain.Interfaces.ISimpleJobQueueRepository' while attempting to activate 'Industrial.Adam.Oee.Domain.Services.SimpleJobQueueService'.
-------- System.InvalidOperationException : Unable to resolve service for type 'Industrial.Adam.Oee.Domain.Interfaces.ISimpleJobQueueRepository' while attempting to activate 'Industrial.Adam.Oee.Domain.Services.SimpleJobQueueService'.
  Stack Trace:
     at Microsoft.Extensions.DependencyInjection.ServiceProvider..ctor(ICollection`1 serviceDescriptors, ServiceProviderOptions options)
   at Microsoft.Extensions.DependencyInjection.ServiceCollectionContainerBuilderExtensions.BuildServiceProvider(IServiceCollection services, ServiceProviderOptions options)
   at Microsoft.Extensions.Hosting.HostApplicationBuilder.Build()
   at Microsoft.AspNetCore.Builder.WebApplicationBuilder.Build()
   at Program.<Main>$(String[] args) in /home/grant/adam-6000-counter/src/Industrial.Adam.Oee/WebApi/Program.cs:line 89
   at InvokeStub_Program.<Main>$(Object, Span`1)
   at System.Reflection.MethodBaseInvoker.InvokeWithOneArg(Object obj, BindingFlags invokeAttr, Binder binder, Object[] parameters, CultureInfo culture)
--- End of stack trace from previous location ---
   at Microsoft.Extensions.Hosting.HostFactoryResolver.HostingListener.CreateHost()
   at Microsoft.Extensions.Hosting.HostFactoryResolver.<>c__DisplayClass10_0.<ResolveHostFactory>b__0(String[] args)
   at Microsoft.AspNetCore.Mvc.Testing.DeferredHostBuilder.Build()
   at Microsoft.AspNetCore.Mvc.Testing.WebApplicationFactory`1.CreateHost(IHostBuilder builder)
   at Microsoft.AspNetCore.Mvc.Testing.WebApplicationFactory`1.ConfigureHostBuilder(IHostBuilder hostBuilder)
   at Microsoft.AspNetCore.Mvc.Testing.WebApplicationFactory`1.EnsureServer()
   at Microsoft.AspNetCore.Mvc.Testing.WebApplicationFactory`1.CreateDefaultClient(DelegatingHandler[] handlers)
   at Microsoft.AspNetCore.Mvc.Testing.WebApplicationFactory`1.CreateDefaultClient(Uri baseAddress, DelegatingHandler[] handlers)
   at Microsoft.AspNetCore.Mvc.Testing.WebApplicationFactory`1.CreateClient(WebApplicationFactoryClientOptions options)
   at Microsoft.AspNetCore.Mvc.Testing.WebApplicationFactory`1.CreateClient()
   at Industrial.Adam.Oee.Tests.Integration.JobsControllerIntegrationTests..ctor(WebApplicationFactory`1 factory) in /home/grant/adam-6000-counter/src/Industrial.Adam.Oee/Tests/Integration/JobsControllerIntegrationTests.cs:line 24
   at InvokeStub_JobsControllerIntegrationTests..ctor(Object, Span`1)
   at System.Reflection.MethodBaseInvoker.InvokeWithOneArg(Object obj, BindingFlags invokeAttr, Binder binder, Object[] parameters, CultureInfo culture)
----- Inner Stack Trace #1 (System.InvalidOperationException) -----
   at Microsoft.Extensions.DependencyInjection.ServiceProvider.ValidateService(ServiceDescriptor descriptor)
   at Microsoft.Extensions.DependencyInjection.ServiceProvider..ctor(ICollection`1 serviceDescriptors, ServiceProviderOptions options)
----- Inner Stack Trace -----
   at Microsoft.Extensions.DependencyInjection.ServiceLookup.CallSiteFactory.CreateArgumentCallSites(ServiceIdentifier serviceIdentifier, Type implementationType, CallSiteChain callSiteChain, ParameterInfo[] parameters, Boolean throwIfCallSiteNotFound)
   at Microsoft.Extensions.DependencyInjection.ServiceLookup.CallSiteFactory.CreateConstructorCallSite(ResultCache lifetime, ServiceIdentifier serviceIdentifier, Type implementationType, CallSiteChain callSiteChain)
   at Microsoft.Extensions.DependencyInjection.ServiceLookup.CallSiteFactory.TryCreateExact(ServiceDescriptor descriptor, ServiceIdentifier serviceIdentifier, CallSiteChain callSiteChain, Int32 slot)
   at Microsoft.Extensions.DependencyInjection.ServiceLookup.CallSiteFactory.GetCallSite(ServiceDescriptor serviceDescriptor, CallSiteChain callSiteChain)
   at Microsoft.Extensions.DependencyInjection.ServiceProvider.ValidateService(ServiceDescriptor descriptor)
----- Inner Stack Trace #2 (System.InvalidOperationException) -----
   at Microsoft.Extensions.DependencyInjection.ServiceProvider.ValidateService(ServiceDescriptor descriptor)
   at Microsoft.Extensions.DependencyInjection.ServiceProvider..ctor(ICollection`1 serviceDescriptors, ServiceProviderOptions options)
----- Inner Stack Trace -----
   at Microsoft.Extensions.DependencyInjection.ServiceLookup.CallSiteFactory.CreateArgumentCallSites(ServiceIdentifier serviceIdentifier, Type implementationType, CallSiteChain callSiteChain, ParameterInfo[] parameters, Boolean throwIfCallSiteNotFound)
   at Microsoft.Extensions.DependencyInjection.ServiceLookup.CallSiteFactory.CreateConstructorCallSite(ResultCache lifetime, ServiceIdentifier serviceIdentifier, Type implementationType, CallSiteChain callSiteChain)
   at Microsoft.Extensions.DependencyInjection.ServiceLookup.CallSiteFactory.TryCreateExact(ServiceDescriptor descriptor, ServiceIdentifier serviceIdentifier, CallSiteChain callSiteChain, Int32 slot)
   at Microsoft.Extensions.DependencyInjection.ServiceLookup.CallSiteFactory.GetCallSite(ServiceDescriptor serviceDescriptor, CallSiteChain callSiteChain)
   at Microsoft.Extensions.DependencyInjection.ServiceProvider.ValidateService(ServiceDescriptor descriptor)
----- Inner Stack Trace #3 (System.InvalidOperationException) -----
   at Microsoft.Extensions.DependencyInjection.ServiceProvider.ValidateService(ServiceDescriptor descriptor)
   at Microsoft.Extensions.DependencyInjection.ServiceProvider..ctor(ICollection`1 serviceDescriptors, ServiceProviderOptions options)
----- Inner Stack Trace -----
   at Microsoft.Extensions.DependencyInjection.ServiceLookup.CallSiteFactory.CreateArgumentCallSites(ServiceIdentifier serviceIdentifier, Type implementationType, CallSiteChain callSiteChain, ParameterInfo[] parameters, Boolean throwIfCallSiteNotFound)
   at Microsoft.Extensions.DependencyInjection.ServiceLookup.CallSiteFactory.CreateConstructorCallSite(ResultCache lifetime, ServiceIdentifier serviceIdentifier, Type implementationType, CallSiteChain callSiteChain)
   at Microsoft.Extensions.DependencyInjection.ServiceLookup.CallSiteFactory.TryCreateExact(ServiceDescriptor descriptor, ServiceIdentifier serviceIdentifier, CallSiteChain callSiteChain, Int32 slot)
   at Microsoft.Extensions.DependencyInjection.ServiceLookup.CallSiteFactory.GetCallSite(ServiceDescriptor serviceDescriptor, CallSiteChain callSiteChain)
   at Microsoft.Extensions.DependencyInjection.ServiceProvider.ValidateService(ServiceDescriptor descriptor)
----- Inner Stack Trace #4 (System.InvalidOperationException) -----
   at Microsoft.Extensions.DependencyInjection.ServiceProvider.ValidateService(ServiceDescriptor descriptor)
   at Microsoft.Extensions.DependencyInjection.ServiceProvider..ctor(ICollection`1 serviceDescriptors, ServiceProviderOptions options)
----- Inner Stack Trace -----
   at Microsoft.Extensions.DependencyInjection.ServiceLookup.CallSiteFactory.CreateArgumentCallSites(ServiceIdentifier serviceIdentifier, Type implementationType, CallSiteChain callSiteChain, ParameterInfo[] parameters, Boolean throwIfCallSiteNotFound)
   at Microsoft.Extensions.DependencyInjection.ServiceLookup.CallSiteFactory.CreateConstructorCallSite(ResultCache lifetime, ServiceIdentifier serviceIdentifier, Type implementationType, CallSiteChain callSiteChain)
   at Microsoft.Extensions.DependencyInjection.ServiceLookup.CallSiteFactory.TryCreateExact(ServiceDescriptor descriptor, ServiceIdentifier serviceIdentifier, CallSiteChain callSiteChain, Int32 slot)
   at Microsoft.Extensions.DependencyInjection.ServiceLookup.CallSiteFactory.TryCreateExact(ServiceIdentifier serviceIdentifier, CallSiteChain callSiteChain)
   at Microsoft.Extensions.DependencyInjection.ServiceLookup.CallSiteFactory.CreateCallSite(ServiceIdentifier serviceIdentifier, CallSiteChain callSiteChain)
   at Microsoft.Extensions.DependencyInjection.ServiceLookup.CallSiteFactory.CreateArgumentCallSites(ServiceIdentifier serviceIdentifier, Type implementationType, CallSiteChain callSiteChain, ParameterInfo[] parameters, Boolean throwIfCallSiteNotFound)
   at Microsoft.Extensions.DependencyInjection.ServiceLookup.CallSiteFactory.CreateConstructorCallSite(ResultCache lifetime, ServiceIdentifier serviceIdentifier, Type implementationType, CallSiteChain callSiteChain)
   at Microsoft.Extensions.DependencyInjection.ServiceLookup.CallSiteFactory.TryCreateExact(ServiceDescriptor descriptor, ServiceIdentifier serviceIdentifier, CallSiteChain callSiteChain, Int32 slot)
   at Microsoft.Extensions.DependencyInjection.ServiceLookup.CallSiteFactory.GetCallSite(ServiceDescriptor serviceDescriptor, CallSiteChain callSiteChain)
   at Microsoft.Extensions.DependencyInjection.ServiceProvider.ValidateService(ServiceDescriptor descriptor)
----- Inner Stack Trace #5 (System.InvalidOperationException) -----
   at Microsoft.Extensions.DependencyInjection.ServiceProvider.ValidateService(ServiceDescriptor descriptor)
   at Microsoft.Extensions.DependencyInjection.ServiceProvider..ctor(ICollection`1 serviceDescriptors, ServiceProviderOptions options)
----- Inner Stack Trace -----
   at Microsoft.Extensions.DependencyInjection.ServiceLookup.CallSiteFactory.CreateArgumentCallSites(ServiceIdentifier serviceIdentifier, Type implementationType, CallSiteChain callSiteChain, ParameterInfo[] parameters, Boolean throwIfCallSiteNotFound)
   at Microsoft.Extensions.DependencyInjection.ServiceLookup.CallSiteFactory.CreateConstructorCallSite(ResultCache lifetime, ServiceIdentifier serviceIdentifier, Type implementationType, CallSiteChain callSiteChain)
   at Microsoft.Extensions.DependencyInjection.ServiceLookup.CallSiteFactory.TryCreateExact(ServiceDescriptor descriptor, ServiceIdentifier serviceIdentifier, CallSiteChain callSiteChain, Int32 slot)
   at Microsoft.Extensions.DependencyInjection.ServiceLookup.CallSiteFactory.GetCallSite(ServiceDescriptor serviceDescriptor, CallSiteChain callSiteChain)
   at Microsoft.Extensions.DependencyInjection.ServiceProvider.ValidateService(ServiceDescriptor descriptor)
[xUnit.net 00:00:03.49]     Industrial.Adam.Oee.Tests.Integration.StoppagesControllerIntegrationTests.GetCurrentStoppage_WithCustomMinimumMinutes_ReturnsCorrectResponse [FAIL]
[xUnit.net 00:00:03.50]     Industrial.Adam.Oee.Tests.Integration.Infrastructure.DependencyInjectionTests.AddOeeInfrastructure_ConfiguresResiliencePolicy [FAIL]
[xUnit.net 00:00:03.50]     Industrial.Adam.Oee.Tests.Integration.JobsControllerIntegrationTests.CompleteWorkOrder_WithValidRequest_ReturnsNoContentOrNotFound [FAIL]
[xUnit.net 00:00:03.51]     Industrial.Adam.Oee.Tests.Integration.StoppagesControllerIntegrationTests.ClassifyStoppage_ReturnsNotImplemented [FAIL]
[xUnit.net 00:00:03.52]     Industrial.Adam.Oee.Tests.Integration.StoppagesControllerIntegrationTests.GetStoppageHistory_WithInvalidPeriod_ReturnsBadRequest(period: 0) [FAIL]
  Failed Industrial.Adam.Oee.Tests.Integration.StoppagesControllerIntegrationTests.GetCurrentStoppage_WithCustomMinimumMinutes_ReturnsCorrectResponse [1 ms]
  Error Message:
   System.AggregateException : Some services are not able to be constructed (Error while validating the service descriptor 'ServiceType: Industrial.Adam.Oee.Domain.Interfaces.IJobSequencingService Lifetime: Scoped ImplementationType: Industrial.Adam.Oee.Domain.Services.JobSequencingService': Unable to resolve service for type 'Industrial.Adam.Oee.Domain.Interfaces.IEquipmentLineRepository' while attempting to activate 'Industrial.Adam.Oee.Domain.Services.JobSequencingService'.) (Error while validating the service descriptor 'ServiceType: Industrial.Adam.Oee.Domain.Interfaces.IEquipmentLineService Lifetime: Scoped ImplementationType: Industrial.Adam.Oee.Domain.Services.EquipmentLineService': Unable to resolve service for type 'Industrial.Adam.Oee.Domain.Interfaces.IEquipmentLineRepository' while attempting to activate 'Industrial.Adam.Oee.Domain.Services.EquipmentLineService'.) (Error while validating the service descriptor 'ServiceType: Industrial.Adam.Oee.Domain.Interfaces.IStoppageDetectionService Lifetime: Scoped ImplementationType: Industrial.Adam.Oee.Domain.Services.StoppageDetectionService': Unable to resolve service for type 'Industrial.Adam.Oee.Domain.Interfaces.IEquipmentLineRepository' while attempting to activate 'Industrial.Adam.Oee.Domain.Services.StoppageDetectionService'.) (Error while validating the service descriptor 'ServiceType: MediatR.IRequestHandler`2[Industrial.Adam.Oee.Application.Commands.StartWorkOrderCommand,System.String] Lifetime: Transient ImplementationType: Industrial.Adam.Oee.Application.Commands.Handlers.StartWorkOrderCommandHandler': Unable to resolve service for type 'Industrial.Adam.Oee.Domain.Interfaces.IEquipmentLineRepository' while attempting to activate 'Industrial.Adam.Oee.Domain.Services.JobSequencingService'.) (Error while validating the service descriptor 'ServiceType: Industrial.Adam.Oee.Domain.Interfaces.ISimpleJobQueueService Lifetime: Scoped ImplementationType: Industrial.Adam.Oee.Domain.Services.SimpleJobQueueService': Unable to resolve service for type 'Industrial.Adam.Oee.Domain.Interfaces.ISimpleJobQueueRepository' while attempting to activate 'Industrial.Adam.Oee.Domain.Services.SimpleJobQueueService'.)
---- System.InvalidOperationException : Error while validating the service descriptor 'ServiceType: Industrial.Adam.Oee.Domain.Interfaces.IJobSequencingService Lifetime: Scoped ImplementationType: Industrial.Adam.Oee.Domain.Services.JobSequencingService': Unable to resolve service for type 'Industrial.Adam.Oee.Domain.Interfaces.IEquipmentLineRepository' while attempting to activate 'Industrial.Adam.Oee.Domain.Services.JobSequencingService'.
-------- System.InvalidOperationException : Unable to resolve service for type 'Industrial.Adam.Oee.Domain.Interfaces.IEquipmentLineRepository' while attempting to activate 'Industrial.Adam.Oee.Domain.Services.JobSequencingService'.
---- System.InvalidOperationException : Error while validating the service descriptor 'ServiceType: Industrial.Adam.Oee.Domain.Interfaces.IEquipmentLineService Lifetime: Scoped ImplementationType: Industrial.Adam.Oee.Domain.Services.EquipmentLineService': Unable to resolve service for type 'Industrial.Adam.Oee.Domain.Interfaces.IEquipmentLineRepository' while attempting to activate 'Industrial.Adam.Oee.Domain.Services.EquipmentLineService'.
-------- System.InvalidOperationException : Unable to resolve service for type 'Industrial.Adam.Oee.Domain.Interfaces.IEquipmentLineRepository' while attempting to activate 'Industrial.Adam.Oee.Domain.Services.EquipmentLineService'.
---- System.InvalidOperationException : Error while validating the service descriptor 'ServiceType: Industrial.Adam.Oee.Domain.Interfaces.IStoppageDetectionService Lifetime: Scoped ImplementationType: Industrial.Adam.Oee.Domain.Services.StoppageDetectionService': Unable to resolve service for type 'Industrial.Adam.Oee.Domain.Interfaces.IEquipmentLineRepository' while attempting to activate 'Industrial.Adam.Oee.Domain.Services.StoppageDetectionService'.
-------- System.InvalidOperationException : Unable to resolve service for type 'Industrial.Adam.Oee.Domain.Interfaces.IEquipmentLineRepository' while attempting to activate 'Industrial.Adam.Oee.Domain.Services.StoppageDetectionService'.
---- System.InvalidOperationException : Error while validating the service descriptor 'ServiceType: MediatR.IRequestHandler`2[Industrial.Adam.Oee.Application.Commands.StartWorkOrderCommand,System.String] Lifetime: Transient ImplementationType: Industrial.Adam.Oee.Application.Commands.Handlers.StartWorkOrderCommandHandler': Unable to resolve service for type 'Industrial.Adam.Oee.Domain.Interfaces.IEquipmentLineRepository' while attempting to activate 'Industrial.Adam.Oee.Domain.Services.JobSequencingService'.
-------- System.InvalidOperationException : Unable to resolve service for type 'Industrial.Adam.Oee.Domain.Interfaces.IEquipmentLineRepository' while attempting to activate 'Industrial.Adam.Oee.Domain.Services.JobSequencingService'.
---- System.InvalidOperationException : Error while validating the service descriptor 'ServiceType: Industrial.Adam.Oee.Domain.Interfaces.ISimpleJobQueueService Lifetime: Scoped ImplementationType: Industrial.Adam.Oee.Domain.Services.SimpleJobQueueService': Unable to resolve service for type 'Industrial.Adam.Oee.Domain.Interfaces.ISimpleJobQueueRepository' while attempting to activate 'Industrial.Adam.Oee.Domain.Services.SimpleJobQueueService'.
-------- System.InvalidOperationException : Unable to resolve service for type 'Industrial.Adam.Oee.Domain.Interfaces.ISimpleJobQueueRepository' while attempting to activate 'Industrial.Adam.Oee.Domain.Services.SimpleJobQueueService'.
  Stack Trace:
     at Microsoft.Extensions.DependencyInjection.ServiceProvider..ctor(ICollection`1 serviceDescriptors, ServiceProviderOptions options)
   at Microsoft.Extensions.DependencyInjection.ServiceCollectionContainerBuilderExtensions.BuildServiceProvider(IServiceCollection services, ServiceProviderOptions options)
   at Microsoft.Extensions.Hosting.HostApplicationBuilder.Build()
   at Microsoft.AspNetCore.Builder.WebApplicationBuilder.Build()
   at Program.<Main>$(String[] args) in /home/grant/adam-6000-counter/src/Industrial.Adam.Oee/WebApi/Program.cs:line 89
   at InvokeStub_Program.<Main>$(Object, Span`1)
   at System.Reflection.MethodBaseInvoker.InvokeWithOneArg(Object obj, BindingFlags invokeAttr, Binder binder, Object[] parameters, CultureInfo culture)
--- End of stack trace from previous location ---
   at Microsoft.Extensions.Hosting.HostFactoryResolver.HostingListener.CreateHost()
   at Microsoft.Extensions.Hosting.HostFactoryResolver.<>c__DisplayClass10_0.<ResolveHostFactory>b__0(String[] args)
   at Microsoft.AspNetCore.Mvc.Testing.DeferredHostBuilder.Build()
   at Microsoft.AspNetCore.Mvc.Testing.WebApplicationFactory`1.CreateHost(IHostBuilder builder)
   at Microsoft.AspNetCore.Mvc.Testing.WebApplicationFactory`1.ConfigureHostBuilder(IHostBuilder hostBuilder)
   at Microsoft.AspNetCore.Mvc.Testing.WebApplicationFactory`1.EnsureServer()
   at Microsoft.AspNetCore.Mvc.Testing.WebApplicationFactory`1.CreateDefaultClient(DelegatingHandler[] handlers)
   at Microsoft.AspNetCore.Mvc.Testing.WebApplicationFactory`1.CreateDefaultClient(Uri baseAddress, DelegatingHandler[] handlers)
   at Microsoft.AspNetCore.Mvc.Testing.WebApplicationFactory`1.CreateClient(WebApplicationFactoryClientOptions options)
   at Microsoft.AspNetCore.Mvc.Testing.WebApplicationFactory`1.CreateClient()
   at Industrial.Adam.Oee.Tests.Integration.StoppagesControllerIntegrationTests..ctor(WebApplicationFactory`1 factory) in /home/grant/adam-6000-counter/src/Industrial.Adam.Oee/Tests/Integration/StoppagesControllerIntegrationTests.cs:line 21
   at InvokeStub_StoppagesControllerIntegrationTests..ctor(Object, Span`1)
   at System.Reflection.MethodBaseInvoker.InvokeWithOneArg(Object obj, BindingFlags invokeAttr, Binder binder, Object[] parameters, CultureInfo culture)
----- Inner Stack Trace #1 (System.InvalidOperationException) -----
   at Microsoft.Extensions.DependencyInjection.ServiceProvider.ValidateService(ServiceDescriptor descriptor)
   at Microsoft.Extensions.DependencyInjection.ServiceProvider..ctor(ICollection`1 serviceDescriptors, ServiceProviderOptions options)
----- Inner Stack Trace -----
   at Microsoft.Extensions.DependencyInjection.ServiceLookup.CallSiteFactory.CreateArgumentCallSites(ServiceIdentifier serviceIdentifier, Type implementationType, CallSiteChain callSiteChain, ParameterInfo[] parameters, Boolean throwIfCallSiteNotFound)
   at Microsoft.Extensions.DependencyInjection.ServiceLookup.CallSiteFactory.CreateConstructorCallSite(ResultCache lifetime, ServiceIdentifier serviceIdentifier, Type implementationType, CallSiteChain callSiteChain)
   at Microsoft.Extensions.DependencyInjection.ServiceLookup.CallSiteFactory.TryCreateExact(ServiceDescriptor descriptor, ServiceIdentifier serviceIdentifier, CallSiteChain callSiteChain, Int32 slot)
   at Microsoft.Extensions.DependencyInjection.ServiceLookup.CallSiteFactory.GetCallSite(ServiceDescriptor serviceDescriptor, CallSiteChain callSiteChain)
   at Microsoft.Extensions.DependencyInjection.ServiceProvider.ValidateService(ServiceDescriptor descriptor)
----- Inner Stack Trace #2 (System.InvalidOperationException) -----
   at Microsoft.Extensions.DependencyInjection.ServiceProvider.ValidateService(ServiceDescriptor descriptor)
   at Microsoft.Extensions.DependencyInjection.ServiceProvider..ctor(ICollection`1 serviceDescriptors, ServiceProviderOptions options)
----- Inner Stack Trace -----
   at Microsoft.Extensions.DependencyInjection.ServiceLookup.CallSiteFactory.CreateArgumentCallSites(ServiceIdentifier serviceIdentifier, Type implementationType, CallSiteChain callSiteChain, ParameterInfo[] parameters, Boolean throwIfCallSiteNotFound)
   at Microsoft.Extensions.DependencyInjection.ServiceLookup.CallSiteFactory.CreateConstructorCallSite(ResultCache lifetime, ServiceIdentifier serviceIdentifier, Type implementationType, CallSiteChain callSiteChain)
   at Microsoft.Extensions.DependencyInjection.ServiceLookup.CallSiteFactory.TryCreateExact(ServiceDescriptor descriptor, ServiceIdentifier serviceIdentifier, CallSiteChain callSiteChain, Int32 slot)
   at Microsoft.Extensions.DependencyInjection.ServiceLookup.CallSiteFactory.GetCallSite(ServiceDescriptor serviceDescriptor, CallSiteChain callSiteChain)
   at Microsoft.Extensions.DependencyInjection.ServiceProvider.ValidateService(ServiceDescriptor descriptor)
----- Inner Stack Trace #3 (System.InvalidOperationException) -----
   at Microsoft.Extensions.DependencyInjection.ServiceProvider.ValidateService(ServiceDescriptor descriptor)
   at Microsoft.Extensions.DependencyInjection.ServiceProvider..ctor(ICollection`1 serviceDescriptors, ServiceProviderOptions options)
----- Inner Stack Trace -----
   at Microsoft.Extensions.DependencyInjection.ServiceLookup.CallSiteFactory.CreateArgumentCallSites(ServiceIdentifier serviceIdentifier, Type implementationType, CallSiteChain callSiteChain, ParameterInfo[] parameters, Boolean throwIfCallSiteNotFound)
   at Microsoft.Extensions.DependencyInjection.ServiceLookup.CallSiteFactory.CreateConstructorCallSite(ResultCache lifetime, ServiceIdentifier serviceIdentifier, Type implementationType, CallSiteChain callSiteChain)
   at Microsoft.Extensions.DependencyInjection.ServiceLookup.CallSiteFactory.TryCreateExact(ServiceDescriptor descriptor, ServiceIdentifier serviceIdentifier, CallSiteChain callSiteChain, Int32 slot)
   at Microsoft.Extensions.DependencyInjection.ServiceLookup.CallSiteFactory.GetCallSite(ServiceDescriptor serviceDescriptor, CallSiteChain callSiteChain)
   at Microsoft.Extensions.DependencyInjection.ServiceProvider.ValidateService(ServiceDescriptor descriptor)
----- Inner Stack Trace #4 (System.InvalidOperationException) -----
   at Microsoft.Extensions.DependencyInjection.ServiceProvider.ValidateService(ServiceDescriptor descriptor)
   at Microsoft.Extensions.DependencyInjection.ServiceProvider..ctor(ICollection`1 serviceDescriptors, ServiceProviderOptions options)
----- Inner Stack Trace -----
   at Microsoft.Extensions.DependencyInjection.ServiceLookup.CallSiteFactory.CreateArgumentCallSites(ServiceIdentifier serviceIdentifier, Type implementationType, CallSiteChain callSiteChain, ParameterInfo[] parameters, Boolean throwIfCallSiteNotFound)
   at Microsoft.Extensions.DependencyInjection.ServiceLookup.CallSiteFactory.CreateConstructorCallSite(ResultCache lifetime, ServiceIdentifier serviceIdentifier, Type implementationType, CallSiteChain callSiteChain)
   at Microsoft.Extensions.DependencyInjection.ServiceLookup.CallSiteFactory.TryCreateExact(ServiceDescriptor descriptor, ServiceIdentifier serviceIdentifier, CallSiteChain callSiteChain, Int32 slot)
   at Microsoft.Extensions.DependencyInjection.ServiceLookup.CallSiteFactory.TryCreateExact(ServiceIdentifier serviceIdentifier, CallSiteChain callSiteChain)
   at Microsoft.Extensions.DependencyInjection.ServiceLookup.CallSiteFactory.CreateCallSite(ServiceIdentifier serviceIdentifier, CallSiteChain callSiteChain)
   at Microsoft.Extensions.DependencyInjection.ServiceLookup.CallSiteFactory.CreateArgumentCallSites(ServiceIdentifier serviceIdentifier, Type implementationType, CallSiteChain callSiteChain, ParameterInfo[] parameters, Boolean throwIfCallSiteNotFound)
   at Microsoft.Extensions.DependencyInjection.ServiceLookup.CallSiteFactory.CreateConstructorCallSite(ResultCache lifetime, ServiceIdentifier serviceIdentifier, Type implementationType, CallSiteChain callSiteChain)
   at Microsoft.Extensions.DependencyInjection.ServiceLookup.CallSiteFactory.TryCreateExact(ServiceDescriptor descriptor, ServiceIdentifier serviceIdentifier, CallSiteChain callSiteChain, Int32 slot)
   at Microsoft.Extensions.DependencyInjection.ServiceLookup.CallSiteFactory.GetCallSite(ServiceDescriptor serviceDescriptor, CallSiteChain callSiteChain)
   at Microsoft.Extensions.DependencyInjection.ServiceProvider.ValidateService(ServiceDescriptor descriptor)
----- Inner Stack Trace #5 (System.InvalidOperationException) -----
   at Microsoft.Extensions.DependencyInjection.ServiceProvider.ValidateService(ServiceDescriptor descriptor)
   at Microsoft.Extensions.DependencyInjection.ServiceProvider..ctor(ICollection`1 serviceDescriptors, ServiceProviderOptions options)
----- Inner Stack Trace -----
   at Microsoft.Extensions.DependencyInjection.ServiceLookup.CallSiteFactory.CreateArgumentCallSites(ServiceIdentifier serviceIdentifier, Type implementationType, CallSiteChain callSiteChain, ParameterInfo[] parameters, Boolean throwIfCallSiteNotFound)
   at Microsoft.Extensions.DependencyInjection.ServiceLookup.CallSiteFactory.CreateConstructorCallSite(ResultCache lifetime, ServiceIdentifier serviceIdentifier, Type implementationType, CallSiteChain callSiteChain)
   at Microsoft.Extensions.DependencyInjection.ServiceLookup.CallSiteFactory.TryCreateExact(ServiceDescriptor descriptor, ServiceIdentifier serviceIdentifier, CallSiteChain callSiteChain, Int32 slot)
   at Microsoft.Extensions.DependencyInjection.ServiceLookup.CallSiteFactory.GetCallSite(ServiceDescriptor serviceDescriptor, CallSiteChain callSiteChain)
   at Microsoft.Extensions.DependencyInjection.ServiceProvider.ValidateService(ServiceDescriptor descriptor)
  Failed Industrial.Adam.Oee.Tests.Integration.Infrastructure.DependencyInjectionTests.AddOeeInfrastructure_ConfiguresResiliencePolicy [1 ms]
  Error Message:
   Assert.NotNull() Failure: Value is null
  Stack Trace:
     at Industrial.Adam.Oee.Tests.Integration.Infrastructure.DependencyInjectionTests.AddOeeInfrastructure_ConfiguresResiliencePolicy() in /home/grant/adam-6000-counter/src/Industrial.Adam.Oee/Tests/Integration/Infrastructure/DependencyInjectionTests.cs:line 172
   at System.RuntimeMethodHandle.InvokeMethod(Object target, Void** arguments, Signature sig, Boolean isConstructor)
   at System.Reflection.MethodBaseInvoker.InvokeWithNoArgs(Object obj, BindingFlags invokeAttr)
  Failed Industrial.Adam.Oee.Tests.Integration.JobsControllerIntegrationTests.CompleteWorkOrder_WithValidRequest_ReturnsNoContentOrNotFound [1 ms]
  Error Message:
   System.AggregateException : Some services are not able to be constructed (Error while validating the service descriptor 'ServiceType: Industrial.Adam.Oee.Domain.Interfaces.IJobSequencingService Lifetime: Scoped ImplementationType: Industrial.Adam.Oee.Domain.Services.JobSequencingService': Unable to resolve service for type 'Industrial.Adam.Oee.Domain.Interfaces.IEquipmentLineRepository' while attempting to activate 'Industrial.Adam.Oee.Domain.Services.JobSequencingService'.) (Error while validating the service descriptor 'ServiceType: Industrial.Adam.Oee.Domain.Interfaces.IEquipmentLineService Lifetime: Scoped ImplementationType: Industrial.Adam.Oee.Domain.Services.EquipmentLineService': Unable to resolve service for type 'Industrial.Adam.Oee.Domain.Interfaces.IEquipmentLineRepository' while attempting to activate 'Industrial.Adam.Oee.Domain.Services.EquipmentLineService'.) (Error while validating the service descriptor 'ServiceType: Industrial.Adam.Oee.Domain.Interfaces.IStoppageDetectionService Lifetime: Scoped ImplementationType: Industrial.Adam.Oee.Domain.Services.StoppageDetectionService': Unable to resolve service for type 'Industrial.Adam.Oee.Domain.Interfaces.IEquipmentLineRepository' while attempting to activate 'Industrial.Adam.Oee.Domain.Services.StoppageDetectionService'.) (Error while validating the service descriptor 'ServiceType: MediatR.IRequestHandler`2[Industrial.Adam.Oee.Application.Commands.StartWorkOrderCommand,System.String] Lifetime: Transient ImplementationType: Industrial.Adam.Oee.Application.Commands.Handlers.StartWorkOrderCommandHandler': Unable to resolve service for type 'Industrial.Adam.Oee.Domain.Interfaces.IEquipmentLineRepository' while attempting to activate 'Industrial.Adam.Oee.Domain.Services.JobSequencingService'.) (Error while validating the service descriptor 'ServiceType: Industrial.Adam.Oee.Domain.Interfaces.ISimpleJobQueueService Lifetime: Scoped ImplementationType: Industrial.Adam.Oee.Domain.Services.SimpleJobQueueService': Unable to resolve service for type 'Industrial.Adam.Oee.Domain.Interfaces.ISimpleJobQueueRepository' while attempting to activate 'Industrial.Adam.Oee.Domain.Services.SimpleJobQueueService'.)
---- System.InvalidOperationException : Error while validating the service descriptor 'ServiceType: Industrial.Adam.Oee.Domain.Interfaces.IJobSequencingService Lifetime: Scoped ImplementationType: Industrial.Adam.Oee.Domain.Services.JobSequencingService': Unable to resolve service for type 'Industrial.Adam.Oee.Domain.Interfaces.IEquipmentLineRepository' while attempting to activate 'Industrial.Adam.Oee.Domain.Services.JobSequencingService'.
-------- System.InvalidOperationException : Unable to resolve service for type 'Industrial.Adam.Oee.Domain.Interfaces.IEquipmentLineRepository' while attempting to activate 'Industrial.Adam.Oee.Domain.Services.JobSequencingService'.
---- System.InvalidOperationException : Error while validating the service descriptor 'ServiceType: Industrial.Adam.Oee.Domain.Interfaces.IEquipmentLineService Lifetime: Scoped ImplementationType: Industrial.Adam.Oee.Domain.Services.EquipmentLineService': Unable to resolve service for type 'Industrial.Adam.Oee.Domain.Interfaces.IEquipmentLineRepository' while attempting to activate 'Industrial.Adam.Oee.Domain.Services.EquipmentLineService'.
-------- System.InvalidOperationException : Unable to resolve service for type 'Industrial.Adam.Oee.Domain.Interfaces.IEquipmentLineRepository' while attempting to activate 'Industrial.Adam.Oee.Domain.Services.EquipmentLineService'.
---- System.InvalidOperationException : Error while validating the service descriptor 'ServiceType: Industrial.Adam.Oee.Domain.Interfaces.IStoppageDetectionService Lifetime: Scoped ImplementationType: Industrial.Adam.Oee.Domain.Services.StoppageDetectionService': Unable to resolve service for type 'Industrial.Adam.Oee.Domain.Interfaces.IEquipmentLineRepository' while attempting to activate 'Industrial.Adam.Oee.Domain.Services.StoppageDetectionService'.
-------- System.InvalidOperationException : Unable to resolve service for type 'Industrial.Adam.Oee.Domain.Interfaces.IEquipmentLineRepository' while attempting to activate 'Industrial.Adam.Oee.Domain.Services.StoppageDetectionService'.
---- System.InvalidOperationException : Error while validating the service descriptor 'ServiceType: MediatR.IRequestHandler`2[Industrial.Adam.Oee.Application.Commands.StartWorkOrderCommand,System.String] Lifetime: Transient ImplementationType: Industrial.Adam.Oee.Application.Commands.Handlers.StartWorkOrderCommandHandler': Unable to resolve service for type 'Industrial.Adam.Oee.Domain.Interfaces.IEquipmentLineRepository' while attempting to activate 'Industrial.Adam.Oee.Domain.Services.JobSequencingService'.
-------- System.InvalidOperationException : Unable to resolve service for type 'Industrial.Adam.Oee.Domain.Interfaces.IEquipmentLineRepository' while attempting to activate 'Industrial.Adam.Oee.Domain.Services.JobSequencingService'.
---- System.InvalidOperationException : Error while validating the service descriptor 'ServiceType: Industrial.Adam.Oee.Domain.Interfaces.ISimpleJobQueueService Lifetime: Scoped ImplementationType: Industrial.Adam.Oee.Domain.Services.SimpleJobQueueService': Unable to resolve service for type 'Industrial.Adam.Oee.Domain.Interfaces.ISimpleJobQueueRepository' while attempting to activate 'Industrial.Adam.Oee.Domain.Services.SimpleJobQueueService'.
-------- System.InvalidOperationException : Unable to resolve service for type 'Industrial.Adam.Oee.Domain.Interfaces.ISimpleJobQueueRepository' while attempting to activate 'Industrial.Adam.Oee.Domain.Services.SimpleJobQueueService'.
  Stack Trace:
     at Microsoft.Extensions.DependencyInjection.ServiceProvider..ctor(ICollection`1 serviceDescriptors, ServiceProviderOptions options)
   at Microsoft.Extensions.DependencyInjection.ServiceCollectionContainerBuilderExtensions.BuildServiceProvider(IServiceCollection services, ServiceProviderOptions options)
   at Microsoft.Extensions.Hosting.HostApplicationBuilder.Build()
   at Microsoft.AspNetCore.Builder.WebApplicationBuilder.Build()
   at Program.<Main>$(String[] args) in /home/grant/adam-6000-counter/src/Industrial.Adam.Oee/WebApi/Program.cs:line 89
   at InvokeStub_Program.<Main>$(Object, Span`1)
   at System.Reflection.MethodBaseInvoker.InvokeWithOneArg(Object obj, BindingFlags invokeAttr, Binder binder, Object[] parameters, CultureInfo culture)
--- End of stack trace from previous location ---
   at Microsoft.Extensions.Hosting.HostFactoryResolver.HostingListener.CreateHost()
   at Microsoft.Extensions.Hosting.HostFactoryResolver.<>c__DisplayClass10_0.<ResolveHostFactory>b__0(String[] args)
   at Microsoft.AspNetCore.Mvc.Testing.DeferredHostBuilder.Build()
   at Microsoft.AspNetCore.Mvc.Testing.WebApplicationFactory`1.CreateHost(IHostBuilder builder)
   at Microsoft.AspNetCore.Mvc.Testing.WebApplicationFactory`1.ConfigureHostBuilder(IHostBuilder hostBuilder)
   at Microsoft.AspNetCore.Mvc.Testing.WebApplicationFactory`1.EnsureServer()
   at Microsoft.AspNetCore.Mvc.Testing.WebApplicationFactory`1.CreateDefaultClient(DelegatingHandler[] handlers)
   at Microsoft.AspNetCore.Mvc.Testing.WebApplicationFactory`1.CreateDefaultClient(Uri baseAddress, DelegatingHandler[] handlers)
   at Microsoft.AspNetCore.Mvc.Testing.WebApplicationFactory`1.CreateClient(WebApplicationFactoryClientOptions options)
   at Microsoft.AspNetCore.Mvc.Testing.WebApplicationFactory`1.CreateClient()
   at Industrial.Adam.Oee.Tests.Integration.JobsControllerIntegrationTests..ctor(WebApplicationFactory`1 factory) in /home/grant/adam-6000-counter/src/Industrial.Adam.Oee/Tests/Integration/JobsControllerIntegrationTests.cs:line 24
   at InvokeStub_JobsControllerIntegrationTests..ctor(Object, Span`1)
   at System.Reflection.MethodBaseInvoker.InvokeWithOneArg(Object obj, BindingFlags invokeAttr, Binder binder, Object[] parameters, CultureInfo culture)
----- Inner Stack Trace #1 (System.InvalidOperationException) -----
   at Microsoft.Extensions.DependencyInjection.ServiceProvider.ValidateService(ServiceDescriptor descriptor)
   at Microsoft.Extensions.DependencyInjection.ServiceProvider..ctor(ICollection`1 serviceDescriptors, ServiceProviderOptions options)
----- Inner Stack Trace -----
   at Microsoft.Extensions.DependencyInjection.ServiceLookup.CallSiteFactory.CreateArgumentCallSites(ServiceIdentifier serviceIdentifier, Type implementationType, CallSiteChain callSiteChain, ParameterInfo[] parameters, Boolean throwIfCallSiteNotFound)
   at Microsoft.Extensions.DependencyInjection.ServiceLookup.CallSiteFactory.CreateConstructorCallSite(ResultCache lifetime, ServiceIdentifier serviceIdentifier, Type implementationType, CallSiteChain callSiteChain)
   at Microsoft.Extensions.DependencyInjection.ServiceLookup.CallSiteFactory.TryCreateExact(ServiceDescriptor descriptor, ServiceIdentifier serviceIdentifier, CallSiteChain callSiteChain, Int32 slot)
   at Microsoft.Extensions.DependencyInjection.ServiceLookup.CallSiteFactory.GetCallSite(ServiceDescriptor serviceDescriptor, CallSiteChain callSiteChain)
   at Microsoft.Extensions.DependencyInjection.ServiceProvider.ValidateService(ServiceDescriptor descriptor)
----- Inner Stack Trace #2 (System.InvalidOperationException) -----
   at Microsoft.Extensions.DependencyInjection.ServiceProvider.ValidateService(ServiceDescriptor descriptor)
   at Microsoft.Extensions.DependencyInjection.ServiceProvider..ctor(ICollection`1 serviceDescriptors, ServiceProviderOptions options)
----- Inner Stack Trace -----
   at Microsoft.Extensions.DependencyInjection.ServiceLookup.CallSiteFactory.CreateArgumentCallSites(ServiceIdentifier serviceIdentifier, Type implementationType, CallSiteChain callSiteChain, ParameterInfo[] parameters, Boolean throwIfCallSiteNotFound)
   at Microsoft.Extensions.DependencyInjection.ServiceLookup.CallSiteFactory.CreateConstructorCallSite(ResultCache lifetime, ServiceIdentifier serviceIdentifier, Type implementationType, CallSiteChain callSiteChain)
   at Microsoft.Extensions.DependencyInjection.ServiceLookup.CallSiteFactory.TryCreateExact(ServiceDescriptor descriptor, ServiceIdentifier serviceIdentifier, CallSiteChain callSiteChain, Int32 slot)
   at Microsoft.Extensions.DependencyInjection.ServiceLookup.CallSiteFactory.GetCallSite(ServiceDescriptor serviceDescriptor, CallSiteChain callSiteChain)
   at Microsoft.Extensions.DependencyInjection.ServiceProvider.ValidateService(ServiceDescriptor descriptor)
----- Inner Stack Trace #3 (System.InvalidOperationException) -----
   at Microsoft.Extensions.DependencyInjection.ServiceProvider.ValidateService(ServiceDescriptor descriptor)
   at Microsoft.Extensions.DependencyInjection.ServiceProvider..ctor(ICollection`1 serviceDescriptors, ServiceProviderOptions options)
----- Inner Stack Trace -----
   at Microsoft.Extensions.DependencyInjection.ServiceLookup.CallSiteFactory.CreateArgumentCallSites(ServiceIdentifier serviceIdentifier, Type implementationType, CallSiteChain callSiteChain, ParameterInfo[] parameters, Boolean throwIfCallSiteNotFound)
   at Microsoft.Extensions.DependencyInjection.ServiceLookup.CallSiteFactory.CreateConstructorCallSite(ResultCache lifetime, ServiceIdentifier serviceIdentifier, Type implementationType, CallSiteChain callSiteChain)
   at Microsoft.Extensions.DependencyInjection.ServiceLookup.CallSiteFactory.TryCreateExact(ServiceDescriptor descriptor, ServiceIdentifier serviceIdentifier, CallSiteChain callSiteChain, Int32 slot)
   at Microsoft.Extensions.DependencyInjection.ServiceLookup.CallSiteFactory.GetCallSite(ServiceDescriptor serviceDescriptor, CallSiteChain callSiteChain)
   at Microsoft.Extensions.DependencyInjection.ServiceProvider.ValidateService(ServiceDescriptor descriptor)
----- Inner Stack Trace #4 (System.InvalidOperationException) -----
   at Microsoft.Extensions.DependencyInjection.ServiceProvider.ValidateService(ServiceDescriptor descriptor)
   at Microsoft.Extensions.DependencyInjection.ServiceProvider..ctor(ICollection`1 serviceDescriptors, ServiceProviderOptions options)
----- Inner Stack Trace -----
   at Microsoft.Extensions.DependencyInjection.ServiceLookup.CallSiteFactory.CreateArgumentCallSites(ServiceIdentifier serviceIdentifier, Type implementationType, CallSiteChain callSiteChain, ParameterInfo[] parameters, Boolean throwIfCallSiteNotFound)
   at Microsoft.Extensions.DependencyInjection.ServiceLookup.CallSiteFactory.CreateConstructorCallSite(ResultCache lifetime, ServiceIdentifier serviceIdentifier, Type implementationType, CallSiteChain callSiteChain)
   at Microsoft.Extensions.DependencyInjection.ServiceLookup.CallSiteFactory.TryCreateExact(ServiceDescriptor descriptor, ServiceIdentifier serviceIdentifier, CallSiteChain callSiteChain, Int32 slot)
   at Microsoft.Extensions.DependencyInjection.ServiceLookup.CallSiteFactory.TryCreateExact(ServiceIdentifier serviceIdentifier, CallSiteChain callSiteChain)
   at Microsoft.Extensions.DependencyInjection.ServiceLookup.CallSiteFactory.CreateCallSite(ServiceIdentifier serviceIdentifier, CallSiteChain callSiteChain)
   at Microsoft.Extensions.DependencyInjection.ServiceLookup.CallSiteFactory.CreateArgumentCallSites(ServiceIdentifier serviceIdentifier, Type implementationType, CallSiteChain callSiteChain, ParameterInfo[] parameters, Boolean throwIfCallSiteNotFound)
   at Microsoft.Extensions.DependencyInjection.ServiceLookup.CallSiteFactory.CreateConstructorCallSite(ResultCache lifetime, ServiceIdentifier serviceIdentifier, Type implementationType, CallSiteChain callSiteChain)
   at Microsoft.Extensions.DependencyInjection.ServiceLookup.CallSiteFactory.TryCreateExact(ServiceDescriptor descriptor, ServiceIdentifier serviceIdentifier, CallSiteChain callSiteChain, Int32 slot)
   at Microsoft.Extensions.DependencyInjection.ServiceLookup.CallSiteFactory.GetCallSite(ServiceDescriptor serviceDescriptor, CallSiteChain callSiteChain)
   at Microsoft.Extensions.DependencyInjection.ServiceProvider.ValidateService(ServiceDescriptor descriptor)
----- Inner Stack Trace #5 (System.InvalidOperationException) -----
   at Microsoft.Extensions.DependencyInjection.ServiceProvider.ValidateService(ServiceDescriptor descriptor)
   at Microsoft.Extensions.DependencyInjection.ServiceProvider..ctor(ICollection`1 serviceDescriptors, ServiceProviderOptions options)
----- Inner Stack Trace -----
   at Microsoft.Extensions.DependencyInjection.ServiceLookup.CallSiteFactory.CreateArgumentCallSites(ServiceIdentifier serviceIdentifier, Type implementationType, CallSiteChain callSiteChain, ParameterInfo[] parameters, Boolean throwIfCallSiteNotFound)
   at Microsoft.Extensions.DependencyInjection.ServiceLookup.CallSiteFactory.CreateConstructorCallSite(ResultCache lifetime, ServiceIdentifier serviceIdentifier, Type implementationType, CallSiteChain callSiteChain)
   at Microsoft.Extensions.DependencyInjection.ServiceLookup.CallSiteFactory.TryCreateExact(ServiceDescriptor descriptor, ServiceIdentifier serviceIdentifier, CallSiteChain callSiteChain, Int32 slot)
   at Microsoft.Extensions.DependencyInjection.ServiceLookup.CallSiteFactory.GetCallSite(ServiceDescriptor serviceDescriptor, CallSiteChain callSiteChain)
   at Microsoft.Extensions.DependencyInjection.ServiceProvider.ValidateService(ServiceDescriptor descriptor)
  Failed Industrial.Adam.Oee.Tests.Integration.StoppagesControllerIntegrationTests.ClassifyStoppage_ReturnsNotImplemented [1 ms]
  Error Message:
   System.AggregateException : Some services are not able to be constructed (Error while validating the service descriptor 'ServiceType: Industrial.Adam.Oee.Domain.Interfaces.IJobSequencingService Lifetime: Scoped ImplementationType: Industrial.Adam.Oee.Domain.Services.JobSequencingService': Unable to resolve service for type 'Industrial.Adam.Oee.Domain.Interfaces.IEquipmentLineRepository' while attempting to activate 'Industrial.Adam.Oee.Domain.Services.JobSequencingService'.) (Error while validating the service descriptor 'ServiceType: Industrial.Adam.Oee.Domain.Interfaces.IEquipmentLineService Lifetime: Scoped ImplementationType: Industrial.Adam.Oee.Domain.Services.EquipmentLineService': Unable to resolve service for type 'Industrial.Adam.Oee.Domain.Interfaces.IEquipmentLineRepository' while attempting to activate 'Industrial.Adam.Oee.Domain.Services.EquipmentLineService'.) (Error while validating the service descriptor 'ServiceType: Industrial.Adam.Oee.Domain.Interfaces.IStoppageDetectionService Lifetime: Scoped ImplementationType: Industrial.Adam.Oee.Domain.Services.StoppageDetectionService': Unable to resolve service for type 'Industrial.Adam.Oee.Domain.Interfaces.IEquipmentLineRepository' while attempting to activate 'Industrial.Adam.Oee.Domain.Services.StoppageDetectionService'.) (Error while validating the service descriptor 'ServiceType: MediatR.IRequestHandler`2[Industrial.Adam.Oee.Application.Commands.StartWorkOrderCommand,System.String] Lifetime: Transient ImplementationType: Industrial.Adam.Oee.Application.Commands.Handlers.StartWorkOrderCommandHandler': Unable to resolve service for type 'Industrial.Adam.Oee.Domain.Interfaces.IEquipmentLineRepository' while attempting to activate 'Industrial.Adam.Oee.Domain.Services.JobSequencingService'.) (Error while validating the service descriptor 'ServiceType: Industrial.Adam.Oee.Domain.Interfaces.ISimpleJobQueueService Lifetime: Scoped ImplementationType: Industrial.Adam.Oee.Domain.Services.SimpleJobQueueService': Unable to resolve service for type 'Industrial.Adam.Oee.Domain.Interfaces.ISimpleJobQueueRepository' while attempting to activate 'Industrial.Adam.Oee.Domain.Services.SimpleJobQueueService'.)
---- System.InvalidOperationException : Error while validating the service descriptor 'ServiceType: Industrial.Adam.Oee.Domain.Interfaces.IJobSequencingService Lifetime: Scoped ImplementationType: Industrial.Adam.Oee.Domain.Services.JobSequencingService': Unable to resolve service for type 'Industrial.Adam.Oee.Domain.Interfaces.IEquipmentLineRepository' while attempting to activate 'Industrial.Adam.Oee.Domain.Services.JobSequencingService'.
-------- System.InvalidOperationException : Unable to resolve service for type 'Industrial.Adam.Oee.Domain.Interfaces.IEquipmentLineRepository' while attempting to activate 'Industrial.Adam.Oee.Domain.Services.JobSequencingService'.
---- System.InvalidOperationException : Error while validating the service descriptor 'ServiceType: Industrial.Adam.Oee.Domain.Interfaces.IEquipmentLineService Lifetime: Scoped ImplementationType: Industrial.Adam.Oee.Domain.Services.EquipmentLineService': Unable to resolve service for type 'Industrial.Adam.Oee.Domain.Interfaces.IEquipmentLineRepository' while attempting to activate 'Industrial.Adam.Oee.Domain.Services.EquipmentLineService'.
-------- System.InvalidOperationException : Unable to resolve service for type 'Industrial.Adam.Oee.Domain.Interfaces.IEquipmentLineRepository' while attempting to activate 'Industrial.Adam.Oee.Domain.Services.EquipmentLineService'.
---- System.InvalidOperationException : Error while validating the service descriptor 'ServiceType: Industrial.Adam.Oee.Domain.Interfaces.IStoppageDetectionService Lifetime: Scoped ImplementationType: Industrial.Adam.Oee.Domain.Services.StoppageDetectionService': Unable to resolve service for type 'Industrial.Adam.Oee.Domain.Interfaces.IEquipmentLineRepository' while attempting to activate 'Industrial.Adam.Oee.Domain.Services.StoppageDetectionService'.
-------- System.InvalidOperationException : Unable to resolve service for type 'Industrial.Adam.Oee.Domain.Interfaces.IEquipmentLineRepository' while attempting to activate 'Industrial.Adam.Oee.Domain.Services.StoppageDetectionService'.
---- System.InvalidOperationException : Error while validating the service descriptor 'ServiceType: MediatR.IRequestHandler`2[Industrial.Adam.Oee.Application.Commands.StartWorkOrderCommand,System.String] Lifetime: Transient ImplementationType: Industrial.Adam.Oee.Application.Commands.Handlers.StartWorkOrderCommandHandler': Unable to resolve service for type 'Industrial.Adam.Oee.Domain.Interfaces.IEquipmentLineRepository' while attempting to activate 'Industrial.Adam.Oee.Domain.Services.JobSequencingService'.
-------- System.InvalidOperationException : Unable to resolve service for type 'Industrial.Adam.Oee.Domain.Interfaces.IEquipmentLineRepository' while attempting to activate 'Industrial.Adam.Oee.Domain.Services.JobSequencingService'.
---- System.InvalidOperationException : Error while validating the service descriptor 'ServiceType: Industrial.Adam.Oee.Domain.Interfaces.ISimpleJobQueueService Lifetime: Scoped ImplementationType: Industrial.Adam.Oee.Domain.Services.SimpleJobQueueService': Unable to resolve service for type 'Industrial.Adam.Oee.Domain.Interfaces.ISimpleJobQueueRepository' while attempting to activate 'Industrial.Adam.Oee.Domain.Services.SimpleJobQueueService'.
-------- System.InvalidOperationException : Unable to resolve service for type 'Industrial.Adam.Oee.Domain.Interfaces.ISimpleJobQueueRepository' while attempting to activate 'Industrial.Adam.Oee.Domain.Services.SimpleJobQueueService'.
  Stack Trace:
     at Microsoft.Extensions.DependencyInjection.ServiceProvider..ctor(ICollection`1 serviceDescriptors, ServiceProviderOptions options)
   at Microsoft.Extensions.DependencyInjection.ServiceCollectionContainerBuilderExtensions.BuildServiceProvider(IServiceCollection services, ServiceProviderOptions options)
   at Microsoft.Extensions.Hosting.HostApplicationBuilder.Build()
   at Microsoft.AspNetCore.Builder.WebApplicationBuilder.Build()
   at Program.<Main>$(String[] args) in /home/grant/adam-6000-counter/src/Industrial.Adam.Oee/WebApi/Program.cs:line 89
   at InvokeStub_Program.<Main>$(Object, Span`1)
   at System.Reflection.MethodBaseInvoker.InvokeWithOneArg(Object obj, BindingFlags invokeAttr, Binder binder, Object[] parameters, CultureInfo culture)
--- End of stack trace from previous location ---
   at Microsoft.Extensions.Hosting.HostFactoryResolver.HostingListener.CreateHost()
   at Microsoft.Extensions.Hosting.HostFactoryResolver.<>c__DisplayClass10_0.<ResolveHostFactory>b__0(String[] args)
   at Microsoft.AspNetCore.Mvc.Testing.DeferredHostBuilder.Build()
   at Microsoft.AspNetCore.Mvc.Testing.WebApplicationFactory`1.CreateHost(IHostBuilder builder)
   at Microsoft.AspNetCore.Mvc.Testing.WebApplicationFactory`1.ConfigureHostBuilder(IHostBuilder hostBuilder)
   at Microsoft.AspNetCore.Mvc.Testing.WebApplicationFactory`1.EnsureServer()
   at Microsoft.AspNetCore.Mvc.Testing.WebApplicationFactory`1.CreateDefaultClient(DelegatingHandler[] handlers)
   at Microsoft.AspNetCore.Mvc.Testing.WebApplicationFactory`1.CreateDefaultClient(Uri baseAddress, DelegatingHandler[] handlers)
   at Microsoft.AspNetCore.Mvc.Testing.WebApplicationFactory`1.CreateClient(WebApplicationFactoryClientOptions options)
   at Microsoft.AspNetCore.Mvc.Testing.WebApplicationFactory`1.CreateClient()
   at Industrial.Adam.Oee.Tests.Integration.StoppagesControllerIntegrationTests..ctor(WebApplicationFactory`1 factory) in /home/grant/adam-6000-counter/src/Industrial.Adam.Oee/Tests/Integration/StoppagesControllerIntegrationTests.cs:line 21
   at InvokeStub_StoppagesControllerIntegrationTests..ctor(Object, Span`1)
   at System.Reflection.MethodBaseInvoker.InvokeWithOneArg(Object obj, BindingFlags invokeAttr, Binder binder, Object[] parameters, CultureInfo culture)
----- Inner Stack Trace #1 (System.InvalidOperationException) -----
   at Microsoft.Extensions.DependencyInjection.ServiceProvider.ValidateService(ServiceDescriptor descriptor)
   at Microsoft.Extensions.DependencyInjection.ServiceProvider..ctor(ICollection`1 serviceDescriptors, ServiceProviderOptions options)
----- Inner Stack Trace -----
   at Microsoft.Extensions.DependencyInjection.ServiceLookup.CallSiteFactory.CreateArgumentCallSites(ServiceIdentifier serviceIdentifier, Type implementationType, CallSiteChain callSiteChain, ParameterInfo[] parameters, Boolean throwIfCallSiteNotFound)
   at Microsoft.Extensions.DependencyInjection.ServiceLookup.CallSiteFactory.CreateConstructorCallSite(ResultCache lifetime, ServiceIdentifier serviceIdentifier, Type implementationType, CallSiteChain callSiteChain)
   at Microsoft.Extensions.DependencyInjection.ServiceLookup.CallSiteFactory.TryCreateExact(ServiceDescriptor descriptor, ServiceIdentifier serviceIdentifier, CallSiteChain callSiteChain, Int32 slot)
   at Microsoft.Extensions.DependencyInjection.ServiceLookup.CallSiteFactory.GetCallSite(ServiceDescriptor serviceDescriptor, CallSiteChain callSiteChain)
   at Microsoft.Extensions.DependencyInjection.ServiceProvider.ValidateService(ServiceDescriptor descriptor)
----- Inner Stack Trace #2 (System.InvalidOperationException) -----
   at Microsoft.Extensions.DependencyInjection.ServiceProvider.ValidateService(ServiceDescriptor descriptor)
   at Microsoft.Extensions.DependencyInjection.ServiceProvider..ctor(ICollection`1 serviceDescriptors, ServiceProviderOptions options)
----- Inner Stack Trace -----
   at Microsoft.Extensions.DependencyInjection.ServiceLookup.CallSiteFactory.CreateArgumentCallSites(ServiceIdentifier serviceIdentifier, Type implementationType, CallSiteChain callSiteChain, ParameterInfo[] parameters, Boolean throwIfCallSiteNotFound)
   at Microsoft.Extensions.DependencyInjection.ServiceLookup.CallSiteFactory.CreateConstructorCallSite(ResultCache lifetime, ServiceIdentifier serviceIdentifier, Type implementationType, CallSiteChain callSiteChain)
   at Microsoft.Extensions.DependencyInjection.ServiceLookup.CallSiteFactory.TryCreateExact(ServiceDescriptor descriptor, ServiceIdentifier serviceIdentifier, CallSiteChain callSiteChain, Int32 slot)
   at Microsoft.Extensions.DependencyInjection.ServiceLookup.CallSiteFactory.GetCallSite(ServiceDescriptor serviceDescriptor, CallSiteChain callSiteChain)
   at Microsoft.Extensions.DependencyInjection.ServiceProvider.ValidateService(ServiceDescriptor descriptor)
----- Inner Stack Trace #3 (System.InvalidOperationException) -----
   at Microsoft.Extensions.DependencyInjection.ServiceProvider.ValidateService(ServiceDescriptor descriptor)
   at Microsoft.Extensions.DependencyInjection.ServiceProvider..ctor(ICollection`1 serviceDescriptors, ServiceProviderOptions options)
----- Inner Stack Trace -----
   at Microsoft.Extensions.DependencyInjection.ServiceLookup.CallSiteFactory.CreateArgumentCallSites(ServiceIdentifier serviceIdentifier, Type implementationType, CallSiteChain callSiteChain, ParameterInfo[] parameters, Boolean throwIfCallSiteNotFound)
   at Microsoft.Extensions.DependencyInjection.ServiceLookup.CallSiteFactory.CreateConstructorCallSite(ResultCache lifetime, ServiceIdentifier serviceIdentifier, Type implementationType, CallSiteChain callSiteChain)
   at Microsoft.Extensions.DependencyInjection.ServiceLookup.CallSiteFactory.TryCreateExact(ServiceDescriptor descriptor, ServiceIdentifier serviceIdentifier, CallSiteChain callSiteChain, Int32 slot)
   at Microsoft.Extensions.DependencyInjection.ServiceLookup.CallSiteFactory.GetCallSite(ServiceDescriptor serviceDescriptor, CallSiteChain callSiteChain)
   at Microsoft.Extensions.DependencyInjection.ServiceProvider.ValidateService(ServiceDescriptor descriptor)
----- Inner Stack Trace #4 (System.InvalidOperationException) -----
   at Microsoft.Extensions.DependencyInjection.ServiceProvider.ValidateService(ServiceDescriptor descriptor)
   at Microsoft.Extensions.DependencyInjection.ServiceProvider..ctor(ICollection`1 serviceDescriptors, ServiceProviderOptions options)
----- Inner Stack Trace -----
   at Microsoft.Extensions.DependencyInjection.ServiceLookup.CallSiteFactory.CreateArgumentCallSites(ServiceIdentifier serviceIdentifier, Type implementationType, CallSiteChain callSiteChain, ParameterInfo[] parameters, Boolean throwIfCallSiteNotFound)
   at Microsoft.Extensions.DependencyInjection.ServiceLookup.CallSiteFactory.CreateConstructorCallSite(ResultCache lifetime, ServiceIdentifier serviceIdentifier, Type implementationType, CallSiteChain callSiteChain)
   at Microsoft.Extensions.DependencyInjection.ServiceLookup.CallSiteFactory.TryCreateExact(ServiceDescriptor descriptor, ServiceIdentifier serviceIdentifier, CallSiteChain callSiteChain, Int32 slot)
   at Microsoft.Extensions.DependencyInjection.ServiceLookup.CallSiteFactory.TryCreateExact(ServiceIdentifier serviceIdentifier, CallSiteChain callSiteChain)
   at Microsoft.Extensions.DependencyInjection.ServiceLookup.CallSiteFactory.CreateCallSite(ServiceIdentifier serviceIdentifier, CallSiteChain callSiteChain)
   at Microsoft.Extensions.DependencyInjection.ServiceLookup.CallSiteFactory.CreateArgumentCallSites(ServiceIdentifier serviceIdentifier, Type implementationType, CallSiteChain callSiteChain, ParameterInfo[] parameters, Boolean throwIfCallSiteNotFound)
   at Microsoft.Extensions.DependencyInjection.ServiceLookup.CallSiteFactory.CreateConstructorCallSite(ResultCache lifetime, ServiceIdentifier serviceIdentifier, Type implementationType, CallSiteChain callSiteChain)
   at Microsoft.Extensions.DependencyInjection.ServiceLookup.CallSiteFactory.TryCreateExact(ServiceDescriptor descriptor, ServiceIdentifier serviceIdentifier, CallSiteChain callSiteChain, Int32 slot)
   at Microsoft.Extensions.DependencyInjection.ServiceLookup.CallSiteFactory.GetCallSite(ServiceDescriptor serviceDescriptor, CallSiteChain callSiteChain)
   at Microsoft.Extensions.DependencyInjection.ServiceProvider.ValidateService(ServiceDescriptor descriptor)
----- Inner Stack Trace #5 (System.InvalidOperationException) -----
   at Microsoft.Extensions.DependencyInjection.ServiceProvider.ValidateService(ServiceDescriptor descriptor)
   at Microsoft.Extensions.DependencyInjection.ServiceProvider..ctor(ICollection`1 serviceDescriptors, ServiceProviderOptions options)
----- Inner Stack Trace -----
   at Microsoft.Extensions.DependencyInjection.ServiceLookup.CallSiteFactory.CreateArgumentCallSites(ServiceIdentifier serviceIdentifier, Type implementationType, CallSiteChain callSiteChain, ParameterInfo[] parameters, Boolean throwIfCallSiteNotFound)
   at Microsoft.Extensions.DependencyInjection.ServiceLookup.CallSiteFactory.CreateConstructorCallSite(ResultCache lifetime, ServiceIdentifier serviceIdentifier, Type implementationType, CallSiteChain callSiteChain)
   at Microsoft.Extensions.DependencyInjection.ServiceLookup.CallSiteFactory.TryCreateExact(ServiceDescriptor descriptor, ServiceIdentifier serviceIdentifier, CallSiteChain callSiteChain, Int32 slot)
   at Microsoft.Extensions.DependencyInjection.ServiceLookup.CallSiteFactory.GetCallSite(ServiceDescriptor serviceDescriptor, CallSiteChain callSiteChain)
   at Microsoft.Extensions.DependencyInjection.ServiceProvider.ValidateService(ServiceDescriptor descriptor)
  Failed Industrial.Adam.Oee.Tests.Integration.StoppagesControllerIntegrationTests.GetStoppageHistory_WithInvalidPeriod_ReturnsBadRequest(period: 0) [1 ms]
  Error Message:
   System.AggregateException : Some services are not able to be constructed (Error while validating the service descriptor 'ServiceType: Industrial.Adam.Oee.Domain.Interfaces.IJobSequencingService Lifetime: Scoped ImplementationType: Industrial.Adam.Oee.Domain.Services.JobSequencingService': Unable to resolve service for type 'Industrial.Adam.Oee.Domain.Interfaces.IEquipmentLineRepository' while attempting to activate 'Industrial.Adam.Oee.Domain.Services.JobSequencingService'.) (Error while validating the service descriptor 'ServiceType: Industrial.Adam.Oee.Domain.Interfaces.IEquipmentLineService Lifetime: Scoped ImplementationType: Industrial.Adam.Oee.Domain.Services.EquipmentLineService': Unable to resolve service for type 'Industrial.Adam.Oee.Domain.Interfaces.IEquipmentLineRepository' while attempting to activate 'Industrial.Adam.Oee.Domain.Services.EquipmentLineService'.) (Error while validating the service descriptor 'ServiceType: Industrial.Adam.Oee.Domain.Interfaces.IStoppageDetectionService Lifetime: Scoped ImplementationType: Industrial.Adam.Oee.Domain.Services.StoppageDetectionService': Unable to resolve service for type 'Industrial.Adam.Oee.Domain.Interfaces.IEquipmentLineRepository' while attempting to activate 'Industrial.Adam.Oee.Domain.Services.StoppageDetectionService'.) (Error while validating the service descriptor 'ServiceType: MediatR.IRequestHandler`2[Industrial.Adam.Oee.Application.Commands.StartWorkOrderCommand,System.String] Lifetime: Transient ImplementationType: Industrial.Adam.Oee.Application.Commands.Handlers.StartWorkOrderCommandHandler': Unable to resolve service for type 'Industrial.Adam.Oee.Domain.Interfaces.IEquipmentLineRepository' while attempting to activate 'Industrial.Adam.Oee.Domain.Services.JobSequencingService'.) (Error while validating the service descriptor 'ServiceType: Industrial.Adam.Oee.Domain.Interfaces.ISimpleJobQueueService Lifetime: Scoped ImplementationType: Industrial.Adam.Oee.Domain.Services.SimpleJobQueueService': Unable to resolve service for type 'Industrial.Adam.Oee.Domain.Interfaces.ISimpleJobQueueRepository' while attempting to activate 'Industrial.Adam.Oee.Domain.Services.SimpleJobQueueService'.)
---- System.InvalidOperationException : Error while validating the service descriptor 'ServiceType: Industrial.Adam.Oee.Domain.Interfaces.IJobSequencingService Lifetime: Scoped ImplementationType: Industrial.Adam.Oee.Domain.Services.JobSequencingService': Unable to resolve service for type 'Industrial.Adam.Oee.Domain.Interfaces.IEquipmentLineRepository' while attempting to activate 'Industrial.Adam.Oee.Domain.Services.JobSequencingService'.
-------- System.InvalidOperationException : Unable to resolve service for type 'Industrial.Adam.Oee.Domain.Interfaces.IEquipmentLineRepository' while attempting to activate 'Industrial.Adam.Oee.Domain.Services.JobSequencingService'.
---- System.InvalidOperationException : Error while validating the service descriptor 'ServiceType: Industrial.Adam.Oee.Domain.Interfaces.IEquipmentLineService Lifetime: Scoped ImplementationType: Industrial.Adam.Oee.Domain.Services.EquipmentLineService': Unable to resolve service for type 'Industrial.Adam.Oee.Domain.Interfaces.IEquipmentLineRepository' while attempting to activate 'Industrial.Adam.Oee.Domain.Services.EquipmentLineService'.
-------- System.InvalidOperationException : Unable to resolve service for type 'Industrial.Adam.Oee.Domain.Interfaces.IEquipmentLineRepository' while attempting to activate 'Industrial.Adam.Oee.Domain.Services.EquipmentLineService'.
---- System.InvalidOperationException : Error while validating the service descriptor 'ServiceType: Industrial.Adam.Oee.Domain.Interfaces.IStoppageDetectionService Lifetime: Scoped ImplementationType: Industrial.Adam.Oee.Domain.Services.StoppageDetectionService': Unable to resolve service for type 'Industrial.Adam.Oee.Domain.Interfaces.IEquipmentLineRepository' while attempting to activate 'Industrial.Adam.Oee.Domain.Services.StoppageDetectionService'.
-------- System.InvalidOperationException : Unable to resolve service for type 'Industrial.Adam.Oee.Domain.Interfaces.IEquipmentLineRepository' while attempting to activate 'Industrial.Adam.Oee.Domain.Services.StoppageDetectionService'.
---- System.InvalidOperationException : Error while validating the service descriptor 'ServiceType: MediatR.IRequestHandler`2[Industrial.Adam.Oee.Application.Commands.StartWorkOrderCommand,System.String] Lifetime: Transient ImplementationType: Industrial.Adam.Oee.Application.Commands.Handlers.StartWorkOrderCommandHandler': Unable to resolve service for type 'Industrial.Adam.Oee.Domain.Interfaces.IEquipmentLineRepository' while attempting to activate 'Industrial.Adam.Oee.Domain.Services.JobSequencingService'.
-------- System.InvalidOperationException : Unable to resolve service for type 'Industrial.Adam.Oee.Domain.Interfaces.IEquipmentLineRepository' while attempting to activate 'Industrial.Adam.Oee.Domain.Services.JobSequencingService'.
---- System.InvalidOperationException : Error while validating the service descriptor 'ServiceType: Industrial.Adam.Oee.Domain.Interfaces.ISimpleJobQueueService Lifetime: Scoped ImplementationType: Industrial.Adam.Oee.Domain.Services.SimpleJobQueueService': Unable to resolve service for type 'Industrial.Adam.Oee.Domain.Interfaces.ISimpleJobQueueRepository' while attempting to activate 'Industrial.Adam.Oee.Domain.Services.SimpleJobQueueService'.
-------- System.InvalidOperationException : Unable to resolve service for type 'Industrial.Adam.Oee.Domain.Interfaces.ISimpleJobQueueRepository' while attempting to activate 'Industrial.Adam.Oee.Domain.Services.SimpleJobQueueService'.
  Stack Trace:
     at Microsoft.Extensions.DependencyInjection.ServiceProvider..ctor(ICollection`1 serviceDescriptors, ServiceProviderOptions options)
   at Microsoft.Extensions.DependencyInjection.ServiceCollectionContainerBuilderExtensions.BuildServiceProvider(IServiceCollection services, ServiceProviderOptions options)
   at Microsoft.Extensions.Hosting.HostApplicationBuilder.Build()
   at Microsoft.AspNetCore.Builder.WebApplicationBuilder.Build()
   at Program.<Main>$(String[] args) in /home/grant/adam-6000-counter/src/Industrial.Adam.Oee/WebApi/Program.cs:line 89
   at InvokeStub_Program.<Main>$(Object, Span`1)
   at System.Reflection.MethodBaseInvoker.InvokeWithOneArg(Object obj, BindingFlags invokeAttr, Binder binder, Object[] parameters, CultureInfo culture)
--- End of stack trace from previous location ---
   at Microsoft.Extensions.Hosting.HostFactoryResolver.HostingListener.CreateHost()
   at Microsoft.Extensions.Hosting.HostFactoryResolver.<>c__DisplayClass10_0.<ResolveHostFactory>b__0(String[] args)
   at Microsoft.AspNetCore.Mvc.Testing.DeferredHostBuilder.Build()
   at Microsoft.AspNetCore.Mvc.Testing.WebApplicationFactory`1.CreateHost(IHostBuilder builder)
   at Microsoft.AspNetCore.Mvc.Testing.WebApplicationFactory`1.ConfigureHostBuilder(IHostBuilder hostBuilder)
   at Microsoft.AspNetCore.Mvc.Testing.WebApplicationFactory`1.EnsureServer()
   at Microsoft.AspNetCore.Mvc.Testing.WebApplicationFactory`1.CreateDefaultClient(DelegatingHandler[] handlers)
   at Microsoft.AspNetCore.Mvc.Testing.WebApplicationFactory`1.CreateDefaultClient(Uri baseAddress, DelegatingHandler[] handlers)
   at Microsoft.AspNetCore.Mvc.Testing.WebApplicationFactory`1.CreateClient(WebApplicationFactoryClientOptions options)
   at Microsoft.AspNetCore.Mvc.Testing.WebApplicationFactory`1.CreateClient()
   at Industrial.Adam.Oee.Tests.Integration.StoppagesControllerIntegrationTests..ctor(WebApplicationFactory`1 factory) in /home/grant/adam-6000-counter/src/Industrial.Adam.Oee/Tests/Integration/StoppagesControllerIntegrationTests.cs:line 21
   at InvokeStub_StoppagesControllerIntegrationTests..ctor(Object, Span`1)
   at System.Reflection.MethodBaseInvoker.InvokeWithOneArg(Object obj, BindingFlags invokeAttr, Binder binder, Object[] parameters, CultureInfo culture)
----- Inner Stack Trace #1 (System.InvalidOperationException) -----
   at Microsoft.Extensions.DependencyInjection.ServiceProvider.ValidateService(ServiceDescriptor descriptor)
   at Microsoft.Extensions.DependencyInjection.ServiceProvider..ctor(ICollection`1 serviceDescriptors, ServiceProviderOptions options)
----- Inner Stack Trace -----
   at Microsoft.Extensions.DependencyInjection.ServiceLookup.CallSiteFactory.CreateArgumentCallSites(ServiceIdentifier serviceIdentifier, Type implementationType, CallSiteChain callSiteChain, ParameterInfo[] parameters, Boolean throwIfCallSiteNotFound)
   at Microsoft.Extensions.DependencyInjection.ServiceLookup.CallSiteFactory.CreateConstructorCallSite(ResultCache lifetime, ServiceIdentifier serviceIdentifier, Type implementationType, CallSiteChain callSiteChain)
   at Microsoft.Extensions.DependencyInjection.ServiceLookup.CallSiteFactory.TryCreateExact(ServiceDescriptor descriptor, ServiceIdentifier serviceIdentifier, CallSiteChain callSiteChain, Int32 slot)
   at Microsoft.Extensions.DependencyInjection.ServiceLookup.CallSiteFactory.GetCallSite(ServiceDescriptor serviceDescriptor, CallSiteChain callSiteChain)
   at Microsoft.Extensions.DependencyInjection.ServiceProvider.ValidateService(ServiceDescriptor descriptor)
----- Inner Stack Trace #2 (System.InvalidOperationException) -----
   at Microsoft.Extensions.DependencyInjection.ServiceProvider.ValidateService(ServiceDescriptor descriptor)
   at Microsoft.Extensions.DependencyInjection.ServiceProvider..ctor(ICollection`1 serviceDescriptors, ServiceProviderOptions options)
----- Inner Stack Trace -----
   at Microsoft.Extensions.DependencyInjection.ServiceLookup.CallSiteFactory.CreateArgumentCallSites(ServiceIdentifier serviceIdentifier, Type implementationType, CallSiteChain callSiteChain, ParameterInfo[] parameters, Boolean throwIfCallSiteNotFound)
   at Microsoft.Extensions.DependencyInjection.ServiceLookup.CallSiteFactory.CreateConstructorCallSite(ResultCache lifetime, ServiceIdentifier serviceIdentifier, Type implementationType, CallSiteChain callSiteChain)
   at Microsoft.Extensions.DependencyInjection.ServiceLookup.CallSiteFactory.TryCreateExact(ServiceDescriptor descriptor, ServiceIdentifier serviceIdentifier, CallSiteChain callSiteChain, Int32 slot)
   at Microsoft.Extensions.DependencyInjection.ServiceLookup.CallSiteFactory.GetCallSite(ServiceDescriptor serviceDescriptor, CallSiteChain callSiteChain)
   at Microsoft.Extensions.DependencyInjection.ServiceProvider.ValidateService(ServiceDescriptor descriptor)
----- Inner Stack Trace #3 (System.InvalidOperationException) -----
   at Microsoft.Extensions.DependencyInjection.ServiceProvider.ValidateService(ServiceDescriptor descriptor)
   at Microsoft.Extensions.DependencyInjection.ServiceProvider..ctor(ICollection`1 serviceDescriptors, ServiceProviderOptions options)
----- Inner Stack Trace -----
   at Microsoft.Extensions.DependencyInjection.ServiceLookup.CallSiteFactory.CreateArgumentCallSites(ServiceIdentifier serviceIdentifier, Type implementationType, CallSiteChain callSiteChain, ParameterInfo[] parameters, Boolean throwIfCallSiteNotFound)
   at Microsoft.Extensions.DependencyInjection.ServiceLookup.CallSiteFactory.CreateConstructorCallSite(ResultCache lifetime, ServiceIdentifier serviceIdentifier, Type implementationType, CallSiteChain callSiteChain)
   at Microsoft.Extensions.DependencyInjection.ServiceLookup.CallSiteFactory.TryCreateExact(ServiceDescriptor descriptor, ServiceIdentifier serviceIdentifier, CallSiteChain callSiteChain, Int32 slot)
   at Microsoft.Extensions.DependencyInjection.ServiceLookup.CallSiteFactory.GetCallSite(ServiceDescriptor serviceDescriptor, CallSiteChain callSiteChain)
   at Microsoft.Extensions.DependencyInjection.ServiceProvider.ValidateService(ServiceDescriptor descriptor)
----- Inner Stack Trace #4 (System.InvalidOperationException) -----
   at Microsoft.Extensions.DependencyInjection.ServiceProvider.ValidateService(ServiceDescriptor descriptor)
   at Microsoft.Extensions.DependencyInjection.ServiceProvider..ctor(ICollection`1 serviceDescriptors, ServiceProviderOptions options)
----- Inner Stack Trace -----
   at Microsoft.Extensions.DependencyInjection.ServiceLookup.CallSiteFactory.CreateArgumentCallSites(ServiceIdentifier serviceIdentifier, Type implementationType, CallSiteChain callSiteChain, ParameterInfo[] parameters, Boolean throwIfCallSiteNotFound)
   at Microsoft.Extensions.DependencyInjection.ServiceLookup.CallSiteFactory.CreateConstructorCallSite(ResultCache lifetime, ServiceIdentifier serviceIdentifier, Type implementationType, CallSiteChain callSiteChain)
   at Microsoft.Extensions.DependencyInjection.ServiceLookup.CallSiteFactory.TryCreateExact(ServiceDescriptor descriptor, ServiceIdentifier serviceIdentifier, CallSiteChain callSiteChain, Int32 slot)
   at Microsoft.Extensions.DependencyInjection.ServiceLookup.CallSiteFactory.TryCreateExact(ServiceIdentifier serviceIdentifier, CallSiteChain callSiteChain)
   at Microsoft.Extensions.DependencyInjection.ServiceLookup.CallSiteFactory.CreateCallSite(ServiceIdentifier serviceIdentifier, CallSiteChain callSiteChain)
   at Microsoft.Extensions.DependencyInjection.ServiceLookup.CallSiteFactory.CreateArgumentCallSites(ServiceIdentifier serviceIdentifier, Type implementationType, CallSiteChain callSiteChain, ParameterInfo[] parameters, Boolean throwIfCallSiteNotFound)
   at Microsoft.Extensions.DependencyInjection.ServiceLookup.CallSiteFactory.CreateConstructorCallSite(ResultCache lifetime, ServiceIdentifier serviceIdentifier, Type implementationType, CallSiteChain callSiteChain)
   at Microsoft.Extensions.DependencyInjection.ServiceLookup.CallSiteFactory.TryCreateExact(ServiceDescriptor descriptor, ServiceIdentifier serviceIdentifier, CallSiteChain callSiteChain, Int32 slot)
   at Microsoft.Extensions.DependencyInjection.ServiceLookup.CallSiteFactory.GetCallSite(ServiceDescriptor serviceDescriptor, CallSiteChain callSiteChain)
   at Microsoft.Extensions.DependencyInjection.ServiceProvider.ValidateService(ServiceDescriptor descriptor)
----- Inner Stack Trace #5 (System.InvalidOperationException) -----
   at Microsoft.Extensions.DependencyInjection.ServiceProvider.ValidateService(ServiceDescriptor descriptor)
   at Microsoft.Extensions.DependencyInjection.ServiceProvider..ctor(ICollection`1 serviceDescriptors, ServiceProviderOptions options)
----- Inner Stack Trace -----
   at Microsoft.Extensions.DependencyInjection.ServiceLookup.CallSiteFactory.CreateArgumentCallSites(ServiceIdentifier serviceIdentifier, Type implementationType, CallSiteChain callSiteChain, ParameterInfo[] parameters, Boolean throwIfCallSiteNotFound)
   at Microsoft.Extensions.DependencyInjection.ServiceLookup.CallSiteFactory.CreateConstructorCallSite(ResultCache lifetime, ServiceIdentifier serviceIdentifier, Type implementationType, CallSiteChain callSiteChain)
   at Microsoft.Extensions.DependencyInjection.ServiceLookup.CallSiteFactory.TryCreateExact(ServiceDescriptor descriptor, ServiceIdentifier serviceIdentifier, CallSiteChain callSiteChain, Int32 slot)
   at Microsoft.Extensions.DependencyInjection.ServiceLookup.CallSiteFactory.GetCallSite(ServiceDescriptor serviceDescriptor, CallSiteChain callSiteChain)
   at Microsoft.Extensions.DependencyInjection.ServiceProvider.ValidateService(ServiceDescriptor descriptor)
[xUnit.net 00:00:03.55]     Industrial.Adam.Oee.Tests.Integration.JobsControllerIntegrationTests.StartWorkOrder_WithInvalidRequest_ReturnsBadRequest [FAIL]
[xUnit.net 00:00:03.56]     Industrial.Adam.Oee.Tests.Integration.StoppagesControllerIntegrationTests.GetStoppageHistory_WithInvalidPeriod_ReturnsBadRequest(period: 8761) [FAIL]
[xUnit.net 00:00:03.57]     Industrial.Adam.Oee.Tests.Integration.JobsControllerIntegrationTests.GetActiveJob_WithValidDeviceId_ReturnsWorkOrderOrNotFound [FAIL]
[xUnit.net 00:00:03.62]     Industrial.Adam.Oee.Tests.Integration.StoppagesControllerIntegrationTests.GetStoppageHistory_WithInvalidPeriod_ReturnsBadRequest(period: -1) [FAIL]
[xUnit.net 00:00:03.66]     Industrial.Adam.Oee.Tests.Integration.StoppagesControllerIntegrationTests.GetCurrentStoppage_WithValidDeviceId_ReturnsStoppageOrNoContent [FAIL]
[xUnit.net 00:00:03.70]     Industrial.Adam.Oee.Tests.Integration.StoppagesControllerIntegrationTests.GetStoppageHistory_WithCustomTimeRange_ReturnsCorrectResponse [FAIL]
[xUnit.net 00:00:03.73]     Industrial.Adam.Oee.Tests.Integration.StoppagesControllerIntegrationTests.StoppageEndpoints_WithSpecialCharactersInDeviceId_HandlesCorrectly [FAIL]
[xUnit.net 00:00:03.78]     Industrial.Adam.Oee.Tests.Integration.StoppagesControllerIntegrationTests.GetStoppageHistory_WithCustomPeriod_ReturnsCorrectResponse [FAIL]
[xUnit.net 00:00:03.80]     Industrial.Adam.Oee.Tests.Integration.StoppagesControllerIntegrationTests.GetStoppageHistory_WithMissingDeviceId_ReturnsBadRequest [FAIL]
  Failed Industrial.Adam.Oee.Tests.Integration.JobsControllerIntegrationTests.StartWorkOrder_WithInvalidRequest_ReturnsBadRequest [1 ms]
  Error Message:
   System.AggregateException : Some services are not able to be constructed (Error while validating the service descriptor 'ServiceType: Industrial.Adam.Oee.Domain.Interfaces.IJobSequencingService Lifetime: Scoped ImplementationType: Industrial.Adam.Oee.Domain.Services.JobSequencingService': Unable to resolve service for type 'Industrial.Adam.Oee.Domain.Interfaces.IEquipmentLineRepository' while attempting to activate 'Industrial.Adam.Oee.Domain.Services.JobSequencingService'.) (Error while validating the service descriptor 'ServiceType: Industrial.Adam.Oee.Domain.Interfaces.IEquipmentLineService Lifetime: Scoped ImplementationType: Industrial.Adam.Oee.Domain.Services.EquipmentLineService': Unable to resolve service for type 'Industrial.Adam.Oee.Domain.Interfaces.IEquipmentLineRepository' while attempting to activate 'Industrial.Adam.Oee.Domain.Services.EquipmentLineService'.) (Error while validating the service descriptor 'ServiceType: Industrial.Adam.Oee.Domain.Interfaces.IStoppageDetectionService Lifetime: Scoped ImplementationType: Industrial.Adam.Oee.Domain.Services.StoppageDetectionService': Unable to resolve service for type 'Industrial.Adam.Oee.Domain.Interfaces.IEquipmentLineRepository' while attempting to activate 'Industrial.Adam.Oee.Domain.Services.StoppageDetectionService'.) (Error while validating the service descriptor 'ServiceType: MediatR.IRequestHandler`2[Industrial.Adam.Oee.Application.Commands.StartWorkOrderCommand,System.String] Lifetime: Transient ImplementationType: Industrial.Adam.Oee.Application.Commands.Handlers.StartWorkOrderCommandHandler': Unable to resolve service for type 'Industrial.Adam.Oee.Domain.Interfaces.IEquipmentLineRepository' while attempting to activate 'Industrial.Adam.Oee.Domain.Services.JobSequencingService'.) (Error while validating the service descriptor 'ServiceType: Industrial.Adam.Oee.Domain.Interfaces.ISimpleJobQueueService Lifetime: Scoped ImplementationType: Industrial.Adam.Oee.Domain.Services.SimpleJobQueueService': Unable to resolve service for type 'Industrial.Adam.Oee.Domain.Interfaces.ISimpleJobQueueRepository' while attempting to activate 'Industrial.Adam.Oee.Domain.Services.SimpleJobQueueService'.)
---- System.InvalidOperationException : Error while validating the service descriptor 'ServiceType: Industrial.Adam.Oee.Domain.Interfaces.IJobSequencingService Lifetime: Scoped ImplementationType: Industrial.Adam.Oee.Domain.Services.JobSequencingService': Unable to resolve service for type 'Industrial.Adam.Oee.Domain.Interfaces.IEquipmentLineRepository' while attempting to activate 'Industrial.Adam.Oee.Domain.Services.JobSequencingService'.
-------- System.InvalidOperationException : Unable to resolve service for type 'Industrial.Adam.Oee.Domain.Interfaces.IEquipmentLineRepository' while attempting to activate 'Industrial.Adam.Oee.Domain.Services.JobSequencingService'.
---- System.InvalidOperationException : Error while validating the service descriptor 'ServiceType: Industrial.Adam.Oee.Domain.Interfaces.IEquipmentLineService Lifetime: Scoped ImplementationType: Industrial.Adam.Oee.Domain.Services.EquipmentLineService': Unable to resolve service for type 'Industrial.Adam.Oee.Domain.Interfaces.IEquipmentLineRepository' while attempting to activate 'Industrial.Adam.Oee.Domain.Services.EquipmentLineService'.
-------- System.InvalidOperationException : Unable to resolve service for type 'Industrial.Adam.Oee.Domain.Interfaces.IEquipmentLineRepository' while attempting to activate 'Industrial.Adam.Oee.Domain.Services.EquipmentLineService'.
---- System.InvalidOperationException : Error while validating the service descriptor 'ServiceType: Industrial.Adam.Oee.Domain.Interfaces.IStoppageDetectionService Lifetime: Scoped ImplementationType: Industrial.Adam.Oee.Domain.Services.StoppageDetectionService': Unable to resolve service for type 'Industrial.Adam.Oee.Domain.Interfaces.IEquipmentLineRepository' while attempting to activate 'Industrial.Adam.Oee.Domain.Services.StoppageDetectionService'.
-------- System.InvalidOperationException : Unable to resolve service for type 'Industrial.Adam.Oee.Domain.Interfaces.IEquipmentLineRepository' while attempting to activate 'Industrial.Adam.Oee.Domain.Services.StoppageDetectionService'.
---- System.InvalidOperationException : Error while validating the service descriptor 'ServiceType: MediatR.IRequestHandler`2[Industrial.Adam.Oee.Application.Commands.StartWorkOrderCommand,System.String] Lifetime: Transient ImplementationType: Industrial.Adam.Oee.Application.Commands.Handlers.StartWorkOrderCommandHandler': Unable to resolve service for type 'Industrial.Adam.Oee.Domain.Interfaces.IEquipmentLineRepository' while attempting to activate 'Industrial.Adam.Oee.Domain.Services.JobSequencingService'.
-------- System.InvalidOperationException : Unable to resolve service for type 'Industrial.Adam.Oee.Domain.Interfaces.IEquipmentLineRepository' while attempting to activate 'Industrial.Adam.Oee.Domain.Services.JobSequencingService'.
---- System.InvalidOperationException : Error while validating the service descriptor 'ServiceType: Industrial.Adam.Oee.Domain.Interfaces.ISimpleJobQueueService Lifetime: Scoped ImplementationType: Industrial.Adam.Oee.Domain.Services.SimpleJobQueueService': Unable to resolve service for type 'Industrial.Adam.Oee.Domain.Interfaces.ISimpleJobQueueRepository' while attempting to activate 'Industrial.Adam.Oee.Domain.Services.SimpleJobQueueService'.
-------- System.InvalidOperationException : Unable to resolve service for type 'Industrial.Adam.Oee.Domain.Interfaces.ISimpleJobQueueRepository' while attempting to activate 'Industrial.Adam.Oee.Domain.Services.SimpleJobQueueService'.
  Stack Trace:
     at Microsoft.Extensions.DependencyInjection.ServiceProvider..ctor(ICollection`1 serviceDescriptors, ServiceProviderOptions options)
   at Microsoft.Extensions.DependencyInjection.ServiceCollectionContainerBuilderExtensions.BuildServiceProvider(IServiceCollection services, ServiceProviderOptions options)
   at Microsoft.Extensions.Hosting.HostApplicationBuilder.Build()
   at Microsoft.AspNetCore.Builder.WebApplicationBuilder.Build()
   at Program.<Main>$(String[] args) in /home/grant/adam-6000-counter/src/Industrial.Adam.Oee/WebApi/Program.cs:line 89
   at InvokeStub_Program.<Main>$(Object, Span`1)
   at System.Reflection.MethodBaseInvoker.InvokeWithOneArg(Object obj, BindingFlags invokeAttr, Binder binder, Object[] parameters, CultureInfo culture)
--- End of stack trace from previous location ---
   at Microsoft.Extensions.Hosting.HostFactoryResolver.HostingListener.CreateHost()
   at Microsoft.Extensions.Hosting.HostFactoryResolver.<>c__DisplayClass10_0.<ResolveHostFactory>b__0(String[] args)
   at Microsoft.AspNetCore.Mvc.Testing.DeferredHostBuilder.Build()
   at Microsoft.AspNetCore.Mvc.Testing.WebApplicationFactory`1.CreateHost(IHostBuilder builder)
   at Microsoft.AspNetCore.Mvc.Testing.WebApplicationFactory`1.ConfigureHostBuilder(IHostBuilder hostBuilder)
   at Microsoft.AspNetCore.Mvc.Testing.WebApplicationFactory`1.EnsureServer()
   at Microsoft.AspNetCore.Mvc.Testing.WebApplicationFactory`1.CreateDefaultClient(DelegatingHandler[] handlers)
   at Microsoft.AspNetCore.Mvc.Testing.WebApplicationFactory`1.CreateDefaultClient(Uri baseAddress, DelegatingHandler[] handlers)
   at Microsoft.AspNetCore.Mvc.Testing.WebApplicationFactory`1.CreateClient(WebApplicationFactoryClientOptions options)
   at Microsoft.AspNetCore.Mvc.Testing.WebApplicationFactory`1.CreateClient()
   at Industrial.Adam.Oee.Tests.Integration.JobsControllerIntegrationTests..ctor(WebApplicationFactory`1 factory) in /home/grant/adam-6000-counter/src/Industrial.Adam.Oee/Tests/Integration/JobsControllerIntegrationTests.cs:line 24
   at InvokeStub_JobsControllerIntegrationTests..ctor(Object, Span`1)
   at System.Reflection.MethodBaseInvoker.InvokeWithOneArg(Object obj, BindingFlags invokeAttr, Binder binder, Object[] parameters, CultureInfo culture)
----- Inner Stack Trace #1 (System.InvalidOperationException) -----
   at Microsoft.Extensions.DependencyInjection.ServiceProvider.ValidateService(ServiceDescriptor descriptor)
   at Microsoft.Extensions.DependencyInjection.ServiceProvider..ctor(ICollection`1 serviceDescriptors, ServiceProviderOptions options)
----- Inner Stack Trace -----
   at Microsoft.Extensions.DependencyInjection.ServiceLookup.CallSiteFactory.CreateArgumentCallSites(ServiceIdentifier serviceIdentifier, Type implementationType, CallSiteChain callSiteChain, ParameterInfo[] parameters, Boolean throwIfCallSiteNotFound)
   at Microsoft.Extensions.DependencyInjection.ServiceLookup.CallSiteFactory.CreateConstructorCallSite(ResultCache lifetime, ServiceIdentifier serviceIdentifier, Type implementationType, CallSiteChain callSiteChain)
   at Microsoft.Extensions.DependencyInjection.ServiceLookup.CallSiteFactory.TryCreateExact(ServiceDescriptor descriptor, ServiceIdentifier serviceIdentifier, CallSiteChain callSiteChain, Int32 slot)
   at Microsoft.Extensions.DependencyInjection.ServiceLookup.CallSiteFactory.GetCallSite(ServiceDescriptor serviceDescriptor, CallSiteChain callSiteChain)
   at Microsoft.Extensions.DependencyInjection.ServiceProvider.ValidateService(ServiceDescriptor descriptor)
----- Inner Stack Trace #2 (System.InvalidOperationException) -----
   at Microsoft.Extensions.DependencyInjection.ServiceProvider.ValidateService(ServiceDescriptor descriptor)
   at Microsoft.Extensions.DependencyInjection.ServiceProvider..ctor(ICollection`1 serviceDescriptors, ServiceProviderOptions options)
----- Inner Stack Trace -----
   at Microsoft.Extensions.DependencyInjection.ServiceLookup.CallSiteFactory.CreateArgumentCallSites(ServiceIdentifier serviceIdentifier, Type implementationType, CallSiteChain callSiteChain, ParameterInfo[] parameters, Boolean throwIfCallSiteNotFound)
   at Microsoft.Extensions.DependencyInjection.ServiceLookup.CallSiteFactory.CreateConstructorCallSite(ResultCache lifetime, ServiceIdentifier serviceIdentifier, Type implementationType, CallSiteChain callSiteChain)
   at Microsoft.Extensions.DependencyInjection.ServiceLookup.CallSiteFactory.TryCreateExact(ServiceDescriptor descriptor, ServiceIdentifier serviceIdentifier, CallSiteChain callSiteChain, Int32 slot)
   at Microsoft.Extensions.DependencyInjection.ServiceLookup.CallSiteFactory.GetCallSite(ServiceDescriptor serviceDescriptor, CallSiteChain callSiteChain)
   at Microsoft.Extensions.DependencyInjection.ServiceProvider.ValidateService(ServiceDescriptor descriptor)
----- Inner Stack Trace #3 (System.InvalidOperationException) -----
   at Microsoft.Extensions.DependencyInjection.ServiceProvider.ValidateService(ServiceDescriptor descriptor)
   at Microsoft.Extensions.DependencyInjection.ServiceProvider..ctor(ICollection`1 serviceDescriptors, ServiceProviderOptions options)
----- Inner Stack Trace -----
   at Microsoft.Extensions.DependencyInjection.ServiceLookup.CallSiteFactory.CreateArgumentCallSites(ServiceIdentifier serviceIdentifier, Type implementationType, CallSiteChain callSiteChain, ParameterInfo[] parameters, Boolean throwIfCallSiteNotFound)
   at Microsoft.Extensions.DependencyInjection.ServiceLookup.CallSiteFactory.CreateConstructorCallSite(ResultCache lifetime, ServiceIdentifier serviceIdentifier, Type implementationType, CallSiteChain callSiteChain)
   at Microsoft.Extensions.DependencyInjection.ServiceLookup.CallSiteFactory.TryCreateExact(ServiceDescriptor descriptor, ServiceIdentifier serviceIdentifier, CallSiteChain callSiteChain, Int32 slot)
   at Microsoft.Extensions.DependencyInjection.ServiceLookup.CallSiteFactory.GetCallSite(ServiceDescriptor serviceDescriptor, CallSiteChain callSiteChain)
   at Microsoft.Extensions.DependencyInjection.ServiceProvider.ValidateService(ServiceDescriptor descriptor)
----- Inner Stack Trace #4 (System.InvalidOperationException) -----
   at Microsoft.Extensions.DependencyInjection.ServiceProvider.ValidateService(ServiceDescriptor descriptor)
   at Microsoft.Extensions.DependencyInjection.ServiceProvider..ctor(ICollection`1 serviceDescriptors, ServiceProviderOptions options)
----- Inner Stack Trace -----
   at Microsoft.Extensions.DependencyInjection.ServiceLookup.CallSiteFactory.CreateArgumentCallSites(ServiceIdentifier serviceIdentifier, Type implementationType, CallSiteChain callSiteChain, ParameterInfo[] parameters, Boolean throwIfCallSiteNotFound)
   at Microsoft.Extensions.DependencyInjection.ServiceLookup.CallSiteFactory.CreateConstructorCallSite(ResultCache lifetime, ServiceIdentifier serviceIdentifier, Type implementationType, CallSiteChain callSiteChain)
   at Microsoft.Extensions.DependencyInjection.ServiceLookup.CallSiteFactory.TryCreateExact(ServiceDescriptor descriptor, ServiceIdentifier serviceIdentifier, CallSiteChain callSiteChain, Int32 slot)
   at Microsoft.Extensions.DependencyInjection.ServiceLookup.CallSiteFactory.TryCreateExact(ServiceIdentifier serviceIdentifier, CallSiteChain callSiteChain)
   at Microsoft.Extensions.DependencyInjection.ServiceLookup.CallSiteFactory.CreateCallSite(ServiceIdentifier serviceIdentifier, CallSiteChain callSiteChain)
   at Microsoft.Extensions.DependencyInjection.ServiceLookup.CallSiteFactory.CreateArgumentCallSites(ServiceIdentifier serviceIdentifier, Type implementationType, CallSiteChain callSiteChain, ParameterInfo[] parameters, Boolean throwIfCallSiteNotFound)
   at Microsoft.Extensions.DependencyInjection.ServiceLookup.CallSiteFactory.CreateConstructorCallSite(ResultCache lifetime, ServiceIdentifier serviceIdentifier, Type implementationType, CallSiteChain callSiteChain)
   at Microsoft.Extensions.DependencyInjection.ServiceLookup.CallSiteFactory.TryCreateExact(ServiceDescriptor descriptor, ServiceIdentifier serviceIdentifier, CallSiteChain callSiteChain, Int32 slot)
   at Microsoft.Extensions.DependencyInjection.ServiceLookup.CallSiteFactory.GetCallSite(ServiceDescriptor serviceDescriptor, CallSiteChain callSiteChain)
   at Microsoft.Extensions.DependencyInjection.ServiceProvider.ValidateService(ServiceDescriptor descriptor)
----- Inner Stack Trace #5 (System.InvalidOperationException) -----
   at Microsoft.Extensions.DependencyInjection.ServiceProvider.ValidateService(ServiceDescriptor descriptor)
   at Microsoft.Extensions.DependencyInjection.ServiceProvider..ctor(ICollection`1 serviceDescriptors, ServiceProviderOptions options)
----- Inner Stack Trace -----
   at Microsoft.Extensions.DependencyInjection.ServiceLookup.CallSiteFactory.CreateArgumentCallSites(ServiceIdentifier serviceIdentifier, Type implementationType, CallSiteChain callSiteChain, ParameterInfo[] parameters, Boolean throwIfCallSiteNotFound)
   at Microsoft.Extensions.DependencyInjection.ServiceLookup.CallSiteFactory.CreateConstructorCallSite(ResultCache lifetime, ServiceIdentifier serviceIdentifier, Type implementationType, CallSiteChain callSiteChain)
   at Microsoft.Extensions.DependencyInjection.ServiceLookup.CallSiteFactory.TryCreateExact(ServiceDescriptor descriptor, ServiceIdentifier serviceIdentifier, CallSiteChain callSiteChain, Int32 slot)
   at Microsoft.Extensions.DependencyInjection.ServiceLookup.CallSiteFactory.GetCallSite(ServiceDescriptor serviceDescriptor, CallSiteChain callSiteChain)
   at Microsoft.Extensions.DependencyInjection.ServiceProvider.ValidateService(ServiceDescriptor descriptor)
  Failed Industrial.Adam.Oee.Tests.Integration.StoppagesControllerIntegrationTests.GetStoppageHistory_WithInvalidPeriod_ReturnsBadRequest(period: 8761) [1 ms]
  Error Message:
   System.AggregateException : Some services are not able to be constructed (Error while validating the service descriptor 'ServiceType: Industrial.Adam.Oee.Domain.Interfaces.IJobSequencingService Lifetime: Scoped ImplementationType: Industrial.Adam.Oee.Domain.Services.JobSequencingService': Unable to resolve service for type 'Industrial.Adam.Oee.Domain.Interfaces.IEquipmentLineRepository' while attempting to activate 'Industrial.Adam.Oee.Domain.Services.JobSequencingService'.) (Error while validating the service descriptor 'ServiceType: Industrial.Adam.Oee.Domain.Interfaces.IEquipmentLineService Lifetime: Scoped ImplementationType: Industrial.Adam.Oee.Domain.Services.EquipmentLineService': Unable to resolve service for type 'Industrial.Adam.Oee.Domain.Interfaces.IEquipmentLineRepository' while attempting to activate 'Industrial.Adam.Oee.Domain.Services.EquipmentLineService'.) (Error while validating the service descriptor 'ServiceType: Industrial.Adam.Oee.Domain.Interfaces.IStoppageDetectionService Lifetime: Scoped ImplementationType: Industrial.Adam.Oee.Domain.Services.StoppageDetectionService': Unable to resolve service for type 'Industrial.Adam.Oee.Domain.Interfaces.IEquipmentLineRepository' while attempting to activate 'Industrial.Adam.Oee.Domain.Services.StoppageDetectionService'.) (Error while validating the service descriptor 'ServiceType: MediatR.IRequestHandler`2[Industrial.Adam.Oee.Application.Commands.StartWorkOrderCommand,System.String] Lifetime: Transient ImplementationType: Industrial.Adam.Oee.Application.Commands.Handlers.StartWorkOrderCommandHandler': Unable to resolve service for type 'Industrial.Adam.Oee.Domain.Interfaces.IEquipmentLineRepository' while attempting to activate 'Industrial.Adam.Oee.Domain.Services.JobSequencingService'.) (Error while validating the service descriptor 'ServiceType: Industrial.Adam.Oee.Domain.Interfaces.ISimpleJobQueueService Lifetime: Scoped ImplementationType: Industrial.Adam.Oee.Domain.Services.SimpleJobQueueService': Unable to resolve service for type 'Industrial.Adam.Oee.Domain.Interfaces.ISimpleJobQueueRepository' while attempting to activate 'Industrial.Adam.Oee.Domain.Services.SimpleJobQueueService'.)
---- System.InvalidOperationException : Error while validating the service descriptor 'ServiceType: Industrial.Adam.Oee.Domain.Interfaces.IJobSequencingService Lifetime: Scoped ImplementationType: Industrial.Adam.Oee.Domain.Services.JobSequencingService': Unable to resolve service for type 'Industrial.Adam.Oee.Domain.Interfaces.IEquipmentLineRepository' while attempting to activate 'Industrial.Adam.Oee.Domain.Services.JobSequencingService'.
-------- System.InvalidOperationException : Unable to resolve service for type 'Industrial.Adam.Oee.Domain.Interfaces.IEquipmentLineRepository' while attempting to activate 'Industrial.Adam.Oee.Domain.Services.JobSequencingService'.
---- System.InvalidOperationException : Error while validating the service descriptor 'ServiceType: Industrial.Adam.Oee.Domain.Interfaces.IEquipmentLineService Lifetime: Scoped ImplementationType: Industrial.Adam.Oee.Domain.Services.EquipmentLineService': Unable to resolve service for type 'Industrial.Adam.Oee.Domain.Interfaces.IEquipmentLineRepository' while attempting to activate 'Industrial.Adam.Oee.Domain.Services.EquipmentLineService'.
-------- System.InvalidOperationException : Unable to resolve service for type 'Industrial.Adam.Oee.Domain.Interfaces.IEquipmentLineRepository' while attempting to activate 'Industrial.Adam.Oee.Domain.Services.EquipmentLineService'.
---- System.InvalidOperationException : Error while validating the service descriptor 'ServiceType: Industrial.Adam.Oee.Domain.Interfaces.IStoppageDetectionService Lifetime: Scoped ImplementationType: Industrial.Adam.Oee.Domain.Services.StoppageDetectionService': Unable to resolve service for type 'Industrial.Adam.Oee.Domain.Interfaces.IEquipmentLineRepository' while attempting to activate 'Industrial.Adam.Oee.Domain.Services.StoppageDetectionService'.
-------- System.InvalidOperationException : Unable to resolve service for type 'Industrial.Adam.Oee.Domain.Interfaces.IEquipmentLineRepository' while attempting to activate 'Industrial.Adam.Oee.Domain.Services.StoppageDetectionService'.
---- System.InvalidOperationException : Error while validating the service descriptor 'ServiceType: MediatR.IRequestHandler`2[Industrial.Adam.Oee.Application.Commands.StartWorkOrderCommand,System.String] Lifetime: Transient ImplementationType: Industrial.Adam.Oee.Application.Commands.Handlers.StartWorkOrderCommandHandler': Unable to resolve service for type 'Industrial.Adam.Oee.Domain.Interfaces.IEquipmentLineRepository' while attempting to activate 'Industrial.Adam.Oee.Domain.Services.JobSequencingService'.
-------- System.InvalidOperationException : Unable to resolve service for type 'Industrial.Adam.Oee.Domain.Interfaces.IEquipmentLineRepository' while attempting to activate 'Industrial.Adam.Oee.Domain.Services.JobSequencingService'.
---- System.InvalidOperationException : Error while validating the service descriptor 'ServiceType: Industrial.Adam.Oee.Domain.Interfaces.ISimpleJobQueueService Lifetime: Scoped ImplementationType: Industrial.Adam.Oee.Domain.Services.SimpleJobQueueService': Unable to resolve service for type 'Industrial.Adam.Oee.Domain.Interfaces.ISimpleJobQueueRepository' while attempting to activate 'Industrial.Adam.Oee.Domain.Services.SimpleJobQueueService'.
-------- System.InvalidOperationException : Unable to resolve service for type 'Industrial.Adam.Oee.Domain.Interfaces.ISimpleJobQueueRepository' while attempting to activate 'Industrial.Adam.Oee.Domain.Services.SimpleJobQueueService'.
  Stack Trace:
     at Microsoft.Extensions.DependencyInjection.ServiceProvider..ctor(ICollection`1 serviceDescriptors, ServiceProviderOptions options)
   at Microsoft.Extensions.DependencyInjection.ServiceCollectionContainerBuilderExtensions.BuildServiceProvider(IServiceCollection services, ServiceProviderOptions options)
   at Microsoft.Extensions.Hosting.HostApplicationBuilder.Build()
   at Microsoft.AspNetCore.Builder.WebApplicationBuilder.Build()
   at Program.<Main>$(String[] args) in /home/grant/adam-6000-counter/src/Industrial.Adam.Oee/WebApi/Program.cs:line 89
   at InvokeStub_Program.<Main>$(Object, Span`1)
   at System.Reflection.MethodBaseInvoker.InvokeWithOneArg(Object obj, BindingFlags invokeAttr, Binder binder, Object[] parameters, CultureInfo culture)
--- End of stack trace from previous location ---
   at Microsoft.Extensions.Hosting.HostFactoryResolver.HostingListener.CreateHost()
   at Microsoft.Extensions.Hosting.HostFactoryResolver.<>c__DisplayClass10_0.<ResolveHostFactory>b__0(String[] args)
   at Microsoft.AspNetCore.Mvc.Testing.DeferredHostBuilder.Build()
   at Microsoft.AspNetCore.Mvc.Testing.WebApplicationFactory`1.CreateHost(IHostBuilder builder)
   at Microsoft.AspNetCore.Mvc.Testing.WebApplicationFactory`1.ConfigureHostBuilder(IHostBuilder hostBuilder)
   at Microsoft.AspNetCore.Mvc.Testing.WebApplicationFactory`1.EnsureServer()
   at Microsoft.AspNetCore.Mvc.Testing.WebApplicationFactory`1.CreateDefaultClient(DelegatingHandler[] handlers)
   at Microsoft.AspNetCore.Mvc.Testing.WebApplicationFactory`1.CreateDefaultClient(Uri baseAddress, DelegatingHandler[] handlers)
   at Microsoft.AspNetCore.Mvc.Testing.WebApplicationFactory`1.CreateClient(WebApplicationFactoryClientOptions options)
   at Microsoft.AspNetCore.Mvc.Testing.WebApplicationFactory`1.CreateClient()
   at Industrial.Adam.Oee.Tests.Integration.StoppagesControllerIntegrationTests..ctor(WebApplicationFactory`1 factory) in /home/grant/adam-6000-counter/src/Industrial.Adam.Oee/Tests/Integration/StoppagesControllerIntegrationTests.cs:line 21
   at InvokeStub_StoppagesControllerIntegrationTests..ctor(Object, Span`1)
   at System.Reflection.MethodBaseInvoker.InvokeWithOneArg(Object obj, BindingFlags invokeAttr, Binder binder, Object[] parameters, CultureInfo culture)
----- Inner Stack Trace #1 (System.InvalidOperationException) -----
   at Microsoft.Extensions.DependencyInjection.ServiceProvider.ValidateService(ServiceDescriptor descriptor)
   at Microsoft.Extensions.DependencyInjection.ServiceProvider..ctor(ICollection`1 serviceDescriptors, ServiceProviderOptions options)
----- Inner Stack Trace -----
   at Microsoft.Extensions.DependencyInjection.ServiceLookup.CallSiteFactory.CreateArgumentCallSites(ServiceIdentifier serviceIdentifier, Type implementationType, CallSiteChain callSiteChain, ParameterInfo[] parameters, Boolean throwIfCallSiteNotFound)
   at Microsoft.Extensions.DependencyInjection.ServiceLookup.CallSiteFactory.CreateConstructorCallSite(ResultCache lifetime, ServiceIdentifier serviceIdentifier, Type implementationType, CallSiteChain callSiteChain)
   at Microsoft.Extensions.DependencyInjection.ServiceLookup.CallSiteFactory.TryCreateExact(ServiceDescriptor descriptor, ServiceIdentifier serviceIdentifier, CallSiteChain callSiteChain, Int32 slot)
   at Microsoft.Extensions.DependencyInjection.ServiceLookup.CallSiteFactory.GetCallSite(ServiceDescriptor serviceDescriptor, CallSiteChain callSiteChain)
   at Microsoft.Extensions.DependencyInjection.ServiceProvider.ValidateService(ServiceDescriptor descriptor)
----- Inner Stack Trace #2 (System.InvalidOperationException) -----
   at Microsoft.Extensions.DependencyInjection.ServiceProvider.ValidateService(ServiceDescriptor descriptor)
   at Microsoft.Extensions.DependencyInjection.ServiceProvider..ctor(ICollection`1 serviceDescriptors, ServiceProviderOptions options)
----- Inner Stack Trace -----
   at Microsoft.Extensions.DependencyInjection.ServiceLookup.CallSiteFactory.CreateArgumentCallSites(ServiceIdentifier serviceIdentifier, Type implementationType, CallSiteChain callSiteChain, ParameterInfo[] parameters, Boolean throwIfCallSiteNotFound)
   at Microsoft.Extensions.DependencyInjection.ServiceLookup.CallSiteFactory.CreateConstructorCallSite(ResultCache lifetime, ServiceIdentifier serviceIdentifier, Type implementationType, CallSiteChain callSiteChain)
   at Microsoft.Extensions.DependencyInjection.ServiceLookup.CallSiteFactory.TryCreateExact(ServiceDescriptor descriptor, ServiceIdentifier serviceIdentifier, CallSiteChain callSiteChain, Int32 slot)
   at Microsoft.Extensions.DependencyInjection.ServiceLookup.CallSiteFactory.GetCallSite(ServiceDescriptor serviceDescriptor, CallSiteChain callSiteChain)
   at Microsoft.Extensions.DependencyInjection.ServiceProvider.ValidateService(ServiceDescriptor descriptor)
----- Inner Stack Trace #3 (System.InvalidOperationException) -----
   at Microsoft.Extensions.DependencyInjection.ServiceProvider.ValidateService(ServiceDescriptor descriptor)
   at Microsoft.Extensions.DependencyInjection.ServiceProvider..ctor(ICollection`1 serviceDescriptors, ServiceProviderOptions options)
----- Inner Stack Trace -----
   at Microsoft.Extensions.DependencyInjection.ServiceLookup.CallSiteFactory.CreateArgumentCallSites(ServiceIdentifier serviceIdentifier, Type implementationType, CallSiteChain callSiteChain, ParameterInfo[] parameters, Boolean throwIfCallSiteNotFound)
   at Microsoft.Extensions.DependencyInjection.ServiceLookup.CallSiteFactory.CreateConstructorCallSite(ResultCache lifetime, ServiceIdentifier serviceIdentifier, Type implementationType, CallSiteChain callSiteChain)
   at Microsoft.Extensions.DependencyInjection.ServiceLookup.CallSiteFactory.TryCreateExact(ServiceDescriptor descriptor, ServiceIdentifier serviceIdentifier, CallSiteChain callSiteChain, Int32 slot)
   at Microsoft.Extensions.DependencyInjection.ServiceLookup.CallSiteFactory.GetCallSite(ServiceDescriptor serviceDescriptor, CallSiteChain callSiteChain)
   at Microsoft.Extensions.DependencyInjection.ServiceProvider.ValidateService(ServiceDescriptor descriptor)
----- Inner Stack Trace #4 (System.InvalidOperationException) -----
   at Microsoft.Extensions.DependencyInjection.ServiceProvider.ValidateService(ServiceDescriptor descriptor)
   at Microsoft.Extensions.DependencyInjection.ServiceProvider..ctor(ICollection`1 serviceDescriptors, ServiceProviderOptions options)
----- Inner Stack Trace -----
   at Microsoft.Extensions.DependencyInjection.ServiceLookup.CallSiteFactory.CreateArgumentCallSites(ServiceIdentifier serviceIdentifier, Type implementationType, CallSiteChain callSiteChain, ParameterInfo[] parameters, Boolean throwIfCallSiteNotFound)
   at Microsoft.Extensions.DependencyInjection.ServiceLookup.CallSiteFactory.CreateConstructorCallSite(ResultCache lifetime, ServiceIdentifier serviceIdentifier, Type implementationType, CallSiteChain callSiteChain)
   at Microsoft.Extensions.DependencyInjection.ServiceLookup.CallSiteFactory.TryCreateExact(ServiceDescriptor descriptor, ServiceIdentifier serviceIdentifier, CallSiteChain callSiteChain, Int32 slot)
   at Microsoft.Extensions.DependencyInjection.ServiceLookup.CallSiteFactory.TryCreateExact(ServiceIdentifier serviceIdentifier, CallSiteChain callSiteChain)
   at Microsoft.Extensions.DependencyInjection.ServiceLookup.CallSiteFactory.CreateCallSite(ServiceIdentifier serviceIdentifier, CallSiteChain callSiteChain)
   at Microsoft.Extensions.DependencyInjection.ServiceLookup.CallSiteFactory.CreateArgumentCallSites(ServiceIdentifier serviceIdentifier, Type implementationType, CallSiteChain callSiteChain, ParameterInfo[] parameters, Boolean throwIfCallSiteNotFound)
   at Microsoft.Extensions.DependencyInjection.ServiceLookup.CallSiteFactory.CreateConstructorCallSite(ResultCache lifetime, ServiceIdentifier serviceIdentifier, Type implementationType, CallSiteChain callSiteChain)
   at Microsoft.Extensions.DependencyInjection.ServiceLookup.CallSiteFactory.TryCreateExact(ServiceDescriptor descriptor, ServiceIdentifier serviceIdentifier, CallSiteChain callSiteChain, Int32 slot)
   at Microsoft.Extensions.DependencyInjection.ServiceLookup.CallSiteFactory.GetCallSite(ServiceDescriptor serviceDescriptor, CallSiteChain callSiteChain)
   at Microsoft.Extensions.DependencyInjection.ServiceProvider.ValidateService(ServiceDescriptor descriptor)
----- Inner Stack Trace #5 (System.InvalidOperationException) -----
   at Microsoft.Extensions.DependencyInjection.ServiceProvider.ValidateService(ServiceDescriptor descriptor)
   at Microsoft.Extensions.DependencyInjection.ServiceProvider..ctor(ICollection`1 serviceDescriptors, ServiceProviderOptions options)
----- Inner Stack Trace -----
   at Microsoft.Extensions.DependencyInjection.ServiceLookup.CallSiteFactory.CreateArgumentCallSites(ServiceIdentifier serviceIdentifier, Type implementationType, CallSiteChain callSiteChain, ParameterInfo[] parameters, Boolean throwIfCallSiteNotFound)
   at Microsoft.Extensions.DependencyInjection.ServiceLookup.CallSiteFactory.CreateConstructorCallSite(ResultCache lifetime, ServiceIdentifier serviceIdentifier, Type implementationType, CallSiteChain callSiteChain)
   at Microsoft.Extensions.DependencyInjection.ServiceLookup.CallSiteFactory.TryCreateExact(ServiceDescriptor descriptor, ServiceIdentifier serviceIdentifier, CallSiteChain callSiteChain, Int32 slot)
   at Microsoft.Extensions.DependencyInjection.ServiceLookup.CallSiteFactory.GetCallSite(ServiceDescriptor serviceDescriptor, CallSiteChain callSiteChain)
   at Microsoft.Extensions.DependencyInjection.ServiceProvider.ValidateService(ServiceDescriptor descriptor)
  Failed Industrial.Adam.Oee.Tests.Integration.JobsControllerIntegrationTests.GetActiveJob_WithValidDeviceId_ReturnsWorkOrderOrNotFound [1 ms]
  Error Message:
   System.AggregateException : Some services are not able to be constructed (Error while validating the service descriptor 'ServiceType: Industrial.Adam.Oee.Domain.Interfaces.IJobSequencingService Lifetime: Scoped ImplementationType: Industrial.Adam.Oee.Domain.Services.JobSequencingService': Unable to resolve service for type 'Industrial.Adam.Oee.Domain.Interfaces.IEquipmentLineRepository' while attempting to activate 'Industrial.Adam.Oee.Domain.Services.JobSequencingService'.) (Error while validating the service descriptor 'ServiceType: Industrial.Adam.Oee.Domain.Interfaces.IEquipmentLineService Lifetime: Scoped ImplementationType: Industrial.Adam.Oee.Domain.Services.EquipmentLineService': Unable to resolve service for type 'Industrial.Adam.Oee.Domain.Interfaces.IEquipmentLineRepository' while attempting to activate 'Industrial.Adam.Oee.Domain.Services.EquipmentLineService'.) (Error while validating the service descriptor 'ServiceType: Industrial.Adam.Oee.Domain.Interfaces.IStoppageDetectionService Lifetime: Scoped ImplementationType: Industrial.Adam.Oee.Domain.Services.StoppageDetectionService': Unable to resolve service for type 'Industrial.Adam.Oee.Domain.Interfaces.IEquipmentLineRepository' while attempting to activate 'Industrial.Adam.Oee.Domain.Services.StoppageDetectionService'.) (Error while validating the service descriptor 'ServiceType: MediatR.IRequestHandler`2[Industrial.Adam.Oee.Application.Commands.StartWorkOrderCommand,System.String] Lifetime: Transient ImplementationType: Industrial.Adam.Oee.Application.Commands.Handlers.StartWorkOrderCommandHandler': Unable to resolve service for type 'Industrial.Adam.Oee.Domain.Interfaces.IEquipmentLineRepository' while attempting to activate 'Industrial.Adam.Oee.Domain.Services.JobSequencingService'.) (Error while validating the service descriptor 'ServiceType: Industrial.Adam.Oee.Domain.Interfaces.ISimpleJobQueueService Lifetime: Scoped ImplementationType: Industrial.Adam.Oee.Domain.Services.SimpleJobQueueService': Unable to resolve service for type 'Industrial.Adam.Oee.Domain.Interfaces.ISimpleJobQueueRepository' while attempting to activate 'Industrial.Adam.Oee.Domain.Services.SimpleJobQueueService'.)
---- System.InvalidOperationException : Error while validating the service descriptor 'ServiceType: Industrial.Adam.Oee.Domain.Interfaces.IJobSequencingService Lifetime: Scoped ImplementationType: Industrial.Adam.Oee.Domain.Services.JobSequencingService': Unable to resolve service for type 'Industrial.Adam.Oee.Domain.Interfaces.IEquipmentLineRepository' while attempting to activate 'Industrial.Adam.Oee.Domain.Services.JobSequencingService'.
-------- System.InvalidOperationException : Unable to resolve service for type 'Industrial.Adam.Oee.Domain.Interfaces.IEquipmentLineRepository' while attempting to activate 'Industrial.Adam.Oee.Domain.Services.JobSequencingService'.
---- System.InvalidOperationException : Error while validating the service descriptor 'ServiceType: Industrial.Adam.Oee.Domain.Interfaces.IEquipmentLineService Lifetime: Scoped ImplementationType: Industrial.Adam.Oee.Domain.Services.EquipmentLineService': Unable to resolve service for type 'Industrial.Adam.Oee.Domain.Interfaces.IEquipmentLineRepository' while attempting to activate 'Industrial.Adam.Oee.Domain.Services.EquipmentLineService'.
-------- System.InvalidOperationException : Unable to resolve service for type 'Industrial.Adam.Oee.Domain.Interfaces.IEquipmentLineRepository' while attempting to activate 'Industrial.Adam.Oee.Domain.Services.EquipmentLineService'.
---- System.InvalidOperationException : Error while validating the service descriptor 'ServiceType: Industrial.Adam.Oee.Domain.Interfaces.IStoppageDetectionService Lifetime: Scoped ImplementationType: Industrial.Adam.Oee.Domain.Services.StoppageDetectionService': Unable to resolve service for type 'Industrial.Adam.Oee.Domain.Interfaces.IEquipmentLineRepository' while attempting to activate 'Industrial.Adam.Oee.Domain.Services.StoppageDetectionService'.
-------- System.InvalidOperationException : Unable to resolve service for type 'Industrial.Adam.Oee.Domain.Interfaces.IEquipmentLineRepository' while attempting to activate 'Industrial.Adam.Oee.Domain.Services.StoppageDetectionService'.
---- System.InvalidOperationException : Error while validating the service descriptor 'ServiceType: MediatR.IRequestHandler`2[Industrial.Adam.Oee.Application.Commands.StartWorkOrderCommand,System.String] Lifetime: Transient ImplementationType: Industrial.Adam.Oee.Application.Commands.Handlers.StartWorkOrderCommandHandler': Unable to resolve service for type 'Industrial.Adam.Oee.Domain.Interfaces.IEquipmentLineRepository' while attempting to activate 'Industrial.Adam.Oee.Domain.Services.JobSequencingService'.
-------- System.InvalidOperationException : Unable to resolve service for type 'Industrial.Adam.Oee.Domain.Interfaces.IEquipmentLineRepository' while attempting to activate 'Industrial.Adam.Oee.Domain.Services.JobSequencingService'.
---- System.InvalidOperationException : Error while validating the service descriptor 'ServiceType: Industrial.Adam.Oee.Domain.Interfaces.ISimpleJobQueueService Lifetime: Scoped ImplementationType: Industrial.Adam.Oee.Domain.Services.SimpleJobQueueService': Unable to resolve service for type 'Industrial.Adam.Oee.Domain.Interfaces.ISimpleJobQueueRepository' while attempting to activate 'Industrial.Adam.Oee.Domain.Services.SimpleJobQueueService'.
-------- System.InvalidOperationException : Unable to resolve service for type 'Industrial.Adam.Oee.Domain.Interfaces.ISimpleJobQueueRepository' while attempting to activate 'Industrial.Adam.Oee.Domain.Services.SimpleJobQueueService'.
  Stack Trace:
     at Microsoft.Extensions.DependencyInjection.ServiceProvider..ctor(ICollection`1 serviceDescriptors, ServiceProviderOptions options)
   at Microsoft.Extensions.DependencyInjection.ServiceCollectionContainerBuilderExtensions.BuildServiceProvider(IServiceCollection services, ServiceProviderOptions options)
   at Microsoft.Extensions.Hosting.HostApplicationBuilder.Build()
   at Microsoft.AspNetCore.Builder.WebApplicationBuilder.Build()
   at Program.<Main>$(String[] args) in /home/grant/adam-6000-counter/src/Industrial.Adam.Oee/WebApi/Program.cs:line 89
   at InvokeStub_Program.<Main>$(Object, Span`1)
   at System.Reflection.MethodBaseInvoker.InvokeWithOneArg(Object obj, BindingFlags invokeAttr, Binder binder, Object[] parameters, CultureInfo culture)
--- End of stack trace from previous location ---
   at Microsoft.Extensions.Hosting.HostFactoryResolver.HostingListener.CreateHost()
   at Microsoft.Extensions.Hosting.HostFactoryResolver.<>c__DisplayClass10_0.<ResolveHostFactory>b__0(String[] args)
   at Microsoft.AspNetCore.Mvc.Testing.DeferredHostBuilder.Build()
   at Microsoft.AspNetCore.Mvc.Testing.WebApplicationFactory`1.CreateHost(IHostBuilder builder)
   at Microsoft.AspNetCore.Mvc.Testing.WebApplicationFactory`1.ConfigureHostBuilder(IHostBuilder hostBuilder)
   at Microsoft.AspNetCore.Mvc.Testing.WebApplicationFactory`1.EnsureServer()
   at Microsoft.AspNetCore.Mvc.Testing.WebApplicationFactory`1.CreateDefaultClient(DelegatingHandler[] handlers)
   at Microsoft.AspNetCore.Mvc.Testing.WebApplicationFactory`1.CreateDefaultClient(Uri baseAddress, DelegatingHandler[] handlers)
   at Microsoft.AspNetCore.Mvc.Testing.WebApplicationFactory`1.CreateClient(WebApplicationFactoryClientOptions options)
   at Microsoft.AspNetCore.Mvc.Testing.WebApplicationFactory`1.CreateClient()
   at Industrial.Adam.Oee.Tests.Integration.JobsControllerIntegrationTests..ctor(WebApplicationFactory`1 factory) in /home/grant/adam-6000-counter/src/Industrial.Adam.Oee/Tests/Integration/JobsControllerIntegrationTests.cs:line 24
   at InvokeStub_JobsControllerIntegrationTests..ctor(Object, Span`1)
   at System.Reflection.MethodBaseInvoker.InvokeWithOneArg(Object obj, BindingFlags invokeAttr, Binder binder, Object[] parameters, CultureInfo culture)
----- Inner Stack Trace #1 (System.InvalidOperationException) -----
   at Microsoft.Extensions.DependencyInjection.ServiceProvider.ValidateService(ServiceDescriptor descriptor)
   at Microsoft.Extensions.DependencyInjection.ServiceProvider..ctor(ICollection`1 serviceDescriptors, ServiceProviderOptions options)
----- Inner Stack Trace -----
   at Microsoft.Extensions.DependencyInjection.ServiceLookup.CallSiteFactory.CreateArgumentCallSites(ServiceIdentifier serviceIdentifier, Type implementationType, CallSiteChain callSiteChain, ParameterInfo[] parameters, Boolean throwIfCallSiteNotFound)
   at Microsoft.Extensions.DependencyInjection.ServiceLookup.CallSiteFactory.CreateConstructorCallSite(ResultCache lifetime, ServiceIdentifier serviceIdentifier, Type implementationType, CallSiteChain callSiteChain)
   at Microsoft.Extensions.DependencyInjection.ServiceLookup.CallSiteFactory.TryCreateExact(ServiceDescriptor descriptor, ServiceIdentifier serviceIdentifier, CallSiteChain callSiteChain, Int32 slot)
   at Microsoft.Extensions.DependencyInjection.ServiceLookup.CallSiteFactory.GetCallSite(ServiceDescriptor serviceDescriptor, CallSiteChain callSiteChain)
   at Microsoft.Extensions.DependencyInjection.ServiceProvider.ValidateService(ServiceDescriptor descriptor)
----- Inner Stack Trace #2 (System.InvalidOperationException) -----
   at Microsoft.Extensions.DependencyInjection.ServiceProvider.ValidateService(ServiceDescriptor descriptor)
   at Microsoft.Extensions.DependencyInjection.ServiceProvider..ctor(ICollection`1 serviceDescriptors, ServiceProviderOptions options)
----- Inner Stack Trace -----
   at Microsoft.Extensions.DependencyInjection.ServiceLookup.CallSiteFactory.CreateArgumentCallSites(ServiceIdentifier serviceIdentifier, Type implementationType, CallSiteChain callSiteChain, ParameterInfo[] parameters, Boolean throwIfCallSiteNotFound)
   at Microsoft.Extensions.DependencyInjection.ServiceLookup.CallSiteFactory.CreateConstructorCallSite(ResultCache lifetime, ServiceIdentifier serviceIdentifier, Type implementationType, CallSiteChain callSiteChain)
   at Microsoft.Extensions.DependencyInjection.ServiceLookup.CallSiteFactory.TryCreateExact(ServiceDescriptor descriptor, ServiceIdentifier serviceIdentifier, CallSiteChain callSiteChain, Int32 slot)
   at Microsoft.Extensions.DependencyInjection.ServiceLookup.CallSiteFactory.GetCallSite(ServiceDescriptor serviceDescriptor, CallSiteChain callSiteChain)
   at Microsoft.Extensions.DependencyInjection.ServiceProvider.ValidateService(ServiceDescriptor descriptor)
----- Inner Stack Trace #3 (System.InvalidOperationException) -----
   at Microsoft.Extensions.DependencyInjection.ServiceProvider.ValidateService(ServiceDescriptor descriptor)
   at Microsoft.Extensions.DependencyInjection.ServiceProvider..ctor(ICollection`1 serviceDescriptors, ServiceProviderOptions options)
----- Inner Stack Trace -----
   at Microsoft.Extensions.DependencyInjection.ServiceLookup.CallSiteFactory.CreateArgumentCallSites(ServiceIdentifier serviceIdentifier, Type implementationType, CallSiteChain callSiteChain, ParameterInfo[] parameters, Boolean throwIfCallSiteNotFound)
   at Microsoft.Extensions.DependencyInjection.ServiceLookup.CallSiteFactory.CreateConstructorCallSite(ResultCache lifetime, ServiceIdentifier serviceIdentifier, Type implementationType, CallSiteChain callSiteChain)
   at Microsoft.Extensions.DependencyInjection.ServiceLookup.CallSiteFactory.TryCreateExact(ServiceDescriptor descriptor, ServiceIdentifier serviceIdentifier, CallSiteChain callSiteChain, Int32 slot)
   at Microsoft.Extensions.DependencyInjection.ServiceLookup.CallSiteFactory.GetCallSite(ServiceDescriptor serviceDescriptor, CallSiteChain callSiteChain)
   at Microsoft.Extensions.DependencyInjection.ServiceProvider.ValidateService(ServiceDescriptor descriptor)
----- Inner Stack Trace #4 (System.InvalidOperationException) -----
   at Microsoft.Extensions.DependencyInjection.ServiceProvider.ValidateService(ServiceDescriptor descriptor)
   at Microsoft.Extensions.DependencyInjection.ServiceProvider..ctor(ICollection`1 serviceDescriptors, ServiceProviderOptions options)
----- Inner Stack Trace -----
   at Microsoft.Extensions.DependencyInjection.ServiceLookup.CallSiteFactory.CreateArgumentCallSites(ServiceIdentifier serviceIdentifier, Type implementationType, CallSiteChain callSiteChain, ParameterInfo[] parameters, Boolean throwIfCallSiteNotFound)
   at Microsoft.Extensions.DependencyInjection.ServiceLookup.CallSiteFactory.CreateConstructorCallSite(ResultCache lifetime, ServiceIdentifier serviceIdentifier, Type implementationType, CallSiteChain callSiteChain)
   at Microsoft.Extensions.DependencyInjection.ServiceLookup.CallSiteFactory.TryCreateExact(ServiceDescriptor descriptor, ServiceIdentifier serviceIdentifier, CallSiteChain callSiteChain, Int32 slot)
   at Microsoft.Extensions.DependencyInjection.ServiceLookup.CallSiteFactory.TryCreateExact(ServiceIdentifier serviceIdentifier, CallSiteChain callSiteChain)
   at Microsoft.Extensions.DependencyInjection.ServiceLookup.CallSiteFactory.CreateCallSite(ServiceIdentifier serviceIdentifier, CallSiteChain callSiteChain)
   at Microsoft.Extensions.DependencyInjection.ServiceLookup.CallSiteFactory.CreateArgumentCallSites(ServiceIdentifier serviceIdentifier, Type implementationType, CallSiteChain callSiteChain, ParameterInfo[] parameters, Boolean throwIfCallSiteNotFound)
   at Microsoft.Extensions.DependencyInjection.ServiceLookup.CallSiteFactory.CreateConstructorCallSite(ResultCache lifetime, ServiceIdentifier serviceIdentifier, Type implementationType, CallSiteChain callSiteChain)
   at Microsoft.Extensions.DependencyInjection.ServiceLookup.CallSiteFactory.TryCreateExact(ServiceDescriptor descriptor, ServiceIdentifier serviceIdentifier, CallSiteChain callSiteChain, Int32 slot)
   at Microsoft.Extensions.DependencyInjection.ServiceLookup.CallSiteFactory.GetCallSite(ServiceDescriptor serviceDescriptor, CallSiteChain callSiteChain)
   at Microsoft.Extensions.DependencyInjection.ServiceProvider.ValidateService(ServiceDescriptor descriptor)
----- Inner Stack Trace #5 (System.InvalidOperationException) -----
   at Microsoft.Extensions.DependencyInjection.ServiceProvider.ValidateService(ServiceDescriptor descriptor)
   at Microsoft.Extensions.DependencyInjection.ServiceProvider..ctor(ICollection`1 serviceDescriptors, ServiceProviderOptions options)
----- Inner Stack Trace -----
   at Microsoft.Extensions.DependencyInjection.ServiceLookup.CallSiteFactory.CreateArgumentCallSites(ServiceIdentifier serviceIdentifier, Type implementationType, CallSiteChain callSiteChain, ParameterInfo[] parameters, Boolean throwIfCallSiteNotFound)
   at Microsoft.Extensions.DependencyInjection.ServiceLookup.CallSiteFactory.CreateConstructorCallSite(ResultCache lifetime, ServiceIdentifier serviceIdentifier, Type implementationType, CallSiteChain callSiteChain)
   at Microsoft.Extensions.DependencyInjection.ServiceLookup.CallSiteFactory.TryCreateExact(ServiceDescriptor descriptor, ServiceIdentifier serviceIdentifier, CallSiteChain callSiteChain, Int32 slot)
   at Microsoft.Extensions.DependencyInjection.ServiceLookup.CallSiteFactory.GetCallSite(ServiceDescriptor serviceDescriptor, CallSiteChain callSiteChain)
   at Microsoft.Extensions.DependencyInjection.ServiceProvider.ValidateService(ServiceDescriptor descriptor)
  Failed Industrial.Adam.Oee.Tests.Integration.StoppagesControllerIntegrationTests.GetStoppageHistory_WithInvalidPeriod_ReturnsBadRequest(period: -1) [1 ms]
  Error Message:
   System.AggregateException : Some services are not able to be constructed (Error while validating the service descriptor 'ServiceType: Industrial.Adam.Oee.Domain.Interfaces.IJobSequencingService Lifetime: Scoped ImplementationType: Industrial.Adam.Oee.Domain.Services.JobSequencingService': Unable to resolve service for type 'Industrial.Adam.Oee.Domain.Interfaces.IEquipmentLineRepository' while attempting to activate 'Industrial.Adam.Oee.Domain.Services.JobSequencingService'.) (Error while validating the service descriptor 'ServiceType: Industrial.Adam.Oee.Domain.Interfaces.IEquipmentLineService Lifetime: Scoped ImplementationType: Industrial.Adam.Oee.Domain.Services.EquipmentLineService': Unable to resolve service for type 'Industrial.Adam.Oee.Domain.Interfaces.IEquipmentLineRepository' while attempting to activate 'Industrial.Adam.Oee.Domain.Services.EquipmentLineService'.) (Error while validating the service descriptor 'ServiceType: Industrial.Adam.Oee.Domain.Interfaces.IStoppageDetectionService Lifetime: Scoped ImplementationType: Industrial.Adam.Oee.Domain.Services.StoppageDetectionService': Unable to resolve service for type 'Industrial.Adam.Oee.Domain.Interfaces.IEquipmentLineRepository' while attempting to activate 'Industrial.Adam.Oee.Domain.Services.StoppageDetectionService'.) (Error while validating the service descriptor 'ServiceType: MediatR.IRequestHandler`2[Industrial.Adam.Oee.Application.Commands.StartWorkOrderCommand,System.String] Lifetime: Transient ImplementationType: Industrial.Adam.Oee.Application.Commands.Handlers.StartWorkOrderCommandHandler': Unable to resolve service for type 'Industrial.Adam.Oee.Domain.Interfaces.IEquipmentLineRepository' while attempting to activate 'Industrial.Adam.Oee.Domain.Services.JobSequencingService'.) (Error while validating the service descriptor 'ServiceType: Industrial.Adam.Oee.Domain.Interfaces.ISimpleJobQueueService Lifetime: Scoped ImplementationType: Industrial.Adam.Oee.Domain.Services.SimpleJobQueueService': Unable to resolve service for type 'Industrial.Adam.Oee.Domain.Interfaces.ISimpleJobQueueRepository' while attempting to activate 'Industrial.Adam.Oee.Domain.Services.SimpleJobQueueService'.)
---- System.InvalidOperationException : Error while validating the service descriptor 'ServiceType: Industrial.Adam.Oee.Domain.Interfaces.IJobSequencingService Lifetime: Scoped ImplementationType: Industrial.Adam.Oee.Domain.Services.JobSequencingService': Unable to resolve service for type 'Industrial.Adam.Oee.Domain.Interfaces.IEquipmentLineRepository' while attempting to activate 'Industrial.Adam.Oee.Domain.Services.JobSequencingService'.
-------- System.InvalidOperationException : Unable to resolve service for type 'Industrial.Adam.Oee.Domain.Interfaces.IEquipmentLineRepository' while attempting to activate 'Industrial.Adam.Oee.Domain.Services.JobSequencingService'.
---- System.InvalidOperationException : Error while validating the service descriptor 'ServiceType: Industrial.Adam.Oee.Domain.Interfaces.IEquipmentLineService Lifetime: Scoped ImplementationType: Industrial.Adam.Oee.Domain.Services.EquipmentLineService': Unable to resolve service for type 'Industrial.Adam.Oee.Domain.Interfaces.IEquipmentLineRepository' while attempting to activate 'Industrial.Adam.Oee.Domain.Services.EquipmentLineService'.
-------- System.InvalidOperationException : Unable to resolve service for type 'Industrial.Adam.Oee.Domain.Interfaces.IEquipmentLineRepository' while attempting to activate 'Industrial.Adam.Oee.Domain.Services.EquipmentLineService'.
---- System.InvalidOperationException : Error while validating the service descriptor 'ServiceType: Industrial.Adam.Oee.Domain.Interfaces.IStoppageDetectionService Lifetime: Scoped ImplementationType: Industrial.Adam.Oee.Domain.Services.StoppageDetectionService': Unable to resolve service for type 'Industrial.Adam.Oee.Domain.Interfaces.IEquipmentLineRepository' while attempting to activate 'Industrial.Adam.Oee.Domain.Services.StoppageDetectionService'.
-------- System.InvalidOperationException : Unable to resolve service for type 'Industrial.Adam.Oee.Domain.Interfaces.IEquipmentLineRepository' while attempting to activate 'Industrial.Adam.Oee.Domain.Services.StoppageDetectionService'.
---- System.InvalidOperationException : Error while validating the service descriptor 'ServiceType: MediatR.IRequestHandler`2[Industrial.Adam.Oee.Application.Commands.StartWorkOrderCommand,System.String] Lifetime: Transient ImplementationType: Industrial.Adam.Oee.Application.Commands.Handlers.StartWorkOrderCommandHandler': Unable to resolve service for type 'Industrial.Adam.Oee.Domain.Interfaces.IEquipmentLineRepository' while attempting to activate 'Industrial.Adam.Oee.Domain.Services.JobSequencingService'.
-------- System.InvalidOperationException : Unable to resolve service for type 'Industrial.Adam.Oee.Domain.Interfaces.IEquipmentLineRepository' while attempting to activate 'Industrial.Adam.Oee.Domain.Services.JobSequencingService'.
---- System.InvalidOperationException : Error while validating the service descriptor 'ServiceType: Industrial.Adam.Oee.Domain.Interfaces.ISimpleJobQueueService Lifetime: Scoped ImplementationType: Industrial.Adam.Oee.Domain.Services.SimpleJobQueueService': Unable to resolve service for type 'Industrial.Adam.Oee.Domain.Interfaces.ISimpleJobQueueRepository' while attempting to activate 'Industrial.Adam.Oee.Domain.Services.SimpleJobQueueService'.
-------- System.InvalidOperationException : Unable to resolve service for type 'Industrial.Adam.Oee.Domain.Interfaces.ISimpleJobQueueRepository' while attempting to activate 'Industrial.Adam.Oee.Domain.Services.SimpleJobQueueService'.
  Stack Trace:
     at Microsoft.Extensions.DependencyInjection.ServiceProvider..ctor(ICollection`1 serviceDescriptors, ServiceProviderOptions options)
   at Microsoft.Extensions.DependencyInjection.ServiceCollectionContainerBuilderExtensions.BuildServiceProvider(IServiceCollection services, ServiceProviderOptions options)
   at Microsoft.Extensions.Hosting.HostApplicationBuilder.Build()
   at Microsoft.AspNetCore.Builder.WebApplicationBuilder.Build()
   at Program.<Main>$(String[] args) in /home/grant/adam-6000-counter/src/Industrial.Adam.Oee/WebApi/Program.cs:line 89
   at InvokeStub_Program.<Main>$(Object, Span`1)
   at System.Reflection.MethodBaseInvoker.InvokeWithOneArg(Object obj, BindingFlags invokeAttr, Binder binder, Object[] parameters, CultureInfo culture)
--- End of stack trace from previous location ---
   at Microsoft.Extensions.Hosting.HostFactoryResolver.HostingListener.CreateHost()
   at Microsoft.Extensions.Hosting.HostFactoryResolver.<>c__DisplayClass10_0.<ResolveHostFactory>b__0(String[] args)
   at Microsoft.AspNetCore.Mvc.Testing.DeferredHostBuilder.Build()
   at Microsoft.AspNetCore.Mvc.Testing.WebApplicationFactory`1.CreateHost(IHostBuilder builder)
   at Microsoft.AspNetCore.Mvc.Testing.WebApplicationFactory`1.ConfigureHostBuilder(IHostBuilder hostBuilder)
   at Microsoft.AspNetCore.Mvc.Testing.WebApplicationFactory`1.EnsureServer()
   at Microsoft.AspNetCore.Mvc.Testing.WebApplicationFactory`1.CreateDefaultClient(DelegatingHandler[] handlers)
   at Microsoft.AspNetCore.Mvc.Testing.WebApplicationFactory`1.CreateDefaultClient(Uri baseAddress, DelegatingHandler[] handlers)
   at Microsoft.AspNetCore.Mvc.Testing.WebApplicationFactory`1.CreateClient(WebApplicationFactoryClientOptions options)
   at Microsoft.AspNetCore.Mvc.Testing.WebApplicationFactory`1.CreateClient()
   at Industrial.Adam.Oee.Tests.Integration.StoppagesControllerIntegrationTests..ctor(WebApplicationFactory`1 factory) in /home/grant/adam-6000-counter/src/Industrial.Adam.Oee/Tests/Integration/StoppagesControllerIntegrationTests.cs:line 21
   at InvokeStub_StoppagesControllerIntegrationTests..ctor(Object, Span`1)
   at System.Reflection.MethodBaseInvoker.InvokeWithOneArg(Object obj, BindingFlags invokeAttr, Binder binder, Object[] parameters, CultureInfo culture)
----- Inner Stack Trace #1 (System.InvalidOperationException) -----
   at Microsoft.Extensions.DependencyInjection.ServiceProvider.ValidateService(ServiceDescriptor descriptor)
   at Microsoft.Extensions.DependencyInjection.ServiceProvider..ctor(ICollection`1 serviceDescriptors, ServiceProviderOptions options)
----- Inner Stack Trace -----
   at Microsoft.Extensions.DependencyInjection.ServiceLookup.CallSiteFactory.CreateArgumentCallSites(ServiceIdentifier serviceIdentifier, Type implementationType, CallSiteChain callSiteChain, ParameterInfo[] parameters, Boolean throwIfCallSiteNotFound)
   at Microsoft.Extensions.DependencyInjection.ServiceLookup.CallSiteFactory.CreateConstructorCallSite(ResultCache lifetime, ServiceIdentifier serviceIdentifier, Type implementationType, CallSiteChain callSiteChain)
   at Microsoft.Extensions.DependencyInjection.ServiceLookup.CallSiteFactory.TryCreateExact(ServiceDescriptor descriptor, ServiceIdentifier serviceIdentifier, CallSiteChain callSiteChain, Int32 slot)
   at Microsoft.Extensions.DependencyInjection.ServiceLookup.CallSiteFactory.GetCallSite(ServiceDescriptor serviceDescriptor, CallSiteChain callSiteChain)
   at Microsoft.Extensions.DependencyInjection.ServiceProvider.ValidateService(ServiceDescriptor descriptor)
----- Inner Stack Trace #2 (System.InvalidOperationException) -----
   at Microsoft.Extensions.DependencyInjection.ServiceProvider.ValidateService(ServiceDescriptor descriptor)
   at Microsoft.Extensions.DependencyInjection.ServiceProvider..ctor(ICollection`1 serviceDescriptors, ServiceProviderOptions options)
----- Inner Stack Trace -----
   at Microsoft.Extensions.DependencyInjection.ServiceLookup.CallSiteFactory.CreateArgumentCallSites(ServiceIdentifier serviceIdentifier, Type implementationType, CallSiteChain callSiteChain, ParameterInfo[] parameters, Boolean throwIfCallSiteNotFound)
   at Microsoft.Extensions.DependencyInjection.ServiceLookup.CallSiteFactory.CreateConstructorCallSite(ResultCache lifetime, ServiceIdentifier serviceIdentifier, Type implementationType, CallSiteChain callSiteChain)
   at Microsoft.Extensions.DependencyInjection.ServiceLookup.CallSiteFactory.TryCreateExact(ServiceDescriptor descriptor, ServiceIdentifier serviceIdentifier, CallSiteChain callSiteChain, Int32 slot)
   at Microsoft.Extensions.DependencyInjection.ServiceLookup.CallSiteFactory.GetCallSite(ServiceDescriptor serviceDescriptor, CallSiteChain callSiteChain)
   at Microsoft.Extensions.DependencyInjection.ServiceProvider.ValidateService(ServiceDescriptor descriptor)
----- Inner Stack Trace #3 (System.InvalidOperationException) -----
   at Microsoft.Extensions.DependencyInjection.ServiceProvider.ValidateService(ServiceDescriptor descriptor)
   at Microsoft.Extensions.DependencyInjection.ServiceProvider..ctor(ICollection`1 serviceDescriptors, ServiceProviderOptions options)
----- Inner Stack Trace -----
   at Microsoft.Extensions.DependencyInjection.ServiceLookup.CallSiteFactory.CreateArgumentCallSites(ServiceIdentifier serviceIdentifier, Type implementationType, CallSiteChain callSiteChain, ParameterInfo[] parameters, Boolean throwIfCallSiteNotFound)
   at Microsoft.Extensions.DependencyInjection.ServiceLookup.CallSiteFactory.CreateConstructorCallSite(ResultCache lifetime, ServiceIdentifier serviceIdentifier, Type implementationType, CallSiteChain callSiteChain)
   at Microsoft.Extensions.DependencyInjection.ServiceLookup.CallSiteFactory.TryCreateExact(ServiceDescriptor descriptor, ServiceIdentifier serviceIdentifier, CallSiteChain callSiteChain, Int32 slot)
   at Microsoft.Extensions.DependencyInjection.ServiceLookup.CallSiteFactory.GetCallSite(ServiceDescriptor serviceDescriptor, CallSiteChain callSiteChain)
   at Microsoft.Extensions.DependencyInjection.ServiceProvider.ValidateService(ServiceDescriptor descriptor)
----- Inner Stack Trace #4 (System.InvalidOperationException) -----
   at Microsoft.Extensions.DependencyInjection.ServiceProvider.ValidateService(ServiceDescriptor descriptor)
   at Microsoft.Extensions.DependencyInjection.ServiceProvider..ctor(ICollection`1 serviceDescriptors, ServiceProviderOptions options)
----- Inner Stack Trace -----
   at Microsoft.Extensions.DependencyInjection.ServiceLookup.CallSiteFactory.CreateArgumentCallSites(ServiceIdentifier serviceIdentifier, Type implementationType, CallSiteChain callSiteChain, ParameterInfo[] parameters, Boolean throwIfCallSiteNotFound)
   at Microsoft.Extensions.DependencyInjection.ServiceLookup.CallSiteFactory.CreateConstructorCallSite(ResultCache lifetime, ServiceIdentifier serviceIdentifier, Type implementationType, CallSiteChain callSiteChain)
   at Microsoft.Extensions.DependencyInjection.ServiceLookup.CallSiteFactory.TryCreateExact(ServiceDescriptor descriptor, ServiceIdentifier serviceIdentifier, CallSiteChain callSiteChain, Int32 slot)
   at Microsoft.Extensions.DependencyInjection.ServiceLookup.CallSiteFactory.TryCreateExact(ServiceIdentifier serviceIdentifier, CallSiteChain callSiteChain)
   at Microsoft.Extensions.DependencyInjection.ServiceLookup.CallSiteFactory.CreateCallSite(ServiceIdentifier serviceIdentifier, CallSiteChain callSiteChain)
   at Microsoft.Extensions.DependencyInjection.ServiceLookup.CallSiteFactory.CreateArgumentCallSites(ServiceIdentifier serviceIdentifier, Type implementationType, CallSiteChain callSiteChain, ParameterInfo[] parameters, Boolean throwIfCallSiteNotFound)
   at Microsoft.Extensions.DependencyInjection.ServiceLookup.CallSiteFactory.CreateConstructorCallSite(ResultCache lifetime, ServiceIdentifier serviceIdentifier, Type implementationType, CallSiteChain callSiteChain)
   at Microsoft.Extensions.DependencyInjection.ServiceLookup.CallSiteFactory.TryCreateExact(ServiceDescriptor descriptor, ServiceIdentifier serviceIdentifier, CallSiteChain callSiteChain, Int32 slot)
   at Microsoft.Extensions.DependencyInjection.ServiceLookup.CallSiteFactory.GetCallSite(ServiceDescriptor serviceDescriptor, CallSiteChain callSiteChain)
   at Microsoft.Extensions.DependencyInjection.ServiceProvider.ValidateService(ServiceDescriptor descriptor)
----- Inner Stack Trace #5 (System.InvalidOperationException) -----
   at Microsoft.Extensions.DependencyInjection.ServiceProvider.ValidateService(ServiceDescriptor descriptor)
   at Microsoft.Extensions.DependencyInjection.ServiceProvider..ctor(ICollection`1 serviceDescriptors, ServiceProviderOptions options)
----- Inner Stack Trace -----
   at Microsoft.Extensions.DependencyInjection.ServiceLookup.CallSiteFactory.CreateArgumentCallSites(ServiceIdentifier serviceIdentifier, Type implementationType, CallSiteChain callSiteChain, ParameterInfo[] parameters, Boolean throwIfCallSiteNotFound)
   at Microsoft.Extensions.DependencyInjection.ServiceLookup.CallSiteFactory.CreateConstructorCallSite(ResultCache lifetime, ServiceIdentifier serviceIdentifier, Type implementationType, CallSiteChain callSiteChain)
   at Microsoft.Extensions.DependencyInjection.ServiceLookup.CallSiteFactory.TryCreateExact(ServiceDescriptor descriptor, ServiceIdentifier serviceIdentifier, CallSiteChain callSiteChain, Int32 slot)
   at Microsoft.Extensions.DependencyInjection.ServiceLookup.CallSiteFactory.GetCallSite(ServiceDescriptor serviceDescriptor, CallSiteChain callSiteChain)
   at Microsoft.Extensions.DependencyInjection.ServiceProvider.ValidateService(ServiceDescriptor descriptor)
  Failed Industrial.Adam.Oee.Tests.Integration.StoppagesControllerIntegrationTests.GetCurrentStoppage_WithValidDeviceId_ReturnsStoppageOrNoContent [1 ms]
  Error Message:
   System.AggregateException : Some services are not able to be constructed (Error while validating the service descriptor 'ServiceType: Industrial.Adam.Oee.Domain.Interfaces.IJobSequencingService Lifetime: Scoped ImplementationType: Industrial.Adam.Oee.Domain.Services.JobSequencingService': Unable to resolve service for type 'Industrial.Adam.Oee.Domain.Interfaces.IEquipmentLineRepository' while attempting to activate 'Industrial.Adam.Oee.Domain.Services.JobSequencingService'.) (Error while validating the service descriptor 'ServiceType: Industrial.Adam.Oee.Domain.Interfaces.IEquipmentLineService Lifetime: Scoped ImplementationType: Industrial.Adam.Oee.Domain.Services.EquipmentLineService': Unable to resolve service for type 'Industrial.Adam.Oee.Domain.Interfaces.IEquipmentLineRepository' while attempting to activate 'Industrial.Adam.Oee.Domain.Services.EquipmentLineService'.) (Error while validating the service descriptor 'ServiceType: Industrial.Adam.Oee.Domain.Interfaces.IStoppageDetectionService Lifetime: Scoped ImplementationType: Industrial.Adam.Oee.Domain.Services.StoppageDetectionService': Unable to resolve service for type 'Industrial.Adam.Oee.Domain.Interfaces.IEquipmentLineRepository' while attempting to activate 'Industrial.Adam.Oee.Domain.Services.StoppageDetectionService'.) (Error while validating the service descriptor 'ServiceType: MediatR.IRequestHandler`2[Industrial.Adam.Oee.Application.Commands.StartWorkOrderCommand,System.String] Lifetime: Transient ImplementationType: Industrial.Adam.Oee.Application.Commands.Handlers.StartWorkOrderCommandHandler': Unable to resolve service for type 'Industrial.Adam.Oee.Domain.Interfaces.IEquipmentLineRepository' while attempting to activate 'Industrial.Adam.Oee.Domain.Services.JobSequencingService'.) (Error while validating the service descriptor 'ServiceType: Industrial.Adam.Oee.Domain.Interfaces.ISimpleJobQueueService Lifetime: Scoped ImplementationType: Industrial.Adam.Oee.Domain.Services.SimpleJobQueueService': Unable to resolve service for type 'Industrial.Adam.Oee.Domain.Interfaces.ISimpleJobQueueRepository' while attempting to activate 'Industrial.Adam.Oee.Domain.Services.SimpleJobQueueService'.)
---- System.InvalidOperationException : Error while validating the service descriptor 'ServiceType: Industrial.Adam.Oee.Domain.Interfaces.IJobSequencingService Lifetime: Scoped ImplementationType: Industrial.Adam.Oee.Domain.Services.JobSequencingService': Unable to resolve service for type 'Industrial.Adam.Oee.Domain.Interfaces.IEquipmentLineRepository' while attempting to activate 'Industrial.Adam.Oee.Domain.Services.JobSequencingService'.
-------- System.InvalidOperationException : Unable to resolve service for type 'Industrial.Adam.Oee.Domain.Interfaces.IEquipmentLineRepository' while attempting to activate 'Industrial.Adam.Oee.Domain.Services.JobSequencingService'.
---- System.InvalidOperationException : Error while validating the service descriptor 'ServiceType: Industrial.Adam.Oee.Domain.Interfaces.IEquipmentLineService Lifetime: Scoped ImplementationType: Industrial.Adam.Oee.Domain.Services.EquipmentLineService': Unable to resolve service for type 'Industrial.Adam.Oee.Domain.Interfaces.IEquipmentLineRepository' while attempting to activate 'Industrial.Adam.Oee.Domain.Services.EquipmentLineService'.
-------- System.InvalidOperationException : Unable to resolve service for type 'Industrial.Adam.Oee.Domain.Interfaces.IEquipmentLineRepository' while attempting to activate 'Industrial.Adam.Oee.Domain.Services.EquipmentLineService'.
---- System.InvalidOperationException : Error while validating the service descriptor 'ServiceType: Industrial.Adam.Oee.Domain.Interfaces.IStoppageDetectionService Lifetime: Scoped ImplementationType: Industrial.Adam.Oee.Domain.Services.StoppageDetectionService': Unable to resolve service for type 'Industrial.Adam.Oee.Domain.Interfaces.IEquipmentLineRepository' while attempting to activate 'Industrial.Adam.Oee.Domain.Services.StoppageDetectionService'.
-------- System.InvalidOperationException : Unable to resolve service for type 'Industrial.Adam.Oee.Domain.Interfaces.IEquipmentLineRepository' while attempting to activate 'Industrial.Adam.Oee.Domain.Services.StoppageDetectionService'.
---- System.InvalidOperationException : Error while validating the service descriptor 'ServiceType: MediatR.IRequestHandler`2[Industrial.Adam.Oee.Application.Commands.StartWorkOrderCommand,System.String] Lifetime: Transient ImplementationType: Industrial.Adam.Oee.Application.Commands.Handlers.StartWorkOrderCommandHandler': Unable to resolve service for type 'Industrial.Adam.Oee.Domain.Interfaces.IEquipmentLineRepository' while attempting to activate 'Industrial.Adam.Oee.Domain.Services.JobSequencingService'.
-------- System.InvalidOperationException : Unable to resolve service for type 'Industrial.Adam.Oee.Domain.Interfaces.IEquipmentLineRepository' while attempting to activate 'Industrial.Adam.Oee.Domain.Services.JobSequencingService'.
---- System.InvalidOperationException : Error while validating the service descriptor 'ServiceType: Industrial.Adam.Oee.Domain.Interfaces.ISimpleJobQueueService Lifetime: Scoped ImplementationType: Industrial.Adam.Oee.Domain.Services.SimpleJobQueueService': Unable to resolve service for type 'Industrial.Adam.Oee.Domain.Interfaces.ISimpleJobQueueRepository' while attempting to activate 'Industrial.Adam.Oee.Domain.Services.SimpleJobQueueService'.
-------- System.InvalidOperationException : Unable to resolve service for type 'Industrial.Adam.Oee.Domain.Interfaces.ISimpleJobQueueRepository' while attempting to activate 'Industrial.Adam.Oee.Domain.Services.SimpleJobQueueService'.
  Stack Trace:
     at Microsoft.Extensions.DependencyInjection.ServiceProvider..ctor(ICollection`1 serviceDescriptors, ServiceProviderOptions options)
   at Microsoft.Extensions.DependencyInjection.ServiceCollectionContainerBuilderExtensions.BuildServiceProvider(IServiceCollection services, ServiceProviderOptions options)
   at Microsoft.Extensions.Hosting.HostApplicationBuilder.Build()
   at Microsoft.AspNetCore.Builder.WebApplicationBuilder.Build()
   at Program.<Main>$(String[] args) in /home/grant/adam-6000-counter/src/Industrial.Adam.Oee/WebApi/Program.cs:line 89
   at InvokeStub_Program.<Main>$(Object, Span`1)
   at System.Reflection.MethodBaseInvoker.InvokeWithOneArg(Object obj, BindingFlags invokeAttr, Binder binder, Object[] parameters, CultureInfo culture)
--- End of stack trace from previous location ---
   at Microsoft.Extensions.Hosting.HostFactoryResolver.HostingListener.CreateHost()
   at Microsoft.Extensions.Hosting.HostFactoryResolver.<>c__DisplayClass10_0.<ResolveHostFactory>b__0(String[] args)
   at Microsoft.AspNetCore.Mvc.Testing.DeferredHostBuilder.Build()
   at Microsoft.AspNetCore.Mvc.Testing.WebApplicationFactory`1.CreateHost(IHostBuilder builder)
   at Microsoft.AspNetCore.Mvc.Testing.WebApplicationFactory`1.ConfigureHostBuilder(IHostBuilder hostBuilder)
   at Microsoft.AspNetCore.Mvc.Testing.WebApplicationFactory`1.EnsureServer()
   at Microsoft.AspNetCore.Mvc.Testing.WebApplicationFactory`1.CreateDefaultClient(DelegatingHandler[] handlers)
   at Microsoft.AspNetCore.Mvc.Testing.WebApplicationFactory`1.CreateDefaultClient(Uri baseAddress, DelegatingHandler[] handlers)
   at Microsoft.AspNetCore.Mvc.Testing.WebApplicationFactory`1.CreateClient(WebApplicationFactoryClientOptions options)
   at Microsoft.AspNetCore.Mvc.Testing.WebApplicationFactory`1.CreateClient()
   at Industrial.Adam.Oee.Tests.Integration.StoppagesControllerIntegrationTests..ctor(WebApplicationFactory`1 factory) in /home/grant/adam-6000-counter/src/Industrial.Adam.Oee/Tests/Integration/StoppagesControllerIntegrationTests.cs:line 21
   at InvokeStub_StoppagesControllerIntegrationTests..ctor(Object, Span`1)
   at System.Reflection.MethodBaseInvoker.InvokeWithOneArg(Object obj, BindingFlags invokeAttr, Binder binder, Object[] parameters, CultureInfo culture)
----- Inner Stack Trace #1 (System.InvalidOperationException) -----
   at Microsoft.Extensions.DependencyInjection.ServiceProvider.ValidateService(ServiceDescriptor descriptor)
   at Microsoft.Extensions.DependencyInjection.ServiceProvider..ctor(ICollection`1 serviceDescriptors, ServiceProviderOptions options)
----- Inner Stack Trace -----
   at Microsoft.Extensions.DependencyInjection.ServiceLookup.CallSiteFactory.CreateArgumentCallSites(ServiceIdentifier serviceIdentifier, Type implementationType, CallSiteChain callSiteChain, ParameterInfo[] parameters, Boolean throwIfCallSiteNotFound)
   at Microsoft.Extensions.DependencyInjection.ServiceLookup.CallSiteFactory.CreateConstructorCallSite(ResultCache lifetime, ServiceIdentifier serviceIdentifier, Type implementationType, CallSiteChain callSiteChain)
   at Microsoft.Extensions.DependencyInjection.ServiceLookup.CallSiteFactory.TryCreateExact(ServiceDescriptor descriptor, ServiceIdentifier serviceIdentifier, CallSiteChain callSiteChain, Int32 slot)
   at Microsoft.Extensions.DependencyInjection.ServiceLookup.CallSiteFactory.GetCallSite(ServiceDescriptor serviceDescriptor, CallSiteChain callSiteChain)
   at Microsoft.Extensions.DependencyInjection.ServiceProvider.ValidateService(ServiceDescriptor descriptor)
----- Inner Stack Trace #2 (System.InvalidOperationException) -----
   at Microsoft.Extensions.DependencyInjection.ServiceProvider.ValidateService(ServiceDescriptor descriptor)
   at Microsoft.Extensions.DependencyInjection.ServiceProvider..ctor(ICollection`1 serviceDescriptors, ServiceProviderOptions options)
----- Inner Stack Trace -----
   at Microsoft.Extensions.DependencyInjection.ServiceLookup.CallSiteFactory.CreateArgumentCallSites(ServiceIdentifier serviceIdentifier, Type implementationType, CallSiteChain callSiteChain, ParameterInfo[] parameters, Boolean throwIfCallSiteNotFound)
   at Microsoft.Extensions.DependencyInjection.ServiceLookup.CallSiteFactory.CreateConstructorCallSite(ResultCache lifetime, ServiceIdentifier serviceIdentifier, Type implementationType, CallSiteChain callSiteChain)
   at Microsoft.Extensions.DependencyInjection.ServiceLookup.CallSiteFactory.TryCreateExact(ServiceDescriptor descriptor, ServiceIdentifier serviceIdentifier, CallSiteChain callSiteChain, Int32 slot)
   at Microsoft.Extensions.DependencyInjection.ServiceLookup.CallSiteFactory.GetCallSite(ServiceDescriptor serviceDescriptor, CallSiteChain callSiteChain)
   at Microsoft.Extensions.DependencyInjection.ServiceProvider.ValidateService(ServiceDescriptor descriptor)
----- Inner Stack Trace #3 (System.InvalidOperationException) -----
   at Microsoft.Extensions.DependencyInjection.ServiceProvider.ValidateService(ServiceDescriptor descriptor)
   at Microsoft.Extensions.DependencyInjection.ServiceProvider..ctor(ICollection`1 serviceDescriptors, ServiceProviderOptions options)
----- Inner Stack Trace -----
   at Microsoft.Extensions.DependencyInjection.ServiceLookup.CallSiteFactory.CreateArgumentCallSites(ServiceIdentifier serviceIdentifier, Type implementationType, CallSiteChain callSiteChain, ParameterInfo[] parameters, Boolean throwIfCallSiteNotFound)
   at Microsoft.Extensions.DependencyInjection.ServiceLookup.CallSiteFactory.CreateConstructorCallSite(ResultCache lifetime, ServiceIdentifier serviceIdentifier, Type implementationType, CallSiteChain callSiteChain)
   at Microsoft.Extensions.DependencyInjection.ServiceLookup.CallSiteFactory.TryCreateExact(ServiceDescriptor descriptor, ServiceIdentifier serviceIdentifier, CallSiteChain callSiteChain, Int32 slot)
   at Microsoft.Extensions.DependencyInjection.ServiceLookup.CallSiteFactory.GetCallSite(ServiceDescriptor serviceDescriptor, CallSiteChain callSiteChain)
   at Microsoft.Extensions.DependencyInjection.ServiceProvider.ValidateService(ServiceDescriptor descriptor)
----- Inner Stack Trace #4 (System.InvalidOperationException) -----
   at Microsoft.Extensions.DependencyInjection.ServiceProvider.ValidateService(ServiceDescriptor descriptor)
   at Microsoft.Extensions.DependencyInjection.ServiceProvider..ctor(ICollection`1 serviceDescriptors, ServiceProviderOptions options)
----- Inner Stack Trace -----
   at Microsoft.Extensions.DependencyInjection.ServiceLookup.CallSiteFactory.CreateArgumentCallSites(ServiceIdentifier serviceIdentifier, Type implementationType, CallSiteChain callSiteChain, ParameterInfo[] parameters, Boolean throwIfCallSiteNotFound)
   at Microsoft.Extensions.DependencyInjection.ServiceLookup.CallSiteFactory.CreateConstructorCallSite(ResultCache lifetime, ServiceIdentifier serviceIdentifier, Type implementationType, CallSiteChain callSiteChain)
   at Microsoft.Extensions.DependencyInjection.ServiceLookup.CallSiteFactory.TryCreateExact(ServiceDescriptor descriptor, ServiceIdentifier serviceIdentifier, CallSiteChain callSiteChain, Int32 slot)
   at Microsoft.Extensions.DependencyInjection.ServiceLookup.CallSiteFactory.TryCreateExact(ServiceIdentifier serviceIdentifier, CallSiteChain callSiteChain)
   at Microsoft.Extensions.DependencyInjection.ServiceLookup.CallSiteFactory.CreateCallSite(ServiceIdentifier serviceIdentifier, CallSiteChain callSiteChain)
   at Microsoft.Extensions.DependencyInjection.ServiceLookup.CallSiteFactory.CreateArgumentCallSites(ServiceIdentifier serviceIdentifier, Type implementationType, CallSiteChain callSiteChain, ParameterInfo[] parameters, Boolean throwIfCallSiteNotFound)
   at Microsoft.Extensions.DependencyInjection.ServiceLookup.CallSiteFactory.CreateConstructorCallSite(ResultCache lifetime, ServiceIdentifier serviceIdentifier, Type implementationType, CallSiteChain callSiteChain)
   at Microsoft.Extensions.DependencyInjection.ServiceLookup.CallSiteFactory.TryCreateExact(ServiceDescriptor descriptor, ServiceIdentifier serviceIdentifier, CallSiteChain callSiteChain, Int32 slot)
   at Microsoft.Extensions.DependencyInjection.ServiceLookup.CallSiteFactory.GetCallSite(ServiceDescriptor serviceDescriptor, CallSiteChain callSiteChain)
   at Microsoft.Extensions.DependencyInjection.ServiceProvider.ValidateService(ServiceDescriptor descriptor)
----- Inner Stack Trace #5 (System.InvalidOperationException) -----
   at Microsoft.Extensions.DependencyInjection.ServiceProvider.ValidateService(ServiceDescriptor descriptor)
   at Microsoft.Extensions.DependencyInjection.ServiceProvider..ctor(ICollection`1 serviceDescriptors, ServiceProviderOptions options)
----- Inner Stack Trace -----
   at Microsoft.Extensions.DependencyInjection.ServiceLookup.CallSiteFactory.CreateArgumentCallSites(ServiceIdentifier serviceIdentifier, Type implementationType, CallSiteChain callSiteChain, ParameterInfo[] parameters, Boolean throwIfCallSiteNotFound)
   at Microsoft.Extensions.DependencyInjection.ServiceLookup.CallSiteFactory.CreateConstructorCallSite(ResultCache lifetime, ServiceIdentifier serviceIdentifier, Type implementationType, CallSiteChain callSiteChain)
   at Microsoft.Extensions.DependencyInjection.ServiceLookup.CallSiteFactory.TryCreateExact(ServiceDescriptor descriptor, ServiceIdentifier serviceIdentifier, CallSiteChain callSiteChain, Int32 slot)
   at Microsoft.Extensions.DependencyInjection.ServiceLookup.CallSiteFactory.GetCallSite(ServiceDescriptor serviceDescriptor, CallSiteChain callSiteChain)
   at Microsoft.Extensions.DependencyInjection.ServiceProvider.ValidateService(ServiceDescriptor descriptor)
  Failed Industrial.Adam.Oee.Tests.Integration.StoppagesControllerIntegrationTests.GetStoppageHistory_WithCustomTimeRange_ReturnsCorrectResponse [1 ms]
  Error Message:
   System.AggregateException : Some services are not able to be constructed (Error while validating the service descriptor 'ServiceType: Industrial.Adam.Oee.Domain.Interfaces.IJobSequencingService Lifetime: Scoped ImplementationType: Industrial.Adam.Oee.Domain.Services.JobSequencingService': Unable to resolve service for type 'Industrial.Adam.Oee.Domain.Interfaces.IEquipmentLineRepository' while attempting to activate 'Industrial.Adam.Oee.Domain.Services.JobSequencingService'.) (Error while validating the service descriptor 'ServiceType: Industrial.Adam.Oee.Domain.Interfaces.IEquipmentLineService Lifetime: Scoped ImplementationType: Industrial.Adam.Oee.Domain.Services.EquipmentLineService': Unable to resolve service for type 'Industrial.Adam.Oee.Domain.Interfaces.IEquipmentLineRepository' while attempting to activate 'Industrial.Adam.Oee.Domain.Services.EquipmentLineService'.) (Error while validating the service descriptor 'ServiceType: Industrial.Adam.Oee.Domain.Interfaces.IStoppageDetectionService Lifetime: Scoped ImplementationType: Industrial.Adam.Oee.Domain.Services.StoppageDetectionService': Unable to resolve service for type 'Industrial.Adam.Oee.Domain.Interfaces.IEquipmentLineRepository' while attempting to activate 'Industrial.Adam.Oee.Domain.Services.StoppageDetectionService'.) (Error while validating the service descriptor 'ServiceType: MediatR.IRequestHandler`2[Industrial.Adam.Oee.Application.Commands.StartWorkOrderCommand,System.String] Lifetime: Transient ImplementationType: Industrial.Adam.Oee.Application.Commands.Handlers.StartWorkOrderCommandHandler': Unable to resolve service for type 'Industrial.Adam.Oee.Domain.Interfaces.IEquipmentLineRepository' while attempting to activate 'Industrial.Adam.Oee.Domain.Services.JobSequencingService'.) (Error while validating the service descriptor 'ServiceType: Industrial.Adam.Oee.Domain.Interfaces.ISimpleJobQueueService Lifetime: Scoped ImplementationType: Industrial.Adam.Oee.Domain.Services.SimpleJobQueueService': Unable to resolve service for type 'Industrial.Adam.Oee.Domain.Interfaces.ISimpleJobQueueRepository' while attempting to activate 'Industrial.Adam.Oee.Domain.Services.SimpleJobQueueService'.)
---- System.InvalidOperationException : Error while validating the service descriptor 'ServiceType: Industrial.Adam.Oee.Domain.Interfaces.IJobSequencingService Lifetime: Scoped ImplementationType: Industrial.Adam.Oee.Domain.Services.JobSequencingService': Unable to resolve service for type 'Industrial.Adam.Oee.Domain.Interfaces.IEquipmentLineRepository' while attempting to activate 'Industrial.Adam.Oee.Domain.Services.JobSequencingService'.
-------- System.InvalidOperationException : Unable to resolve service for type 'Industrial.Adam.Oee.Domain.Interfaces.IEquipmentLineRepository' while attempting to activate 'Industrial.Adam.Oee.Domain.Services.JobSequencingService'.
---- System.InvalidOperationException : Error while validating the service descriptor 'ServiceType: Industrial.Adam.Oee.Domain.Interfaces.IEquipmentLineService Lifetime: Scoped ImplementationType: Industrial.Adam.Oee.Domain.Services.EquipmentLineService': Unable to resolve service for type 'Industrial.Adam.Oee.Domain.Interfaces.IEquipmentLineRepository' while attempting to activate 'Industrial.Adam.Oee.Domain.Services.EquipmentLineService'.
-------- System.InvalidOperationException : Unable to resolve service for type 'Industrial.Adam.Oee.Domain.Interfaces.IEquipmentLineRepository' while attempting to activate 'Industrial.Adam.Oee.Domain.Services.EquipmentLineService'.
---- System.InvalidOperationException : Error while validating the service descriptor 'ServiceType: Industrial.Adam.Oee.Domain.Interfaces.IStoppageDetectionService Lifetime: Scoped ImplementationType: Industrial.Adam.Oee.Domain.Services.StoppageDetectionService': Unable to resolve service for type 'Industrial.Adam.Oee.Domain.Interfaces.IEquipmentLineRepository' while attempting to activate 'Industrial.Adam.Oee.Domain.Services.StoppageDetectionService'.
-------- System.InvalidOperationException : Unable to resolve service for type 'Industrial.Adam.Oee.Domain.Interfaces.IEquipmentLineRepository' while attempting to activate 'Industrial.Adam.Oee.Domain.Services.StoppageDetectionService'.
---- System.InvalidOperationException : Error while validating the service descriptor 'ServiceType: MediatR.IRequestHandler`2[Industrial.Adam.Oee.Application.Commands.StartWorkOrderCommand,System.String] Lifetime: Transient ImplementationType: Industrial.Adam.Oee.Application.Commands.Handlers.StartWorkOrderCommandHandler': Unable to resolve service for type 'Industrial.Adam.Oee.Domain.Interfaces.IEquipmentLineRepository' while attempting to activate 'Industrial.Adam.Oee.Domain.Services.JobSequencingService'.
-------- System.InvalidOperationException : Unable to resolve service for type 'Industrial.Adam.Oee.Domain.Interfaces.IEquipmentLineRepository' while attempting to activate 'Industrial.Adam.Oee.Domain.Services.JobSequencingService'.
---- System.InvalidOperationException : Error while validating the service descriptor 'ServiceType: Industrial.Adam.Oee.Domain.Interfaces.ISimpleJobQueueService Lifetime: Scoped ImplementationType: Industrial.Adam.Oee.Domain.Services.SimpleJobQueueService': Unable to resolve service for type 'Industrial.Adam.Oee.Domain.Interfaces.ISimpleJobQueueRepository' while attempting to activate 'Industrial.Adam.Oee.Domain.Services.SimpleJobQueueService'.
-------- System.InvalidOperationException : Unable to resolve service for type 'Industrial.Adam.Oee.Domain.Interfaces.ISimpleJobQueueRepository' while attempting to activate 'Industrial.Adam.Oee.Domain.Services.SimpleJobQueueService'.
  Stack Trace:
     at Microsoft.Extensions.DependencyInjection.ServiceProvider..ctor(ICollection`1 serviceDescriptors, ServiceProviderOptions options)
   at Microsoft.Extensions.DependencyInjection.ServiceCollectionContainerBuilderExtensions.BuildServiceProvider(IServiceCollection services, ServiceProviderOptions options)
   at Microsoft.Extensions.Hosting.HostApplicationBuilder.Build()
   at Microsoft.AspNetCore.Builder.WebApplicationBuilder.Build()
   at Program.<Main>$(String[] args) in /home/grant/adam-6000-counter/src/Industrial.Adam.Oee/WebApi/Program.cs:line 89
   at InvokeStub_Program.<Main>$(Object, Span`1)
   at System.Reflection.MethodBaseInvoker.InvokeWithOneArg(Object obj, BindingFlags invokeAttr, Binder binder, Object[] parameters, CultureInfo culture)
--- End of stack trace from previous location ---
   at Microsoft.Extensions.Hosting.HostFactoryResolver.HostingListener.CreateHost()
   at Microsoft.Extensions.Hosting.HostFactoryResolver.<>c__DisplayClass10_0.<ResolveHostFactory>b__0(String[] args)
   at Microsoft.AspNetCore.Mvc.Testing.DeferredHostBuilder.Build()
   at Microsoft.AspNetCore.Mvc.Testing.WebApplicationFactory`1.CreateHost(IHostBuilder builder)
   at Microsoft.AspNetCore.Mvc.Testing.WebApplicationFactory`1.ConfigureHostBuilder(IHostBuilder hostBuilder)
   at Microsoft.AspNetCore.Mvc.Testing.WebApplicationFactory`1.EnsureServer()
   at Microsoft.AspNetCore.Mvc.Testing.WebApplicationFactory`1.CreateDefaultClient(DelegatingHandler[] handlers)
   at Microsoft.AspNetCore.Mvc.Testing.WebApplicationFactory`1.CreateDefaultClient(Uri baseAddress, DelegatingHandler[] handlers)
   at Microsoft.AspNetCore.Mvc.Testing.WebApplicationFactory`1.CreateClient(WebApplicationFactoryClientOptions options)
   at Microsoft.AspNetCore.Mvc.Testing.WebApplicationFactory`1.CreateClient()
   at Industrial.Adam.Oee.Tests.Integration.StoppagesControllerIntegrationTests..ctor(WebApplicationFactory`1 factory) in /home/grant/adam-6000-counter/src/Industrial.Adam.Oee/Tests/Integration/StoppagesControllerIntegrationTests.cs:line 21
   at InvokeStub_StoppagesControllerIntegrationTests..ctor(Object, Span`1)
   at System.Reflection.MethodBaseInvoker.InvokeWithOneArg(Object obj, BindingFlags invokeAttr, Binder binder, Object[] parameters, CultureInfo culture)
----- Inner Stack Trace #1 (System.InvalidOperationException) -----
   at Microsoft.Extensions.DependencyInjection.ServiceProvider.ValidateService(ServiceDescriptor descriptor)
   at Microsoft.Extensions.DependencyInjection.ServiceProvider..ctor(ICollection`1 serviceDescriptors, ServiceProviderOptions options)
----- Inner Stack Trace -----
   at Microsoft.Extensions.DependencyInjection.ServiceLookup.CallSiteFactory.CreateArgumentCallSites(ServiceIdentifier serviceIdentifier, Type implementationType, CallSiteChain callSiteChain, ParameterInfo[] parameters, Boolean throwIfCallSiteNotFound)
   at Microsoft.Extensions.DependencyInjection.ServiceLookup.CallSiteFactory.CreateConstructorCallSite(ResultCache lifetime, ServiceIdentifier serviceIdentifier, Type implementationType, CallSiteChain callSiteChain)
   at Microsoft.Extensions.DependencyInjection.ServiceLookup.CallSiteFactory.TryCreateExact(ServiceDescriptor descriptor, ServiceIdentifier serviceIdentifier, CallSiteChain callSiteChain, Int32 slot)
   at Microsoft.Extensions.DependencyInjection.ServiceLookup.CallSiteFactory.GetCallSite(ServiceDescriptor serviceDescriptor, CallSiteChain callSiteChain)
   at Microsoft.Extensions.DependencyInjection.ServiceProvider.ValidateService(ServiceDescriptor descriptor)
----- Inner Stack Trace #2 (System.InvalidOperationException) -----
   at Microsoft.Extensions.DependencyInjection.ServiceProvider.ValidateService(ServiceDescriptor descriptor)
   at Microsoft.Extensions.DependencyInjection.ServiceProvider..ctor(ICollection`1 serviceDescriptors, ServiceProviderOptions options)
----- Inner Stack Trace -----
   at Microsoft.Extensions.DependencyInjection.ServiceLookup.CallSiteFactory.CreateArgumentCallSites(ServiceIdentifier serviceIdentifier, Type implementationType, CallSiteChain callSiteChain, ParameterInfo[] parameters, Boolean throwIfCallSiteNotFound)
   at Microsoft.Extensions.DependencyInjection.ServiceLookup.CallSiteFactory.CreateConstructorCallSite(ResultCache lifetime, ServiceIdentifier serviceIdentifier, Type implementationType, CallSiteChain callSiteChain)
   at Microsoft.Extensions.DependencyInjection.ServiceLookup.CallSiteFactory.TryCreateExact(ServiceDescriptor descriptor, ServiceIdentifier serviceIdentifier, CallSiteChain callSiteChain, Int32 slot)
   at Microsoft.Extensions.DependencyInjection.ServiceLookup.CallSiteFactory.GetCallSite(ServiceDescriptor serviceDescriptor, CallSiteChain callSiteChain)
   at Microsoft.Extensions.DependencyInjection.ServiceProvider.ValidateService(ServiceDescriptor descriptor)
----- Inner Stack Trace #3 (System.InvalidOperationException) -----
   at Microsoft.Extensions.DependencyInjection.ServiceProvider.ValidateService(ServiceDescriptor descriptor)
   at Microsoft.Extensions.DependencyInjection.ServiceProvider..ctor(ICollection`1 serviceDescriptors, ServiceProviderOptions options)
----- Inner Stack Trace -----
   at Microsoft.Extensions.DependencyInjection.ServiceLookup.CallSiteFactory.CreateArgumentCallSites(ServiceIdentifier serviceIdentifier, Type implementationType, CallSiteChain callSiteChain, ParameterInfo[] parameters, Boolean throwIfCallSiteNotFound)
   at Microsoft.Extensions.DependencyInjection.ServiceLookup.CallSiteFactory.CreateConstructorCallSite(ResultCache lifetime, ServiceIdentifier serviceIdentifier, Type implementationType, CallSiteChain callSiteChain)
   at Microsoft.Extensions.DependencyInjection.ServiceLookup.CallSiteFactory.TryCreateExact(ServiceDescriptor descriptor, ServiceIdentifier serviceIdentifier, CallSiteChain callSiteChain, Int32 slot)
   at Microsoft.Extensions.DependencyInjection.ServiceLookup.CallSiteFactory.GetCallSite(ServiceDescriptor serviceDescriptor, CallSiteChain callSiteChain)
   at Microsoft.Extensions.DependencyInjection.ServiceProvider.ValidateService(ServiceDescriptor descriptor)
----- Inner Stack Trace #4 (System.InvalidOperationException) -----
   at Microsoft.Extensions.DependencyInjection.ServiceProvider.ValidateService(ServiceDescriptor descriptor)
   at Microsoft.Extensions.DependencyInjection.ServiceProvider..ctor(ICollection`1 serviceDescriptors, ServiceProviderOptions options)
----- Inner Stack Trace -----
   at Microsoft.Extensions.DependencyInjection.ServiceLookup.CallSiteFactory.CreateArgumentCallSites(ServiceIdentifier serviceIdentifier, Type implementationType, CallSiteChain callSiteChain, ParameterInfo[] parameters, Boolean throwIfCallSiteNotFound)
   at Microsoft.Extensions.DependencyInjection.ServiceLookup.CallSiteFactory.CreateConstructorCallSite(ResultCache lifetime, ServiceIdentifier serviceIdentifier, Type implementationType, CallSiteChain callSiteChain)
   at Microsoft.Extensions.DependencyInjection.ServiceLookup.CallSiteFactory.TryCreateExact(ServiceDescriptor descriptor, ServiceIdentifier serviceIdentifier, CallSiteChain callSiteChain, Int32 slot)
   at Microsoft.Extensions.DependencyInjection.ServiceLookup.CallSiteFactory.TryCreateExact(ServiceIdentifier serviceIdentifier, CallSiteChain callSiteChain)
   at Microsoft.Extensions.DependencyInjection.ServiceLookup.CallSiteFactory.CreateCallSite(ServiceIdentifier serviceIdentifier, CallSiteChain callSiteChain)
   at Microsoft.Extensions.DependencyInjection.ServiceLookup.CallSiteFactory.CreateArgumentCallSites(ServiceIdentifier serviceIdentifier, Type implementationType, CallSiteChain callSiteChain, ParameterInfo[] parameters, Boolean throwIfCallSiteNotFound)
   at Microsoft.Extensions.DependencyInjection.ServiceLookup.CallSiteFactory.CreateConstructorCallSite(ResultCache lifetime, ServiceIdentifier serviceIdentifier, Type implementationType, CallSiteChain callSiteChain)
   at Microsoft.Extensions.DependencyInjection.ServiceLookup.CallSiteFactory.TryCreateExact(ServiceDescriptor descriptor, ServiceIdentifier serviceIdentifier, CallSiteChain callSiteChain, Int32 slot)
   at Microsoft.Extensions.DependencyInjection.ServiceLookup.CallSiteFactory.GetCallSite(ServiceDescriptor serviceDescriptor, CallSiteChain callSiteChain)
   at Microsoft.Extensions.DependencyInjection.ServiceProvider.ValidateService(ServiceDescriptor descriptor)
----- Inner Stack Trace #5 (System.InvalidOperationException) -----
   at Microsoft.Extensions.DependencyInjection.ServiceProvider.ValidateService(ServiceDescriptor descriptor)
   at Microsoft.Extensions.DependencyInjection.ServiceProvider..ctor(ICollection`1 serviceDescriptors, ServiceProviderOptions options)
----- Inner Stack Trace -----
   at Microsoft.Extensions.DependencyInjection.ServiceLookup.CallSiteFactory.CreateArgumentCallSites(ServiceIdentifier serviceIdentifier, Type implementationType, CallSiteChain callSiteChain, ParameterInfo[] parameters, Boolean throwIfCallSiteNotFound)
   at Microsoft.Extensions.DependencyInjection.ServiceLookup.CallSiteFactory.CreateConstructorCallSite(ResultCache lifetime, ServiceIdentifier serviceIdentifier, Type implementationType, CallSiteChain callSiteChain)
   at Microsoft.Extensions.DependencyInjection.ServiceLookup.CallSiteFactory.TryCreateExact(ServiceDescriptor descriptor, ServiceIdentifier serviceIdentifier, CallSiteChain callSiteChain, Int32 slot)
   at Microsoft.Extensions.DependencyInjection.ServiceLookup.CallSiteFactory.GetCallSite(ServiceDescriptor serviceDescriptor, CallSiteChain callSiteChain)
   at Microsoft.Extensions.DependencyInjection.ServiceProvider.ValidateService(ServiceDescriptor descriptor)
  Failed Industrial.Adam.Oee.Tests.Integration.StoppagesControllerIntegrationTests.StoppageEndpoints_WithSpecialCharactersInDeviceId_HandlesCorrectly [1 ms]
  Error Message:
   System.AggregateException : Some services are not able to be constructed (Error while validating the service descriptor 'ServiceType: Industrial.Adam.Oee.Domain.Interfaces.IJobSequencingService Lifetime: Scoped ImplementationType: Industrial.Adam.Oee.Domain.Services.JobSequencingService': Unable to resolve service for type 'Industrial.Adam.Oee.Domain.Interfaces.IEquipmentLineRepository' while attempting to activate 'Industrial.Adam.Oee.Domain.Services.JobSequencingService'.) (Error while validating the service descriptor 'ServiceType: Industrial.Adam.Oee.Domain.Interfaces.IEquipmentLineService Lifetime: Scoped ImplementationType: Industrial.Adam.Oee.Domain.Services.EquipmentLineService': Unable to resolve service for type 'Industrial.Adam.Oee.Domain.Interfaces.IEquipmentLineRepository' while attempting to activate 'Industrial.Adam.Oee.Domain.Services.EquipmentLineService'.) (Error while validating the service descriptor 'ServiceType: Industrial.Adam.Oee.Domain.Interfaces.IStoppageDetectionService Lifetime: Scoped ImplementationType: Industrial.Adam.Oee.Domain.Services.StoppageDetectionService': Unable to resolve service for type 'Industrial.Adam.Oee.Domain.Interfaces.IEquipmentLineRepository' while attempting to activate 'Industrial.Adam.Oee.Domain.Services.StoppageDetectionService'.) (Error while validating the service descriptor 'ServiceType: MediatR.IRequestHandler`2[Industrial.Adam.Oee.Application.Commands.StartWorkOrderCommand,System.String] Lifetime: Transient ImplementationType: Industrial.Adam.Oee.Application.Commands.Handlers.StartWorkOrderCommandHandler': Unable to resolve service for type 'Industrial.Adam.Oee.Domain.Interfaces.IEquipmentLineRepository' while attempting to activate 'Industrial.Adam.Oee.Domain.Services.JobSequencingService'.) (Error while validating the service descriptor 'ServiceType: Industrial.Adam.Oee.Domain.Interfaces.ISimpleJobQueueService Lifetime: Scoped ImplementationType: Industrial.Adam.Oee.Domain.Services.SimpleJobQueueService': Unable to resolve service for type 'Industrial.Adam.Oee.Domain.Interfaces.ISimpleJobQueueRepository' while attempting to activate 'Industrial.Adam.Oee.Domain.Services.SimpleJobQueueService'.)
---- System.InvalidOperationException : Error while validating the service descriptor 'ServiceType: Industrial.Adam.Oee.Domain.Interfaces.IJobSequencingService Lifetime: Scoped ImplementationType: Industrial.Adam.Oee.Domain.Services.JobSequencingService': Unable to resolve service for type 'Industrial.Adam.Oee.Domain.Interfaces.IEquipmentLineRepository' while attempting to activate 'Industrial.Adam.Oee.Domain.Services.JobSequencingService'.
-------- System.InvalidOperationException : Unable to resolve service for type 'Industrial.Adam.Oee.Domain.Interfaces.IEquipmentLineRepository' while attempting to activate 'Industrial.Adam.Oee.Domain.Services.JobSequencingService'.
---- System.InvalidOperationException : Error while validating the service descriptor 'ServiceType: Industrial.Adam.Oee.Domain.Interfaces.IEquipmentLineService Lifetime: Scoped ImplementationType: Industrial.Adam.Oee.Domain.Services.EquipmentLineService': Unable to resolve service for type 'Industrial.Adam.Oee.Domain.Interfaces.IEquipmentLineRepository' while attempting to activate 'Industrial.Adam.Oee.Domain.Services.EquipmentLineService'.
-------- System.InvalidOperationException : Unable to resolve service for type 'Industrial.Adam.Oee.Domain.Interfaces.IEquipmentLineRepository' while attempting to activate 'Industrial.Adam.Oee.Domain.Services.EquipmentLineService'.
---- System.InvalidOperationException : Error while validating the service descriptor 'ServiceType: Industrial.Adam.Oee.Domain.Interfaces.IStoppageDetectionService Lifetime: Scoped ImplementationType: Industrial.Adam.Oee.Domain.Services.StoppageDetectionService': Unable to resolve service for type 'Industrial.Adam.Oee.Domain.Interfaces.IEquipmentLineRepository' while attempting to activate 'Industrial.Adam.Oee.Domain.Services.StoppageDetectionService'.
-------- System.InvalidOperationException : Unable to resolve service for type 'Industrial.Adam.Oee.Domain.Interfaces.IEquipmentLineRepository' while attempting to activate 'Industrial.Adam.Oee.Domain.Services.StoppageDetectionService'.
---- System.InvalidOperationException : Error while validating the service descriptor 'ServiceType: MediatR.IRequestHandler`2[Industrial.Adam.Oee.Application.Commands.StartWorkOrderCommand,System.String] Lifetime: Transient ImplementationType: Industrial.Adam.Oee.Application.Commands.Handlers.StartWorkOrderCommandHandler': Unable to resolve service for type 'Industrial.Adam.Oee.Domain.Interfaces.IEquipmentLineRepository' while attempting to activate 'Industrial.Adam.Oee.Domain.Services.JobSequencingService'.
-------- System.InvalidOperationException : Unable to resolve service for type 'Industrial.Adam.Oee.Domain.Interfaces.IEquipmentLineRepository' while attempting to activate 'Industrial.Adam.Oee.Domain.Services.JobSequencingService'.
---- System.InvalidOperationException : Error while validating the service descriptor 'ServiceType: Industrial.Adam.Oee.Domain.Interfaces.ISimpleJobQueueService Lifetime: Scoped ImplementationType: Industrial.Adam.Oee.Domain.Services.SimpleJobQueueService': Unable to resolve service for type 'Industrial.Adam.Oee.Domain.Interfaces.ISimpleJobQueueRepository' while attempting to activate 'Industrial.Adam.Oee.Domain.Services.SimpleJobQueueService'.
-------- System.InvalidOperationException : Unable to resolve service for type 'Industrial.Adam.Oee.Domain.Interfaces.ISimpleJobQueueRepository' while attempting to activate 'Industrial.Adam.Oee.Domain.Services.SimpleJobQueueService'.
  Stack Trace:
     at Microsoft.Extensions.DependencyInjection.ServiceProvider..ctor(ICollection`1 serviceDescriptors, ServiceProviderOptions options)
   at Microsoft.Extensions.DependencyInjection.ServiceCollectionContainerBuilderExtensions.BuildServiceProvider(IServiceCollection services, ServiceProviderOptions options)
   at Microsoft.Extensions.Hosting.HostApplicationBuilder.Build()
   at Microsoft.AspNetCore.Builder.WebApplicationBuilder.Build()
   at Program.<Main>$(String[] args) in /home/grant/adam-6000-counter/src/Industrial.Adam.Oee/WebApi/Program.cs:line 89
   at InvokeStub_Program.<Main>$(Object, Span`1)
   at System.Reflection.MethodBaseInvoker.InvokeWithOneArg(Object obj, BindingFlags invokeAttr, Binder binder, Object[] parameters, CultureInfo culture)
--- End of stack trace from previous location ---
   at Microsoft.Extensions.Hosting.HostFactoryResolver.HostingListener.CreateHost()
   at Microsoft.Extensions.Hosting.HostFactoryResolver.<>c__DisplayClass10_0.<ResolveHostFactory>b__0(String[] args)
   at Microsoft.AspNetCore.Mvc.Testing.DeferredHostBuilder.Build()
   at Microsoft.AspNetCore.Mvc.Testing.WebApplicationFactory`1.CreateHost(IHostBuilder builder)
   at Microsoft.AspNetCore.Mvc.Testing.WebApplicationFactory`1.ConfigureHostBuilder(IHostBuilder hostBuilder)
   at Microsoft.AspNetCore.Mvc.Testing.WebApplicationFactory`1.EnsureServer()
   at Microsoft.AspNetCore.Mvc.Testing.WebApplicationFactory`1.CreateDefaultClient(DelegatingHandler[] handlers)
   at Microsoft.AspNetCore.Mvc.Testing.WebApplicationFactory`1.CreateDefaultClient(Uri baseAddress, DelegatingHandler[] handlers)
   at Microsoft.AspNetCore.Mvc.Testing.WebApplicationFactory`1.CreateClient(WebApplicationFactoryClientOptions options)
   at Microsoft.AspNetCore.Mvc.Testing.WebApplicationFactory`1.CreateClient()
   at Industrial.Adam.Oee.Tests.Integration.StoppagesControllerIntegrationTests..ctor(WebApplicationFactory`1 factory) in /home/grant/adam-6000-counter/src/Industrial.Adam.Oee/Tests/Integration/StoppagesControllerIntegrationTests.cs:line 21
   at InvokeStub_StoppagesControllerIntegrationTests..ctor(Object, Span`1)
   at System.Reflection.MethodBaseInvoker.InvokeWithOneArg(Object obj, BindingFlags invokeAttr, Binder binder, Object[] parameters, CultureInfo culture)
----- Inner Stack Trace #1 (System.InvalidOperationException) -----
   at Microsoft.Extensions.DependencyInjection.ServiceProvider.ValidateService(ServiceDescriptor descriptor)
   at Microsoft.Extensions.DependencyInjection.ServiceProvider..ctor(ICollection`1 serviceDescriptors, ServiceProviderOptions options)
----- Inner Stack Trace -----
   at Microsoft.Extensions.DependencyInjection.ServiceLookup.CallSiteFactory.CreateArgumentCallSites(ServiceIdentifier serviceIdentifier, Type implementationType, CallSiteChain callSiteChain, ParameterInfo[] parameters, Boolean throwIfCallSiteNotFound)
   at Microsoft.Extensions.DependencyInjection.ServiceLookup.CallSiteFactory.CreateConstructorCallSite(ResultCache lifetime, ServiceIdentifier serviceIdentifier, Type implementationType, CallSiteChain callSiteChain)
   at Microsoft.Extensions.DependencyInjection.ServiceLookup.CallSiteFactory.TryCreateExact(ServiceDescriptor descriptor, ServiceIdentifier serviceIdentifier, CallSiteChain callSiteChain, Int32 slot)
   at Microsoft.Extensions.DependencyInjection.ServiceLookup.CallSiteFactory.GetCallSite(ServiceDescriptor serviceDescriptor, CallSiteChain callSiteChain)
   at Microsoft.Extensions.DependencyInjection.ServiceProvider.ValidateService(ServiceDescriptor descriptor)
----- Inner Stack Trace #2 (System.InvalidOperationException) -----
   at Microsoft.Extensions.DependencyInjection.ServiceProvider.ValidateService(ServiceDescriptor descriptor)
   at Microsoft.Extensions.DependencyInjection.ServiceProvider..ctor(ICollection`1 serviceDescriptors, ServiceProviderOptions options)
----- Inner Stack Trace -----
   at Microsoft.Extensions.DependencyInjection.ServiceLookup.CallSiteFactory.CreateArgumentCallSites(ServiceIdentifier serviceIdentifier, Type implementationType, CallSiteChain callSiteChain, ParameterInfo[] parameters, Boolean throwIfCallSiteNotFound)
   at Microsoft.Extensions.DependencyInjection.ServiceLookup.CallSiteFactory.CreateConstructorCallSite(ResultCache lifetime, ServiceIdentifier serviceIdentifier, Type implementationType, CallSiteChain callSiteChain)
   at Microsoft.Extensions.DependencyInjection.ServiceLookup.CallSiteFactory.TryCreateExact(ServiceDescriptor descriptor, ServiceIdentifier serviceIdentifier, CallSiteChain callSiteChain, Int32 slot)
   at Microsoft.Extensions.DependencyInjection.ServiceLookup.CallSiteFactory.GetCallSite(ServiceDescriptor serviceDescriptor, CallSiteChain callSiteChain)
   at Microsoft.Extensions.DependencyInjection.ServiceProvider.ValidateService(ServiceDescriptor descriptor)
----- Inner Stack Trace #3 (System.InvalidOperationException) -----
   at Microsoft.Extensions.DependencyInjection.ServiceProvider.ValidateService(ServiceDescriptor descriptor)
   at Microsoft.Extensions.DependencyInjection.ServiceProvider..ctor(ICollection`1 serviceDescriptors, ServiceProviderOptions options)
----- Inner Stack Trace -----
   at Microsoft.Extensions.DependencyInjection.ServiceLookup.CallSiteFactory.CreateArgumentCallSites(ServiceIdentifier serviceIdentifier, Type implementationType, CallSiteChain callSiteChain, ParameterInfo[] parameters, Boolean throwIfCallSiteNotFound)
   at Microsoft.Extensions.DependencyInjection.ServiceLookup.CallSiteFactory.CreateConstructorCallSite(ResultCache lifetime, ServiceIdentifier serviceIdentifier, Type implementationType, CallSiteChain callSiteChain)
   at Microsoft.Extensions.DependencyInjection.ServiceLookup.CallSiteFactory.TryCreateExact(ServiceDescriptor descriptor, ServiceIdentifier serviceIdentifier, CallSiteChain callSiteChain, Int32 slot)
   at Microsoft.Extensions.DependencyInjection.ServiceLookup.CallSiteFactory.GetCallSite(ServiceDescriptor serviceDescriptor, CallSiteChain callSiteChain)
   at Microsoft.Extensions.DependencyInjection.ServiceProvider.ValidateService(ServiceDescriptor descriptor)
----- Inner Stack Trace #4 (System.InvalidOperationException) -----
   at Microsoft.Extensions.DependencyInjection.ServiceProvider.ValidateService(ServiceDescriptor descriptor)
   at Microsoft.Extensions.DependencyInjection.ServiceProvider..ctor(ICollection`1 serviceDescriptors, ServiceProviderOptions options)
----- Inner Stack Trace -----
   at Microsoft.Extensions.DependencyInjection.ServiceLookup.CallSiteFactory.CreateArgumentCallSites(ServiceIdentifier serviceIdentifier, Type implementationType, CallSiteChain callSiteChain, ParameterInfo[] parameters, Boolean throwIfCallSiteNotFound)
   at Microsoft.Extensions.DependencyInjection.ServiceLookup.CallSiteFactory.CreateConstructorCallSite(ResultCache lifetime, ServiceIdentifier serviceIdentifier, Type implementationType, CallSiteChain callSiteChain)
   at Microsoft.Extensions.DependencyInjection.ServiceLookup.CallSiteFactory.TryCreateExact(ServiceDescriptor descriptor, ServiceIdentifier serviceIdentifier, CallSiteChain callSiteChain, Int32 slot)
   at Microsoft.Extensions.DependencyInjection.ServiceLookup.CallSiteFactory.TryCreateExact(ServiceIdentifier serviceIdentifier, CallSiteChain callSiteChain)
   at Microsoft.Extensions.DependencyInjection.ServiceLookup.CallSiteFactory.CreateCallSite(ServiceIdentifier serviceIdentifier, CallSiteChain callSiteChain)
   at Microsoft.Extensions.DependencyInjection.ServiceLookup.CallSiteFactory.CreateArgumentCallSites(ServiceIdentifier serviceIdentifier, Type implementationType, CallSiteChain callSiteChain, ParameterInfo[] parameters, Boolean throwIfCallSiteNotFound)
   at Microsoft.Extensions.DependencyInjection.ServiceLookup.CallSiteFactory.CreateConstructorCallSite(ResultCache lifetime, ServiceIdentifier serviceIdentifier, Type implementationType, CallSiteChain callSiteChain)
   at Microsoft.Extensions.DependencyInjection.ServiceLookup.CallSiteFactory.TryCreateExact(ServiceDescriptor descriptor, ServiceIdentifier serviceIdentifier, CallSiteChain callSiteChain, Int32 slot)
   at Microsoft.Extensions.DependencyInjection.ServiceLookup.CallSiteFactory.GetCallSite(ServiceDescriptor serviceDescriptor, CallSiteChain callSiteChain)
   at Microsoft.Extensions.DependencyInjection.ServiceProvider.ValidateService(ServiceDescriptor descriptor)
----- Inner Stack Trace #5 (System.InvalidOperationException) -----
   at Microsoft.Extensions.DependencyInjection.ServiceProvider.ValidateService(ServiceDescriptor descriptor)
   at Microsoft.Extensions.DependencyInjection.ServiceProvider..ctor(ICollection`1 serviceDescriptors, ServiceProviderOptions options)
----- Inner Stack Trace -----
   at Microsoft.Extensions.DependencyInjection.ServiceLookup.CallSiteFactory.CreateArgumentCallSites(ServiceIdentifier serviceIdentifier, Type implementationType, CallSiteChain callSiteChain, ParameterInfo[] parameters, Boolean throwIfCallSiteNotFound)
   at Microsoft.Extensions.DependencyInjection.ServiceLookup.CallSiteFactory.CreateConstructorCallSite(ResultCache lifetime, ServiceIdentifier serviceIdentifier, Type implementationType, CallSiteChain callSiteChain)
   at Microsoft.Extensions.DependencyInjection.ServiceLookup.CallSiteFactory.TryCreateExact(ServiceDescriptor descriptor, ServiceIdentifier serviceIdentifier, CallSiteChain callSiteChain, Int32 slot)
   at Microsoft.Extensions.DependencyInjection.ServiceLookup.CallSiteFactory.GetCallSite(ServiceDescriptor serviceDescriptor, CallSiteChain callSiteChain)
   at Microsoft.Extensions.DependencyInjection.ServiceProvider.ValidateService(ServiceDescriptor descriptor)
  Failed Industrial.Adam.Oee.Tests.Integration.StoppagesControllerIntegrationTests.GetStoppageHistory_WithCustomPeriod_ReturnsCorrectResponse [1 ms]
  Error Message:
   System.AggregateException : Some services are not able to be constructed (Error while validating the service descriptor 'ServiceType: Industrial.Adam.Oee.Domain.Interfaces.IJobSequencingService Lifetime: Scoped ImplementationType: Industrial.Adam.Oee.Domain.Services.JobSequencingService': Unable to resolve service for type 'Industrial.Adam.Oee.Domain.Interfaces.IEquipmentLineRepository' while attempting to activate 'Industrial.Adam.Oee.Domain.Services.JobSequencingService'.) (Error while validating the service descriptor 'ServiceType: Industrial.Adam.Oee.Domain.Interfaces.IEquipmentLineService Lifetime: Scoped ImplementationType: Industrial.Adam.Oee.Domain.Services.EquipmentLineService': Unable to resolve service for type 'Industrial.Adam.Oee.Domain.Interfaces.IEquipmentLineRepository' while attempting to activate 'Industrial.Adam.Oee.Domain.Services.EquipmentLineService'.) (Error while validating the service descriptor 'ServiceType: Industrial.Adam.Oee.Domain.Interfaces.IStoppageDetectionService Lifetime: Scoped ImplementationType: Industrial.Adam.Oee.Domain.Services.StoppageDetectionService': Unable to resolve service for type 'Industrial.Adam.Oee.Domain.Interfaces.IEquipmentLineRepository' while attempting to activate 'Industrial.Adam.Oee.Domain.Services.StoppageDetectionService'.) (Error while validating the service descriptor 'ServiceType: MediatR.IRequestHandler`2[Industrial.Adam.Oee.Application.Commands.StartWorkOrderCommand,System.String] Lifetime: Transient ImplementationType: Industrial.Adam.Oee.Application.Commands.Handlers.StartWorkOrderCommandHandler': Unable to resolve service for type 'Industrial.Adam.Oee.Domain.Interfaces.IEquipmentLineRepository' while attempting to activate 'Industrial.Adam.Oee.Domain.Services.JobSequencingService'.) (Error while validating the service descriptor 'ServiceType: Industrial.Adam.Oee.Domain.Interfaces.ISimpleJobQueueService Lifetime: Scoped ImplementationType: Industrial.Adam.Oee.Domain.Services.SimpleJobQueueService': Unable to resolve service for type 'Industrial.Adam.Oee.Domain.Interfaces.ISimpleJobQueueRepository' while attempting to activate 'Industrial.Adam.Oee.Domain.Services.SimpleJobQueueService'.)
---- System.InvalidOperationException : Error while validating the service descriptor 'ServiceType: Industrial.Adam.Oee.Domain.Interfaces.IJobSequencingService Lifetime: Scoped ImplementationType: Industrial.Adam.Oee.Domain.Services.JobSequencingService': Unable to resolve service for type 'Industrial.Adam.Oee.Domain.Interfaces.IEquipmentLineRepository' while attempting to activate 'Industrial.Adam.Oee.Domain.Services.JobSequencingService'.
-------- System.InvalidOperationException : Unable to resolve service for type 'Industrial.Adam.Oee.Domain.Interfaces.IEquipmentLineRepository' while attempting to activate 'Industrial.Adam.Oee.Domain.Services.JobSequencingService'.
---- System.InvalidOperationException : Error while validating the service descriptor 'ServiceType: Industrial.Adam.Oee.Domain.Interfaces.IEquipmentLineService Lifetime: Scoped ImplementationType: Industrial.Adam.Oee.Domain.Services.EquipmentLineService': Unable to resolve service for type 'Industrial.Adam.Oee.Domain.Interfaces.IEquipmentLineRepository' while attempting to activate 'Industrial.Adam.Oee.Domain.Services.EquipmentLineService'.
-------- System.InvalidOperationException : Unable to resolve service for type 'Industrial.Adam.Oee.Domain.Interfaces.IEquipmentLineRepository' while attempting to activate 'Industrial.Adam.Oee.Domain.Services.EquipmentLineService'.
---- System.InvalidOperationException : Error while validating the service descriptor 'ServiceType: Industrial.Adam.Oee.Domain.Interfaces.IStoppageDetectionService Lifetime: Scoped ImplementationType: Industrial.Adam.Oee.Domain.Services.StoppageDetectionService': Unable to resolve service for type 'Industrial.Adam.Oee.Domain.Interfaces.IEquipmentLineRepository' while attempting to activate 'Industrial.Adam.Oee.Domain.Services.StoppageDetectionService'.
-------- System.InvalidOperationException : Unable to resolve service for type 'Industrial.Adam.Oee.Domain.Interfaces.IEquipmentLineRepository' while attempting to activate 'Industrial.Adam.Oee.Domain.Services.StoppageDetectionService'.
---- System.InvalidOperationException : Error while validating the service descriptor 'ServiceType: MediatR.IRequestHandler`2[Industrial.Adam.Oee.Application.Commands.StartWorkOrderCommand,System.String] Lifetime: Transient ImplementationType: Industrial.Adam.Oee.Application.Commands.Handlers.StartWorkOrderCommandHandler': Unable to resolve service for type 'Industrial.Adam.Oee.Domain.Interfaces.IEquipmentLineRepository' while attempting to activate 'Industrial.Adam.Oee.Domain.Services.JobSequencingService'.
-------- System.InvalidOperationException : Unable to resolve service for type 'Industrial.Adam.Oee.Domain.Interfaces.IEquipmentLineRepository' while attempting to activate 'Industrial.Adam.Oee.Domain.Services.JobSequencingService'.
---- System.InvalidOperationException : Error while validating the service descriptor 'ServiceType: Industrial.Adam.Oee.Domain.Interfaces.ISimpleJobQueueService Lifetime: Scoped ImplementationType: Industrial.Adam.Oee.Domain.Services.SimpleJobQueueService': Unable to resolve service for type 'Industrial.Adam.Oee.Domain.Interfaces.ISimpleJobQueueRepository' while attempting to activate 'Industrial.Adam.Oee.Domain.Services.SimpleJobQueueService'.
-------- System.InvalidOperationException : Unable to resolve service for type 'Industrial.Adam.Oee.Domain.Interfaces.ISimpleJobQueueRepository' while attempting to activate 'Industrial.Adam.Oee.Domain.Services.SimpleJobQueueService'.
  Stack Trace:
     at Microsoft.Extensions.DependencyInjection.ServiceProvider..ctor(ICollection`1 serviceDescriptors, ServiceProviderOptions options)
   at Microsoft.Extensions.DependencyInjection.ServiceCollectionContainerBuilderExtensions.BuildServiceProvider(IServiceCollection services, ServiceProviderOptions options)
   at Microsoft.Extensions.Hosting.HostApplicationBuilder.Build()
   at Microsoft.AspNetCore.Builder.WebApplicationBuilder.Build()
   at Program.<Main>$(String[] args) in /home/grant/adam-6000-counter/src/Industrial.Adam.Oee/WebApi/Program.cs:line 89
   at InvokeStub_Program.<Main>$(Object, Span`1)
   at System.Reflection.MethodBaseInvoker.InvokeWithOneArg(Object obj, BindingFlags invokeAttr, Binder binder, Object[] parameters, CultureInfo culture)
--- End of stack trace from previous location ---
   at Microsoft.Extensions.Hosting.HostFactoryResolver.HostingListener.CreateHost()
   at Microsoft.Extensions.Hosting.HostFactoryResolver.<>c__DisplayClass10_0.<ResolveHostFactory>b__0(String[] args)
   at Microsoft.AspNetCore.Mvc.Testing.DeferredHostBuilder.Build()
   at Microsoft.AspNetCore.Mvc.Testing.WebApplicationFactory`1.CreateHost(IHostBuilder builder)
   at Microsoft.AspNetCore.Mvc.Testing.WebApplicationFactory`1.ConfigureHostBuilder(IHostBuilder hostBuilder)
   at Microsoft.AspNetCore.Mvc.Testing.WebApplicationFactory`1.EnsureServer()
   at Microsoft.AspNetCore.Mvc.Testing.WebApplicationFactory`1.CreateDefaultClient(DelegatingHandler[] handlers)
   at Microsoft.AspNetCore.Mvc.Testing.WebApplicationFactory`1.CreateDefaultClient(Uri baseAddress, DelegatingHandler[] handlers)
   at Microsoft.AspNetCore.Mvc.Testing.WebApplicationFactory`1.CreateClient(WebApplicationFactoryClientOptions options)
   at Microsoft.AspNetCore.Mvc.Testing.WebApplicationFactory`1.CreateClient()
   at Industrial.Adam.Oee.Tests.Integration.StoppagesControllerIntegrationTests..ctor(WebApplicationFactory`1 factory) in /home/grant/adam-6000-counter/src/Industrial.Adam.Oee/Tests/Integration/StoppagesControllerIntegrationTests.cs:line 21
   at InvokeStub_StoppagesControllerIntegrationTests..ctor(Object, Span`1)
   at System.Reflection.MethodBaseInvoker.InvokeWithOneArg(Object obj, BindingFlags invokeAttr, Binder binder, Object[] parameters, CultureInfo culture)
----- Inner Stack Trace #1 (System.InvalidOperationException) -----
   at Microsoft.Extensions.DependencyInjection.ServiceProvider.ValidateService(ServiceDescriptor descriptor)
   at Microsoft.Extensions.DependencyInjection.ServiceProvider..ctor(ICollection`1 serviceDescriptors, ServiceProviderOptions options)
----- Inner Stack Trace -----
   at Microsoft.Extensions.DependencyInjection.ServiceLookup.CallSiteFactory.CreateArgumentCallSites(ServiceIdentifier serviceIdentifier, Type implementationType, CallSiteChain callSiteChain, ParameterInfo[] parameters, Boolean throwIfCallSiteNotFound)
   at Microsoft.Extensions.DependencyInjection.ServiceLookup.CallSiteFactory.CreateConstructorCallSite(ResultCache lifetime, ServiceIdentifier serviceIdentifier, Type implementationType, CallSiteChain callSiteChain)
   at Microsoft.Extensions.DependencyInjection.ServiceLookup.CallSiteFactory.TryCreateExact(ServiceDescriptor descriptor, ServiceIdentifier serviceIdentifier, CallSiteChain callSiteChain, Int32 slot)
   at Microsoft.Extensions.DependencyInjection.ServiceLookup.CallSiteFactory.GetCallSite(ServiceDescriptor serviceDescriptor, CallSiteChain callSiteChain)
   at Microsoft.Extensions.DependencyInjection.ServiceProvider.ValidateService(ServiceDescriptor descriptor)
----- Inner Stack Trace #2 (System.InvalidOperationException) -----
   at Microsoft.Extensions.DependencyInjection.ServiceProvider.ValidateService(ServiceDescriptor descriptor)
   at Microsoft.Extensions.DependencyInjection.ServiceProvider..ctor(ICollection`1 serviceDescriptors, ServiceProviderOptions options)
----- Inner Stack Trace -----
   at Microsoft.Extensions.DependencyInjection.ServiceLookup.CallSiteFactory.CreateArgumentCallSites(ServiceIdentifier serviceIdentifier, Type implementationType, CallSiteChain callSiteChain, ParameterInfo[] parameters, Boolean throwIfCallSiteNotFound)
   at Microsoft.Extensions.DependencyInjection.ServiceLookup.CallSiteFactory.CreateConstructorCallSite(ResultCache lifetime, ServiceIdentifier serviceIdentifier, Type implementationType, CallSiteChain callSiteChain)
   at Microsoft.Extensions.DependencyInjection.ServiceLookup.CallSiteFactory.TryCreateExact(ServiceDescriptor descriptor, ServiceIdentifier serviceIdentifier, CallSiteChain callSiteChain, Int32 slot)
   at Microsoft.Extensions.DependencyInjection.ServiceLookup.CallSiteFactory.GetCallSite(ServiceDescriptor serviceDescriptor, CallSiteChain callSiteChain)
   at Microsoft.Extensions.DependencyInjection.ServiceProvider.ValidateService(ServiceDescriptor descriptor)
----- Inner Stack Trace #3 (System.InvalidOperationException) -----
   at Microsoft.Extensions.DependencyInjection.ServiceProvider.ValidateService(ServiceDescriptor descriptor)
   at Microsoft.Extensions.DependencyInjection.ServiceProvider..ctor(ICollection`1 serviceDescriptors, ServiceProviderOptions options)
----- Inner Stack Trace -----
   at Microsoft.Extensions.DependencyInjection.ServiceLookup.CallSiteFactory.CreateArgumentCallSites(ServiceIdentifier serviceIdentifier, Type implementationType, CallSiteChain callSiteChain, ParameterInfo[] parameters, Boolean throwIfCallSiteNotFound)
   at Microsoft.Extensions.DependencyInjection.ServiceLookup.CallSiteFactory.CreateConstructorCallSite(ResultCache lifetime, ServiceIdentifier serviceIdentifier, Type implementationType, CallSiteChain callSiteChain)
   at Microsoft.Extensions.DependencyInjection.ServiceLookup.CallSiteFactory.TryCreateExact(ServiceDescriptor descriptor, ServiceIdentifier serviceIdentifier, CallSiteChain callSiteChain, Int32 slot)
   at Microsoft.Extensions.DependencyInjection.ServiceLookup.CallSiteFactory.GetCallSite(ServiceDescriptor serviceDescriptor, CallSiteChain callSiteChain)
   at Microsoft.Extensions.DependencyInjection.ServiceProvider.ValidateService(ServiceDescriptor descriptor)
----- Inner Stack Trace #4 (System.InvalidOperationException) -----
   at Microsoft.Extensions.DependencyInjection.ServiceProvider.ValidateService(ServiceDescriptor descriptor)
   at Microsoft.Extensions.DependencyInjection.ServiceProvider..ctor(ICollection`1 serviceDescriptors, ServiceProviderOptions options)
----- Inner Stack Trace -----
   at Microsoft.Extensions.DependencyInjection.ServiceLookup.CallSiteFactory.CreateArgumentCallSites(ServiceIdentifier serviceIdentifier, Type implementationType, CallSiteChain callSiteChain, ParameterInfo[] parameters, Boolean throwIfCallSiteNotFound)
   at Microsoft.Extensions.DependencyInjection.ServiceLookup.CallSiteFactory.CreateConstructorCallSite(ResultCache lifetime, ServiceIdentifier serviceIdentifier, Type implementationType, CallSiteChain callSiteChain)
   at Microsoft.Extensions.DependencyInjection.ServiceLookup.CallSiteFactory.TryCreateExact(ServiceDescriptor descriptor, ServiceIdentifier serviceIdentifier, CallSiteChain callSiteChain, Int32 slot)
   at Microsoft.Extensions.DependencyInjection.ServiceLookup.CallSiteFactory.TryCreateExact(ServiceIdentifier serviceIdentifier, CallSiteChain callSiteChain)
   at Microsoft.Extensions.DependencyInjection.ServiceLookup.CallSiteFactory.CreateCallSite(ServiceIdentifier serviceIdentifier, CallSiteChain callSiteChain)
   at Microsoft.Extensions.DependencyInjection.ServiceLookup.CallSiteFactory.CreateArgumentCallSites(ServiceIdentifier serviceIdentifier, Type implementationType, CallSiteChain callSiteChain, ParameterInfo[] parameters, Boolean throwIfCallSiteNotFound)
   at Microsoft.Extensions.DependencyInjection.ServiceLookup.CallSiteFactory.CreateConstructorCallSite(ResultCache lifetime, ServiceIdentifier serviceIdentifier, Type implementationType, CallSiteChain callSiteChain)
   at Microsoft.Extensions.DependencyInjection.ServiceLookup.CallSiteFactory.TryCreateExact(ServiceDescriptor descriptor, ServiceIdentifier serviceIdentifier, CallSiteChain callSiteChain, Int32 slot)
   at Microsoft.Extensions.DependencyInjection.ServiceLookup.CallSiteFactory.GetCallSite(ServiceDescriptor serviceDescriptor, CallSiteChain callSiteChain)
   at Microsoft.Extensions.DependencyInjection.ServiceProvider.ValidateService(ServiceDescriptor descriptor)
----- Inner Stack Trace #5 (System.InvalidOperationException) -----
   at Microsoft.Extensions.DependencyInjection.ServiceProvider.ValidateService(ServiceDescriptor descriptor)
   at Microsoft.Extensions.DependencyInjection.ServiceProvider..ctor(ICollection`1 serviceDescriptors, ServiceProviderOptions options)
----- Inner Stack Trace -----
   at Microsoft.Extensions.DependencyInjection.ServiceLookup.CallSiteFactory.CreateArgumentCallSites(ServiceIdentifier serviceIdentifier, Type implementationType, CallSiteChain callSiteChain, ParameterInfo[] parameters, Boolean throwIfCallSiteNotFound)
   at Microsoft.Extensions.DependencyInjection.ServiceLookup.CallSiteFactory.CreateConstructorCallSite(ResultCache lifetime, ServiceIdentifier serviceIdentifier, Type implementationType, CallSiteChain callSiteChain)
   at Microsoft.Extensions.DependencyInjection.ServiceLookup.CallSiteFactory.TryCreateExact(ServiceDescriptor descriptor, ServiceIdentifier serviceIdentifier, CallSiteChain callSiteChain, Int32 slot)
   at Microsoft.Extensions.DependencyInjection.ServiceLookup.CallSiteFactory.GetCallSite(ServiceDescriptor serviceDescriptor, CallSiteChain callSiteChain)
   at Microsoft.Extensions.DependencyInjection.ServiceProvider.ValidateService(ServiceDescriptor descriptor)
  Failed Industrial.Adam.Oee.Tests.Integration.StoppagesControllerIntegrationTests.GetStoppageHistory_WithMissingDeviceId_ReturnsBadRequest [1 ms]
  Error Message:
   System.AggregateException : Some services are not able to be constructed (Error while validating the service descriptor 'ServiceType: Industrial.Adam.Oee.Domain.Interfaces.IJobSequencingService Lifetime: Scoped ImplementationType: Industrial.Adam.Oee.Domain.Services.JobSequencingService': Unable to resolve service for type 'Industrial.Adam.Oee.Domain.Interfaces.IEquipmentLineRepository' while attempting to activate 'Industrial.Adam.Oee.Domain.Services.JobSequencingService'.) (Error while validating the service descriptor 'ServiceType: Industrial.Adam.Oee.Domain.Interfaces.IEquipmentLineService Lifetime: Scoped ImplementationType: Industrial.Adam.Oee.Domain.Services.EquipmentLineService': Unable to resolve service for type 'Industrial.Adam.Oee.Domain.Interfaces.IEquipmentLineRepository' while attempting to activate 'Industrial.Adam.Oee.Domain.Services.EquipmentLineService'.) (Error while validating the service descriptor 'ServiceType: Industrial.Adam.Oee.Domain.Interfaces.IStoppageDetectionService Lifetime: Scoped ImplementationType: Industrial.Adam.Oee.Domain.Services.StoppageDetectionService': Unable to resolve service for type 'Industrial.Adam.Oee.Domain.Interfaces.IEquipmentLineRepository' while attempting to activate 'Industrial.Adam.Oee.Domain.Services.StoppageDetectionService'.) (Error while validating the service descriptor 'ServiceType: MediatR.IRequestHandler`2[Industrial.Adam.Oee.Application.Commands.StartWorkOrderCommand,System.String] Lifetime: Transient ImplementationType: Industrial.Adam.Oee.Application.Commands.Handlers.StartWorkOrderCommandHandler': Unable to resolve service for type 'Industrial.Adam.Oee.Domain.Interfaces.IEquipmentLineRepository' while attempting to activate 'Industrial.Adam.Oee.Domain.Services.JobSequencingService'.) (Error while validating the service descriptor 'ServiceType: Industrial.Adam.Oee.Domain.Interfaces.ISimpleJobQueueService Lifetime: Scoped ImplementationType: Industrial.Adam.Oee.Domain.Services.SimpleJobQueueService': Unable to resolve service for type 'Industrial.Adam.Oee.Domain.Interfaces.ISimpleJobQueueRepository' while attempting to activate 'Industrial.Adam.Oee.Domain.Services.SimpleJobQueueService'.)
---- System.InvalidOperationException : Error while validating the service descriptor 'ServiceType: Industrial.Adam.Oee.Domain.Interfaces.IJobSequencingService Lifetime: Scoped ImplementationType: Industrial.Adam.Oee.Domain.Services.JobSequencingService': Unable to resolve service for type 'Industrial.Adam.Oee.Domain.Interfaces.IEquipmentLineRepository' while attempting to activate 'Industrial.Adam.Oee.Domain.Services.JobSequencingService'.
-------- System.InvalidOperationException : Unable to resolve service for type 'Industrial.Adam.Oee.Domain.Interfaces.IEquipmentLineRepository' while attempting to activate 'Industrial.Adam.Oee.Domain.Services.JobSequencingService'.
---- System.InvalidOperationException : Error while validating the service descriptor 'ServiceType: Industrial.Adam.Oee.Domain.Interfaces.IEquipmentLineService Lifetime: Scoped ImplementationType: Industrial.Adam.Oee.Domain.Services.EquipmentLineService': Unable to resolve service for type 'Industrial.Adam.Oee.Domain.Interfaces.IEquipmentLineRepository' while attempting to activate 'Industrial.Adam.Oee.Domain.Services.EquipmentLineService'.
-------- System.InvalidOperationException : Unable to resolve service for type 'Industrial.Adam.Oee.Domain.Interfaces.IEquipmentLineRepository' while attempting to activate 'Industrial.Adam.Oee.Domain.Services.EquipmentLineService'.
---- System.InvalidOperationException : Error while validating the service descriptor 'ServiceType: Industrial.Adam.Oee.Domain.Interfaces.IStoppageDetectionService Lifetime: Scoped ImplementationType: Industrial.Adam.Oee.Domain.Services.StoppageDetectionService': Unable to resolve service for type 'Industrial.Adam.Oee.Domain.Interfaces.IEquipmentLineRepository' while attempting to activate 'Industrial.Adam.Oee.Domain.Services.StoppageDetectionService'.
-------- System.InvalidOperationException : Unable to resolve service for type 'Industrial.Adam.Oee.Domain.Interfaces.IEquipmentLineRepository' while attempting to activate 'Industrial.Adam.Oee.Domain.Services.StoppageDetectionService'.
---- System.InvalidOperationException : Error while validating the service descriptor 'ServiceType: MediatR.IRequestHandler`2[Industrial.Adam.Oee.Application.Commands.StartWorkOrderCommand,System.String] Lifetime: Transient ImplementationType: Industrial.Adam.Oee.Application.Commands.Handlers.StartWorkOrderCommandHandler': Unable to resolve service for type 'Industrial.Adam.Oee.Domain.Interfaces.IEquipmentLineRepository' while attempting to activate 'Industrial.Adam.Oee.Domain.Services.JobSequencingService'.
-------- System.InvalidOperationException : Unable to resolve service for type 'Industrial.Adam.Oee.Domain.Interfaces.IEquipmentLineRepository' while attempting to activate 'Industrial.Adam.Oee.Domain.Services.JobSequencingService'.
---- System.InvalidOperationException : Error while validating the service descriptor 'ServiceType: Industrial.Adam.Oee.Domain.Interfaces.ISimpleJobQueueService Lifetime: Scoped ImplementationType: Industrial.Adam.Oee.Domain.Services.SimpleJobQueueService': Unable to resolve service for type 'Industrial.Adam.Oee.Domain.Interfaces.ISimpleJobQueueRepository' while attempting to activate 'Industrial.Adam.Oee.Domain.Services.SimpleJobQueueService'.
-------- System.InvalidOperationException : Unable to resolve service for type 'Industrial.Adam.Oee.Domain.Interfaces.ISimpleJobQueueRepository' while attempting to activate 'Industrial.Adam.Oee.Domain.Services.SimpleJobQueueService'.
  Stack Trace:
     at Microsoft.Extensions.DependencyInjection.ServiceProvider..ctor(ICollection`1 serviceDescriptors, ServiceProviderOptions options)
   at Microsoft.Extensions.DependencyInjection.ServiceCollectionContainerBuilderExtensions.BuildServiceProvider(IServiceCollection services, ServiceProviderOptions options)
   at Microsoft.Extensions.Hosting.HostApplicationBuilder.Build()
   at Microsoft.AspNetCore.Builder.WebApplicationBuilder.Build()
   at Program.<Main>$(String[] args) in /home/grant/adam-6000-counter/src/Industrial.Adam.Oee/WebApi/Program.cs:line 89
   at InvokeStub_Program.<Main>$(Object, Span`1)
   at System.Reflection.MethodBaseInvoker.InvokeWithOneArg(Object obj, BindingFlags invokeAttr, Binder binder, Object[] parameters, CultureInfo culture)
--- End of stack trace from previous location ---
   at Microsoft.Extensions.Hosting.HostFactoryResolver.HostingListener.CreateHost()
   at Microsoft.Extensions.Hosting.HostFactoryResolver.<>c__DisplayClass10_0.<ResolveHostFactory>b__0(String[] args)
   at Microsoft.AspNetCore.Mvc.Testing.DeferredHostBuilder.Build()
   at Microsoft.AspNetCore.Mvc.Testing.WebApplicationFactory`1.CreateHost(IHostBuilder builder)
   at Microsoft.AspNetCore.Mvc.Testing.WebApplicationFactory`1.ConfigureHostBuilder(IHostBuilder hostBuilder)
   at Microsoft.AspNetCore.Mvc.Testing.WebApplicationFactory`1.EnsureServer()
   at Microsoft.AspNetCore.Mvc.Testing.WebApplicationFactory`1.CreateDefaultClient(DelegatingHandler[] handlers)
   at Microsoft.AspNetCore.Mvc.Testing.WebApplicationFactory`1.CreateDefaultClient(Uri baseAddress, DelegatingHandler[] handlers)
   at Microsoft.AspNetCore.Mvc.Testing.WebApplicationFactory`1.CreateClient(WebApplicationFactoryClientOptions options)
   at Microsoft.AspNetCore.Mvc.Testing.WebApplicationFactory`1.CreateClient()
   at Industrial.Adam.Oee.Tests.Integration.StoppagesControllerIntegrationTests..ctor(WebApplicationFactory`1 factory) in /home/grant/adam-6000-counter/src/Industrial.Adam.Oee/Tests/Integration/StoppagesControllerIntegrationTests.cs:line 21
   at InvokeStub_StoppagesControllerIntegrationTests..ctor(Object, Span`1)
   at System.Reflection.MethodBaseInvoker.InvokeWithOneArg(Object obj, BindingFlags invokeAttr, Binder binder, Object[] parameters, CultureInfo culture)
----- Inner Stack Trace #1 (System.InvalidOperationException) -----
   at Microsoft.Extensions.DependencyInjection.ServiceProvider.ValidateService(ServiceDescriptor descriptor)
   at Microsoft.Extensions.DependencyInjection.ServiceProvider..ctor(ICollection`1 serviceDescriptors, ServiceProviderOptions options)
----- Inner Stack Trace -----
   at Microsoft.Extensions.DependencyInjection.ServiceLookup.CallSiteFactory.CreateArgumentCallSites(ServiceIdentifier serviceIdentifier, Type implementationType, CallSiteChain callSiteChain, ParameterInfo[] parameters, Boolean throwIfCallSiteNotFound)
   at Microsoft.Extensions.DependencyInjection.ServiceLookup.CallSiteFactory.CreateConstructorCallSite(ResultCache lifetime, ServiceIdentifier serviceIdentifier, Type implementationType, CallSiteChain callSiteChain)
   at Microsoft.Extensions.DependencyInjection.ServiceLookup.CallSiteFactory.TryCreateExact(ServiceDescriptor descriptor, ServiceIdentifier serviceIdentifier, CallSiteChain callSiteChain, Int32 slot)
   at Microsoft.Extensions.DependencyInjection.ServiceLookup.CallSiteFactory.GetCallSite(ServiceDescriptor serviceDescriptor, CallSiteChain callSiteChain)
   at Microsoft.Extensions.DependencyInjection.ServiceProvider.ValidateService(ServiceDescriptor descriptor)
----- Inner Stack Trace #2 (System.InvalidOperationException) -----
   at Microsoft.Extensions.DependencyInjection.ServiceProvider.ValidateService(ServiceDescriptor descriptor)
   at Microsoft.Extensions.DependencyInjection.ServiceProvider..ctor(ICollection`1 serviceDescriptors, ServiceProviderOptions options)
----- Inner Stack Trace -----
   at Microsoft.Extensions.DependencyInjection.ServiceLookup.CallSiteFactory.CreateArgumentCallSites(ServiceIdentifier serviceIdentifier, Type implementationType, CallSiteChain callSiteChain, ParameterInfo[] parameters, Boolean throwIfCallSiteNotFound)
   at Microsoft.Extensions.DependencyInjection.ServiceLookup.CallSiteFactory.CreateConstructorCallSite(ResultCache lifetime, ServiceIdentifier serviceIdentifier, Type implementationType, CallSiteChain callSiteChain)
   at Microsoft.Extensions.DependencyInjection.ServiceLookup.CallSiteFactory.TryCreateExact(ServiceDescriptor descriptor, ServiceIdentifier serviceIdentifier, CallSiteChain callSiteChain, Int32 slot)
   at Microsoft.Extensions.DependencyInjection.ServiceLookup.CallSiteFactory.GetCallSite(ServiceDescriptor serviceDescriptor, CallSiteChain callSiteChain)
   at Microsoft.Extensions.DependencyInjection.ServiceProvider.ValidateService(ServiceDescriptor descriptor)
----- Inner Stack Trace #3 (System.InvalidOperationException) -----
   at Microsoft.Extensions.DependencyInjection.ServiceProvider.ValidateService(ServiceDescriptor descriptor)
   at Microsoft.Extensions.DependencyInjection.ServiceProvider..ctor(ICollection`1 serviceDescriptors, ServiceProviderOptions options)
----- Inner Stack Trace -----
   at Microsoft.Extensions.DependencyInjection.ServiceLookup.CallSiteFactory.CreateArgumentCallSites(ServiceIdentifier serviceIdentifier, Type implementationType, CallSiteChain callSiteChain, ParameterInfo[] parameters, Boolean throwIfCallSiteNotFound)
   at Microsoft.Extensions.DependencyInjection.ServiceLookup.CallSiteFactory.CreateConstructorCallSite(ResultCache lifetime, ServiceIdentifier serviceIdentifier, Type implementationType, CallSiteChain callSiteChain)
   at Microsoft.Extensions.DependencyInjection.ServiceLookup.CallSiteFactory.TryCreateExact(ServiceDescriptor descriptor, ServiceIdentifier serviceIdentifier, CallSiteChain callSiteChain, Int32 slot)
   at Microsoft.Extensions.DependencyInjection.ServiceLookup.CallSiteFactory.GetCallSite(ServiceDescriptor serviceDescriptor, CallSiteChain callSiteChain)
   at Microsoft.Extensions.DependencyInjection.ServiceProvider.ValidateService(ServiceDescriptor descriptor)
----- Inner Stack Trace #4 (System.InvalidOperationException) -----
   at Microsoft.Extensions.DependencyInjection.ServiceProvider.ValidateService(ServiceDescriptor descriptor)
   at Microsoft.Extensions.DependencyInjection.ServiceProvider..ctor(ICollection`1 serviceDescriptors, ServiceProviderOptions options)
----- Inner Stack Trace -----
   at Microsoft.Extensions.DependencyInjection.ServiceLookup.CallSiteFactory.CreateArgumentCallSites(ServiceIdentifier serviceIdentifier, Type implementationType, CallSiteChain callSiteChain, ParameterInfo[] parameters, Boolean throwIfCallSiteNotFound)
   at Microsoft.Extensions.DependencyInjection.ServiceLookup.CallSiteFactory.CreateConstructorCallSite(ResultCache lifetime, ServiceIdentifier serviceIdentifier, Type implementationType, CallSiteChain callSiteChain)
   at Microsoft.Extensions.DependencyInjection.ServiceLookup.CallSiteFactory.TryCreateExact(ServiceDescriptor descriptor, ServiceIdentifier serviceIdentifier, CallSiteChain callSiteChain, Int32 slot)
   at Microsoft.Extensions.DependencyInjection.ServiceLookup.CallSiteFactory.TryCreateExact(ServiceIdentifier serviceIdentifier, CallSiteChain callSiteChain)
   at Microsoft.Extensions.DependencyInjection.ServiceLookup.CallSiteFactory.CreateCallSite(ServiceIdentifier serviceIdentifier, CallSiteChain callSiteChain)
   at Microsoft.Extensions.DependencyInjection.ServiceLookup.CallSiteFactory.CreateArgumentCallSites(ServiceIdentifier serviceIdentifier, Type implementationType, CallSiteChain callSiteChain, ParameterInfo[] parameters, Boolean throwIfCallSiteNotFound)
   at Microsoft.Extensions.DependencyInjection.ServiceLookup.CallSiteFactory.CreateConstructorCallSite(ResultCache lifetime, ServiceIdentifier serviceIdentifier, Type implementationType, CallSiteChain callSiteChain)
   at Microsoft.Extensions.DependencyInjection.ServiceLookup.CallSiteFactory.TryCreateExact(ServiceDescriptor descriptor, ServiceIdentifier serviceIdentifier, CallSiteChain callSiteChain, Int32 slot)
   at Microsoft.Extensions.DependencyInjection.ServiceLookup.CallSiteFactory.GetCallSite(ServiceDescriptor serviceDescriptor, CallSiteChain callSiteChain)
   at Microsoft.Extensions.DependencyInjection.ServiceProvider.ValidateService(ServiceDescriptor descriptor)
----- Inner Stack Trace #5 (System.InvalidOperationException) -----
   at Microsoft.Extensions.DependencyInjection.ServiceProvider.ValidateService(ServiceDescriptor descriptor)
   at Microsoft.Extensions.DependencyInjection.ServiceProvider..ctor(ICollection`1 serviceDescriptors, ServiceProviderOptions options)
----- Inner Stack Trace -----
   at Microsoft.Extensions.DependencyInjection.ServiceLookup.CallSiteFactory.CreateArgumentCallSites(ServiceIdentifier serviceIdentifier, Type implementationType, CallSiteChain callSiteChain, ParameterInfo[] parameters, Boolean throwIfCallSiteNotFound)
   at Microsoft.Extensions.DependencyInjection.ServiceLookup.CallSiteFactory.CreateConstructorCallSite(ResultCache lifetime, ServiceIdentifier serviceIdentifier, Type implementationType, CallSiteChain callSiteChain)
   at Microsoft.Extensions.DependencyInjection.ServiceLookup.CallSiteFactory.TryCreateExact(ServiceDescriptor descriptor, ServiceIdentifier serviceIdentifier, CallSiteChain callSiteChain, Int32 slot)
   at Microsoft.Extensions.DependencyInjection.ServiceLookup.CallSiteFactory.GetCallSite(ServiceDescriptor serviceDescriptor, CallSiteChain callSiteChain)
   at Microsoft.Extensions.DependencyInjection.ServiceProvider.ValidateService(ServiceDescriptor descriptor)
[xUnit.net 00:00:03.82]     Industrial.Adam.Oee.Tests.Integration.StoppagesControllerIntegrationTests.GetStoppageHistory_WithLongPeriod_HandlesCorrectly [FAIL]
  Failed Industrial.Adam.Oee.Tests.Integration.StoppagesControllerIntegrationTests.GetStoppageHistory_WithLongPeriod_HandlesCorrectly [1 ms]
  Error Message:
   System.AggregateException : Some services are not able to be constructed (Error while validating the service descriptor 'ServiceType: Industrial.Adam.Oee.Domain.Interfaces.IJobSequencingService Lifetime: Scoped ImplementationType: Industrial.Adam.Oee.Domain.Services.JobSequencingService': Unable to resolve service for type 'Industrial.Adam.Oee.Domain.Interfaces.IEquipmentLineRepository' while attempting to activate 'Industrial.Adam.Oee.Domain.Services.JobSequencingService'.) (Error while validating the service descriptor 'ServiceType: Industrial.Adam.Oee.Domain.Interfaces.IEquipmentLineService Lifetime: Scoped ImplementationType: Industrial.Adam.Oee.Domain.Services.EquipmentLineService': Unable to resolve service for type 'Industrial.Adam.Oee.Domain.Interfaces.IEquipmentLineRepository' while attempting to activate 'Industrial.Adam.Oee.Domain.Services.EquipmentLineService'.) (Error while validating the service descriptor 'ServiceType: Industrial.Adam.Oee.Domain.Interfaces.IStoppageDetectionService Lifetime: Scoped ImplementationType: Industrial.Adam.Oee.Domain.Services.StoppageDetectionService': Unable to resolve service for type 'Industrial.Adam.Oee.Domain.Interfaces.IEquipmentLineRepository' while attempting to activate 'Industrial.Adam.Oee.Domain.Services.StoppageDetectionService'.) (Error while validating the service descriptor 'ServiceType: MediatR.IRequestHandler`2[Industrial.Adam.Oee.Application.Commands.StartWorkOrderCommand,System.String] Lifetime: Transient ImplementationType: Industrial.Adam.Oee.Application.Commands.Handlers.StartWorkOrderCommandHandler': Unable to resolve service for type 'Industrial.Adam.Oee.Domain.Interfaces.IEquipmentLineRepository' while attempting to activate 'Industrial.Adam.Oee.Domain.Services.JobSequencingService'.) (Error while validating the service descriptor 'ServiceType: Industrial.Adam.Oee.Domain.Interfaces.ISimpleJobQueueService Lifetime: Scoped ImplementationType: Industrial.Adam.Oee.Domain.Services.SimpleJobQueueService': Unable to resolve service for type 'Industrial.Adam.Oee.Domain.Interfaces.ISimpleJobQueueRepository' while attempting to activate 'Industrial.Adam.Oee.Domain.Services.SimpleJobQueueService'.)
---- System.InvalidOperationException : Error while validating the service descriptor 'ServiceType: Industrial.Adam.Oee.Domain.Interfaces.IJobSequencingService Lifetime: Scoped ImplementationType: Industrial.Adam.Oee.Domain.Services.JobSequencingService': Unable to resolve service for type 'Industrial.Adam.Oee.Domain.Interfaces.IEquipmentLineRepository' while attempting to activate 'Industrial.Adam.Oee.Domain.Services.JobSequencingService'.
-------- System.InvalidOperationException : Unable to resolve service for type 'Industrial.Adam.Oee.Domain.Interfaces.IEquipmentLineRepository' while attempting to activate 'Industrial.Adam.Oee.Domain.Services.JobSequencingService'.
---- System.InvalidOperationException : Error while validating the service descriptor 'ServiceType: Industrial.Adam.Oee.Domain.Interfaces.IEquipmentLineService Lifetime: Scoped ImplementationType: Industrial.Adam.Oee.Domain.Services.EquipmentLineService': Unable to resolve service for type 'Industrial.Adam.Oee.Domain.Interfaces.IEquipmentLineRepository' while attempting to activate 'Industrial.Adam.Oee.Domain.Services.EquipmentLineService'.
-------- System.InvalidOperationException : Unable to resolve service for type 'Industrial.Adam.Oee.Domain.Interfaces.IEquipmentLineRepository' while attempting to activate 'Industrial.Adam.Oee.Domain.Services.EquipmentLineService'.
---- System.InvalidOperationException : Error while validating the service descriptor 'ServiceType: Industrial.Adam.Oee.Domain.Interfaces.IStoppageDetectionService Lifetime: Scoped ImplementationType: Industrial.Adam.Oee.Domain.Services.StoppageDetectionService': Unable to resolve service for type 'Industrial.Adam.Oee.Domain.Interfaces.IEquipmentLineRepository' while attempting to activate 'Industrial.Adam.Oee.Domain.Services.StoppageDetectionService'.
-------- System.InvalidOperationException : Unable to resolve service for type 'Industrial.Adam.Oee.Domain.Interfaces.IEquipmentLineRepository' while attempting to activate 'Industrial.Adam.Oee.Domain.Services.StoppageDetectionService'.
---- System.InvalidOperationException : Error while validating the service descriptor 'ServiceType: MediatR.IRequestHandler`2[Industrial.Adam.Oee.Application.Commands.StartWorkOrderCommand,System.String] Lifetime: Transient ImplementationType: Industrial.Adam.Oee.Application.Commands.Handlers.StartWorkOrderCommandHandler': Unable to resolve service for type 'Industrial.Adam.Oee.Domain.Interfaces.IEquipmentLineRepository' while attempting to activate 'Industrial.Adam.Oee.Domain.Services.JobSequencingService'.
-------- System.InvalidOperationException : Unable to resolve service for type 'Industrial.Adam.Oee.Domain.Interfaces.IEquipmentLineRepository' while attempting to activate 'Industrial.Adam.Oee.Domain.Services.JobSequencingService'.
---- System.InvalidOperationException : Error while validating the service descriptor 'ServiceType: Industrial.Adam.Oee.Domain.Interfaces.ISimpleJobQueueService Lifetime: Scoped ImplementationType: Industrial.Adam.Oee.Domain.Services.SimpleJobQueueService': Unable to resolve service for type 'Industrial.Adam.Oee.Domain.Interfaces.ISimpleJobQueueRepository' while attempting to activate 'Industrial.Adam.Oee.Domain.Services.SimpleJobQueueService'.
-------- System.InvalidOperationException : Unable to resolve service for type 'Industrial.Adam.Oee.Domain.Interfaces.ISimpleJobQueueRepository' while attempting to activate 'Industrial.Adam.Oee.Domain.Services.SimpleJobQueueService'.
  Stack Trace:
     at Microsoft.Extensions.DependencyInjection.ServiceProvider..ctor(ICollection`1 serviceDescriptors, ServiceProviderOptions options)
   at Microsoft.Extensions.DependencyInjection.ServiceCollectionContainerBuilderExtensions.BuildServiceProvider(IServiceCollection services, ServiceProviderOptions options)
   at Microsoft.Extensions.Hosting.HostApplicationBuilder.Build()
   at Microsoft.AspNetCore.Builder.WebApplicationBuilder.Build()
   at Program.<Main>$(String[] args) in /home/grant/adam-6000-counter/src/Industrial.Adam.Oee/WebApi/Program.cs:line 89
   at InvokeStub_Program.<Main>$(Object, Span`1)
   at System.Reflection.MethodBaseInvoker.InvokeWithOneArg(Object obj, BindingFlags invokeAttr, Binder binder, Object[] parameters, CultureInfo culture)
--- End of stack trace from previous location ---
   at Microsoft.Extensions.Hosting.HostFactoryResolver.HostingListener.CreateHost()
   at Microsoft.Extensions.Hosting.HostFactoryResolver.<>c__DisplayClass10_0.<ResolveHostFactory>b__0(String[] args)
   at Microsoft.AspNetCore.Mvc.Testing.DeferredHostBuilder.Build()
   at Microsoft.AspNetCore.Mvc.Testing.WebApplicationFactory`1.CreateHost(IHostBuilder builder)
   at Microsoft.AspNetCore.Mvc.Testing.WebApplicationFactory`1.ConfigureHostBuilder(IHostBuilder hostBuilder)
   at Microsoft.AspNetCore.Mvc.Testing.WebApplicationFactory`1.EnsureServer()
   at Microsoft.AspNetCore.Mvc.Testing.WebApplicationFactory`1.CreateDefaultClient(DelegatingHandler[] handlers)
   at Microsoft.AspNetCore.Mvc.Testing.WebApplicationFactory`1.CreateDefaultClient(Uri baseAddress, DelegatingHandler[] handlers)
   at Microsoft.AspNetCore.Mvc.Testing.WebApplicationFactory`1.CreateClient(WebApplicationFactoryClientOptions options)
   at Microsoft.AspNetCore.Mvc.Testing.WebApplicationFactory`1.CreateClient()
   at Industrial.Adam.Oee.Tests.Integration.StoppagesControllerIntegrationTests..ctor(WebApplicationFactory`1 factory) in /home/grant/adam-6000-counter/src/Industrial.Adam.Oee/Tests/Integration/StoppagesControllerIntegrationTests.cs:line 21
   at InvokeStub_StoppagesControllerIntegrationTests..ctor(Object, Span`1)
   at System.Reflection.MethodBaseInvoker.InvokeWithOneArg(Object obj, BindingFlags invokeAttr, Binder binder, Object[] parameters, CultureInfo culture)
----- Inner Stack Trace #1 (System.InvalidOperationException) -----
   at Microsoft.Extensions.DependencyInjection.ServiceProvider.ValidateService(ServiceDescriptor descriptor)
   at Microsoft.Extensions.DependencyInjection.ServiceProvider..ctor(ICollection`1 serviceDescriptors, ServiceProviderOptions options)
----- Inner Stack Trace -----
   at Microsoft.Extensions.DependencyInjection.ServiceLookup.CallSiteFactory.CreateArgumentCallSites(ServiceIdentifier serviceIdentifier, Type implementationType, CallSiteChain callSiteChain, ParameterInfo[] parameters, Boolean throwIfCallSiteNotFound)
   at Microsoft.Extensions.DependencyInjection.ServiceLookup.CallSiteFactory.CreateConstructorCallSite(ResultCache lifetime, ServiceIdentifier serviceIdentifier, Type implementationType, CallSiteChain callSiteChain)
   at Microsoft.Extensions.DependencyInjection.ServiceLookup.CallSiteFactory.TryCreateExact(ServiceDescriptor descriptor, ServiceIdentifier serviceIdentifier, CallSiteChain callSiteChain, Int32 slot)
   at Microsoft.Extensions.DependencyInjection.ServiceLookup.CallSiteFactory.GetCallSite(ServiceDescriptor serviceDescriptor, CallSiteChain callSiteChain)
   at Microsoft.Extensions.DependencyInjection.ServiceProvider.ValidateService(ServiceDescriptor descriptor)
----- Inner Stack Trace #2 (System.InvalidOperationException) -----
   at Microsoft.Extensions.DependencyInjection.ServiceProvider.ValidateService(ServiceDescriptor descriptor)
   at Microsoft.Extensions.DependencyInjection.ServiceProvider..ctor(ICollection`1 serviceDescriptors, ServiceProviderOptions options)
----- Inner Stack Trace -----
   at Microsoft.Extensions.DependencyInjection.ServiceLookup.CallSiteFactory.CreateArgumentCallSites(ServiceIdentifier serviceIdentifier, Type implementationType, CallSiteChain callSiteChain, ParameterInfo[] parameters, Boolean throwIfCallSiteNotFound)
   at Microsoft.Extensions.DependencyInjection.ServiceLookup.CallSiteFactory.CreateConstructorCallSite(ResultCache lifetime, ServiceIdentifier serviceIdentifier, Type implementationType, CallSiteChain callSiteChain)
   at Microsoft.Extensions.DependencyInjection.ServiceLookup.CallSiteFactory.TryCreateExact(ServiceDescriptor descriptor, ServiceIdentifier serviceIdentifier, CallSiteChain callSiteChain, Int32 slot)
   at Microsoft.Extensions.DependencyInjection.ServiceLookup.CallSiteFactory.GetCallSite(ServiceDescriptor serviceDescriptor, CallSiteChain callSiteChain)
   at Microsoft.Extensions.DependencyInjection.ServiceProvider.ValidateService(ServiceDescriptor descriptor)
----- Inner Stack Trace #3 (System.InvalidOperationException) -----
   at Microsoft.Extensions.DependencyInjection.ServiceProvider.ValidateService(ServiceDescriptor descriptor)
   at Microsoft.Extensions.DependencyInjection.ServiceProvider..ctor(ICollection`1 serviceDescriptors, ServiceProviderOptions options)
----- Inner Stack Trace -----
   at Microsoft.Extensions.DependencyInjection.ServiceLookup.CallSiteFactory.CreateArgumentCallSites(ServiceIdentifier serviceIdentifier, Type implementationType, CallSiteChain callSiteChain, ParameterInfo[] parameters, Boolean throwIfCallSiteNotFound)
   at Microsoft.Extensions.DependencyInjection.ServiceLookup.CallSiteFactory.CreateConstructorCallSite(ResultCache lifetime, ServiceIdentifier serviceIdentifier, Type implementationType, CallSiteChain callSiteChain)
   at Microsoft.Extensions.DependencyInjection.ServiceLookup.CallSiteFactory.TryCreateExact(ServiceDescriptor descriptor, ServiceIdentifier serviceIdentifier, CallSiteChain callSiteChain, Int32 slot)
   at Microsoft.Extensions.DependencyInjection.ServiceLookup.CallSiteFactory.GetCallSite(ServiceDescriptor serviceDescriptor, CallSiteChain callSiteChain)
   at Microsoft.Extensions.DependencyInjection.ServiceProvider.ValidateService(ServiceDescriptor descriptor)
----- Inner Stack Trace #4 (System.InvalidOperationException) -----
   at Microsoft.Extensions.DependencyInjection.ServiceProvider.ValidateService(ServiceDescriptor descriptor)
   at Microsoft.Extensions.DependencyInjection.ServiceProvider..ctor(ICollection`1 serviceDescriptors, ServiceProviderOptions options)
----- Inner Stack Trace -----
   at Microsoft.Extensions.DependencyInjection.ServiceLookup.CallSiteFactory.CreateArgumentCallSites(ServiceIdentifier serviceIdentifier, Type implementationType, CallSiteChain callSiteChain, ParameterInfo[] parameters, Boolean throwIfCallSiteNotFound)
   at Microsoft.Extensions.DependencyInjection.ServiceLookup.CallSiteFactory.CreateConstructorCallSite(ResultCache lifetime, ServiceIdentifier serviceIdentifier, Type implementationType, CallSiteChain callSiteChain)
   at Microsoft.Extensions.DependencyInjection.ServiceLookup.CallSiteFactory.TryCreateExact(ServiceDescriptor descriptor, ServiceIdentifier serviceIdentifier, CallSiteChain callSiteChain, Int32 slot)
   at Microsoft.Extensions.DependencyInjection.ServiceLookup.CallSiteFactory.TryCreateExact(ServiceIdentifier serviceIdentifier, CallSiteChain callSiteChain)
   at Microsoft.Extensions.DependencyInjection.ServiceLookup.CallSiteFactory.CreateCallSite(ServiceIdentifier serviceIdentifier, CallSiteChain callSiteChain)
   at Microsoft.Extensions.DependencyInjection.ServiceLookup.CallSiteFactory.CreateArgumentCallSites(ServiceIdentifier serviceIdentifier, Type implementationType, CallSiteChain callSiteChain, ParameterInfo[] parameters, Boolean throwIfCallSiteNotFound)
   at Microsoft.Extensions.DependencyInjection.ServiceLookup.CallSiteFactory.CreateConstructorCallSite(ResultCache lifetime, ServiceIdentifier serviceIdentifier, Type implementationType, CallSiteChain callSiteChain)
   at Microsoft.Extensions.DependencyInjection.ServiceLookup.CallSiteFactory.TryCreateExact(ServiceDescriptor descriptor, ServiceIdentifier serviceIdentifier, CallSiteChain callSiteChain, Int32 slot)
   at Microsoft.Extensions.DependencyInjection.ServiceLookup.CallSiteFactory.GetCallSite(ServiceDescriptor serviceDescriptor, CallSiteChain callSiteChain)
   at Microsoft.Extensions.DependencyInjection.ServiceProvider.ValidateService(ServiceDescriptor descriptor)
----- Inner Stack Trace #5 (System.InvalidOperationException) -----
   at Microsoft.Extensions.DependencyInjection.ServiceProvider.ValidateService(ServiceDescriptor descriptor)
   at Microsoft.Extensions.DependencyInjection.ServiceProvider..ctor(ICollection`1 serviceDescriptors, ServiceProviderOptions options)
----- Inner Stack Trace -----
   at Microsoft.Extensions.DependencyInjection.ServiceLookup.CallSiteFactory.CreateArgumentCallSites(ServiceIdentifier serviceIdentifier, Type implementationType, CallSiteChain callSiteChain, ParameterInfo[] parameters, Boolean throwIfCallSiteNotFound)
   at Microsoft.Extensions.DependencyInjection.ServiceLookup.CallSiteFactory.CreateConstructorCallSite(ResultCache lifetime, ServiceIdentifier serviceIdentifier, Type implementationType, CallSiteChain callSiteChain)
   at Microsoft.Extensions.DependencyInjection.ServiceLookup.CallSiteFactory.TryCreateExact(ServiceDescriptor descriptor, ServiceIdentifier serviceIdentifier, CallSiteChain callSiteChain, Int32 slot)
   at Microsoft.Extensions.DependencyInjection.ServiceLookup.CallSiteFactory.GetCallSite(ServiceDescriptor serviceDescriptor, CallSiteChain callSiteChain)
   at Microsoft.Extensions.DependencyInjection.ServiceProvider.ValidateService(ServiceDescriptor descriptor)
Results File: /home/grant/adam-6000-counter/TestResults/_LTPTL045_2025-08-19_09_12_22.trx

Passed!  - Failed:     0, Passed:    38, Skipped:     0, Total:    38, Duration: 4 s - Industrial.Adam.EquipmentScheduling.Tests.dll (net9.0)
[xUnit.net 00:00:08.66]     Industrial.Adam.Oee.Tests.Integration.Infrastructure.PerformanceTests.CounterDataRepository_GetCurrentRate_MeetsPerformanceThreshold [FAIL]
  Failed Industrial.Adam.Oee.Tests.Integration.Infrastructure.PerformanceTests.CounterDataRepository_GetCurrentRate_MeetsPerformanceThreshold [1 ms]
  Error Message:
   Npgsql.PostgresException : 23505: duplicate key value violates unique constraint "1_1_counter_data_pkey"

DETAIL: Detail redacted as it may contain sensitive data. Specify 'Include Error Detail' in the connection string to include this information.
  Stack Trace:
     at Npgsql.Internal.NpgsqlConnector.ReadMessageLong(Boolean async, DataRowLoadingMode dataRowLoadingMode, Boolean readingNotifications, Boolean isReadingPrependedMessage)
   at System.Runtime.CompilerServices.PoolingAsyncValueTaskMethodBuilder`1.StateMachineBox`1.System.Threading.Tasks.Sources.IValueTaskSource<TResult>.GetResult(Int16 token)
   at Npgsql.NpgsqlDataReader.NextResult(Boolean async, Boolean isConsuming, CancellationToken cancellationToken)
   at Npgsql.NpgsqlDataReader.NextResult(Boolean async, Boolean isConsuming, CancellationToken cancellationToken)
   at Npgsql.NpgsqlCommand.ExecuteReader(Boolean async, CommandBehavior behavior, CancellationToken cancellationToken)
   at Npgsql.NpgsqlCommand.ExecuteReader(Boolean async, CommandBehavior behavior, CancellationToken cancellationToken)
   at Npgsql.NpgsqlCommand.ExecuteNonQuery(Boolean async, CancellationToken cancellationToken)
   at Dapper.SqlMapper.ExecuteMultiImplAsync(IDbConnection cnn, CommandDefinition command, IEnumerable multiExec) in /_/Dapper/SqlMapper.Async.cs:line 640
   at Industrial.Adam.Oee.Tests.Integration.Infrastructure.PerformanceTests.SeedLargeDataSetAsync() in /home/grant/adam-6000-counter/src/Industrial.Adam.Oee/Tests/Integration/Infrastructure/PerformanceTests.cs:line 365
   at Industrial.Adam.Oee.Tests.Integration.Infrastructure.PerformanceTests.InitializeAsync() in /home/grant/adam-6000-counter/src/Industrial.Adam.Oee/Tests/Integration/Infrastructure/PerformanceTests.cs:line 60
  Standard Output Messages:
 Seeding 10000 counter data records...


[xUnit.net 00:00:09.72]     Industrial.Adam.Oee.Tests.Integration.Infrastructure.PerformanceTests.IndexEffectiveness_VerifyOptimalQueryPlans [FAIL]
  Failed Industrial.Adam.Oee.Tests.Integration.Infrastructure.PerformanceTests.IndexEffectiveness_VerifyOptimalQueryPlans [1 ms]
  Error Message:
   Docker.DotNet.DockerApiException : Docker API responded with status code=InternalServerError, response={"message":"driver failed programming external connectivity on endpoint jovial_bhabha (8e5fcca4104907c972afe0d267cd89a3cf308cf48acb00ccb446dadae51c9f08): Bind for 0.0.0.0:55001 failed: port is already allocated"}

  Stack Trace:
     at Docker.DotNet.DockerClient.HandleIfErrorResponseAsync(HttpStatusCode statusCode, HttpResponseMessage response, IEnumerable`1 handlers)
   at Docker.DotNet.DockerClient.MakeRequestAsync(IEnumerable`1 errorHandlers, HttpMethod method, String path, IQueryString queryString, IRequestContent body, IDictionary`2 headers, TimeSpan timeout, CancellationToken token)
   at Docker.DotNet.ContainerOperations.StartContainerAsync(String id, ContainerStartParameters parameters, CancellationToken cancellationToken)
   at DotNet.Testcontainers.Clients.TestcontainersClient.StartAsync(String id, CancellationToken ct) in /_/src/Testcontainers/Clients/TestcontainersClient.cs:line 129
   at DotNet.Testcontainers.Containers.DockerContainer.UnsafeStartAsync(CancellationToken ct) in /_/src/Testcontainers/Containers/DockerContainer.cs:line 467
   at DotNet.Testcontainers.Containers.DockerContainer.StartAsync(CancellationToken ct) in /_/src/Testcontainers/Containers/DockerContainer.cs:line 283
   at Industrial.Adam.Oee.Tests.Integration.Infrastructure.PerformanceTests.InitializeAsync() in /home/grant/adam-6000-counter/src/Industrial.Adam.Oee/Tests/Integration/Infrastructure/PerformanceTests.cs:line 43
[xUnit.net 00:00:10.45]     Industrial.Adam.Oee.Tests.Integration.Infrastructure.PerformanceTests.CounterDataRepository_GetLatestReading_MeetsPerformanceThreshold [FAIL]
[xUnit.net 00:00:10.89]     Industrial.Adam.Oee.Tests.Integration.Infrastructure.PerformanceTests.CounterDataRepository_GetAggregatedData_MeetsPerformanceThreshold [FAIL]
[xUnit.net 00:00:11.63]     Industrial.Adam.Oee.Tests.Integration.Infrastructure.PerformanceTests.ConcurrentQueries_MaintainPerformanceUnderLoad [FAIL]
  Failed Industrial.Adam.Oee.Tests.Integration.Infrastructure.PerformanceTests.CounterDataRepository_GetLatestReading_MeetsPerformanceThreshold [1 ms]
  Error Message:
   Docker.DotNet.DockerApiException : Docker API responded with status code=InternalServerError, response={"message":"driver failed programming external connectivity on endpoint angry_robinson (912992229e86afb312c7fad0b9f9d5697948132e3c31e00f96e885f938f77ddf): Bind for 0.0.0.0:55001 failed: port is already allocated"}

  Stack Trace:
     at Docker.DotNet.DockerClient.HandleIfErrorResponseAsync(HttpStatusCode statusCode, HttpResponseMessage response, IEnumerable`1 handlers)
   at Docker.DotNet.DockerClient.MakeRequestAsync(IEnumerable`1 errorHandlers, HttpMethod method, String path, IQueryString queryString, IRequestContent body, IDictionary`2 headers, TimeSpan timeout, CancellationToken token)
   at Docker.DotNet.ContainerOperations.StartContainerAsync(String id, ContainerStartParameters parameters, CancellationToken cancellationToken)
   at DotNet.Testcontainers.Clients.TestcontainersClient.StartAsync(String id, CancellationToken ct) in /_/src/Testcontainers/Clients/TestcontainersClient.cs:line 129
   at DotNet.Testcontainers.Containers.DockerContainer.UnsafeStartAsync(CancellationToken ct) in /_/src/Testcontainers/Containers/DockerContainer.cs:line 467
   at DotNet.Testcontainers.Containers.DockerContainer.StartAsync(CancellationToken ct) in /_/src/Testcontainers/Containers/DockerContainer.cs:line 283
   at Industrial.Adam.Oee.Tests.Integration.Infrastructure.PerformanceTests.InitializeAsync() in /home/grant/adam-6000-counter/src/Industrial.Adam.Oee/Tests/Integration/Infrastructure/PerformanceTests.cs:line 43
  Failed Industrial.Adam.Oee.Tests.Integration.Infrastructure.PerformanceTests.CounterDataRepository_GetAggregatedData_MeetsPerformanceThreshold [1 ms]
  Error Message:
   Docker.DotNet.DockerApiException : Docker API responded with status code=InternalServerError, response={"message":"driver failed programming external connectivity on endpoint affectionate_herschel (5334aa1bd52930ea7405bda6addfae47abaa5ba51a033cae102974f7ea48bb75): Bind for 0.0.0.0:55001 failed: port is already allocated"}

  Stack Trace:
     at Docker.DotNet.DockerClient.HandleIfErrorResponseAsync(HttpStatusCode statusCode, HttpResponseMessage response, IEnumerable`1 handlers)
   at Docker.DotNet.DockerClient.MakeRequestAsync(IEnumerable`1 errorHandlers, HttpMethod method, String path, IQueryString queryString, IRequestContent body, IDictionary`2 headers, TimeSpan timeout, CancellationToken token)
   at Docker.DotNet.ContainerOperations.StartContainerAsync(String id, ContainerStartParameters parameters, CancellationToken cancellationToken)
   at DotNet.Testcontainers.Clients.TestcontainersClient.StartAsync(String id, CancellationToken ct) in /_/src/Testcontainers/Clients/TestcontainersClient.cs:line 129
   at DotNet.Testcontainers.Containers.DockerContainer.UnsafeStartAsync(CancellationToken ct) in /_/src/Testcontainers/Containers/DockerContainer.cs:line 467
   at DotNet.Testcontainers.Containers.DockerContainer.StartAsync(CancellationToken ct) in /_/src/Testcontainers/Containers/DockerContainer.cs:line 283
   at Industrial.Adam.Oee.Tests.Integration.Infrastructure.PerformanceTests.InitializeAsync() in /home/grant/adam-6000-counter/src/Industrial.Adam.Oee/Tests/Integration/Infrastructure/PerformanceTests.cs:line 43
  Failed Industrial.Adam.Oee.Tests.Integration.Infrastructure.PerformanceTests.ConcurrentQueries_MaintainPerformanceUnderLoad [1 ms]
  Error Message:
   Docker.DotNet.DockerApiException : Docker API responded with status code=InternalServerError, response={"message":"driver failed programming external connectivity on endpoint festive_bose (ddb25c993928f4e5403a72b55cf82ebc22e6b04ab5c17ac1a964dbde711420bc): Bind for 0.0.0.0:55001 failed: port is already allocated"}

  Stack Trace:
     at Docker.DotNet.DockerClient.HandleIfErrorResponseAsync(HttpStatusCode statusCode, HttpResponseMessage response, IEnumerable`1 handlers)
   at Docker.DotNet.DockerClient.MakeRequestAsync(IEnumerable`1 errorHandlers, HttpMethod method, String path, IQueryString queryString, IRequestContent body, IDictionary`2 headers, TimeSpan timeout, CancellationToken token)
   at Docker.DotNet.ContainerOperations.StartContainerAsync(String id, ContainerStartParameters parameters, CancellationToken cancellationToken)
   at DotNet.Testcontainers.Clients.TestcontainersClient.StartAsync(String id, CancellationToken ct) in /_/src/Testcontainers/Clients/TestcontainersClient.cs:line 129
   at DotNet.Testcontainers.Containers.DockerContainer.UnsafeStartAsync(CancellationToken ct) in /_/src/Testcontainers/Containers/DockerContainer.cs:line 467
   at DotNet.Testcontainers.Containers.DockerContainer.StartAsync(CancellationToken ct) in /_/src/Testcontainers/Containers/DockerContainer.cs:line 283
   at Industrial.Adam.Oee.Tests.Integration.Infrastructure.PerformanceTests.InitializeAsync() in /home/grant/adam-6000-counter/src/Industrial.Adam.Oee/Tests/Integration/Infrastructure/PerformanceTests.cs:line 43
[xUnit.net 00:00:12.08]     Industrial.Adam.Oee.Tests.Integration.Infrastructure.PerformanceTests.MemoryUsage_StaysWithinReasonableLimits [FAIL]
[xUnit.net 00:00:12.70]     Industrial.Adam.Oee.Tests.Integration.Infrastructure.PerformanceTests.WorkOrderRepository_GetActiveByDevice_MeetsPerformanceThreshold [FAIL]
[xUnit.net 00:00:13.13]     Industrial.Adam.Oee.Tests.Integration.Infrastructure.PerformanceTests.CounterDataRepository_GetDataForPeriod_MeetsPerformanceThreshold [FAIL]
  Failed Industrial.Adam.Oee.Tests.Integration.Infrastructure.PerformanceTests.MemoryUsage_StaysWithinReasonableLimits [1 ms]
  Error Message:
   Docker.DotNet.DockerApiException : Docker API responded with status code=InternalServerError, response={"message":"driver failed programming external connectivity on endpoint zealous_gauss (30f751859daff2336d563cf59cb99872128b9c5d9f47880b0427e7324e982c42): Bind for 0.0.0.0:55001 failed: port is already allocated"}

  Stack Trace:
     at Docker.DotNet.DockerClient.HandleIfErrorResponseAsync(HttpStatusCode statusCode, HttpResponseMessage response, IEnumerable`1 handlers)
   at Docker.DotNet.DockerClient.MakeRequestAsync(IEnumerable`1 errorHandlers, HttpMethod method, String path, IQueryString queryString, IRequestContent body, IDictionary`2 headers, TimeSpan timeout, CancellationToken token)
   at Docker.DotNet.ContainerOperations.StartContainerAsync(String id, ContainerStartParameters parameters, CancellationToken cancellationToken)
   at DotNet.Testcontainers.Clients.TestcontainersClient.StartAsync(String id, CancellationToken ct) in /_/src/Testcontainers/Clients/TestcontainersClient.cs:line 129
   at DotNet.Testcontainers.Containers.DockerContainer.UnsafeStartAsync(CancellationToken ct) in /_/src/Testcontainers/Containers/DockerContainer.cs:line 467
   at DotNet.Testcontainers.Containers.DockerContainer.StartAsync(CancellationToken ct) in /_/src/Testcontainers/Containers/DockerContainer.cs:line 283
   at Industrial.Adam.Oee.Tests.Integration.Infrastructure.PerformanceTests.InitializeAsync() in /home/grant/adam-6000-counter/src/Industrial.Adam.Oee/Tests/Integration/Infrastructure/PerformanceTests.cs:line 43
  Failed Industrial.Adam.Oee.Tests.Integration.Infrastructure.PerformanceTests.WorkOrderRepository_GetActiveByDevice_MeetsPerformanceThreshold [1 ms]
  Error Message:
   Docker.DotNet.DockerApiException : Docker API responded with status code=InternalServerError, response={"message":"driver failed programming external connectivity on endpoint tender_jennings (212176cd64f77a440d8f09a9a4723417a32bb02d6a4e69655c2c6b46d6e1cb8c): Bind for 0.0.0.0:55001 failed: port is already allocated"}

  Stack Trace:
     at Docker.DotNet.DockerClient.HandleIfErrorResponseAsync(HttpStatusCode statusCode, HttpResponseMessage response, IEnumerable`1 handlers)
   at Docker.DotNet.DockerClient.MakeRequestAsync(IEnumerable`1 errorHandlers, HttpMethod method, String path, IQueryString queryString, IRequestContent body, IDictionary`2 headers, TimeSpan timeout, CancellationToken token)
   at Docker.DotNet.ContainerOperations.StartContainerAsync(String id, ContainerStartParameters parameters, CancellationToken cancellationToken)
   at DotNet.Testcontainers.Clients.TestcontainersClient.StartAsync(String id, CancellationToken ct) in /_/src/Testcontainers/Clients/TestcontainersClient.cs:line 129
   at DotNet.Testcontainers.Containers.DockerContainer.UnsafeStartAsync(CancellationToken ct) in /_/src/Testcontainers/Containers/DockerContainer.cs:line 467
   at DotNet.Testcontainers.Containers.DockerContainer.StartAsync(CancellationToken ct) in /_/src/Testcontainers/Containers/DockerContainer.cs:line 283
   at Industrial.Adam.Oee.Tests.Integration.Infrastructure.PerformanceTests.InitializeAsync() in /home/grant/adam-6000-counter/src/Industrial.Adam.Oee/Tests/Integration/Infrastructure/PerformanceTests.cs:line 43
  Failed Industrial.Adam.Oee.Tests.Integration.Infrastructure.PerformanceTests.CounterDataRepository_GetDataForPeriod_MeetsPerformanceThreshold [1 ms]
  Error Message:
   Docker.DotNet.DockerApiException : Docker API responded with status code=InternalServerError, response={"message":"driver failed programming external connectivity on endpoint confident_colden (8cb07d56e6bb013c9c8b710410b5849e911f390711d584159a4653a9b30b994c): Bind for 0.0.0.0:55001 failed: port is already allocated"}

  Stack Trace:
     at Docker.DotNet.DockerClient.HandleIfErrorResponseAsync(HttpStatusCode statusCode, HttpResponseMessage response, IEnumerable`1 handlers)
   at Docker.DotNet.DockerClient.MakeRequestAsync(IEnumerable`1 errorHandlers, HttpMethod method, String path, IQueryString queryString, IRequestContent body, IDictionary`2 headers, TimeSpan timeout, CancellationToken token)
   at Docker.DotNet.ContainerOperations.StartContainerAsync(String id, ContainerStartParameters parameters, CancellationToken cancellationToken)
   at DotNet.Testcontainers.Clients.TestcontainersClient.StartAsync(String id, CancellationToken ct) in /_/src/Testcontainers/Clients/TestcontainersClient.cs:line 129
   at DotNet.Testcontainers.Containers.DockerContainer.UnsafeStartAsync(CancellationToken ct) in /_/src/Testcontainers/Containers/DockerContainer.cs:line 467
   at DotNet.Testcontainers.Containers.DockerContainer.StartAsync(CancellationToken ct) in /_/src/Testcontainers/Containers/DockerContainer.cs:line 283
   at Industrial.Adam.Oee.Tests.Integration.Infrastructure.PerformanceTests.InitializeAsync() in /home/grant/adam-6000-counter/src/Industrial.Adam.Oee/Tests/Integration/Infrastructure/PerformanceTests.cs:line 43
[xUnit.net 00:00:13.64]     Industrial.Adam.Oee.Tests.Integration.Infrastructure.PerformanceTests.WorkOrderRepository_GetById_MeetsPerformanceThreshold [FAIL]
Results File: /home/grant/adam-6000-counter/TestResults/_LTPTL045_2025-08-19_09_12_21[1].trx

Passed!  - Failed:     0, Passed:    89, Skipped:     0, Total:    89, Duration: 14 s - Industrial.Adam.Logger.Core.Tests.dll (net9.0)
  Failed Industrial.Adam.Oee.Tests.Integration.Infrastructure.PerformanceTests.WorkOrderRepository_GetById_MeetsPerformanceThreshold [1 ms]
  Error Message:
   Docker.DotNet.DockerApiException : Docker API responded with status code=InternalServerError, response={"message":"driver failed programming external connectivity on endpoint vibrant_hofstadter (bb9ee11026f62f22a38e574bcd2e63df002e969b896833276f21d86e0b2fc6c6): Bind for 0.0.0.0:55001 failed: port is already allocated"}

  Stack Trace:
     at Docker.DotNet.DockerClient.HandleIfErrorResponseAsync(HttpStatusCode statusCode, HttpResponseMessage response, IEnumerable`1 handlers)
   at Docker.DotNet.DockerClient.MakeRequestAsync(IEnumerable`1 errorHandlers, HttpMethod method, String path, IQueryString queryString, IRequestContent body, IDictionary`2 headers, TimeSpan timeout, CancellationToken token)
   at Docker.DotNet.ContainerOperations.StartContainerAsync(String id, ContainerStartParameters parameters, CancellationToken cancellationToken)
   at DotNet.Testcontainers.Clients.TestcontainersClient.StartAsync(String id, CancellationToken ct) in /_/src/Testcontainers/Clients/TestcontainersClient.cs:line 129
   at DotNet.Testcontainers.Containers.DockerContainer.UnsafeStartAsync(CancellationToken ct) in /_/src/Testcontainers/Containers/DockerContainer.cs:line 467
   at DotNet.Testcontainers.Containers.DockerContainer.StartAsync(CancellationToken ct) in /_/src/Testcontainers/Containers/DockerContainer.cs:line 283
   at Industrial.Adam.Oee.Tests.Integration.Infrastructure.PerformanceTests.InitializeAsync() in /home/grant/adam-6000-counter/src/Industrial.Adam.Oee/Tests/Integration/Infrastructure/PerformanceTests.cs:line 43
[xUnit.net 00:00:41.98]     Industrial.Adam.Oee.Tests.Integration.Infrastructure.TimescaleCounterDataRepositoryTests.GetDataForPeriodAsync_WithValidParameters_ReturnsData [FAIL]
  Failed Industrial.Adam.Oee.Tests.Integration.Infrastructure.TimescaleCounterDataRepositoryTests.GetDataForPeriodAsync_WithValidParameters_ReturnsData [89 ms]
  Error Message:
   Assert.All() Failure: 2 out of 62 items in the collection did not pass.
[0]: Item:  CounterReading { DeviceId = TEST_DEVICE_001, Channel = 0, Timestamp = 8/19/2025 12:43:02 PM, Rate = 0.70, ProcessedValue = 1000.700, Quality = Good }
     Error: Assert.True() Failure
            Expected: True
            Actual:   False
[1]: Item:  CounterReading { DeviceId = TEST_DEVICE_001, Channel = 1, Timestamp = 8/19/2025 12:43:02 PM, Rate = 0.90, ProcessedValue = 1001.600, Quality = Good }
     Error: Assert.True() Failure
            Expected: True
            Actual:   False
  Stack Trace:
     at Industrial.Adam.Oee.Tests.Integration.Infrastructure.TimescaleCounterDataRepositoryTests.GetDataForPeriodAsync_WithValidParameters_ReturnsData() in /home/grant/adam-6000-counter/src/Industrial.Adam.Oee/Tests/Integration/Infrastructure/TimescaleCounterDataRepositoryTests.cs:line 73
--- End of stack trace from previous location ---
[xUnit.net 00:01:07.83]     Industrial.Adam.Oee.Tests.Integration.Infrastructure.TimescaleCounterDataRepositoryTests.GetLatestReadingAsync_WithInvalidChannel_ThrowsArgumentException [FAIL]
  Failed Industrial.Adam.Oee.Tests.Integration.Infrastructure.TimescaleCounterDataRepositoryTests.GetLatestReadingAsync_WithInvalidChannel_ThrowsArgumentException [8 ms]
  Error Message:
   Assert.Throws() Failure: No exception was thrown
Expected: typeof(System.ArgumentException)
  Stack Trace:
     at Industrial.Adam.Oee.Tests.Integration.Infrastructure.TimescaleCounterDataRepositoryTests.GetLatestReadingAsync_WithInvalidChannel_ThrowsArgumentException() in /home/grant/adam-6000-counter/src/Industrial.Adam.Oee/Tests/Integration/Infrastructure/TimescaleCounterDataRepositoryTests.cs:line 149
--- End of stack trace from previous location ---
Results File: /home/grant/adam-6000-counter/TestResults/_LTPTL045_2025-08-19_09_12_22[1].trx

Failed!  - Failed:    78, Passed:   291, Skipped:     0, Total:   369, Duration: 1 m 30 s - Industrial.Adam.Oee.Tests.dll (net9.0)
